0.140: [GC0.140: [DefNew: 384K->64K(448K), 0.0019220 secs] 384K->231K(1048512K), 0.0020200 secs] [Times: user=0.01 sys=0.00, real=0.00 secs] 
0.314: [GC0.314: [DefNew: 448K->64K(448K), 0.0020600 secs] 615K->436K(1048512K), 0.0021220 secs] [Times: user=0.00 sys=0.00, real=0.00 secs] 
0.325: [GC0.325: [DefNew: 447K->63K(448K), 0.0013430 secs] 820K->804K(1048512K), 0.0013830 secs] [Times: user=0.00 sys=0.00, real=0.01 secs] 
0.336: [GC0.336: [DefNew: 442K->63K(448K), 0.0006760 secs] 1182K->1176K(1048512K), 0.0007260 secs] [Times: user=0.00 sys=0.00, real=0.01 secs] 
0.346: [GC0.346: [DefNew: 447K->63K(448K), 0.0010200 secs] 1560K->1550K(1048512K), 0.0010910 secs] [Times: user=0.00 sys=0.00, real=0.01 secs] 
0.357: [GC0.357: [DefNew: 447K->64K(448K), 0.0006780 secs] 1934K->1931K(1048512K), 0.0007270 secs] [Times: user=0.00 sys=0.00, real=0.00 secs] 
0.367: [GC0.367: [DefNew: 448K->63K(448K), 0.0008560 secs] 2315K->2308K(1048512K), 0.0009050 secs] [Times: user=0.00 sys=0.00, real=0.00 secs] 
0.377: [GC0.377: [DefNew: 447K->63K(448K), 0.0009310 secs] 2692K->2682K(1048512K), 0.0009820 secs] [Times: user=0.00 sys=0.00, real=0.00 secs] 
0.387: [GC0.387: [DefNew: 447K->63K(448K), 0.0007270 secs] 3066K->3063K(1048512K), 0.0007700 secs] [Times: user=0.00 sys=0.00, real=0.00 secs] 
0.398: [GC0.398: [DefNew: 447K->63K(448K), 0.0008640 secs] 3447K->3442K(1048512K), 0.0009220 secs] [Times: user=0.00 sys=0.00, real=0.00 secs] 
0.408: [GC0.408: [DefNew: 447K->64K(448K), 0.0007210 secs] 3826K->3816K(1048512K), 0.0007680 secs] [Times: user=0.00 sys=0.00, real=0.00 secs] 
0.418: [GC0.418: [DefNew: 447K->63K(448K), 0.0011480 secs] 4199K->4194K(1048512K), 0.0012020 secs] [Times: user=0.00 sys=0.00, real=0.00 secs] 
0.428: [GC0.428: [DefNew: 447K->64K(448K), 0.0008460 secs] 4578K->4521K(1048512K), 0.0009150 secs] [Times: user=0.00 sys=0.00, real=0.00 secs] 
0.438: [GC0.438: [DefNew: 448K->63K(448K), 0.0008090 secs] 4905K->4830K(1048512K), 0.0008620 secs] [Times: user=0.01 sys=0.00, real=0.00 secs] 
0.448: [GC0.448: [DefNew: 447K->64K(448K), 0.0006950 secs] 5214K->5120K(1048512K), 0.0007510 secs] [Times: user=0.00 sys=0.00, real=0.00 secs] 
0.459: [GC0.459: [DefNew: 448K->63K(448K), 0.0008310 secs] 5504K->5451K(1048512K), 0.0008930 secs] [Times: user=0.00 sys=0.00, real=0.00 secs] 
0.470: [GC0.470: [DefNew: 447K->64K(448K), 0.0009090 secs] 5835K->5789K(1048512K), 0.0009630 secs] [Times: user=0.00 sys=0.00, real=0.00 secs] 
0.481: [GC0.481: [DefNew: 448K->63K(448K), 0.0008440 secs] 6173K->6017K(1048512K), 0.0009080 secs] [Times: user=0.00 sys=0.00, real=0.00 secs] 
0.491: [GC0.491: [DefNew: 447K->63K(448K), 0.0006270 secs] 6401K->6225K(1048512K), 0.0006840 secs] [Times: user=0.00 sys=0.00, real=0.00 secs] 
0.500: [GC0.500: [DefNew: 447K->64K(448K), 0.0006180 secs] 6608K->6448K(1048512K), 0.0006700 secs] [Times: user=0.00 sys=0.00, real=0.00 secs] 
0.511: [GC0.511: [DefNew: 448K->64K(448K), 0.0005840 secs] 6832K->6655K(1048512K), 0.0006330 secs] [Times: user=0.00 sys=0.00, real=0.00 secs] 
0.522: [GC0.522: [DefNew: 447K->63K(448K), 0.0043230 secs] 7039K->6890K(1048512K), 0.0045230 secs] [Times: user=0.00 sys=0.00, real=0.00 secs] 
0.537: [GC0.537: [DefNew: 447K->63K(448K), 0.0007620 secs] 7274K->7180K(1048512K), 0.0008270 secs] [Times: user=0.00 sys=0.00, real=0.00 secs] 
0.546: [GC0.546: [DefNew: 442K->63K(448K), 0.0007720 secs] 7558K->7422K(1048512K), 0.0008240 secs] [Times: user=0.00 sys=0.00, real=0.01 secs] 
0.554: [GC0.554: [DefNew: 447K->63K(448K), 0.0011170 secs] 7806K->7683K(1048512K), 0.0011670 secs] [Times: user=0.00 sys=0.00, real=0.00 secs] 
0.564: [GC0.564: [DefNew: 447K->63K(448K), 0.0006140 secs] 8067K->7862K(1048512K), 0.0006680 secs] [Times: user=0.00 sys=0.00, real=0.00 secs] 
0.573: [GC0.573: [DefNew: 447K->63K(448K), 0.0005420 secs] 8246K->8001K(1048512K), 0.0005930 secs] [Times: user=0.00 sys=0.00, real=0.00 secs] 
0.583: [GC0.583: [DefNew: 447K->63K(448K), 0.0005360 secs] 8385K->8147K(1048512K), 0.0005780 secs] [Times: user=0.00 sys=0.00, real=0.00 secs] 
0.592: [GC0.592: [DefNew: 447K->63K(448K), 0.0007530 secs] 8531K->8313K(1048512K), 0.0008160 secs] [Times: user=0.00 sys=0.00, real=0.00 secs] 
0.602: [GC0.602: [DefNew: 447K->64K(448K), 0.0006920 secs] 8697K->8446K(1048512K), 0.0007540 secs] [Times: user=0.00 sys=0.00, real=0.00 secs] 
0.612: [GC0.612: [DefNew: 448K->63K(448K), 0.0004780 secs] 8830K->8611K(1048512K), 0.0005120 secs] [Times: user=0.00 sys=0.00, real=0.00 secs] 
0.621: [GC0.621: [DefNew: 447K->63K(448K), 0.0005370 secs] 8995K->8753K(1048512K), 0.0005740 secs] [Times: user=0.00 sys=0.00, real=0.00 secs] 
0.631: [GC0.631: [DefNew: 447K->63K(448K), 0.0005760 secs] 9137K->8904K(1048512K), 0.0006150 secs] [Times: user=0.00 sys=0.00, real=0.00 secs] 
0.639: [GC0.639: [DefNew: 447K->64K(448K), 0.0006590 secs] 9288K->9047K(1048512K), 0.0007260 secs] [Times: user=0.00 sys=0.00, real=0.00 secs] 
0.649: [GC0.649: [DefNew: 448K->63K(448K), 0.0007450 secs] 9431K->9200K(1048512K), 0.0008260 secs] [Times: user=0.00 sys=0.00, real=0.00 secs] 
0.660: [GC0.660: [DefNew: 447K->63K(448K), 0.0013040 secs] 9584K->9412K(1048512K), 0.0014080 secs] [Times: user=0.00 sys=0.00, real=0.00 secs] 
0.670: [GC0.670: [DefNew: 447K->63K(448K), 0.0006300 secs] 9796K->9622K(1048512K), 0.0006930 secs] [Times: user=0.00 sys=0.00, real=0.00 secs] 
0.680: [GC0.680: [DefNew: 447K->63K(448K), 0.0006240 secs] 10006K->9819K(1048512K), 0.0006790 secs] [Times: user=0.00 sys=0.00, real=0.00 secs] 
0.688: [GC0.688: [DefNew: 447K->64K(448K), 0.0007330 secs] 10202K->9986K(1048512K), 0.0008000 secs] [Times: user=0.00 sys=0.00, real=0.00 secs] 
0.700: [GC0.700: [DefNew: 447K->63K(448K), 0.0024710 secs] 10370K->10219K(1048512K), 0.0027380 secs] [Times: user=0.00 sys=0.00, real=0.00 secs] 
0.716: [GC0.716: [DefNew: 447K->64K(448K), 0.0015700 secs] 10603K->10493K(1048512K), 0.0016620 secs] [Times: user=0.01 sys=0.00, real=0.01 secs] 
0.727: [GC0.727: [DefNew: 448K->63K(448K), 0.0013850 secs] 10877K->10741K(1048512K), 0.0015040 secs] [Times: user=0.00 sys=0.00, real=0.00 secs] 
0.739: [GC0.739: [DefNew: 447K->64K(448K), 0.0018200 secs] 11125K->11007K(1048512K), 0.0019020 secs] [Times: user=0.00 sys=0.00, real=0.00 secs] 
0.753: [GC0.753: [DefNew: 448K->63K(448K), 0.0025330 secs] 11391K->11293K(1048512K), 0.0028260 secs] [Times: user=0.00 sys=0.00, real=0.00 secs] 
0.766: [GC0.766: [DefNew: 447K->64K(448K), 0.0024320 secs] 11677K->11603K(1048512K), 0.0025860 secs] [Times: user=0.00 sys=0.00, real=0.01 secs] 
0.779: [GC0.779: [DefNew: 448K->63K(448K), 0.0022180 secs] 11987K->11881K(1048512K), 0.0023780 secs] [Times: user=0.00 sys=0.00, real=0.00 secs] 
0.789: [GC0.789: [DefNew: 447K->63K(448K), 0.0027040 secs] 12265K->12103K(1048512K), 0.0028400 secs] [Times: user=0.00 sys=0.00, real=0.00 secs] 
0.801: [GC0.801: [DefNew: 447K->64K(448K), 0.0006880 secs] 12487K->12345K(1048512K), 0.0007450 secs] [Times: user=0.00 sys=0.00, real=0.00 secs] 
0.811: [GC0.811: [DefNew: 448K->63K(448K), 0.0009390 secs] 12729K->12523K(1048512K), 0.0010360 secs] [Times: user=0.00 sys=0.00, real=0.00 secs] 
0.821: [GC0.821: [DefNew: 447K->64K(448K), 0.0009080 secs] 12907K->12717K(1048512K), 0.0009740 secs] [Times: user=0.00 sys=0.00, real=0.00 secs] 
0.832: [GC0.832: [DefNew: 448K->63K(448K), 0.0007570 secs] 13101K->12900K(1048512K), 0.0008340 secs] [Times: user=0.00 sys=0.00, real=0.00 secs] 
0.840: [GC0.840: [DefNew: 447K->63K(448K), 0.0016910 secs] 13284K->13070K(1048512K), 0.0017970 secs] [Times: user=0.01 sys=0.01, real=0.00 secs] 
0.852: [GC0.852: [DefNew: 447K->64K(448K), 0.0018210 secs] 13453K->13233K(1048512K), 0.0019920 secs] [Times: user=0.00 sys=0.00, real=0.00 secs] 
0.864: [GC0.864: [DefNew: 448K->64K(448K), 0.0013500 secs] 13617K->13464K(1048512K), 0.0016060 secs] [Times: user=0.00 sys=0.00, real=0.00 secs] 
0.876: [GC0.876: [DefNew: 448K->64K(448K), 0.0011490 secs] 13848K->13685K(1048512K), 0.0012390 secs] [Times: user=0.00 sys=0.00, real=0.01 secs] 
0.886: [GC0.886: [DefNew: 448K->63K(448K), 0.0006600 secs] 14069K->13797K(1048512K), 0.0007210 secs] [Times: user=0.00 sys=0.00, real=0.01 secs] 
0.895: [GC0.895: [DefNew: 447K->63K(448K), 0.0005860 secs] 14181K->13907K(1048512K), 0.0006370 secs] [Times: user=0.00 sys=0.00, real=0.00 secs] 
0.905: [GC0.905: [DefNew: 447K->64K(448K), 0.0004430 secs] 14291K->14004K(1048512K), 0.0004900 secs] [Times: user=0.00 sys=0.00, real=0.00 secs] 
0.914: [GC0.914: [DefNew: 448K->64K(448K), 0.0005940 secs] 14388K->14104K(1048512K), 0.0006460 secs] [Times: user=0.01 sys=0.00, real=0.00 secs] 
0.924: [GC0.924: [DefNew: 448K->64K(448K), 0.0004410 secs] 14488K->14194K(1048512K), 0.0004840 secs] [Times: user=0.00 sys=0.00, real=0.00 secs] 
0.934: [GC0.934: [DefNew: 448K->63K(448K), 0.0004750 secs] 14578K->14287K(1048512K), 0.0005180 secs] [Times: user=0.00 sys=0.00, real=0.00 secs] 
0.943: [GC0.943: [DefNew: 447K->64K(448K), 0.0004740 secs] 14671K->14386K(1048512K), 0.0005180 secs] [Times: user=0.00 sys=0.00, real=0.00 secs] 
0.953: [GC0.953: [DefNew: 448K->63K(448K), 0.0004170 secs] 14770K->14481K(1048512K), 0.0004540 secs] [Times: user=0.00 sys=0.00, real=0.00 secs] 
0.961: [GC0.962: [DefNew: 405K->63K(448K), 0.0004180 secs] 14822K->14558K(1048512K), 0.0004680 secs] [Times: user=0.00 sys=0.00, real=0.00 secs] 
0.965: [GC0.965: [DefNew: 447K->23K(448K), 0.0013990 secs] 14942K->14838K(1048512K), 0.0014490 secs] [Times: user=0.00 sys=0.00, real=0.01 secs] 
0.975: [GC0.975: [DefNew: 407K->63K(448K), 0.0003520 secs] 15222K->14930K(1048512K), 0.0003830 secs] [Times: user=0.00 sys=0.00, real=0.00 secs] 
0.985: [GC0.985: [DefNew: 447K->63K(448K), 0.0006060 secs] 15314K->15020K(1048512K), 0.0006600 secs] [Times: user=0.00 sys=0.00, real=0.00 secs] 
0.994: [GC0.994: [DefNew: 447K->64K(448K), 0.0004140 secs] 15404K->15115K(1048512K), 0.0004480 secs] [Times: user=0.00 sys=0.00, real=0.00 secs] 
1.004: [GC1.004: [DefNew: 447K->63K(448K), 0.0004450 secs] 15498K->15209K(1048512K), 0.0004910 secs] [Times: user=0.00 sys=0.00, real=0.00 secs] 
1.012: [GC1.012: [DefNew: 447K->63K(448K), 0.0006440 secs] 15593K->15320K(1048512K), 0.0006970 secs] [Times: user=0.00 sys=0.00, real=0.00 secs] 
1.023: [GC1.023: [DefNew: 447K->64K(448K), 0.0004840 secs] 15704K->15418K(1048512K), 0.0005200 secs] [Times: user=0.00 sys=0.00, real=0.00 secs] 
1.032: [GC1.032: [DefNew: 447K->64K(448K), 0.0005110 secs] 15801K->15508K(1048512K), 0.0005460 secs] [Times: user=0.00 sys=0.00, real=0.00 secs] 
1.044: [GC1.044: [DefNew: 448K->63K(448K), 0.0021320 secs] 15892K->15738K(1048512K), 0.0023130 secs] [Times: user=0.00 sys=0.00, real=0.00 secs] 
1.055: [GC1.055: [DefNew: 447K->63K(448K), 0.0006360 secs] 16122K->15830K(1048512K), 0.0006950 secs] [Times: user=0.00 sys=0.00, real=0.00 secs] 
1.065: [GC1.065: [DefNew: 447K->63K(448K), 0.0005420 secs] 16214K->15958K(1048512K), 0.0006000 secs] [Times: user=0.00 sys=0.00, real=0.00 secs] 
1.073: [GC1.073: [DefNew: 447K->63K(448K), 0.0004610 secs] 16342K->16068K(1048512K), 0.0005070 secs] [Times: user=0.00 sys=0.00, real=0.00 secs] 
1.083: [GC1.083: [DefNew: 447K->64K(448K), 0.0004560 secs] 16452K->16170K(1048512K), 0.0004960 secs] [Times: user=0.00 sys=0.00, real=0.00 secs] 
1.092: [GC1.092: [DefNew: 448K->64K(448K), 0.0006300 secs] 16554K->16279K(1048512K), 0.0006800 secs] [Times: user=0.00 sys=0.00, real=0.00 secs] 
1.102: [GC1.102: [DefNew: 448K->63K(448K), 0.0006840 secs] 16663K->16379K(1048512K), 0.0007490 secs] [Times: user=0.00 sys=0.00, real=0.00 secs] 
1.112: [GC1.112: [DefNew: 447K->64K(448K), 0.0006780 secs] 16763K->16489K(1048512K), 0.0007430 secs] [Times: user=0.00 sys=0.00, real=0.00 secs] 
1.122: [GC1.122: [DefNew: 448K->64K(448K), 0.0005080 secs] 16873K->16602K(1048512K), 0.0005480 secs] [Times: user=0.00 sys=0.00, real=0.00 secs] 
1.132: [GC1.132: [DefNew: 448K->63K(448K), 0.0004910 secs] 16986K->16701K(1048512K), 0.0005430 secs] [Times: user=0.00 sys=0.00, real=0.00 secs] 
1.140: [GC1.140: [DefNew: 447K->63K(448K), 0.0004380 secs] 17085K->16786K(1048512K), 0.0004790 secs] [Times: user=0.00 sys=0.00, real=0.00 secs] 
1.150: [GC1.150: [DefNew: 447K->63K(448K), 0.0006870 secs] 17170K->16956K(1048512K), 0.0007430 secs] [Times: user=0.00 sys=0.00, real=0.00 secs] 
1.162: [GC1.162: [DefNew: 447K->63K(448K), 0.0023270 secs] 17340K->17173K(1048512K), 0.0025570 secs] [Times: user=0.01 sys=0.01, real=0.00 secs] 
1.175: [GC1.175: [DefNew: 447K->63K(448K), 0.0022260 secs] 17557K->17435K(1048512K), 0.0023910 secs] [Times: user=0.00 sys=0.00, real=0.01 secs] 
1.190: [GC1.190: [DefNew: 447K->63K(448K), 0.0293220 secs] 17819K->17674K(1048512K), 0.0294040 secs] [Times: user=0.00 sys=0.00, real=0.03 secs] 
1.228: [GC1.228: [DefNew: 447K->64K(448K), 0.0050510 secs] 18058K->17816K(1048512K), 0.0051590 secs] [Times: user=0.00 sys=0.00, real=0.00 secs] 
1.248: [GC1.248: [DefNew: 448K->63K(448K), 0.0191840 secs] 18200K->17978K(1048512K), 0.0193150 secs] [Times: user=0.00 sys=0.00, real=0.02 secs] 
1.279: [GC1.280: [DefNew: 447K->63K(448K), 0.0008390 secs] 18362K->18158K(1048512K), 0.0017550 secs] [Times: user=0.00 sys=0.00, real=0.00 secs] 
1.291: [GC1.291: [DefNew: 447K->63K(448K), 0.0017480 secs] 18542K->18297K(1048512K), 0.0018740 secs] [Times: user=0.00 sys=0.00, real=0.00 secs] 
1.302: [GC1.302: [DefNew: 447K->63K(448K), 0.0008140 secs] 18681K->18436K(1048512K), 0.0008770 secs] [Times: user=0.00 sys=0.00, real=0.00 secs] 
1.310: [GC1.310: [DefNew: 447K->64K(448K), 0.0005220 secs] 18820K->18538K(1048512K), 0.0005610 secs] [Times: user=0.00 sys=0.00, real=0.00 secs] 
1.320: [GC1.320: [DefNew: 448K->63K(448K), 0.0006700 secs] 18922K->18639K(1048512K), 0.0007260 secs] [Times: user=0.00 sys=0.00, real=0.00 secs] 
1.330: [GC1.330: [DefNew: 447K->64K(448K), 0.0005650 secs] 19023K->18724K(1048512K), 0.0006100 secs] [Times: user=0.00 sys=0.00, real=0.00 secs] 
1.339: [GC1.339: [DefNew: 448K->63K(448K), 0.0006540 secs] 19108K->18852K(1048512K), 0.0007090 secs] [Times: user=0.00 sys=0.00, real=0.00 secs] 
1.350: [GC1.350: [DefNew: 447K->64K(448K), 0.0006150 secs] 19236K->18940K(1048512K), 0.0006710 secs] [Times: user=0.00 sys=0.00, real=0.00 secs] 
1.360: [GC1.360: [DefNew: 448K->64K(448K), 0.0007000 secs] 19324K->19056K(1048512K), 0.0007670 secs] [Times: user=0.00 sys=0.00, real=0.00 secs] 
1.371: [GC1.371: [DefNew: 448K->64K(448K), 0.0006440 secs] 19440K->19157K(1048512K), 0.0007050 secs] [Times: user=0.00 sys=0.00, real=0.00 secs] 
1.379: [GC1.379: [DefNew: 447K->63K(448K), 0.0006110 secs] 19540K->19277K(1048512K), 0.0006670 secs] [Times: user=0.00 sys=0.00, real=0.00 secs] 
1.389: [GC1.389: [DefNew: 447K->63K(448K), 0.0006370 secs] 19661K->19373K(1048512K), 0.0006950 secs] [Times: user=0.00 sys=0.00, real=0.00 secs] 
1.399: [GC1.399: [DefNew: 447K->63K(448K), 0.0006120 secs] 19757K->19485K(1048512K), 0.0006660 secs] [Times: user=0.00 sys=0.00, real=0.00 secs] 
1.409: [GC1.409: [DefNew: 447K->64K(448K), 0.0006340 secs] 19869K->19577K(1048512K), 0.0006950 secs] [Times: user=0.00 sys=0.00, real=0.00 secs] 
1.419: [GC1.419: [DefNew: 447K->63K(448K), 0.0006050 secs] 19961K->19699K(1048512K), 0.0006610 secs] [Times: user=0.00 sys=0.00, real=0.00 secs] 
1.429: [GC1.429: [DefNew: 447K->64K(448K), 0.0006460 secs] 20083K->19799K(1048512K), 0.0007070 secs] [Times: user=0.00 sys=0.00, real=0.00 secs] 
1.438: [GC1.438: [DefNew: 448K->63K(448K), 0.0006020 secs] 20183K->19911K(1048512K), 0.0006610 secs] [Times: user=0.00 sys=0.00, real=0.00 secs] 
1.449: [GC1.449: [DefNew: 447K->63K(448K), 0.0009420 secs] 20295K->19996K(1048512K), 0.0010640 secs] [Times: user=0.01 sys=0.00, real=0.00 secs] 
1.459: [GC1.459: [DefNew: 447K->63K(448K), 0.0013520 secs] 20380K->20212K(1048512K), 0.0014850 secs] [Times: user=0.00 sys=0.00, real=0.00 secs] 
1.470: [GC1.470: [DefNew: 447K->63K(448K), 0.0007210 secs] 20596K->20329K(1048512K), 0.0007850 secs] [Times: user=0.00 sys=0.00, real=0.00 secs] 
1.480: [GC1.480: [DefNew: 447K->63K(448K), 0.0006930 secs] 20713K->20442K(1048512K), 0.0007540 secs] [Times: user=0.00 sys=0.00, real=0.00 secs] 
1.490: [GC1.490: [DefNew: 447K->64K(448K), 0.0006810 secs] 20826K->20553K(1048512K), 0.0007390 secs] [Times: user=0.00 sys=0.00, real=0.00 secs] 
1.501: [GC1.501: [DefNew: 448K->64K(448K), 0.0007550 secs] 20937K->20672K(1048512K), 0.0008120 secs] [Times: user=0.00 sys=0.00, real=0.00 secs] 
1.511: [GC1.511: [DefNew: 448K->63K(448K), 0.0008570 secs] 21056K->20821K(1048512K), 0.0009250 secs] [Times: user=0.00 sys=0.00, real=0.00 secs] 
1.520: [GC1.520: [DefNew: 447K->64K(448K), 0.0007150 secs] 21205K->20934K(1048512K), 0.0007710 secs] [Times: user=0.00 sys=0.00, real=0.00 secs] 
1.530: [GC1.530: [DefNew: 448K->64K(448K), 0.0006650 secs] 21318K->21082K(1048512K), 0.0007160 secs] [Times: user=0.00 sys=0.00, real=0.00 secs] 
1.540: [GC1.541: [DefNew: 448K->63K(448K), 0.0008160 secs] 21466K->21204K(1048512K), 0.0008910 secs] [Times: user=0.00 sys=0.00, real=0.00 secs] 
1.551: [GC1.551: [DefNew: 447K->63K(448K), 0.0007710 secs] 21588K->21322K(1048512K), 0.0008320 secs] [Times: user=0.00 sys=0.00, real=0.00 secs] 
1.561: [GC1.561: [DefNew: 447K->63K(448K), 0.0006700 secs] 21706K->21449K(1048512K), 0.0007270 secs] [Times: user=0.00 sys=0.00, real=0.00 secs] 
1.571: [GC1.571: [DefNew: 447K->63K(448K), 0.0006520 secs] 21833K->21552K(1048512K), 0.0007130 secs] [Times: user=0.00 sys=0.00, real=0.00 secs] 
1.579: [GC1.579: [DefNew: 447K->63K(448K), 0.0007790 secs] 21936K->21682K(1048512K), 0.0008390 secs] [Times: user=0.00 sys=0.00, real=0.00 secs] 
1.591: [GC1.591: [DefNew: 447K->63K(448K), 0.0008950 secs] 22066K->21810K(1048512K), 0.0009500 secs] [Times: user=0.00 sys=0.00, real=0.00 secs] 
1.601: [GC1.601: [DefNew: 447K->63K(448K), 0.0007500 secs] 22194K->21924K(1048512K), 0.0008040 secs] [Times: user=0.00 sys=0.00, real=0.00 secs] 
1.611: [GC1.611: [DefNew: 447K->64K(448K), 0.0007080 secs] 22308K->22054K(1048512K), 0.0007570 secs] [Times: user=0.01 sys=0.00, real=0.00 secs] 
1.621: [GC1.621: [DefNew: 448K->63K(448K), 0.0006790 secs] 22438K->22162K(1048512K), 0.0007370 secs] [Times: user=0.00 sys=0.00, real=0.00 secs] 
1.631: [GC1.631: [DefNew: 447K->63K(448K), 0.0007460 secs] 22546K->22288K(1048512K), 0.0008050 secs] [Times: user=0.00 sys=0.00, real=0.00 secs] 
1.642: [GC1.642: [DefNew: 447K->64K(448K), 0.0010750 secs] 22672K->22414K(1048512K), 0.0012320 secs] [Times: user=0.00 sys=0.00, real=0.00 secs] 
1.651: [GC1.651: [DefNew: 448K->64K(448K), 0.0007450 secs] 22798K->22535K(1048512K), 0.0008000 secs] [Times: user=0.00 sys=0.00, real=0.00 secs] 
1.665: [GC1.665: [DefNew: 448K->63K(448K), 0.0016490 secs] 22919K->22710K(1048512K), 0.0018420 secs] [Times: user=0.00 sys=0.00, real=0.01 secs] 
1.678: [GC1.678: [DefNew: 447K->63K(448K), 0.0016330 secs] 23094K->22923K(1048512K), 0.0017460 secs] [Times: user=0.01 sys=0.00, real=0.00 secs] 
1.689: [GC1.689: [DefNew: 447K->64K(448K), 0.0008840 secs] 23307K->23120K(1048512K), 0.0009470 secs] [Times: user=0.00 sys=0.00, real=0.00 secs] 
1.700: [GC1.700: [DefNew: 448K->63K(448K), 0.0008020 secs] 23504K->23281K(1048512K), 0.0008630 secs] [Times: user=0.00 sys=0.00, real=0.00 secs] 
1.710: [GC1.710: [DefNew: 447K->63K(448K), 0.0010950 secs] 23665K->23393K(1048512K), 0.0012350 secs] [Times: user=0.00 sys=0.00, real=0.00 secs] 
1.720: [GC1.720: [DefNew: 447K->63K(448K), 0.0004890 secs] 23777K->23493K(1048512K), 0.0005220 secs] [Times: user=0.00 sys=0.00, real=0.00 secs] 
1.730: [GC1.730: [DefNew: 447K->64K(448K), 0.0005790 secs] 23876K->23656K(1048512K), 0.0006200 secs] [Times: user=0.00 sys=0.00, real=0.00 secs] 
1.740: [GC1.740: [DefNew: 448K->63K(448K), 0.0005450 secs] 24040K->23765K(1048512K), 0.0006180 secs] [Times: user=0.00 sys=0.00, real=0.00 secs] 
1.749: [GC1.749: [DefNew: 447K->64K(448K), 0.0006010 secs] 24148K->23874K(1048512K), 0.0006470 secs] [Times: user=0.00 sys=0.00, real=0.00 secs] 
1.759: [GC1.759: [DefNew: 447K->63K(448K), 0.0006440 secs] 24257K->23988K(1048512K), 0.0006930 secs] [Times: user=0.01 sys=0.00, real=0.00 secs] 
1.768: [GC1.768: [DefNew: 447K->64K(448K), 0.0007140 secs] 24372K->24095K(1048512K), 0.0007750 secs] [Times: user=0.00 sys=0.00, real=0.00 secs] 
1.778: [GC1.778: [DefNew: 447K->63K(448K), 0.0009780 secs] 24479K->24198K(1048512K), 0.0010410 secs] [Times: user=0.00 sys=0.00, real=0.00 secs] 
1.788: [GC1.788: [DefNew: 447K->64K(448K), 0.0006540 secs] 24582K->24309K(1048512K), 0.0007100 secs] [Times: user=0.00 sys=0.00, real=0.00 secs] 
1.798: [GC1.798: [DefNew: 448K->63K(448K), 0.0005770 secs] 24693K->24418K(1048512K), 0.0006280 secs] [Times: user=0.00 sys=0.00, real=0.00 secs] 
1.808: [GC1.808: [DefNew: 447K->64K(448K), 0.0007470 secs] 24802K->24536K(1048512K), 0.0008130 secs] [Times: user=0.00 sys=0.00, real=0.00 secs] 
1.818: [GC1.818: [DefNew: 448K->63K(448K), 0.0007030 secs] 24920K->24645K(1048512K), 0.0007700 secs] [Times: user=0.00 sys=0.00, real=0.00 secs] 
1.828: [GC1.828: [DefNew: 447K->63K(448K), 0.0006110 secs] 25029K->24748K(1048512K), 0.0006640 secs] [Times: user=0.00 sys=0.00, real=0.00 secs] 
1.842: [GC1.842: [DefNew: 447K->64K(448K), 0.0006220 secs] 25132K->24856K(1048512K), 0.0006790 secs] [Times: user=0.00 sys=0.01, real=0.00 secs] 
1.852: [GC1.852: [DefNew: 448K->64K(448K), 0.0006590 secs] 25240K->24951K(1048512K), 0.0007200 secs] [Times: user=0.00 sys=0.00, real=0.00 secs] 
1.861: [GC1.861: [DefNew: 448K->63K(448K), 0.0006820 secs] 25335K->25063K(1048512K), 0.0007790 secs] [Times: user=0.00 sys=0.00, real=0.00 secs] 
1.872: [GC1.872: [DefNew: 447K->63K(448K), 0.0011090 secs] 25447K->25348K(1048512K), 0.0011970 secs] [Times: user=0.00 sys=0.00, real=0.00 secs] 
1.883: [GC1.883: [DefNew: 447K->64K(448K), 0.0005910 secs] 25732K->25497K(1048512K), 0.0006270 secs] [Times: user=0.00 sys=0.00, real=0.00 secs] 
1.893: [GC1.893: [DefNew: 447K->64K(448K), 0.0006100 secs] 25881K->25601K(1048512K), 0.0006640 secs] [Times: user=0.00 sys=0.00, real=0.00 secs] 
1.903: [GC1.903: [DefNew: 448K->63K(448K), 0.0005210 secs] 25985K->25696K(1048512K), 0.0005590 secs] [Times: user=0.00 sys=0.00, real=0.00 secs] 
1.912: [GC1.912: [DefNew: 447K->63K(448K), 0.0004970 secs] 26080K->25799K(1048512K), 0.0005400 secs] [Times: user=0.00 sys=0.00, real=0.00 secs] 
1.921: [GC1.921: [DefNew: 447K->64K(448K), 0.0004970 secs] 26183K->25908K(1048512K), 0.0005350 secs] [Times: user=0.00 sys=0.00, real=0.00 secs] 
1.931: [GC1.931: [DefNew: 448K->63K(448K), 0.0004870 secs] 26292K->26007K(1048512K), 0.0005250 secs] [Times: user=0.00 sys=0.00, real=0.00 secs] 
1.941: [GC1.941: [DefNew: 447K->63K(448K), 0.0004470 secs] 26391K->26104K(1048512K), 0.0004800 secs] [Times: user=0.00 sys=0.00, real=0.00 secs] 
1.951: [GC1.951: [DefNew: 447K->63K(448K), 0.0004570 secs] 26488K->26191K(1048512K), 0.0004920 secs] [Times: user=0.00 sys=0.00, real=0.00 secs] 
1.961: [GC1.961: [DefNew: 447K->63K(448K), 0.0004560 secs] 26575K->26265K(1048512K), 0.0004900 secs] [Times: user=0.00 sys=0.00, real=0.00 secs] 
1.971: [GC1.971: [DefNew: 447K->64K(448K), 0.0005310 secs] 26649K->26360K(1048512K), 0.0006090 secs] [Times: user=0.00 sys=0.00, real=0.00 secs] 
1.982: [GC1.982: [DefNew: 447K->63K(448K), 0.0004660 secs] 26744K->26458K(1048512K), 0.0004960 secs] [Times: user=0.00 sys=0.00, real=0.00 secs] 
1.992: [GC1.992: [DefNew: 447K->64K(448K), 0.0004400 secs] 26841K->26538K(1048512K), 0.0004720 secs] [Times: user=0.00 sys=0.00, real=0.00 secs] 
2.001: [GC2.001: [DefNew: 448K->64K(448K), 0.0004760 secs] 26922K->26624K(1048512K), 0.0005100 secs] [Times: user=0.00 sys=0.00, real=0.00 secs] 
2.011: [GC2.011: [DefNew: 448K->64K(448K), 0.0004600 secs] 27008K->26706K(1048512K), 0.0005030 secs] [Times: user=0.00 sys=0.00, real=0.00 secs] 
2.021: [GC2.021: [DefNew: 448K->63K(448K), 0.0005010 secs] 27090K->26807K(1048512K), 0.0005320 secs] [Times: user=0.00 sys=0.00, real=0.00 secs] 
2.032: [GC2.032: [DefNew: 447K->64K(448K), 0.0004240 secs] 27191K->26889K(1048512K), 0.0004550 secs] [Times: user=0.00 sys=0.00, real=0.00 secs] 
2.042: [GC2.042: [DefNew: 448K->64K(448K), 0.0006510 secs] 27273K->26982K(1048512K), 0.0007280 secs] [Times: user=0.00 sys=0.00, real=0.00 secs] 
2.052: [GC2.052: [DefNew: 448K->63K(448K), 0.0004660 secs] 27366K->27058K(1048512K), 0.0004970 secs] [Times: user=0.00 sys=0.00, real=0.00 secs] 
2.063: [GC2.063: [DefNew: 447K->64K(448K), 0.0004650 secs] 27442K->27151K(1048512K), 0.0004950 secs] [Times: user=0.00 sys=0.00, real=0.00 secs] 
2.073: [GC2.073: [DefNew: 447K->63K(448K), 0.0025830 secs] 27534K->27282K(1048512K), 0.0027290 secs] [Times: user=0.00 sys=0.00, real=0.00 secs] 
2.084: [GC2.084: [DefNew: 447K->64K(448K), 0.0006480 secs] 27666K->27475K(1048512K), 0.0006910 secs] [Times: user=0.00 sys=0.00, real=0.00 secs] 
2.094: [GC2.094: [DefNew: 447K->64K(448K), 0.0009380 secs] 27859K->27613K(1048512K), 0.0010110 secs] [Times: user=0.00 sys=0.00, real=0.00 secs] 
2.105: [GC2.105: [DefNew: 448K->64K(448K), 0.0005730 secs] 27997K->27696K(1048512K), 0.0006140 secs] [Times: user=0.00 sys=0.00, real=0.00 secs] 
2.115: [GC2.115: [DefNew: 448K->63K(448K), 0.0004420 secs] 28080K->27781K(1048512K), 0.0004740 secs] [Times: user=0.00 sys=0.00, real=0.00 secs] 
2.126: [GC2.126: [DefNew: 447K->63K(448K), 0.0004640 secs] 28165K->27858K(1048512K), 0.0004960 secs] [Times: user=0.00 sys=0.00, real=0.00 secs] 
2.136: [GC2.136: [DefNew: 447K->63K(448K), 0.0004900 secs] 28242K->27951K(1048512K), 0.0005210 secs] [Times: user=0.00 sys=0.00, real=0.01 secs] 
2.146: [GC2.146: [DefNew: 447K->63K(448K), 0.0004750 secs] 28335K->28033K(1048512K), 0.0005340 secs] [Times: user=0.00 sys=0.00, real=0.00 secs] 
2.156: [GC2.156: [DefNew: 447K->64K(448K), 0.0011130 secs] 28417K->28153K(1048512K), 0.0012180 secs] [Times: user=0.01 sys=0.00, real=0.01 secs] 
2.166: [GC2.166: [DefNew: 448K->64K(448K), 0.0020560 secs] 28537K->28390K(1048512K), 0.0022210 secs] [Times: user=0.00 sys=0.00, real=0.01 secs] 
2.178: [GC2.178: [DefNew: 448K->63K(448K), 0.0013870 secs] 28774K->28582K(1048512K), 0.0014630 secs] [Times: user=0.00 sys=0.00, real=0.00 secs] 
2.194: [GC2.194: [DefNew: 447K->63K(448K), 0.0013100 secs] 28966K->28707K(1048512K), 0.0013840 secs] [Times: user=0.00 sys=0.00, real=0.00 secs] 
2.216: [GC2.216: [DefNew: 447K->63K(448K), 0.0056500 secs] 29603K->29382K(1048512K), 0.0057030 secs] [Times: user=0.00 sys=0.00, real=0.00 secs] 
2.231: [GC2.231: [DefNew: 447K->63K(448K), 0.0025910 secs] 29766K->29500K(1048512K), 0.0030990 secs] [Times: user=0.00 sys=0.00, real=0.00 secs] 
2.251: [GC2.251: [DefNew: 447K->63K(448K), 0.0019310 secs] 29884K->29673K(1048512K), 0.0020610 secs] [Times: user=0.01 sys=0.00, real=0.00 secs] 
2.264: [GC2.264: [DefNew: 447K->64K(448K), 0.0019440 secs] 30057K->29793K(1048512K), 0.0020770 secs] [Times: user=0.00 sys=0.00, real=0.00 secs] 
2.275: [GC2.275: [DefNew: 448K->63K(448K), 0.0007490 secs] 30177K->29896K(1048512K), 0.0008140 secs] [Times: user=0.00 sys=0.00, real=0.00 secs] 
2.286: [GC2.287: [DefNew: 447K->63K(448K), 0.0021420 secs] 30280K->30136K(1048512K), 0.0023450 secs] [Times: user=0.00 sys=0.00, real=0.00 secs] 
2.298: [GC2.298: [DefNew: 447K->63K(448K), 0.0006670 secs] 30520K->30259K(1048512K), 0.0007330 secs] [Times: user=0.00 sys=0.00, real=0.00 secs] 
2.309: [GC2.309: [DefNew: 447K->64K(448K), 0.0005440 secs] 30643K->30351K(1048512K), 0.0005820 secs] [Times: user=0.01 sys=0.00, real=0.00 secs] 
2.320: [GC2.320: [DefNew: 448K->64K(448K), 0.0004740 secs] 30735K->30436K(1048512K), 0.0005090 secs] [Times: user=0.00 sys=0.00, real=0.00 secs] 
2.330: [GC2.330: [DefNew: 448K->64K(448K), 0.0004460 secs] 30820K->30503K(1048512K), 0.0004950 secs] [Times: user=0.00 sys=0.00, real=0.00 secs] 
2.340: [GC2.340: [DefNew: 448K->63K(448K), 0.0003900 secs] 30887K->30579K(1048512K), 0.0004210 secs] [Times: user=0.00 sys=0.00, real=0.00 secs] 
2.350: [GC2.350: [DefNew: 447K->63K(448K), 0.0008810 secs] 30963K->30704K(1048512K), 0.0009440 secs] [Times: user=0.00 sys=0.00, real=0.00 secs] 
2.361: [GC2.361: [DefNew: 447K->64K(448K), 0.0009890 secs] 31088K->30830K(1048512K), 0.0010390 secs] [Times: user=0.00 sys=0.00, real=0.00 secs] 
2.373: [GC2.373: [DefNew: 448K->63K(448K), 0.0009190 secs] 31214K->30970K(1048512K), 0.0009670 secs] [Times: user=0.00 sys=0.00, real=0.00 secs] 
2.384: [GC2.384: [DefNew: 447K->63K(448K), 0.0008730 secs] 31354K->31083K(1048512K), 0.0009210 secs] [Times: user=0.00 sys=0.00, real=0.00 secs] 
2.395: [GC2.395: [DefNew: 447K->63K(448K), 0.0008540 secs] 31467K->31216K(1048512K), 0.0009010 secs] [Times: user=0.00 sys=0.00, real=0.01 secs] 
2.405: [GC2.405: [DefNew: 447K->63K(448K), 0.0008990 secs] 31600K->31334K(1048512K), 0.0009470 secs] [Times: user=0.01 sys=0.00, real=0.00 secs] 
2.416: [GC2.416: [DefNew: 447K->63K(448K), 0.0009890 secs] 31718K->31472K(1048512K), 0.0010470 secs] [Times: user=0.00 sys=0.01, real=0.01 secs] 
2.426: [GC2.426: [DefNew: 447K->63K(448K), 0.0008650 secs] 31856K->31603K(1048512K), 0.0009130 secs] [Times: user=0.00 sys=0.00, real=0.00 secs] 
2.437: [GC2.437: [DefNew: 447K->64K(448K), 0.0008900 secs] 31987K->31722K(1048512K), 0.0009350 secs] [Times: user=0.00 sys=0.00, real=0.00 secs] 
2.448: [GC2.448: [DefNew: 447K->63K(448K), 0.0011120 secs] 32106K->31842K(1048512K), 0.0011760 secs] [Times: user=0.00 sys=0.00, real=0.00 secs] 
2.459: [GC2.459: [DefNew: 447K->64K(448K), 0.0008890 secs] 32226K->31963K(1048512K), 0.0009410 secs] [Times: user=0.00 sys=0.00, real=0.00 secs] 
2.470: [GC2.470: [DefNew: 448K->63K(448K), 0.0009730 secs] 32347K->32092K(1048512K), 0.0010330 secs] [Times: user=0.00 sys=0.00, real=0.00 secs] 
2.479: [GC2.479: [DefNew: 447K->63K(448K), 0.0016430 secs] 32476K->32243K(1048512K), 0.0017240 secs] [Times: user=0.01 sys=0.00, real=0.00 secs] 
2.491: [GC2.491: [DefNew: 447K->64K(448K), 0.0022170 secs] 32627K->32481K(1048512K), 0.0024200 secs] [Times: user=0.00 sys=0.00, real=0.00 secs] 
2.502: [GC2.502: [DefNew: 448K->63K(448K), 0.0006680 secs] 32865K->32631K(1048512K), 0.0007130 secs] [Times: user=0.00 sys=0.00, real=0.00 secs] 
2.512: [GC2.512: [DefNew: 447K->64K(448K), 0.0009270 secs] 33015K->32766K(1048512K), 0.0009940 secs] [Times: user=0.00 sys=0.00, real=0.00 secs] 
2.523: [GC2.523: [DefNew: 448K->63K(448K), 0.0005170 secs] 33150K->32854K(1048512K), 0.0005590 secs] [Times: user=0.00 sys=0.00, real=0.00 secs] 
2.533: [GC2.533: [DefNew: 447K->63K(448K), 0.0004780 secs] 33238K->32924K(1048512K), 0.0005120 secs] [Times: user=0.00 sys=0.00, real=0.00 secs] 
2.542: [GC2.542: [DefNew: 447K->63K(448K), 0.0004600 secs] 33308K->33015K(1048512K), 0.0004940 secs] [Times: user=0.00 sys=0.00, real=0.00 secs] 
2.552: [GC2.552: [DefNew: 447K->63K(448K), 0.0005100 secs] 33399K->33111K(1048512K), 0.0005660 secs] [Times: user=0.01 sys=0.00, real=0.00 secs] 
2.562: [GC2.562: [DefNew: 447K->64K(448K), 0.0004790 secs] 33495K->33189K(1048512K), 0.0005220 secs] [Times: user=0.00 sys=0.00, real=0.00 secs] 
2.572: [GC2.572: [DefNew: 448K->63K(448K), 0.0004440 secs] 33573K->33263K(1048512K), 0.0004760 secs] [Times: user=0.00 sys=0.00, real=0.00 secs] 
2.583: [GC2.583: [DefNew: 447K->63K(448K), 0.0006050 secs] 33647K->33357K(1048512K), 0.0006540 secs] [Times: user=0.00 sys=0.00, real=0.00 secs] 
2.596: [GC2.596: [DefNew: 447K->63K(448K), 0.0006900 secs] 33741K->33482K(1048512K), 0.0007380 secs] [Times: user=0.00 sys=0.00, real=0.01 secs] 
2.608: [GC2.608: [DefNew: 447K->63K(448K), 0.0010950 secs] 33866K->33578K(1048512K), 0.0011650 secs] [Times: user=0.00 sys=0.00, real=0.00 secs] 
2.618: [GC2.618: [DefNew: 447K->64K(448K), 0.0004950 secs] 33962K->33663K(1048512K), 0.0007620 secs] [Times: user=0.00 sys=0.00, real=0.00 secs] 
2.628: [GC2.628: [DefNew: 448K->63K(448K), 0.0007390 secs] 34047K->33746K(1048512K), 0.0007880 secs] [Times: user=0.00 sys=0.00, real=0.00 secs] 
2.638: [GC2.638: [DefNew: 447K->64K(448K), 0.0010700 secs] 34130K->33889K(1048512K), 0.0011380 secs] [Times: user=0.00 sys=0.00, real=0.00 secs] 
2.648: [GC2.648: [DefNew: 448K->63K(448K), 0.0005470 secs] 34273K->33985K(1048512K), 0.0005900 secs] [Times: user=0.00 sys=0.00, real=0.00 secs] 
2.658: [GC2.658: [DefNew: 447K->63K(448K), 0.0005070 secs] 34369K->34076K(1048512K), 0.0005560 secs] [Times: user=0.00 sys=0.00, real=0.00 secs] 
2.669: [GC2.669: [DefNew: 447K->63K(448K), 0.0006620 secs] 34460K->34275K(1048512K), 0.0006950 secs] [Times: user=0.00 sys=0.00, real=0.00 secs] 
2.679: [GC2.679: [DefNew: 447K->63K(448K), 0.0020690 secs] 34659K->34397K(1048512K), 0.0021940 secs] [Times: user=0.00 sys=0.00, real=0.00 secs] 
2.690: [GC2.691: [DefNew: 447K->64K(448K), 0.0006640 secs] 34781K->34537K(1048512K), 0.0007120 secs] [Times: user=0.00 sys=0.00, real=0.00 secs] 
2.701: [GC2.701: [DefNew: 448K->63K(448K), 0.0018040 secs] 34921K->34722K(1048512K), 0.0019800 secs] [Times: user=0.00 sys=0.00, real=0.00 secs] 
2.712: [GC2.712: [DefNew: 447K->64K(448K), 0.0013150 secs] 35106K->34959K(1048512K), 0.0013680 secs] [Times: user=0.01 sys=0.00, real=0.00 secs] 
2.724: [GC2.724: [DefNew: 448K->63K(448K), 0.0013710 secs] 35343K->35086K(1048512K), 0.0015140 secs] [Times: user=0.00 sys=0.00, real=0.00 secs] 
2.735: [GC2.735: [DefNew: 447K->63K(448K), 0.0005500 secs] 35470K->35167K(1048512K), 0.0006080 secs] [Times: user=0.00 sys=0.00, real=0.00 secs] 
2.745: [GC2.745: [DefNew: 447K->63K(448K), 0.0005600 secs] 35551K->35302K(1048512K), 0.0005930 secs] [Times: user=0.00 sys=0.00, real=0.00 secs] 
2.756: [GC2.756: [DefNew: 447K->63K(448K), 0.0005170 secs] 35686K->35381K(1048512K), 0.0005510 secs] [Times: user=0.00 sys=0.00, real=0.01 secs] 
2.766: [GC2.766: [DefNew: 447K->64K(448K), 0.0006840 secs] 35765K->35480K(1048512K), 0.0007300 secs] [Times: user=0.00 sys=0.00, real=0.01 secs] 
2.776: [GC2.776: [DefNew: 448K->64K(448K), 0.0005610 secs] 35864K->35572K(1048512K), 0.0005960 secs] [Times: user=0.00 sys=0.00, real=0.01 secs] 
2.787: [GC2.787: [DefNew: 448K->63K(448K), 0.0005560 secs] 35956K->35694K(1048512K), 0.0005900 secs] [Times: user=0.00 sys=0.00, real=0.00 secs] 
2.796: [GC2.796: [DefNew: 447K->64K(448K), 0.0009760 secs] 36078K->35810K(1048512K), 0.0010910 secs] [Times: user=0.00 sys=0.00, real=0.01 secs] 
2.806: [GC2.806: [DefNew: 448K->63K(448K), 0.0008420 secs] 36194K->35930K(1048512K), 0.0009070 secs] [Times: user=0.00 sys=0.00, real=0.01 secs] 
2.816: [GC2.816: [DefNew: 447K->63K(448K), 0.0021200 secs] 36314K->36122K(1048512K), 0.0022530 secs] [Times: user=0.00 sys=0.00, real=0.00 secs] 
2.829: [GC2.829: [DefNew: 447K->64K(448K), 0.0022560 secs] 36506K->36322K(1048512K), 0.0023840 secs] [Times: user=0.00 sys=0.00, real=0.00 secs] 
2.841: [GC2.841: [DefNew: 447K->63K(448K), 0.0017830 secs] 36705K->36480K(1048512K), 0.0019460 secs] [Times: user=0.00 sys=0.00, real=0.00 secs] 
2.853: [GC2.853: [DefNew: 447K->63K(448K), 0.0027390 secs] 36864K->36668K(1048512K), 0.0028490 secs] [Times: user=0.00 sys=0.00, real=0.00 secs] 
2.864: [GC2.864: [DefNew: 447K->64K(448K), 0.0016930 secs] 37052K->36916K(1048512K), 0.0017920 secs] [Times: user=0.00 sys=0.00, real=0.00 secs] 
2.879: [GC2.879: [DefNew: 448K->63K(448K), 0.0017320 secs] 37300K->37126K(1048512K), 0.0018730 secs] [Times: user=0.00 sys=0.00, real=0.00 secs] 
2.890: [GC2.890: [DefNew: 447K->63K(448K), 0.0020590 secs] 37510K->37381K(1048512K), 0.0021750 secs] [Times: user=0.01 sys=0.00, real=0.00 secs] 
2.912: [GC2.912: [DefNew: 447K->63K(448K), 0.0019440 secs] 37765K->37551K(1048512K), 0.0020590 secs] [Times: user=0.00 sys=0.00, real=0.00 secs] 
2.925: [GC2.925: [DefNew: 447K->63K(448K), 0.0021800 secs] 37935K->37698K(1048512K), 0.0023220 secs] [Times: user=0.00 sys=0.00, real=0.01 secs] 
2.935: [GC2.935: [DefNew: 447K->63K(448K), 0.0008090 secs] 38082K->37815K(1048512K), 0.0008720 secs] [Times: user=0.00 sys=0.01, real=0.00 secs] 
2.946: [GC2.946: [DefNew: 447K->63K(448K), 0.0005660 secs] 38199K->37933K(1048512K), 0.0005990 secs] [Times: user=0.00 sys=0.00, real=0.01 secs] 
2.956: [GC2.956: [DefNew: 447K->64K(448K), 0.0005540 secs] 38317K->38030K(1048512K), 0.0005880 secs] [Times: user=0.00 sys=0.00, real=0.01 secs] 
2.966: [GC2.966: [DefNew: 448K->63K(448K), 0.0005270 secs] 38414K->38101K(1048512K), 0.0005640 secs] [Times: user=0.00 sys=0.00, real=0.01 secs] 
2.976: [GC2.976: [DefNew: 447K->63K(448K), 0.0004740 secs] 38485K->38190K(1048512K), 0.0005070 secs] [Times: user=0.00 sys=0.00, real=0.01 secs] 
2.987: [GC2.987: [DefNew: 447K->63K(448K), 0.0007970 secs] 38574K->38301K(1048512K), 0.0008440 secs] [Times: user=0.00 sys=0.00, real=0.00 secs] 
2.998: [GC2.998: [DefNew: 447K->64K(448K), 0.0009550 secs] 38685K->38446K(1048512K), 0.0010190 secs] [Times: user=0.00 sys=0.00, real=0.00 secs] 
3.007: [GC3.007: [DefNew: 447K->64K(448K), 0.0010680 secs] 38830K->38598K(1048512K), 0.0011300 secs] [Times: user=0.00 sys=0.00, real=0.00 secs] 
3.018: [GC3.018: [DefNew: 447K->63K(448K), 0.0005520 secs] 38982K->38693K(1048512K), 0.0005990 secs] [Times: user=0.00 sys=0.00, real=0.00 secs] 
3.028: [GC3.028: [DefNew: 447K->63K(448K), 0.0005440 secs] 39077K->38781K(1048512K), 0.0005770 secs] [Times: user=0.00 sys=0.00, real=0.00 secs] 
3.038: [GC3.038: [DefNew: 447K->64K(448K), 0.0005200 secs] 39165K->38861K(1048512K), 0.0005910 secs] [Times: user=0.00 sys=0.00, real=0.00 secs] 
3.049: [GC3.049: [DefNew: 448K->63K(448K), 0.0004600 secs] 39245K->38950K(1048512K), 0.0004940 secs] [Times: user=0.00 sys=0.00, real=0.00 secs] 
3.058: [GC3.058: [DefNew: 447K->63K(448K), 0.0004930 secs] 39334K->39030K(1048512K), 0.0005350 secs] [Times: user=0.00 sys=0.00, real=0.00 secs] 
3.068: [GC3.068: [DefNew: 447K->63K(448K), 0.0005250 secs] 39414K->39120K(1048512K), 0.0005600 secs] [Times: user=0.00 sys=0.00, real=0.00 secs] 
3.078: [GC3.078: [DefNew: 447K->63K(448K), 0.0005600 secs] 39503K->39190K(1048512K), 0.0006070 secs] [Times: user=0.01 sys=0.00, real=0.00 secs] 
3.088: [GC3.088: [DefNew: 447K->63K(448K), 0.0004670 secs] 39574K->39279K(1048512K), 0.0005090 secs] [Times: user=0.00 sys=0.00, real=0.00 secs] 
3.098: [GC3.098: [DefNew: 447K->63K(448K), 0.0005370 secs] 39663K->39352K(1048512K), 0.0005840 secs] [Times: user=0.00 sys=0.00, real=0.00 secs] 
3.107: [GC3.107: [DefNew: 447K->63K(448K), 0.0017620 secs] 39736K->39491K(1048512K), 0.0019490 secs] [Times: user=0.00 sys=0.00, real=0.00 secs] 
3.118: [GC3.119: [DefNew: 447K->63K(448K), 0.0008380 secs] 39874K->39682K(1048512K), 0.0008940 secs] [Times: user=0.00 sys=0.00, real=0.00 secs] 
3.129: [GC3.129: [DefNew: 447K->64K(448K), 0.0006230 secs] 40066K->39806K(1048512K), 0.0006560 secs] [Times: user=0.00 sys=0.00, real=0.00 secs] 
3.139: [GC3.139: [DefNew: 447K->63K(448K), 0.0005260 secs] 40189K->39892K(1048512K), 0.0005570 secs] [Times: user=0.00 sys=0.00, real=0.00 secs] 
3.149: [GC3.149: [DefNew: 447K->64K(448K), 0.0006540 secs] 40276K->39984K(1048512K), 0.0007170 secs] [Times: user=0.00 sys=0.00, real=0.00 secs] 
3.159: [GC3.159: [DefNew: 448K->63K(448K), 0.0005150 secs] 40368K->40085K(1048512K), 0.0005580 secs] [Times: user=0.00 sys=0.00, real=0.00 secs] 
3.171: [GC3.171: [DefNew: 447K->63K(448K), 0.0017480 secs] 40469K->40310K(1048512K), 0.0018520 secs] [Times: user=0.00 sys=0.00, real=0.00 secs] 
3.182: [GC3.182: [DefNew: 447K->63K(448K), 0.0011440 secs] 40694K->40474K(1048512K), 0.0012170 secs] [Times: user=0.00 sys=0.00, real=0.00 secs] 
3.215: [GC3.215: [DefNew: 447K->63K(448K), 0.0029530 secs] 40858K->40594K(1048512K), 0.0030680 secs] [Times: user=0.00 sys=0.00, real=0.01 secs] 
3.231: [GC3.231: [DefNew: 447K->64K(448K), 0.0017210 secs] 40978K->40763K(1048512K), 0.0018770 secs] [Times: user=0.00 sys=0.00, real=0.00 secs] 
3.250: [GC3.250: [DefNew: 448K->63K(448K), 0.0061450 secs] 41147K->40973K(1048512K), 0.0062720 secs] [Times: user=0.01 sys=0.01, real=0.00 secs] 
3.268: [GC3.268: [DefNew: 447K->63K(448K), 0.0015180 secs] 41357K->41104K(1048512K), 0.0015780 secs] [Times: user=0.00 sys=0.00, real=0.00 secs] 
3.279: [GC3.279: [DefNew: 447K->64K(448K), 0.0007310 secs] 41488K->41204K(1048512K), 0.0007890 secs] [Times: user=0.00 sys=0.00, real=0.00 secs] 
3.290: [GC3.290: [DefNew: 447K->63K(448K), 0.0005870 secs] 41588K->41312K(1048512K), 0.0006310 secs] [Times: user=0.00 sys=0.00, real=0.00 secs] 
3.300: [GC3.300: [DefNew: 447K->63K(448K), 0.0005380 secs] 41696K->41391K(1048512K), 0.0005810 secs] [Times: user=0.00 sys=0.00, real=0.00 secs] 
3.310: [GC3.310: [DefNew: 447K->63K(448K), 0.0015730 secs] 41775K->41492K(1048512K), 0.0017200 secs] [Times: user=0.00 sys=0.00, real=0.00 secs] 
3.322: [GC3.322: [DefNew: 447K->63K(448K), 0.0007640 secs] 41875K->41714K(1048512K), 0.0008110 secs] [Times: user=0.00 sys=0.00, real=0.00 secs] 
3.332: [GC3.332: [DefNew: 447K->63K(448K), 0.0007860 secs] 42098K->41851K(1048512K), 0.0008390 secs] [Times: user=0.00 sys=0.00, real=0.00 secs] 
3.342: [GC3.342: [DefNew: 447K->63K(448K), 0.0005890 secs] 42235K->41937K(1048512K), 0.0006210 secs] [Times: user=0.00 sys=0.00, real=0.00 secs] 
3.352: [GC3.353: [DefNew: 447K->63K(448K), 0.0005650 secs] 42321K->42024K(1048512K), 0.0006120 secs] [Times: user=0.00 sys=0.00, real=0.00 secs] 
3.363: [GC3.363: [DefNew: 447K->64K(448K), 0.0010340 secs] 42408K->42140K(1048512K), 0.0010880 secs] [Times: user=0.00 sys=0.00, real=0.00 secs] 
3.375: [GC3.375: [DefNew: 448K->63K(448K), 0.0009800 secs] 42524K->42261K(1048512K), 0.0010290 secs] [Times: user=0.00 sys=0.00, real=0.00 secs] 
3.386: [GC3.386: [DefNew: 447K->64K(448K), 0.0010140 secs] 42645K->42394K(1048512K), 0.0010610 secs] [Times: user=0.00 sys=0.00, real=0.01 secs] 
3.397: [GC3.397: [DefNew: 448K->63K(448K), 0.0009860 secs] 42778K->42516K(1048512K), 0.0010330 secs] [Times: user=0.00 sys=0.00, real=0.00 secs] 
3.409: [GC3.409: [DefNew: 447K->63K(448K), 0.0009420 secs] 42900K->42654K(1048512K), 0.0009900 secs] [Times: user=0.00 sys=0.00, real=0.00 secs] 
3.419: [GC3.419: [DefNew: 447K->63K(448K), 0.0009680 secs] 43038K->42768K(1048512K), 0.0010170 secs] [Times: user=0.00 sys=0.00, real=0.00 secs] 
3.430: [GC3.430: [DefNew: 447K->63K(448K), 0.0006640 secs] 43152K->42906K(1048512K), 0.0007130 secs] [Times: user=0.00 sys=0.00, real=0.00 secs] 
3.441: [GC3.441: [DefNew: 447K->64K(448K), 0.0010570 secs] 43290K->43000K(1048512K), 0.0011710 secs] [Times: user=0.00 sys=0.00, real=0.00 secs] 
3.452: [GC3.452: [DefNew: 448K->63K(448K), 0.0005090 secs] 43384K->43095K(1048512K), 0.0005450 secs] [Times: user=0.00 sys=0.00, real=0.00 secs] 
3.462: [GC3.462: [DefNew: 447K->63K(448K), 0.0004840 secs] 43479K->43183K(1048512K), 0.0005170 secs] [Times: user=0.00 sys=0.00, real=0.00 secs] 
3.472: [GC3.472: [DefNew: 447K->63K(448K), 0.0004780 secs] 43567K->43267K(1048512K), 0.0005110 secs] [Times: user=0.00 sys=0.00, real=0.00 secs] 
3.483: [GC3.483: [DefNew: 447K->64K(448K), 0.0005210 secs] 43651K->43358K(1048512K), 0.0005530 secs] [Times: user=0.00 sys=0.00, real=0.00 secs] 
3.493: [GC3.493: [DefNew: 448K->63K(448K), 0.0006000 secs] 43742K->43444K(1048512K), 0.0006400 secs] [Times: user=0.00 sys=0.00, real=0.00 secs] 
3.502: [GC3.502: [DefNew: 447K->63K(448K), 0.0005040 secs] 43828K->43524K(1048512K), 0.0005370 secs] [Times: user=0.00 sys=0.00, real=0.00 secs] 
3.513: [GC3.513: [DefNew: 447K->63K(448K), 0.0005050 secs] 43908K->43628K(1048512K), 0.0005460 secs] [Times: user=0.01 sys=0.00, real=0.00 secs] 
3.523: [GC3.523: [DefNew: 447K->63K(448K), 0.0018630 secs] 44012K->43717K(1048512K), 0.0021220 secs] [Times: user=0.00 sys=0.00, real=0.00 secs] 
3.536: [GC3.536: [DefNew: 447K->63K(448K), 0.0011470 secs] 44101K->43943K(1048512K), 0.0012530 secs] [Times: user=0.00 sys=0.00, real=0.01 secs] 
3.546: [GC3.546: [DefNew: 447K->64K(448K), 0.0007820 secs] 44327K->44059K(1048512K), 0.0008360 secs] [Times: user=0.00 sys=0.00, real=0.00 secs] 
3.558: [GC3.558: [DefNew: 448K->64K(448K), 0.0016430 secs] 44443K->44166K(1048512K), 0.0017590 secs] [Times: user=0.00 sys=0.00, real=0.00 secs] 
3.568: [GC3.568: [DefNew: 448K->63K(448K), 0.0006040 secs] 44550K->44259K(1048512K), 0.0006380 secs] [Times: user=0.00 sys=0.00, real=0.00 secs] 
3.578: [GC3.578: [DefNew: 447K->63K(448K), 0.0005610 secs] 44643K->44358K(1048512K), 0.0005960 secs] [Times: user=0.00 sys=0.00, real=0.00 secs] 
3.588: [GC3.588: [DefNew: 447K->63K(448K), 0.0005250 secs] 44742K->44457K(1048512K), 0.0005600 secs] [Times: user=0.00 sys=0.00, real=0.00 secs] 
3.598: [GC3.598: [DefNew: 447K->64K(448K), 0.0004890 secs] 44841K->44536K(1048512K), 0.0005200 secs] [Times: user=0.00 sys=0.00, real=0.00 secs] 
3.609: [GC3.609: [DefNew: 448K->64K(448K), 0.0006590 secs] 44920K->44626K(1048512K), 0.0007140 secs] [Times: user=0.00 sys=0.00, real=0.00 secs] 
3.619: [GC3.619: [DefNew: 448K->63K(448K), 0.0008000 secs] 45010K->44725K(1048512K), 0.0008620 secs] [Times: user=0.00 sys=0.00, real=0.00 secs] 
3.629: [GC3.629: [DefNew: 447K->63K(448K), 0.0004880 secs] 45109K->44809K(1048512K), 0.0005210 secs] [Times: user=0.00 sys=0.00, real=0.00 secs] 
3.639: [GC3.639: [DefNew: 447K->63K(448K), 0.0004720 secs] 45193K->44899K(1048512K), 0.0005020 secs] [Times: user=0.00 sys=0.00, real=0.00 secs] 
3.649: [GC3.649: [DefNew: 447K->63K(448K), 0.0005620 secs] 45282K->45009K(1048512K), 0.0005950 secs] [Times: user=0.00 sys=0.00, real=0.00 secs] 
3.659: [GC3.659: [DefNew: 447K->64K(448K), 0.0008460 secs] 45393K->45094K(1048512K), 0.0009270 secs] [Times: user=0.00 sys=0.00, real=0.00 secs] 
3.669: [GC3.669: [DefNew: 448K->64K(448K), 0.0015580 secs] 45478K->45295K(1048512K), 0.0017380 secs] [Times: user=0.00 sys=0.00, real=0.00 secs] 
3.680: [GC3.680: [DefNew: 448K->64K(448K), 0.0007230 secs] 45679K->45402K(1048512K), 0.0007620 secs] [Times: user=0.00 sys=0.00, real=0.00 secs] 
3.691: [GC3.691: [DefNew: 447K->63K(448K), 0.0005250 secs] 45786K->45486K(1048512K), 0.0005720 secs] [Times: user=0.00 sys=0.00, real=0.00 secs] 
3.701: [GC3.701: [DefNew: 447K->63K(448K), 0.0004600 secs] 45870K->45567K(1048512K), 0.0004920 secs] [Times: user=0.00 sys=0.00, real=0.00 secs] 
3.711: [GC3.711: [DefNew: 447K->63K(448K), 0.0004930 secs] 45951K->45648K(1048512K), 0.0005260 secs] [Times: user=0.00 sys=0.00, real=0.00 secs] 
3.722: [GC3.722: [DefNew: 447K->63K(448K), 0.0005750 secs] 46032K->45739K(1048512K), 0.0006220 secs] [Times: user=0.00 sys=0.00, real=0.00 secs] 
3.731: [GC3.731: [DefNew: 447K->63K(448K), 0.0016660 secs] 46123K->45919K(1048512K), 0.0018320 secs] [Times: user=0.00 sys=0.00, real=0.00 secs] 
3.743: [GC3.743: [DefNew: 447K->63K(448K), 0.0006370 secs] 46303K->46012K(1048512K), 0.0006790 secs] [Times: user=0.00 sys=0.00, real=0.00 secs] 
3.753: [GC3.753: [DefNew: 447K->63K(448K), 0.0005810 secs] 46396K->46110K(1048512K), 0.0006150 secs] [Times: user=0.00 sys=0.00, real=0.00 secs] 
3.763: [GC3.763: [DefNew: 447K->63K(448K), 0.0005070 secs] 46494K->46193K(1048512K), 0.0005390 secs] [Times: user=0.00 sys=0.00, real=0.00 secs] 
3.774: [GC3.774: [DefNew: 447K->64K(448K), 0.0009010 secs] 46576K->46308K(1048512K), 0.0009470 secs] [Times: user=0.00 sys=0.00, real=0.00 secs] 
3.784: [GC3.784: [DefNew: 448K->64K(448K), 0.0010580 secs] 46692K->46447K(1048512K), 0.0011100 secs] [Times: user=0.00 sys=0.00, real=0.00 secs] 
3.796: [GC3.796: [DefNew: 448K->64K(448K), 0.0010030 secs] 46831K->46570K(1048512K), 0.0010480 secs] [Times: user=0.00 sys=0.00, real=0.01 secs] 
3.805: [GC3.805: [DefNew: 448K->64K(448K), 0.0009750 secs] 46954K->46714K(1048512K), 0.0010240 secs] [Times: user=0.00 sys=0.00, real=0.00 secs] 
3.816: [GC3.816: [DefNew: 448K->64K(448K), 0.0010480 secs] 47098K->46839K(1048512K), 0.0011060 secs] [Times: user=0.00 sys=0.00, real=0.01 secs] 
3.827: [GC3.827: [DefNew: 448K->63K(448K), 0.0006180 secs] 47223K->46937K(1048512K), 0.0006640 secs] [Times: user=0.00 sys=0.00, real=0.00 secs] 
3.837: [GC3.837: [DefNew: 447K->64K(448K), 0.0004940 secs] 47321K->47019K(1048512K), 0.0005260 secs] [Times: user=0.00 sys=0.00, real=0.00 secs] 
3.847: [GC3.847: [DefNew: 447K->63K(448K), 0.0005210 secs] 47403K->47115K(1048512K), 0.0005630 secs] [Times: user=0.01 sys=0.00, real=0.00 secs] 
3.857: [GC3.857: [DefNew: 447K->63K(448K), 0.0006690 secs] 47499K->47193K(1048512K), 0.0007170 secs] [Times: user=0.00 sys=0.00, real=0.00 secs] 
3.868: [GC3.868: [DefNew: 447K->63K(448K), 0.0004800 secs] 47577K->47282K(1048512K), 0.0005220 secs] [Times: user=0.00 sys=0.00, real=0.00 secs] 
3.878: [GC3.878: [DefNew: 447K->63K(448K), 0.0005250 secs] 47666K->47368K(1048512K), 0.0005630 secs] [Times: user=0.00 sys=0.00, real=0.00 secs] 
3.888: [GC3.888: [DefNew: 447K->63K(448K), 0.0004800 secs] 47752K->47452K(1048512K), 0.0005170 secs] [Times: user=0.00 sys=0.00, real=0.00 secs] 
3.898: [GC3.898: [DefNew: 447K->63K(448K), 0.0010230 secs] 47836K->47546K(1048512K), 0.0010840 secs] [Times: user=0.00 sys=0.00, real=0.00 secs] 
3.908: [GC3.908: [DefNew: 447K->64K(448K), 0.0008850 secs] 47930K->47678K(1048512K), 0.0009350 secs] [Times: user=0.00 sys=0.00, real=0.00 secs] 
3.919: [GC3.919: [DefNew: 447K->63K(448K), 0.0009730 secs] 48061K->47807K(1048512K), 0.0010260 secs] [Times: user=0.00 sys=0.00, real=0.00 secs] 
3.930: [GC3.930: [DefNew: 447K->63K(448K), 0.0013480 secs] 48191K->47954K(1048512K), 0.0014230 secs] [Times: user=0.00 sys=0.00, real=0.00 secs] 
3.942: [GC3.942: [DefNew: 447K->63K(448K), 0.0011790 secs] 48338K->48210K(1048512K), 0.0012670 secs] [Times: user=0.00 sys=0.00, real=0.00 secs] 
3.953: [GC3.953: [DefNew: 447K->64K(448K), 0.0009000 secs] 48594K->48351K(1048512K), 0.0009480 secs] [Times: user=0.00 sys=0.00, real=0.00 secs] 
3.963: [GC3.964: [DefNew: 448K->63K(448K), 0.0005190 secs] 48735K->48438K(1048512K), 0.0005660 secs] [Times: user=0.00 sys=0.00, real=0.00 secs] 
3.974: [GC3.974: [DefNew: 447K->64K(448K), 0.0004760 secs] 48822K->48522K(1048512K), 0.0005080 secs] [Times: user=0.00 sys=0.00, real=0.00 secs] 
3.983: [GC3.983: [DefNew: 448K->64K(448K), 0.0004730 secs] 48906K->48595K(1048512K), 0.0005030 secs] [Times: user=0.00 sys=0.00, real=0.00 secs] 
3.993: [GC3.993: [DefNew: 448K->63K(448K), 0.0008630 secs] 48979K->48694K(1048512K), 0.0009090 secs] [Times: user=0.00 sys=0.00, real=0.00 secs] 
4.005: [GC4.005: [DefNew: 447K->63K(448K), 0.0009540 secs] 49078K->48821K(1048512K), 0.0010170 secs] [Times: user=0.00 sys=0.00, real=0.00 secs] 
4.016: [GC4.016: [DefNew: 447K->64K(448K), 0.0010400 secs] 49205K->48957K(1048512K), 0.0011400 secs] [Times: user=0.01 sys=0.00, real=0.01 secs] 
4.027: [GC4.027: [DefNew: 448K->64K(448K), 0.0010270 secs] 49341K->49107K(1048512K), 0.0010870 secs] [Times: user=0.00 sys=0.00, real=0.00 secs] 
4.038: [GC4.038: [DefNew: 448K->63K(448K), 0.0010000 secs] 49491K->49224K(1048512K), 0.0010540 secs] [Times: user=0.00 sys=0.00, real=0.00 secs] 
4.049: [GC4.049: [DefNew: 447K->64K(448K), 0.0010720 secs] 49608K->49359K(1048512K), 0.0011370 secs] [Times: user=0.00 sys=0.00, real=0.00 secs] 
4.059: [GC4.059: [DefNew: 448K->64K(448K), 0.0009300 secs] 49743K->49490K(1048512K), 0.0009770 secs] [Times: user=0.00 sys=0.00, real=0.00 secs] 
4.070: [GC4.070: [DefNew: 448K->64K(448K), 0.0010750 secs] 49874K->49623K(1048512K), 0.0011520 secs] [Times: user=0.00 sys=0.00, real=0.00 secs] 
4.081: [GC4.081: [DefNew: 448K->63K(448K), 0.0010530 secs] 50007K->49753K(1048512K), 0.0011200 secs] [Times: user=0.00 sys=0.00, real=0.00 secs] 
4.092: [GC4.092: [DefNew: 447K->63K(448K), 0.0010160 secs] 50137K->49885K(1048512K), 0.0010680 secs] [Times: user=0.01 sys=0.00, real=0.00 secs] 
4.102: [GC4.102: [DefNew: 447K->64K(448K), 0.0010230 secs] 50269K->50022K(1048512K), 0.0010720 secs] [Times: user=0.00 sys=0.00, real=0.00 secs] 
4.112: [GC4.112: [DefNew: 448K->64K(448K), 0.0011650 secs] 50406K->50136K(1048512K), 0.0012280 secs] [Times: user=0.00 sys=0.00, real=0.00 secs] 
4.123: [GC4.123: [DefNew: 448K->63K(448K), 0.0011210 secs] 50520K->50289K(1048512K), 0.0011930 secs] [Times: user=0.00 sys=0.00, real=0.00 secs] 
4.134: [GC4.134: [DefNew: 447K->63K(448K), 0.0011140 secs] 50673K->50417K(1048512K), 0.0011900 secs] [Times: user=0.00 sys=0.00, real=0.00 secs] 
4.144: [GC4.144: [DefNew: 447K->63K(448K), 0.0025530 secs] 50801K->50645K(1048512K), 0.0027780 secs] [Times: user=0.01 sys=0.00, real=0.01 secs] 
4.156: [GC4.156: [DefNew: 447K->64K(448K), 0.0006920 secs] 51029K->50761K(1048512K), 0.0007350 secs] [Times: user=0.00 sys=0.00, real=0.00 secs] 
4.167: [GC4.167: [DefNew: 448K->63K(448K), 0.0018880 secs] 51145K->50929K(1048512K), 0.0020890 secs] [Times: user=0.00 sys=0.00, real=0.00 secs] 
4.179: [GC4.179: [DefNew: 447K->64K(448K), 0.0013930 secs] 51313K->51127K(1048512K), 0.0014720 secs] [Times: user=0.00 sys=0.00, real=0.00 secs] 
4.189: [GC4.190: [DefNew: 447K->64K(448K), 0.0010550 secs] 51511K->51243K(1048512K), 0.0011320 secs] [Times: user=0.00 sys=0.00, real=0.00 secs] 
4.201: [GC4.202: [DefNew: 448K->63K(448K), 0.0017940 secs] 51627K->51354K(1048512K), 0.0019720 secs] [Times: user=0.01 sys=0.00, real=0.00 secs] 
4.212: [GC4.212: [DefNew: 447K->64K(448K), 0.0016990 secs] 51738K->51528K(1048512K), 0.0018290 secs] [Times: user=0.00 sys=0.00, real=0.00 secs] 
4.224: [GC4.224: [DefNew: 448K->64K(448K), 0.0018990 secs] 51912K->51706K(1048512K), 0.0020430 secs] [Times: user=0.00 sys=0.00, real=0.00 secs] 
4.238: [GC4.238: [DefNew: 448K->63K(448K), 0.0011280 secs] 52090K->51988K(1048512K), 0.0011890 secs] [Times: user=0.00 sys=0.00, real=0.00 secs] 
4.249: [GC4.249: [DefNew: 447K->64K(448K), 0.0010620 secs] 52372K->52088K(1048512K), 0.0012220 secs] [Times: user=0.01 sys=0.00, real=0.00 secs] 
4.260: [GC4.260: [DefNew: 447K->63K(448K), 0.0005070 secs] 52472K->52169K(1048512K), 0.0005460 secs] [Times: user=0.00 sys=0.00, real=0.00 secs] 
4.270: [GC4.270: [DefNew: 447K->64K(448K), 0.0005040 secs] 52553K->52246K(1048512K), 0.0005690 secs] [Times: user=0.00 sys=0.00, real=0.00 secs] 
4.279: [GC4.279: [DefNew: 448K->63K(448K), 0.0004510 secs] 52630K->52314K(1048512K), 0.0004980 secs] [Times: user=0.00 sys=0.00, real=0.00 secs] 
4.288: [GC4.288: [DefNew: 447K->64K(448K), 0.0004570 secs] 52698K->52396K(1048512K), 0.0004910 secs] [Times: user=0.00 sys=0.00, real=0.00 secs] 
4.298: [GC4.298: [DefNew: 447K->63K(448K), 0.0005180 secs] 52780K->52496K(1048512K), 0.0005500 secs] [Times: user=0.00 sys=0.00, real=0.00 secs] 
4.308: [GC4.308: [DefNew: 447K->63K(448K), 0.0004720 secs] 52880K->52566K(1048512K), 0.0005290 secs] [Times: user=0.00 sys=0.00, real=0.00 secs] 
4.319: [GC4.319: [DefNew: 447K->63K(448K), 0.0004820 secs] 52950K->52647K(1048512K), 0.0005280 secs] [Times: user=0.00 sys=0.00, real=0.00 secs] 
4.329: [GC4.329: [DefNew: 447K->63K(448K), 0.0004780 secs] 53031K->52737K(1048512K), 0.0005110 secs] [Times: user=0.00 sys=0.00, real=0.00 secs] 
4.340: [GC4.340: [DefNew: 447K->63K(448K), 0.0006310 secs] 53121K->52824K(1048512K), 0.0009280 secs] [Times: user=0.00 sys=0.00, real=0.00 secs] 
4.351: [GC4.351: [DefNew: 447K->63K(448K), 0.0010560 secs] 53208K->52912K(1048512K), 0.0011170 secs] [Times: user=0.00 sys=0.00, real=0.00 secs] 
4.371: [GC4.371: [DefNew: 447K->64K(448K), 0.0008030 secs] 53296K->53035K(1048512K), 0.0008650 secs] [Times: user=0.00 sys=0.00, real=0.00 secs] 
4.381: [GC4.381: [DefNew: 448K->63K(448K), 0.0014250 secs] 53419K->53184K(1048512K), 0.0015400 secs] [Times: user=0.00 sys=0.00, real=0.00 secs] 
4.391: [GC4.391: [DefNew: 447K->64K(448K), 0.0022680 secs] 53568K->53375K(1048512K), 0.0025240 secs] [Times: user=0.00 sys=0.00, real=0.00 secs] 
4.403: [GC4.403: [DefNew: 448K->63K(448K), 0.0012740 secs] 53759K->53623K(1048512K), 0.0013980 secs] [Times: user=0.00 sys=0.00, real=0.00 secs] 
4.416: [GC4.416: [DefNew: 447K->63K(448K), 0.0025220 secs] 54007K->53894K(1048512K), 0.0026730 secs] [Times: user=0.01 sys=0.00, real=0.01 secs] 
4.429: [GC4.429: [DefNew: 447K->63K(448K), 0.0023940 secs] 54278K->54116K(1048512K), 0.0025380 secs] [Times: user=0.00 sys=0.00, real=0.00 secs] 
4.440: [GC4.440: [DefNew: 447K->63K(448K), 0.0009810 secs] 54500K->54252K(1048512K), 0.0010550 secs] [Times: user=0.00 sys=0.00, real=0.00 secs] 
4.450: [GC4.450: [DefNew: 447K->63K(448K), 0.0020930 secs] 54636K->54523K(1048512K), 0.0022500 secs] [Times: user=0.00 sys=0.00, real=0.00 secs] 
4.462: [GC4.462: [DefNew: 447K->63K(448K), 0.0015330 secs] 54907K->54687K(1048512K), 0.0016320 secs] [Times: user=0.01 sys=0.00, real=0.00 secs] 
4.474: [GC4.474: [DefNew: 447K->64K(448K), 0.0005990 secs] 55071K->54789K(1048512K), 0.0006320 secs] [Times: user=0.00 sys=0.00, real=0.00 secs] 
4.484: [GC4.484: [DefNew: 447K->64K(448K), 0.0005450 secs] 55173K->54885K(1048512K), 0.0005760 secs] [Times: user=0.00 sys=0.00, real=0.00 secs] 
4.495: [GC4.495: [DefNew: 448K->63K(448K), 0.0004750 secs] 55269K->54962K(1048512K), 0.0005090 secs] [Times: user=0.00 sys=0.00, real=0.00 secs] 
4.506: [GC4.506: [DefNew: 447K->64K(448K), 0.0004960 secs] 55346K->55047K(1048512K), 0.0005360 secs] [Times: user=0.00 sys=0.00, real=0.00 secs] 
4.516: [GC4.516: [DefNew: 447K->64K(448K), 0.0005750 secs] 55431K->55142K(1048512K), 0.0006070 secs] [Times: user=0.00 sys=0.00, real=0.00 secs] 
4.525: [GC4.525: [DefNew: 447K->64K(448K), 0.0005320 secs] 55526K->55220K(1048512K), 0.0005660 secs] [Times: user=0.00 sys=0.00, real=0.00 secs] 
4.536: [GC4.536: [DefNew: 448K->64K(448K), 0.0005180 secs] 55604K->55321K(1048512K), 0.0005500 secs] [Times: user=0.00 sys=0.00, real=0.01 secs] 
4.546: [GC4.546: [DefNew: 447K->64K(448K), 0.0004910 secs] 55705K->55393K(1048512K), 0.0005320 secs] [Times: user=0.00 sys=0.00, real=0.00 secs] 
4.558: [GC4.558: [DefNew: 447K->63K(448K), 0.0005460 secs] 55777K->55486K(1048512K), 0.0006080 secs] [Times: user=0.00 sys=0.00, real=0.00 secs] 
4.568: [GC4.568: [DefNew: 447K->63K(448K), 0.0005720 secs] 55870K->55568K(1048512K), 0.0006230 secs] [Times: user=0.00 sys=0.00, real=0.00 secs] 
4.577: [GC4.577: [DefNew: 447K->63K(448K), 0.0004860 secs] 55952K->55657K(1048512K), 0.0005340 secs] [Times: user=0.01 sys=0.00, real=0.00 secs] 
4.587: [GC4.587: [DefNew: 447K->63K(448K), 0.0005400 secs] 56041K->55760K(1048512K), 0.0005710 secs] [Times: user=0.00 sys=0.00, real=0.00 secs] 
4.597: [GC4.597: [DefNew: 447K->63K(448K), 0.0005390 secs] 56144K->55850K(1048512K), 0.0005700 secs] [Times: user=0.00 sys=0.00, real=0.00 secs] 
4.607: [GC4.607: [DefNew: 447K->64K(448K), 0.0005630 secs] 56234K->55925K(1048512K), 0.0006110 secs] [Times: user=0.00 sys=0.00, real=0.00 secs] 
4.617: [GC4.617: [DefNew: 447K->63K(448K), 0.0004840 secs] 56308K->56011K(1048512K), 0.0005150 secs] [Times: user=0.00 sys=0.00, real=0.00 secs] 
4.626: [GC4.626: [DefNew: 447K->63K(448K), 0.0004790 secs] 56395K->56091K(1048512K), 0.0005110 secs] [Times: user=0.00 sys=0.00, real=0.01 secs] 
4.636: [GC4.637: [DefNew: 447K->63K(448K), 0.0004650 secs] 56475K->56167K(1048512K), 0.0005180 secs] [Times: user=0.00 sys=0.00, real=0.00 secs] 
4.647: [GC4.647: [DefNew: 447K->64K(448K), 0.0008320 secs] 56551K->56262K(1048512K), 0.0008790 secs] [Times: user=0.00 sys=0.00, real=0.00 secs] 
4.658: [GC4.658: [DefNew: 448K->63K(448K), 0.0018360 secs] 56646K->56453K(1048512K), 0.0020290 secs] [Times: user=0.00 sys=0.01, real=0.00 secs] 
4.669: [GC4.669: [DefNew: 447K->63K(448K), 0.0011220 secs] 56837K->56681K(1048512K), 0.0012000 secs] [Times: user=0.01 sys=0.00, real=0.00 secs] 
4.681: [GC4.681: [DefNew: 447K->63K(448K), 0.0017130 secs] 57065K->56894K(1048512K), 0.0017650 secs] [Times: user=0.00 sys=0.00, real=0.00 secs] 
4.691: [GC4.691: [DefNew: 447K->64K(448K), 0.0006530 secs] 57278K->57009K(1048512K), 0.0006870 secs] [Times: user=0.00 sys=0.00, real=0.00 secs] 
4.701: [GC4.701: [DefNew: 448K->63K(448K), 0.0004940 secs] 57393K->57079K(1048512K), 0.0005250 secs] [Times: user=0.00 sys=0.00, real=0.00 secs] 
4.712: [GC4.712: [DefNew: 447K->63K(448K), 0.0008510 secs] 57463K->57209K(1048512K), 0.0008960 secs] [Times: user=0.00 sys=0.00, real=0.00 secs] 
4.724: [GC4.724: [DefNew: 447K->64K(448K), 0.0010020 secs] 57593K->57335K(1048512K), 0.0010510 secs] [Times: user=0.00 sys=0.00, real=0.00 secs] 
4.739: [GC4.739: [DefNew: 448K->63K(448K), 0.0050000 secs] 58743K->58500K(1048512K), 0.0050550 secs] [Times: user=0.00 sys=0.00, real=0.00 secs] 
4.754: [GC4.754: [DefNew: 447K->64K(448K), 0.0005900 secs] 58884K->58578K(1048512K), 0.0006260 secs] [Times: user=0.00 sys=0.00, real=0.00 secs] 
4.765: [GC4.765: [DefNew: 447K->63K(448K), 0.0004960 secs] 58962K->58669K(1048512K), 0.0005280 secs] [Times: user=0.00 sys=0.00, real=0.00 secs] 
4.776: [GC4.776: [DefNew: 447K->63K(448K), 0.0004770 secs] 59053K->58753K(1048512K), 0.0005100 secs] [Times: user=0.01 sys=0.00, real=0.01 secs] 
4.786: [GC4.786: [DefNew: 447K->63K(448K), 0.0004320 secs] 59137K->58819K(1048512K), 0.0004630 secs] [Times: user=0.00 sys=0.00, real=0.00 secs] 
4.795: [GC4.795: [DefNew: 447K->63K(448K), 0.0004630 secs] 59203K->58905K(1048512K), 0.0005040 secs] [Times: user=0.00 sys=0.00, real=0.00 secs] 
4.806: [GC4.806: [DefNew: 447K->63K(448K), 0.0004830 secs] 59288K->58990K(1048512K), 0.0005220 secs] [Times: user=0.00 sys=0.00, real=0.01 secs] 
4.817: [GC4.817: [DefNew: 447K->63K(448K), 0.0004900 secs] 59374K->59060K(1048512K), 0.0005230 secs] [Times: user=0.00 sys=0.00, real=0.00 secs] 
4.826: [GC4.826: [DefNew: 447K->64K(448K), 0.0004850 secs] 59444K->59152K(1048512K), 0.0005280 secs] [Times: user=0.00 sys=0.00, real=0.01 secs] 
4.837: [GC4.837: [DefNew: 448K->64K(448K), 0.0004670 secs] 59536K->59218K(1048512K), 0.0005010 secs] [Times: user=0.00 sys=0.00, real=0.00 secs] 
4.847: [GC4.847: [DefNew: 448K->63K(448K), 0.0004750 secs] 59602K->59295K(1048512K), 0.0005100 secs] [Times: user=0.00 sys=0.00, real=0.00 secs] 
4.857: [GC4.857: [DefNew: 447K->63K(448K), 0.0007010 secs] 59679K->59394K(1048512K), 0.0007530 secs] [Times: user=0.00 sys=0.00, real=0.00 secs] 
4.868: [GC4.868: [DefNew: 447K->63K(448K), 0.0005420 secs] 59778K->59487K(1048512K), 0.0005750 secs] [Times: user=0.00 sys=0.00, real=0.00 secs] 
4.878: [GC4.878: [DefNew: 447K->64K(448K), 0.0005180 secs] 59871K->59568K(1048512K), 0.0005640 secs] [Times: user=0.00 sys=0.00, real=0.00 secs] 
4.887: [GC4.887: [DefNew: 448K->63K(448K), 0.0005980 secs] 59952K->59670K(1048512K), 0.0006510 secs] [Times: user=0.00 sys=0.00, real=0.00 secs] 
4.896: [GC4.896: [DefNew: 447K->63K(448K), 0.0007690 secs] 60054K->59801K(1048512K), 0.0008240 secs] [Times: user=0.00 sys=0.00, real=0.01 secs] 
4.905: [GC4.905: [DefNew: 447K->63K(448K), 0.0006700 secs] 60185K->59885K(1048512K), 0.0007220 secs] [Times: user=0.00 sys=0.00, real=0.00 secs] 
4.915: [GC4.915: [DefNew: 447K->63K(448K), 0.0006570 secs] 60269K->59977K(1048512K), 0.0007090 secs] [Times: user=0.00 sys=0.00, real=0.00 secs] 
4.924: [GC4.924: [DefNew: 447K->64K(448K), 0.0005720 secs] 60361K->60071K(1048512K), 0.0006220 secs] [Times: user=0.00 sys=0.00, real=0.00 secs] 
4.933: [GC4.933: [DefNew: 447K->63K(448K), 0.0006430 secs] 60454K->60167K(1048512K), 0.0007080 secs] [Times: user=0.00 sys=0.00, real=0.00 secs] 
4.942: [GC4.942: [DefNew: 447K->63K(448K), 0.0006590 secs] 60551K->60251K(1048512K), 0.0007310 secs] [Times: user=0.00 sys=0.00, real=0.00 secs] 
4.952: [GC4.952: [DefNew: 447K->63K(448K), 0.0004950 secs] 60635K->60323K(1048512K), 0.0005380 secs] [Times: user=0.00 sys=0.00, real=0.00 secs] 
4.961: [GC4.961: [DefNew: 447K->63K(448K), 0.0022390 secs] 60707K->60440K(1048512K), 0.0023670 secs] [Times: user=0.00 sys=0.00, real=0.00 secs] 
4.973: [GC4.973: [DefNew: 447K->63K(448K), 0.0010230 secs] 60824K->60645K(1048512K), 0.0010870 secs] [Times: user=0.01 sys=0.00, real=0.00 secs] 
4.983: [GC4.983: [DefNew: 447K->64K(448K), 0.0008180 secs] 61029K->60835K(1048512K), 0.0008750 secs] [Times: user=0.00 sys=0.00, real=0.00 secs] 
4.993: [GC4.993: [DefNew: 448K->64K(448K), 0.0012460 secs] 61219K->60945K(1048512K), 0.0012990 secs] [Times: user=0.00 sys=0.00, real=0.00 secs] 
5.003: [GC5.003: [DefNew: 448K->63K(448K), 0.0005980 secs] 61329K->61039K(1048512K), 0.0006420 secs] [Times: user=0.00 sys=0.00, real=0.00 secs] 
5.013: [GC5.013: [DefNew: 447K->64K(448K), 0.0006410 secs] 61423K->61165K(1048512K), 0.0007040 secs] [Times: user=0.00 sys=0.00, real=0.00 secs] 
5.023: [GC5.023: [DefNew: 448K->63K(448K), 0.0005350 secs] 61549K->61246K(1048512K), 0.0005650 secs] [Times: user=0.00 sys=0.00, real=0.00 secs] 
5.033: [GC5.033: [DefNew: 447K->64K(448K), 0.0004700 secs] 61630K->61330K(1048512K), 0.0005030 secs] [Times: user=0.00 sys=0.00, real=0.00 secs] 
5.043: [GC5.043: [DefNew: 448K->63K(448K), 0.0005450 secs] 61714K->61404K(1048512K), 0.0005890 secs] [Times: user=0.00 sys=0.00, real=0.00 secs] 
5.053: [GC5.053: [DefNew: 447K->64K(448K), 0.0004550 secs] 61788K->61478K(1048512K), 0.0004910 secs] [Times: user=0.00 sys=0.00, real=0.00 secs] 
5.062: [GC5.062: [DefNew: 448K->64K(448K), 0.0005010 secs] 61862K->61567K(1048512K), 0.0005320 secs] [Times: user=0.00 sys=0.00, real=0.00 secs] 
5.073: [GC5.073: [DefNew: 448K->63K(448K), 0.0005270 secs] 61951K->61646K(1048512K), 0.0005600 secs] [Times: user=0.01 sys=0.00, real=0.00 secs] 
5.083: [GC5.083: [DefNew: 447K->63K(448K), 0.0005200 secs] 62030K->61737K(1048512K), 0.0005510 secs] [Times: user=0.00 sys=0.00, real=0.00 secs] 
5.093: [GC5.093: [DefNew: 447K->63K(448K), 0.0005010 secs] 62121K->61813K(1048512K), 0.0005370 secs] [Times: user=0.00 sys=0.00, real=0.00 secs] 
5.103: [GC5.103: [DefNew: 447K->63K(448K), 0.0005000 secs] 62197K->61900K(1048512K), 0.0005320 secs] [Times: user=0.00 sys=0.00, real=0.00 secs] 
5.113: [GC5.113: [DefNew: 447K->63K(448K), 0.0004640 secs] 62284K->61964K(1048512K), 0.0004980 secs] [Times: user=0.00 sys=0.00, real=0.00 secs] 
5.124: [GC5.124: [DefNew: 447K->63K(448K), 0.0005040 secs] 62348K->62052K(1048512K), 0.0005440 secs] [Times: user=0.00 sys=0.00, real=0.00 secs] 
5.135: [GC5.135: [DefNew: 447K->63K(448K), 0.0009350 secs] 62436K->62149K(1048512K), 0.0010000 secs] [Times: user=0.00 sys=0.00, real=0.00 secs] 
5.146: [GC5.146: [DefNew: 447K->63K(448K), 0.0008780 secs] 62533K->62260K(1048512K), 0.0009270 secs] [Times: user=0.00 sys=0.00, real=0.01 secs] 
5.157: [GC5.157: [DefNew: 447K->63K(448K), 0.0009650 secs] 62644K->62392K(1048512K), 0.0010270 secs] [Times: user=0.00 sys=0.00, real=0.00 secs] 
5.167: [GC5.167: [DefNew: 447K->63K(448K), 0.0010310 secs] 62776K->62506K(1048512K), 0.0010980 secs] [Times: user=0.01 sys=0.00, real=0.00 secs] 
5.178: [GC5.178: [DefNew: 447K->63K(448K), 0.0018730 secs] 62890K->62771K(1048512K), 0.0019980 secs] [Times: user=0.00 sys=0.00, real=0.00 secs] 
5.190: [GC5.190: [DefNew: 447K->63K(448K), 0.0018950 secs] 63155K->62963K(1048512K), 0.0019980 secs] [Times: user=0.00 sys=0.00, real=0.00 secs] 
5.206: [GC5.206: [DefNew: 447K->63K(448K), 0.0010490 secs] 63347K->63157K(1048512K), 0.0011100 secs] [Times: user=0.00 sys=0.00, real=0.00 secs] 
5.219: [GC5.219: [DefNew: 447K->63K(448K), 0.0012800 secs] 63541K->63330K(1048512K), 0.0014210 secs] [Times: user=0.00 sys=0.00, real=0.00 secs] 
5.229: [GC5.229: [DefNew: 447K->64K(448K), 0.0012540 secs] 63714K->63480K(1048512K), 0.0013690 secs] [Times: user=0.00 sys=0.00, real=0.00 secs] 
5.241: [GC5.241: [DefNew: 448K->63K(448K), 0.0010770 secs] 63864K->63673K(1048512K), 0.0011510 secs] [Times: user=0.00 sys=0.00, real=0.00 secs] 
5.251: [GC5.251: [DefNew: 447K->63K(448K), 0.0050420 secs] 64057K->63857K(1048512K), 0.0052910 secs] [Times: user=0.00 sys=0.01, real=0.01 secs] 
5.268: [GC5.268: [DefNew: 447K->63K(448K), 0.0052770 secs] 64241K->64081K(1048512K), 0.0054570 secs] [Times: user=0.01 sys=0.00, real=0.00 secs] 
5.283: [GC5.283: [DefNew: 447K->63K(448K), 0.0007000 secs] 64465K->64238K(1048512K), 0.0007380 secs] [Times: user=0.00 sys=0.00, real=0.00 secs] 
5.294: [GC5.294: [DefNew: 447K->63K(448K), 0.0005790 secs] 64622K->64339K(1048512K), 0.0006170 secs] [Times: user=0.00 sys=0.00, real=0.00 secs] 
5.302: [GC5.302: [DefNew: 447K->63K(448K), 0.0005860 secs] 64723K->64413K(1048512K), 0.0006250 secs] [Times: user=0.00 sys=0.00, real=0.00 secs] 
5.312: [GC5.312: [DefNew: 447K->64K(448K), 0.0004390 secs] 64797K->64486K(1048512K), 0.0004760 secs] [Times: user=0.00 sys=0.00, real=0.00 secs] 
5.322: [GC5.322: [DefNew: 447K->63K(448K), 0.0004930 secs] 64869K->64556K(1048512K), 0.0005340 secs] [Times: user=0.00 sys=0.00, real=0.00 secs] 
5.332: [GC5.332: [DefNew: 447K->64K(448K), 0.0004530 secs] 64940K->64646K(1048512K), 0.0004860 secs] [Times: user=0.00 sys=0.00, real=0.00 secs] 
5.343: [GC5.343: [DefNew: 448K->63K(448K), 0.0009090 secs] 65030K->64759K(1048512K), 0.0009570 secs] [Times: user=0.00 sys=0.00, real=0.00 secs] 
5.354: [GC5.354: [DefNew: 447K->64K(448K), 0.0010270 secs] 65143K->64892K(1048512K), 0.0010770 secs] [Times: user=0.00 sys=0.00, real=0.00 secs] 
5.366: [GC5.366: [DefNew: 447K->64K(448K), 0.0010460 secs] 65276K->65020K(1048512K), 0.0010920 secs] [Times: user=0.01 sys=0.00, real=0.01 secs] 
5.376: [GC5.376: [DefNew: 448K->63K(448K), 0.0009820 secs] 65404K->65133K(1048512K), 0.0010300 secs] [Times: user=0.00 sys=0.00, real=0.01 secs] 
5.387: [GC5.387: [DefNew: 447K->63K(448K), 0.0009950 secs] 65517K->65267K(1048512K), 0.0010430 secs] [Times: user=0.00 sys=0.00, real=0.00 secs] 
5.398: [GC5.398: [DefNew: 447K->63K(448K), 0.0009770 secs] 65651K->65377K(1048512K), 0.0010260 secs] [Times: user=0.00 sys=0.00, real=0.00 secs] 
5.410: [GC5.410: [DefNew: 447K->63K(448K), 0.0010470 secs] 65761K->65521K(1048512K), 0.0010970 secs] [Times: user=0.00 sys=0.00, real=0.00 secs] 
5.421: [GC5.421: [DefNew: 447K->64K(448K), 0.0010020 secs] 65905K->65642K(1048512K), 0.0010610 secs] [Times: user=0.00 sys=0.00, real=0.00 secs] 
5.433: [GC5.433: [DefNew: 448K->63K(448K), 0.0010640 secs] 66026K->65776K(1048512K), 0.0011100 secs] [Times: user=0.00 sys=0.00, real=0.00 secs] 
5.444: [GC5.444: [DefNew: 447K->64K(448K), 0.0009590 secs] 66160K->65892K(1048512K), 0.0010170 secs] [Times: user=0.01 sys=0.00, real=0.00 secs] 
5.455: [GC5.455: [DefNew: 447K->64K(448K), 0.0010530 secs] 66276K->66032K(1048512K), 0.0011020 secs] [Times: user=0.00 sys=0.00, real=0.00 secs] 
5.465: [GC5.465: [DefNew: 448K->63K(448K), 0.0015620 secs] 66416K->66154K(1048512K), 0.0016340 secs] [Times: user=0.00 sys=0.00, real=0.01 secs] 
5.477: [GC5.477: [DefNew: 447K->63K(448K), 0.0016470 secs] 66538K->66377K(1048512K), 0.0017310 secs] [Times: user=0.00 sys=0.00, real=0.00 secs] 
5.488: [GC5.488: [DefNew: 447K->64K(448K), 0.0008030 secs] 66761K->66482K(1048512K), 0.0008550 secs] [Times: user=0.00 sys=0.00, real=0.00 secs] 
5.499: [GC5.499: [DefNew: 447K->63K(448K), 0.0005730 secs] 66866K->66601K(1048512K), 0.0006180 secs] [Times: user=0.00 sys=0.00, real=0.00 secs] 
5.510: [GC5.510: [DefNew: 447K->64K(448K), 0.0005490 secs] 66985K->66686K(1048512K), 0.0005890 secs] [Times: user=0.01 sys=0.00, real=0.00 secs] 
5.520: [GC5.520: [DefNew: 448K->63K(448K), 0.0004660 secs] 67070K->66760K(1048512K), 0.0005010 secs] [Times: user=0.00 sys=0.00, real=0.00 secs] 
5.530: [GC5.530: [DefNew: 447K->63K(448K), 0.0004780 secs] 67144K->66842K(1048512K), 0.0005210 secs] [Times: user=0.00 sys=0.00, real=0.00 secs] 
5.541: [GC5.541: [DefNew: 447K->63K(448K), 0.0010230 secs] 67226K->66972K(1048512K), 0.0010990 secs] [Times: user=0.00 sys=0.01, real=0.00 secs] 
5.552: [GC5.552: [DefNew: 447K->64K(448K), 0.0010170 secs] 67356K->67098K(1048512K), 0.0010760 secs] [Times: user=0.00 sys=0.00, real=0.00 secs] 
5.563: [GC5.563: [DefNew: 447K->63K(448K), 0.0006610 secs] 67482K->67231K(1048512K), 0.0007060 secs] [Times: user=0.00 sys=0.00, real=0.00 secs] 
5.572: [GC5.573: [DefNew: 447K->63K(448K), 0.0008130 secs] 67615K->67314K(1048512K), 0.0008630 secs] [Times: user=0.00 sys=0.00, real=0.00 secs] 
5.584: [GC5.584: [DefNew: 447K->64K(448K), 0.0008700 secs] 67698K->67422K(1048512K), 0.0009170 secs] [Times: user=0.00 sys=0.00, real=0.00 secs] 
5.595: [GC5.595: [DefNew: 448K->63K(448K), 0.0009480 secs] 67806K->67540K(1048512K), 0.0009960 secs] [Times: user=0.00 sys=0.00, real=0.00 secs] 
5.605: [GC5.605: [DefNew: 447K->63K(448K), 0.0008990 secs] 67924K->67656K(1048512K), 0.0009500 secs] [Times: user=0.00 sys=0.00, real=0.00 secs] 
5.616: [GC5.616: [DefNew: 447K->64K(448K), 0.0010450 secs] 68040K->67797K(1048512K), 0.0010950 secs] [Times: user=0.00 sys=0.00, real=0.01 secs] 
5.628: [GC5.628: [DefNew: 448K->63K(448K), 0.0011890 secs] 68181K->67931K(1048512K), 0.0012470 secs] [Times: user=0.00 sys=0.00, real=0.00 secs] 
5.639: [GC5.639: [DefNew: 447K->64K(448K), 0.0012070 secs] 68315K->68069K(1048512K), 0.0012680 secs] [Times: user=0.00 sys=0.00, real=0.00 secs] 
5.651: [GC5.651: [DefNew: 448K->63K(448K), 0.0011530 secs] 68453K->68183K(1048512K), 0.0012490 secs] [Times: user=0.00 sys=0.00, real=0.00 secs] 
5.663: [GC5.663: [DefNew: 447K->63K(448K), 0.0010090 secs] 68567K->68316K(1048512K), 0.0010570 secs] [Times: user=0.00 sys=0.00, real=0.00 secs] 
5.674: [GC5.674: [DefNew: 447K->64K(448K), 0.0018300 secs] 68700K->68438K(1048512K), 0.0020090 secs] [Times: user=0.00 sys=0.00, real=0.00 secs] 
5.685: [GC5.685: [DefNew: 447K->64K(448K), 0.0008680 secs] 68821K->68641K(1048512K), 0.0009260 secs] [Times: user=0.00 sys=0.00, real=0.00 secs] 
5.695: [GC5.695: [DefNew: 447K->63K(448K), 0.0007380 secs] 69025K->68760K(1048512K), 0.0007890 secs] [Times: user=0.00 sys=0.00, real=0.00 secs] 
5.706: [GC5.706: [DefNew: 447K->63K(448K), 0.0009410 secs] 69144K->68859K(1048512K), 0.0009910 secs] [Times: user=0.00 sys=0.00, real=0.01 secs] 
5.717: [GC5.717: [DefNew: 447K->64K(448K), 0.0009620 secs] 69243K->68980K(1048512K), 0.0010180 secs] [Times: user=0.00 sys=0.00, real=0.00 secs] 
5.728: [GC5.728: [DefNew: 448K->64K(448K), 0.0009820 secs] 69364K->69117K(1048512K), 0.0010310 secs] [Times: user=0.00 sys=0.00, real=0.00 secs] 
5.740: [GC5.740: [DefNew: 447K->63K(448K), 0.0010280 secs] 69500K->69236K(1048512K), 0.0010950 secs] [Times: user=0.01 sys=0.00, real=0.00 secs] 
5.751: [GC5.751: [DefNew: 447K->64K(448K), 0.0011460 secs] 69620K->69371K(1048512K), 0.0012000 secs] [Times: user=0.00 sys=0.00, real=0.00 secs] 
5.763: [GC5.763: [DefNew: 448K->63K(448K), 0.0009360 secs] 69755K->69481K(1048512K), 0.0009850 secs] [Times: user=0.00 sys=0.00, real=0.00 secs] 
5.772: [GC5.772: [DefNew: 447K->63K(448K), 0.0010510 secs] 69865K->69618K(1048512K), 0.0010990 secs] [Times: user=0.00 sys=0.00, real=0.00 secs] 
5.784: [GC5.784: [DefNew: 447K->63K(448K), 0.0009970 secs] 70002K->69749K(1048512K), 0.0010430 secs] [Times: user=0.00 sys=0.00, real=0.00 secs] 
5.795: [GC5.795: [DefNew: 447K->63K(448K), 0.0010330 secs] 70133K->69876K(1048512K), 0.0010820 secs] [Times: user=0.00 sys=0.00, real=0.00 secs] 
5.807: [GC5.807: [DefNew: 447K->64K(448K), 0.0011390 secs] 70260K->70014K(1048512K), 0.0011940 secs] [Times: user=0.00 sys=0.00, real=0.00 secs] 
5.818: [GC5.818: [DefNew: 447K->63K(448K), 0.0009570 secs] 70398K->70127K(1048512K), 0.0010050 secs] [Times: user=0.00 sys=0.00, real=0.00 secs] 
5.830: [GC5.830: [DefNew: 447K->64K(448K), 0.0010620 secs] 70511K->70247K(1048512K), 0.0011230 secs] [Times: user=0.00 sys=0.00, real=0.00 secs] 
5.841: [GC5.841: [DefNew: 448K->64K(448K), 0.0009500 secs] 70631K->70375K(1048512K), 0.0009970 secs] [Times: user=0.00 sys=0.00, real=0.00 secs] 
5.852: [GC5.852: [DefNew: 448K->63K(448K), 0.0009790 secs] 70759K->70493K(1048512K), 0.0010260 secs] [Times: user=0.00 sys=0.00, real=0.00 secs] 
5.862: [GC5.862: [DefNew: 447K->63K(448K), 0.0010020 secs] 70877K->70603K(1048512K), 0.0010500 secs] [Times: user=0.00 sys=0.00, real=0.00 secs] 
5.873: [GC5.873: [DefNew: 447K->63K(448K), 0.0007220 secs] 70987K->70749K(1048512K), 0.0007780 secs] [Times: user=0.00 sys=0.00, real=0.00 secs] 
5.883: [GC5.883: [DefNew: 447K->63K(448K), 0.0007680 secs] 71133K->70838K(1048512K), 0.0008250 secs] [Times: user=0.00 sys=0.00, real=0.00 secs] 
5.893: [GC5.893: [DefNew: 447K->63K(448K), 0.0006720 secs] 71222K->70932K(1048512K), 0.0007270 secs] [Times: user=0.01 sys=0.00, real=0.00 secs] 
5.903: [GC5.903: [DefNew: 447K->63K(448K), 0.0006600 secs] 71316K->71021K(1048512K), 0.0007150 secs] [Times: user=0.00 sys=0.00, real=0.00 secs] 
5.914: [GC5.914: [DefNew: 447K->64K(448K), 0.0007270 secs] 71405K->71135K(1048512K), 0.0007810 secs] [Times: user=0.00 sys=0.00, real=0.00 secs] 
5.924: [GC5.924: [DefNew: 448K->63K(448K), 0.0004500 secs] 71519K->71206K(1048512K), 0.0004830 secs] [Times: user=0.00 sys=0.00, real=0.00 secs] 
5.934: [GC5.934: [DefNew: 447K->63K(448K), 0.0004630 secs] 71590K->71284K(1048512K), 0.0004980 secs] [Times: user=0.00 sys=0.00, real=0.00 secs] 
5.944: [GC5.944: [DefNew: 447K->63K(448K), 0.0004970 secs] 71668K->71368K(1048512K), 0.0005270 secs] [Times: user=0.00 sys=0.00, real=0.00 secs] 
5.954: [GC5.954: [DefNew: 447K->63K(448K), 0.0004830 secs] 71752K->71438K(1048512K), 0.0005140 secs] [Times: user=0.00 sys=0.00, real=0.00 secs] 
5.965: [GC5.965: [DefNew: 447K->63K(448K), 0.0007830 secs] 71822K->71544K(1048512K), 0.0008320 secs] [Times: user=0.00 sys=0.00, real=0.00 secs] 
5.976: [GC5.976: [DefNew: 447K->63K(448K), 0.0007550 secs] 71928K->71670K(1048512K), 0.0008060 secs] [Times: user=0.00 sys=0.00, real=0.01 secs] 
5.986: [GC5.986: [DefNew: 447K->63K(448K), 0.0008060 secs] 72053K->71853K(1048512K), 0.0008430 secs] [Times: user=0.00 sys=0.00, real=0.01 secs] 
5.997: [GC5.997: [DefNew: 447K->63K(448K), 0.0006990 secs] 72237K->72009K(1048512K), 0.0007300 secs] [Times: user=0.00 sys=0.00, real=0.00 secs] 
6.007: [GC6.007: [DefNew: 447K->63K(448K), 0.0006080 secs] 72393K->72094K(1048512K), 0.0006480 secs] [Times: user=0.00 sys=0.00, real=0.00 secs] 
6.017: [GC6.017: [DefNew: 447K->64K(448K), 0.0005070 secs] 72478K->72168K(1048512K), 0.0005390 secs] [Times: user=0.00 sys=0.00, real=0.00 secs] 
6.028: [GC6.028: [DefNew: 448K->63K(448K), 0.0004730 secs] 72552K->72242K(1048512K), 0.0005050 secs] [Times: user=0.00 sys=0.00, real=0.00 secs] 
6.039: [GC6.039: [DefNew: 447K->63K(448K), 0.0004630 secs] 72626K->72317K(1048512K), 0.0004950 secs] [Times: user=0.00 sys=0.00, real=0.00 secs] 
6.048: [GC6.048: [DefNew: 447K->63K(448K), 0.0008950 secs] 72701K->72437K(1048512K), 0.0009510 secs] [Times: user=0.00 sys=0.00, real=0.00 secs] 
6.059: [GC6.059: [DefNew: 447K->64K(448K), 0.0009170 secs] 72821K->72549K(1048512K), 0.0009710 secs] [Times: user=0.00 sys=0.00, real=0.00 secs] 
6.070: [GC6.070: [DefNew: 448K->63K(448K), 0.0010260 secs] 72933K->72690K(1048512K), 0.0010850 secs] [Times: user=0.00 sys=0.00, real=0.00 secs] 
6.081: [GC6.081: [DefNew: 447K->63K(448K), 0.0009960 secs] 73074K->72810K(1048512K), 0.0010440 secs] [Times: user=0.01 sys=0.00, real=0.00 secs] 
6.093: [GC6.093: [DefNew: 447K->63K(448K), 0.0010820 secs] 73194K->72948K(1048512K), 0.0011320 secs] [Times: user=0.00 sys=0.00, real=0.00 secs] 
6.104: [GC6.104: [DefNew: 447K->63K(448K), 0.0010140 secs] 73332K->73061K(1048512K), 0.0010610 secs] [Times: user=0.00 sys=0.00, real=0.00 secs] 
6.116: [GC6.116: [DefNew: 447K->63K(448K), 0.0010070 secs] 73445K->73187K(1048512K), 0.0010550 secs] [Times: user=0.00 sys=0.00, real=0.01 secs] 
6.127: [GC6.127: [DefNew: 447K->63K(448K), 0.0010100 secs] 73571K->73295K(1048512K), 0.0010590 secs] [Times: user=0.00 sys=0.00, real=0.00 secs] 
6.137: [GC6.137: [DefNew: 447K->64K(448K), 0.0010640 secs] 73679K->73428K(1048512K), 0.0011100 secs] [Times: user=0.00 sys=0.00, real=0.00 secs] 
6.148: [GC6.148: [DefNew: 448K->64K(448K), 0.0010220 secs] 73812K->73536K(1048512K), 0.0010710 secs] [Times: user=0.00 sys=0.01, real=0.00 secs] 
6.160: [GC6.160: [DefNew: 448K->63K(448K), 0.0010060 secs] 73920K->73670K(1048512K), 0.0010570 secs] [Times: user=0.01 sys=0.00, real=0.00 secs] 
6.171: [GC6.171: [DefNew: 447K->63K(448K), 0.0009610 secs] 74054K->73773K(1048512K), 0.0010110 secs] [Times: user=0.00 sys=0.00, real=0.00 secs] 
6.183: [GC6.183: [DefNew: 447K->64K(448K), 0.0017170 secs] 74157K->73906K(1048512K), 0.0017820 secs] [Times: user=0.00 sys=0.00, real=0.00 secs] 
6.194: [GC6.194: [DefNew: 448K->63K(448K), 0.0019870 secs] 74290K->74144K(1048512K), 0.0020940 secs] [Times: user=0.00 sys=0.00, real=0.01 secs] 
6.206: [GC6.206: [DefNew: 447K->64K(448K), 0.0023290 secs] 74528K->74342K(1048512K), 0.0025240 secs] [Times: user=0.01 sys=0.00, real=0.01 secs] 
6.219: [GC6.219: [DefNew: 448K->64K(448K), 0.0037570 secs] 74726K->74507K(1048512K), 0.0039260 secs] [Times: user=0.00 sys=0.00, real=0.00 secs] 
6.236: [GC6.236: [DefNew: 448K->63K(448K), 0.0018770 secs] 74891K->74675K(1048512K), 0.0020400 secs] [Times: user=0.00 sys=0.00, real=0.01 secs] 
6.247: [GC6.247: [DefNew: 447K->63K(448K), 0.0015250 secs] 75059K->74880K(1048512K), 0.0016800 secs] [Times: user=0.00 sys=0.00, real=0.00 secs] 
6.258: [GC6.258: [DefNew: 447K->63K(448K), 0.0020730 secs] 75264K->75091K(1048512K), 0.0021880 secs] [Times: user=0.01 sys=0.00, real=0.00 secs] 
6.275: [GC6.275: [DefNew: 447K->63K(448K), 0.0018800 secs] 75475K->75303K(1048512K), 0.0019410 secs] [Times: user=0.00 sys=0.00, real=0.01 secs] 
6.286: [GC6.286: [DefNew: 447K->63K(448K), 0.0007330 secs] 75687K->75437K(1048512K), 0.0007720 secs] [Times: user=0.00 sys=0.00, real=0.00 secs] 
6.297: [GC6.297: [DefNew: 447K->64K(448K), 0.0006390 secs] 75821K->75585K(1048512K), 0.0006750 secs] [Times: user=0.00 sys=0.00, real=0.00 secs] 
6.306: [GC6.306: [DefNew: 447K->64K(448K), 0.0006270 secs] 75969K->75685K(1048512K), 0.0006830 secs] [Times: user=0.00 sys=0.00, real=0.00 secs] 
6.316: [GC6.316: [DefNew: 448K->63K(448K), 0.0005800 secs] 76069K->75763K(1048512K), 0.0006180 secs] [Times: user=0.00 sys=0.00, real=0.00 secs] 
6.326: [GC6.326: [DefNew: 447K->63K(448K), 0.0004720 secs] 76147K->75844K(1048512K), 0.0005080 secs] [Times: user=0.00 sys=0.00, real=0.01 secs] 
6.334: [GC6.334: [DefNew: 447K->63K(448K), 0.0004460 secs] 76228K->75909K(1048512K), 0.0004760 secs] [Times: user=0.01 sys=0.00, real=0.00 secs] 
6.344: [GC6.344: [DefNew: 447K->63K(448K), 0.0005310 secs] 76293K->75983K(1048512K), 0.0005790 secs] [Times: user=0.00 sys=0.00, real=0.00 secs] 
6.354: [GC6.354: [DefNew: 447K->64K(448K), 0.0004620 secs] 76367K->76054K(1048512K), 0.0005000 secs] [Times: user=0.00 sys=0.00, real=0.00 secs] 
6.363: [GC6.363: [DefNew: 448K->63K(448K), 0.0005150 secs] 76438K->76141K(1048512K), 0.0005470 secs] [Times: user=0.00 sys=0.00, real=0.00 secs] 
6.373: [GC6.373: [DefNew: 447K->63K(448K), 0.0005090 secs] 76525K->76229K(1048512K), 0.0005430 secs] [Times: user=0.00 sys=0.00, real=0.00 secs] 
6.383: [GC6.383: [DefNew: 447K->63K(448K), 0.0005070 secs] 76613K->76316K(1048512K), 0.0005400 secs] [Times: user=0.00 sys=0.00, real=0.00 secs] 
6.393: [GC6.393: [DefNew: 447K->63K(448K), 0.0015350 secs] 76700K->76393K(1048512K), 0.0017660 secs] [Times: user=0.00 sys=0.00, real=0.00 secs] 
6.404: [GC6.404: [DefNew: 447K->63K(448K), 0.0010410 secs] 76777K->76619K(1048512K), 0.0011160 secs] [Times: user=0.00 sys=0.00, real=0.00 secs] 
6.415: [GC6.415: [DefNew: 447K->63K(448K), 0.0006790 secs] 77003K->76717K(1048512K), 0.0007210 secs] [Times: user=0.00 sys=0.00, real=0.00 secs] 
6.423: [GC6.424: [DefNew: 447K->63K(448K), 0.0005270 secs] 77101K->76791K(1048512K), 0.0005650 secs] [Times: user=0.00 sys=0.00, real=0.00 secs] 
6.433: [GC6.433: [DefNew: 447K->63K(448K), 0.0004570 secs] 77175K->76855K(1048512K), 0.0004900 secs] [Times: user=0.01 sys=0.00, real=0.00 secs] 
6.443: [GC6.443: [DefNew: 447K->63K(448K), 0.0004160 secs] 77239K->76925K(1048512K), 0.0004500 secs] [Times: user=0.00 sys=0.00, real=0.00 secs] 
6.452: [GC6.452: [DefNew: 447K->59K(448K), 0.0004150 secs] 77309K->76985K(1048512K), 0.0004480 secs] [Times: user=0.00 sys=0.00, real=0.00 secs] 
6.462: [GC6.462: [DefNew: 443K->64K(448K), 0.0004050 secs] 77368K->77063K(1048512K), 0.0004350 secs] [Times: user=0.00 sys=0.00, real=0.00 secs] 
6.471: [GC6.471: [DefNew: 448K->63K(448K), 0.0005310 secs] 77447K->77151K(1048512K), 0.0005700 secs] [Times: user=0.00 sys=0.00, real=0.00 secs] 
6.481: [GC6.481: [DefNew: 447K->63K(448K), 0.0004800 secs] 77534K->77220K(1048512K), 0.0005130 secs] [Times: user=0.00 sys=0.00, real=0.00 secs] 
6.490: [GC6.491: [DefNew: 447K->64K(448K), 0.0004640 secs] 77604K->77305K(1048512K), 0.0005040 secs] [Times: user=0.00 sys=0.00, real=0.00 secs] 
6.500: [GC6.500: [DefNew: 448K->63K(448K), 0.0004770 secs] 77689K->77379K(1048512K), 0.0005120 secs] [Times: user=0.00 sys=0.00, real=0.00 secs] 
6.510: [GC6.510: [DefNew: 447K->63K(448K), 0.0004690 secs] 77763K->77449K(1048512K), 0.0005080 secs] [Times: user=0.00 sys=0.00, real=0.00 secs] 
6.518: [GC6.518: [DefNew: 447K->64K(448K), 0.0004110 secs] 77833K->77522K(1048512K), 0.0004390 secs] [Times: user=0.00 sys=0.00, real=0.00 secs] 
6.528: [GC6.528: [DefNew: 448K->63K(448K), 0.0004860 secs] 77906K->77611K(1048512K), 0.0005200 secs] [Times: user=0.00 sys=0.00, real=0.00 secs] 
6.537: [GC6.537: [DefNew: 447K->63K(448K), 0.0004540 secs] 77995K->77681K(1048512K), 0.0004860 secs] [Times: user=0.00 sys=0.00, real=0.00 secs] 
6.547: [GC6.547: [DefNew: 447K->60K(448K), 0.0005340 secs] 78065K->77742K(1048512K), 0.0005710 secs] [Times: user=0.00 sys=0.00, real=0.00 secs] 
6.556: [GC6.556: [DefNew: 444K->63K(448K), 0.0004770 secs] 78126K->77826K(1048512K), 0.0005100 secs] [Times: user=0.00 sys=0.00, real=0.00 secs] 
6.566: [GC6.566: [DefNew: 447K->59K(448K), 0.0004650 secs] 78210K->77886K(1048512K), 0.0005000 secs] [Times: user=0.00 sys=0.00, real=0.01 secs] 
6.576: [GC6.576: [DefNew: 443K->63K(448K), 0.0004410 secs] 78270K->77976K(1048512K), 0.0004750 secs] [Times: user=0.00 sys=0.00, real=0.01 secs] 
6.586: [GC6.586: [DefNew: 447K->64K(448K), 0.0004770 secs] 78360K->78068K(1048512K), 0.0005120 secs] [Times: user=0.00 sys=0.00, real=0.00 secs] 
6.595: [GC6.595: [DefNew: 447K->63K(448K), 0.0005780 secs] 78452K->78146K(1048512K), 0.0006220 secs] [Times: user=0.00 sys=0.00, real=0.00 secs] 
6.605: [GC6.605: [DefNew: 447K->61K(448K), 0.0004060 secs] 78530K->78207K(1048512K), 0.0004390 secs] [Times: user=0.00 sys=0.00, real=0.00 secs] 
6.615: [GC6.615: [DefNew: 445K->63K(448K), 0.0003980 secs] 78591K->78273K(1048512K), 0.0004310 secs] [Times: user=0.00 sys=0.00, real=0.00 secs] 
6.623: [GC6.623: [DefNew: 447K->64K(448K), 0.0004450 secs] 78657K->78362K(1048512K), 0.0004810 secs] [Times: user=0.00 sys=0.00, real=0.00 secs] 
6.632: [GC6.632: [DefNew: 448K->63K(448K), 0.0004840 secs] 78746K->78437K(1048512K), 0.0005180 secs] [Times: user=0.00 sys=0.00, real=0.00 secs] 
6.642: [GC6.642: [DefNew: 447K->63K(448K), 0.0004740 secs] 78821K->78506K(1048512K), 0.0005120 secs] [Times: user=0.00 sys=0.00, real=0.00 secs] 
6.653: [GC6.653: [DefNew: 447K->63K(448K), 0.0004850 secs] 78890K->78581K(1048512K), 0.0005160 secs] [Times: user=0.00 sys=0.00, real=0.00 secs] 
6.663: [GC6.663: [DefNew: 447K->63K(448K), 0.0004950 secs] 78965K->78656K(1048512K), 0.0005260 secs] [Times: user=0.00 sys=0.00, real=0.00 secs] 
6.673: [GC6.673: [DefNew: 447K->63K(448K), 0.0004740 secs] 79039K->78737K(1048512K), 0.0005080 secs] [Times: user=0.00 sys=0.00, real=0.00 secs] 
6.684: [GC6.684: [DefNew: 447K->63K(448K), 0.0004940 secs] 79120K->78812K(1048512K), 0.0005250 secs] [Times: user=0.00 sys=0.00, real=0.00 secs] 
6.695: [GC6.695: [DefNew: 447K->63K(448K), 0.0009470 secs] 79196K->78920K(1048512K), 0.0010160 secs] [Times: user=0.01 sys=0.00, real=0.00 secs] 
6.706: [GC6.706: [DefNew: 447K->64K(448K), 0.0012400 secs] 79304K->79137K(1048512K), 0.0013120 secs] [Times: user=0.00 sys=0.00, real=0.01 secs] 
6.716: [GC6.716: [DefNew: 447K->63K(448K), 0.0007850 secs] 79521K->79270K(1048512K), 0.0008160 secs] [Times: user=0.00 sys=0.00, real=0.01 secs] 
6.726: [GC6.726: [DefNew: 447K->63K(448K), 0.0011270 secs] 79654K->79396K(1048512K), 0.0011800 secs] [Times: user=0.00 sys=0.00, real=0.00 secs] 
6.738: [GC6.738: [DefNew: 447K->63K(448K), 0.0010610 secs] 79779K->79526K(1048512K), 0.0011200 secs] [Times: user=0.00 sys=0.00, real=0.00 secs] 
6.750: [GC6.750: [DefNew: 447K->64K(448K), 0.0011130 secs] 79910K->79667K(1048512K), 0.0011660 secs] [Times: user=0.00 sys=0.00, real=0.00 secs] 
6.761: [GC6.761: [DefNew: 448K->63K(448K), 0.0011050 secs] 80051K->79806K(1048512K), 0.0011550 secs] [Times: user=0.01 sys=0.00, real=0.00 secs] 
6.772: [GC6.772: [DefNew: 447K->64K(448K), 0.0011110 secs] 80190K->79932K(1048512K), 0.0011600 secs] [Times: user=0.00 sys=0.00, real=0.00 secs] 
6.783: [GC6.783: [DefNew: 448K->63K(448K), 0.0010680 secs] 80316K->80068K(1048512K), 0.0011170 secs] [Times: user=0.00 sys=0.00, real=0.00 secs] 
6.794: [GC6.794: [DefNew: 447K->63K(448K), 0.0010880 secs] 80452K->80191K(1048512K), 0.0011370 secs] [Times: user=0.00 sys=0.00, real=0.00 secs] 
6.806: [GC6.806: [DefNew: 447K->63K(448K), 0.0011310 secs] 80575K->80329K(1048512K), 0.0011800 secs] [Times: user=0.00 sys=0.00, real=0.01 secs] 
6.817: [GC6.817: [DefNew: 447K->64K(448K), 0.0011380 secs] 80712K->80463K(1048512K), 0.0011870 secs] [Times: user=0.00 sys=0.00, real=0.00 secs] 
6.829: [GC6.829: [DefNew: 447K->64K(448K), 0.0011050 secs] 80847K->80597K(1048512K), 0.0011540 secs] [Times: user=0.00 sys=0.00, real=0.00 secs] 
6.841: [GC6.841: [DefNew: 447K->63K(448K), 0.0012810 secs] 80981K->80760K(1048512K), 0.0013370 secs] [Times: user=0.00 sys=0.00, real=0.00 secs] 
6.852: [GC6.852: [DefNew: 447K->64K(448K), 0.0011010 secs] 81144K->80888K(1048512K), 0.0011600 secs] [Times: user=0.00 sys=0.00, real=0.00 secs] 
6.862: [GC6.862: [DefNew: 448K->63K(448K), 0.0010770 secs] 81272K->81015K(1048512K), 0.0011260 secs] [Times: user=0.00 sys=0.00, real=0.00 secs] 
6.874: [GC6.874: [DefNew: 447K->63K(448K), 0.0011200 secs] 81399K->81158K(1048512K), 0.0011700 secs] [Times: user=0.00 sys=0.00, real=0.00 secs] 
6.885: [GC6.885: [DefNew: 447K->63K(448K), 0.0011590 secs] 81542K->81294K(1048512K), 0.0012070 secs] [Times: user=0.00 sys=0.00, real=0.01 secs] 
6.897: [GC6.897: [DefNew: 447K->64K(448K), 0.0011370 secs] 81678K->81424K(1048512K), 0.0011870 secs] [Times: user=0.00 sys=0.00, real=0.00 secs] 
6.908: [GC6.908: [DefNew: 448K->64K(448K), 0.0018310 secs] 81808K->81598K(1048512K), 0.0019760 secs] [Times: user=0.00 sys=0.00, real=0.00 secs] 
6.919: [GC6.919: [DefNew: 447K->63K(448K), 0.0007030 secs] 81982K->81708K(1048512K), 0.0007350 secs] [Times: user=0.00 sys=0.00, real=0.00 secs] 
6.929: [GC6.929: [DefNew: 447K->63K(448K), 0.0005770 secs] 82092K->81821K(1048512K), 0.0006150 secs] [Times: user=0.00 sys=0.00, real=0.00 secs] 
6.940: [GC6.940: [DefNew: 447K->63K(448K), 0.0005490 secs] 82205K->81905K(1048512K), 0.0005840 secs] [Times: user=0.00 sys=0.00, real=0.00 secs] 
6.950: [GC6.950: [DefNew: 447K->63K(448K), 0.0007970 secs] 82289K->81984K(1048512K), 0.0008400 secs] [Times: user=0.00 sys=0.00, real=0.00 secs] 
6.961: [GC6.961: [DefNew: 447K->63K(448K), 0.0010070 secs] 82368K->82077K(1048512K), 0.0010620 secs] [Times: user=0.00 sys=0.00, real=0.00 secs] 
6.972: [GC6.972: [DefNew: 447K->63K(448K), 0.0009850 secs] 82461K->82202K(1048512K), 0.0010750 secs] [Times: user=0.00 sys=0.00, real=0.00 secs] 
6.983: [GC6.984: [DefNew: 447K->63K(448K), 0.0011190 secs] 82586K->82339K(1048512K), 0.0011670 secs] [Times: user=0.00 sys=0.00, real=0.00 secs] 
6.995: [GC6.995: [DefNew: 447K->64K(448K), 0.0010980 secs] 82723K->82469K(1048512K), 0.0011550 secs] [Times: user=0.00 sys=0.00, real=0.00 secs] 
7.005: [GC7.005: [DefNew: 448K->63K(448K), 0.0011740 secs] 82853K->82614K(1048512K), 0.0012380 secs] [Times: user=0.00 sys=0.00, real=0.00 secs] 
7.017: [GC7.017: [DefNew: 447K->63K(448K), 0.0011300 secs] 82998K->82750K(1048512K), 0.0011780 secs] [Times: user=0.00 sys=0.00, real=0.00 secs] 
7.028: [GC7.028: [DefNew: 447K->63K(448K), 0.0012930 secs] 83134K->82877K(1048512K), 0.0013590 secs] [Times: user=0.00 sys=0.00, real=0.00 secs] 
7.040: [GC7.040: [DefNew: 447K->63K(448K), 0.0010710 secs] 83261K->83011K(1048512K), 0.0011270 secs] [Times: user=0.00 sys=0.00, real=0.00 secs] 
7.051: [GC7.051: [DefNew: 447K->63K(448K), 0.0010360 secs] 83395K->83145K(1048512K), 0.0010850 secs] [Times: user=0.01 sys=0.00, real=0.00 secs] 
7.062: [GC7.063: [DefNew: 447K->63K(448K), 0.0011000 secs] 83528K->83265K(1048512K), 0.0011490 secs] [Times: user=0.00 sys=0.00, real=0.00 secs] 
7.072: [GC7.072: [DefNew: 447K->64K(448K), 0.0010010 secs] 83649K->83393K(1048512K), 0.0010500 secs] [Times: user=0.00 sys=0.00, real=0.00 secs] 
7.083: [GC7.083: [DefNew: 448K->63K(448K), 0.0010930 secs] 83777K->83514K(1048512K), 0.0011420 secs] [Times: user=0.00 sys=0.00, real=0.00 secs] 
7.095: [GC7.095: [DefNew: 447K->64K(448K), 0.0011200 secs] 83898K->83654K(1048512K), 0.0011670 secs] [Times: user=0.00 sys=0.00, real=0.00 secs] 
7.106: [GC7.106: [DefNew: 448K->64K(448K), 0.0011410 secs] 84038K->83786K(1048512K), 0.0011880 secs] [Times: user=0.00 sys=0.00, real=0.01 secs] 
7.117: [GC7.117: [DefNew: 448K->63K(448K), 0.0018920 secs] 84170K->83928K(1048512K), 0.0021300 secs] [Times: user=0.01 sys=0.00, real=0.00 secs] 
7.129: [GC7.129: [DefNew: 447K->63K(448K), 0.0010920 secs] 84312K->84096K(1048512K), 0.0011360 secs] [Times: user=0.00 sys=0.00, real=0.00 secs] 
7.139: [GC7.139: [DefNew: 447K->63K(448K), 0.0010300 secs] 84480K->84193K(1048512K), 0.0010760 secs] [Times: user=0.00 sys=0.00, real=0.00 secs] 
7.149: [GC7.149: [DefNew: 447K->63K(448K), 0.0009930 secs] 84577K->84328K(1048512K), 0.0010430 secs] [Times: user=0.00 sys=0.00, real=0.00 secs] 
7.161: [GC7.161: [DefNew: 447K->64K(448K), 0.0012300 secs] 84711K->84474K(1048512K), 0.0012800 secs] [Times: user=0.00 sys=0.00, real=0.00 secs] 
7.172: [GC7.172: [DefNew: 448K->64K(448K), 0.0011590 secs] 84858K->84614K(1048512K), 0.0012210 secs] [Times: user=0.00 sys=0.00, real=0.00 secs] 
7.184: [GC7.184: [DefNew: 448K->63K(448K), 0.0010570 secs] 84998K->84741K(1048512K), 0.0011060 secs] [Times: user=0.01 sys=0.00, real=0.00 secs] 
7.195: [GC7.195: [DefNew: 447K->63K(448K), 0.0015690 secs] 85125K->84890K(1048512K), 0.0016500 secs] [Times: user=0.00 sys=0.00, real=0.01 secs] 
7.211: [GC7.211: [DefNew: 447K->63K(448K), 0.0008620 secs] 85274K->85005K(1048512K), 0.0009270 secs] [Times: user=0.00 sys=0.00, real=0.00 secs] 
7.221: [GC7.221: [DefNew: 447K->64K(448K), 0.0009270 secs] 85389K->85186K(1048512K), 0.0009910 secs] [Times: user=0.00 sys=0.00, real=0.00 secs] 
7.232: [GC7.232: [DefNew: 448K->64K(448K), 0.0015030 secs] 85570K->85353K(1048512K), 0.0015990 secs] [Times: user=0.00 sys=0.00, real=0.00 secs] 
7.243: [GC7.243: [DefNew: 448K->63K(448K), 0.0030960 secs] 85737K->85581K(1048512K), 0.0032700 secs] [Times: user=0.01 sys=0.00, real=0.00 secs] 
7.258: [GC7.258: [DefNew: 447K->64K(448K), 0.0024240 secs] 85965K->85834K(1048512K), 0.0025330 secs] [Times: user=0.00 sys=0.00, real=0.00 secs] 
7.268: [GC7.268: [DefNew: 447K->64K(448K), 0.0011510 secs] 86218K->86013K(1048512K), 0.0012120 secs] [Times: user=0.00 sys=0.00, real=0.00 secs] 
7.279: [GC7.279: [DefNew: 448K->63K(448K), 0.0010480 secs] 86397K->86176K(1048512K), 0.0011150 secs] [Times: user=0.00 sys=0.00, real=0.00 secs] 
7.289: [GC7.289: [DefNew: 447K->64K(448K), 0.0006090 secs] 86560K->86265K(1048512K), 0.0006400 secs] [Times: user=0.00 sys=0.00, real=0.00 secs] 
7.300: [GC7.300: [DefNew: 447K->63K(448K), 0.0004870 secs] 86648K->86337K(1048512K), 0.0005180 secs] [Times: user=0.01 sys=0.00, real=0.00 secs] 
7.310: [GC7.310: [DefNew: 447K->63K(448K), 0.0005240 secs] 86720K->86423K(1048512K), 0.0005600 secs] [Times: user=0.00 sys=0.00, real=0.00 secs] 
7.321: [GC7.321: [DefNew: 447K->63K(448K), 0.0005620 secs] 86807K->86502K(1048512K), 0.0006170 secs] [Times: user=0.00 sys=0.00, real=0.00 secs] 
7.331: [GC7.331: [DefNew: 447K->64K(448K), 0.0004820 secs] 86886K->86577K(1048512K), 0.0005140 secs] [Times: user=0.00 sys=0.00, real=0.00 secs] 
7.342: [GC7.342: [DefNew: 448K->64K(448K), 0.0004940 secs] 86961K->86658K(1048512K), 0.0005290 secs] [Times: user=0.00 sys=0.00, real=0.00 secs] 
7.352: [GC7.352: [DefNew: 448K->64K(448K), 0.0004740 secs] 87042K->86735K(1048512K), 0.0005150 secs] [Times: user=0.00 sys=0.00, real=0.00 secs] 
7.361: [GC7.361: [DefNew: 447K->63K(448K), 0.0005090 secs] 87118K->86817K(1048512K), 0.0005510 secs] [Times: user=0.00 sys=0.00, real=0.00 secs] 
7.372: [GC7.372: [DefNew: 447K->63K(448K), 0.0004720 secs] 87201K->86890K(1048512K), 0.0005040 secs] [Times: user=0.00 sys=0.00, real=0.00 secs] 
7.383: [GC7.383: [DefNew: 447K->63K(448K), 0.0009630 secs] 87274K->87012K(1048512K), 0.0010100 secs] [Times: user=0.00 sys=0.00, real=0.00 secs] 
7.394: [GC7.394: [DefNew: 447K->64K(448K), 0.0010240 secs] 87396K->87153K(1048512K), 0.0010720 secs] [Times: user=0.00 sys=0.00, real=0.00 secs] 
7.405: [GC7.405: [DefNew: 447K->63K(448K), 0.0011620 secs] 87537K->87290K(1048512K), 0.0012110 secs] [Times: user=0.01 sys=0.00, real=0.01 secs] 
7.416: [GC7.416: [DefNew: 447K->63K(448K), 0.0011170 secs] 87674K->87416K(1048512K), 0.0011760 secs] [Times: user=0.00 sys=0.00, real=0.00 secs] 
7.426: [GC7.426: [DefNew: 447K->63K(448K), 0.0017070 secs] 87800K->87637K(1048512K), 0.0017920 secs] [Times: user=0.00 sys=0.00, real=0.01 secs] 
7.438: [GC7.438: [DefNew: 447K->63K(448K), 0.0009770 secs] 88021K->87721K(1048512K), 0.0010520 secs] [Times: user=0.00 sys=0.00, real=0.00 secs] 
7.449: [GC7.449: [DefNew: 447K->64K(448K), 0.0005360 secs] 88105K->87823K(1048512K), 0.0005700 secs] [Times: user=0.00 sys=0.00, real=0.00 secs] 
7.460: [GC7.460: [DefNew: 448K->63K(448K), 0.0010960 secs] 88207K->87964K(1048512K), 0.0011490 secs] [Times: user=0.00 sys=0.00, real=0.00 secs] 
7.471: [GC7.471: [DefNew: 447K->64K(448K), 0.0011570 secs] 88348K->88114K(1048512K), 0.0012180 secs] [Times: user=0.01 sys=0.00, real=0.00 secs] 
7.483: [GC7.483: [DefNew: 448K->63K(448K), 0.0011720 secs] 88498K->88249K(1048512K), 0.0012180 secs] [Times: user=0.00 sys=0.00, real=0.00 secs] 
7.495: [GC7.495: [DefNew: 447K->63K(448K), 0.0011880 secs] 88633K->88392K(1048512K), 0.0012350 secs] [Times: user=0.00 sys=0.00, real=0.00 secs] 
7.505: [GC7.505: [DefNew: 447K->63K(448K), 0.0012290 secs] 88776K->88520K(1048512K), 0.0012830 secs] [Times: user=0.00 sys=0.00, real=0.00 secs] 
7.516: [GC7.516: [DefNew: 447K->64K(448K), 0.0012630 secs] 88904K->88670K(1048512K), 0.0013180 secs] [Times: user=0.00 sys=0.00, real=0.01 secs] 
7.528: [GC7.528: [DefNew: 447K->64K(448K), 0.0011250 secs] 89054K->88813K(1048512K), 0.0011710 secs] [Times: user=0.00 sys=0.00, real=0.00 secs] 
7.539: [GC7.539: [DefNew: 448K->64K(448K), 0.0010790 secs] 89197K->88945K(1048512K), 0.0011300 secs] [Times: user=0.01 sys=0.00, real=0.00 secs] 
7.551: [GC7.551: [DefNew: 448K->64K(448K), 0.0010670 secs] 89329K->89085K(1048512K), 0.0011150 secs] [Times: user=0.00 sys=0.00, real=0.00 secs] 
7.562: [GC7.563: [DefNew: 448K->64K(448K), 0.0010010 secs] 89469K->89206K(1048512K), 0.0010480 secs] [Times: user=0.00 sys=0.00, real=0.00 secs] 
7.572: [GC7.572: [DefNew: 448K->63K(448K), 0.0011280 secs] 89590K->89347K(1048512K), 0.0011750 secs] [Times: user=0.00 sys=0.00, real=0.00 secs] 
7.584: [GC7.584: [DefNew: 447K->64K(448K), 0.0011400 secs] 89731K->89482K(1048512K), 0.0011860 secs] [Times: user=0.00 sys=0.00, real=0.00 secs] 
7.596: [GC7.596: [DefNew: 448K->64K(448K), 0.0011500 secs] 89866K->89616K(1048512K), 0.0011990 secs] [Times: user=0.00 sys=0.00, real=0.01 secs] 
7.606: [GC7.607: [DefNew: 448K->63K(448K), 0.0010220 secs] 90000K->89744K(1048512K), 0.0010950 secs] [Times: user=0.01 sys=0.00, real=0.00 secs] 
7.617: [GC7.617: [DefNew: 447K->63K(448K), 0.0005990 secs] 90128K->89836K(1048512K), 0.0006400 secs] [Times: user=0.00 sys=0.00, real=0.00 secs] 
7.628: [GC7.628: [DefNew: 447K->63K(448K), 0.0017100 secs] 90220K->89989K(1048512K), 0.0018700 secs] [Times: user=0.00 sys=0.00, real=0.00 secs] 
7.639: [GC7.639: [DefNew: 447K->64K(448K), 0.0023490 secs] 90373K->90208K(1048512K), 0.0025270 secs] [Times: user=0.00 sys=0.00, real=0.00 secs] 
7.651: [GC7.651: [DefNew: 448K->63K(448K), 0.0015100 secs] 90592K->90386K(1048512K), 0.0016050 secs] [Times: user=0.00 sys=0.00, real=0.00 secs] 
7.662: [GC7.662: [DefNew: 447K->64K(448K), 0.0014190 secs] 90770K->90519K(1048512K), 0.0015690 secs] [Times: user=0.01 sys=0.00, real=0.00 secs] 
7.674: [GC7.674: [DefNew: 448K->64K(448K), 0.0012770 secs] 90903K->90634K(1048512K), 0.0013640 secs] [Times: user=0.00 sys=0.00, real=0.00 secs] 
7.685: [GC7.685: [DefNew: 448K->63K(448K), 0.0006790 secs] 91018K->90751K(1048512K), 0.0007130 secs] [Times: user=0.00 sys=0.00, real=0.00 secs] 
7.695: [GC7.695: [DefNew: 447K->63K(448K), 0.0011070 secs] 91135K->90862K(1048512K), 0.0011900 secs] [Times: user=0.00 sys=0.00, real=0.01 secs] 
7.705: [GC7.705: [DefNew: 447K->63K(448K), 0.0012270 secs] 91246K->90982K(1048512K), 0.0012910 secs] [Times: user=0.00 sys=0.00, real=0.01 secs] 
7.716: [GC7.716: [DefNew: 447K->63K(448K), 0.0007970 secs] 91366K->91166K(1048512K), 0.0008270 secs] [Times: user=0.00 sys=0.00, real=0.01 secs] 
7.727: [GC7.727: [DefNew: 447K->63K(448K), 0.0013670 secs] 91550K->91290K(1048512K), 0.0014690 secs] [Times: user=0.01 sys=0.00, real=0.00 secs] 
7.739: [GC7.739: [DefNew: 447K->64K(448K), 0.0006000 secs] 91674K->91399K(1048512K), 0.0006440 secs] [Times: user=0.00 sys=0.00, real=0.00 secs] 
7.749: [GC7.749: [DefNew: 447K->63K(448K), 0.0011780 secs] 91783K->91505K(1048512K), 0.0012800 secs] [Times: user=0.00 sys=0.00, real=0.00 secs] 
7.760: [GC7.760: [DefNew: 447K->64K(448K), 0.0008790 secs] 91889K->91600K(1048512K), 0.0009420 secs] [Times: user=0.00 sys=0.00, real=0.00 secs] 
7.770: [GC7.770: [DefNew: 448K->63K(448K), 0.0009510 secs] 91984K->91741K(1048512K), 0.0010790 secs] [Times: user=0.00 sys=0.00, real=0.00 secs] 
7.780: [GC7.780: [DefNew: 447K->64K(448K), 0.0010040 secs] 92125K->91891K(1048512K), 0.0010830 secs] [Times: user=0.00 sys=0.00, real=0.00 secs] 
7.791: [GC7.791: [DefNew: 448K->64K(448K), 0.0016980 secs] 92275K->92034K(1048512K), 0.0018250 secs] [Times: user=0.00 sys=0.00, real=0.00 secs] 
7.803: [GC7.803: [DefNew: 448K->64K(448K), 0.0007040 secs] 92418K->92155K(1048512K), 0.0007350 secs] [Times: user=0.00 sys=0.00, real=0.00 secs] 
7.813: [GC7.813: [DefNew: 447K->63K(448K), 0.0014420 secs] 92539K->92311K(1048512K), 0.0016720 secs] [Times: user=0.00 sys=0.00, real=0.00 secs] 
7.825: [GC7.825: [DefNew: 447K->63K(448K), 0.0011320 secs] 92695K->92409K(1048512K), 0.0012230 secs] [Times: user=0.00 sys=0.00, real=0.00 secs] 
7.835: [GC7.835: [DefNew: 447K->63K(448K), 0.0024070 secs] 92792K->92577K(1048512K), 0.0025650 secs] [Times: user=0.00 sys=0.00, real=0.01 secs] 
7.848: [GC7.848: [DefNew: 447K->63K(448K), 0.0012040 secs] 92961K->92723K(1048512K), 0.0012720 secs] [Times: user=0.00 sys=0.00, real=0.00 secs] 
7.857: [GC7.857: [DefNew: 447K->63K(448K), 0.0012190 secs] 93107K->92936K(1048512K), 0.0013070 secs] [Times: user=0.00 sys=0.00, real=0.00 secs] 
7.868: [GC7.869: [DefNew: 447K->63K(448K), 0.0011300 secs] 93319K->93039K(1048512K), 0.0012180 secs] [Times: user=0.00 sys=0.00, real=0.00 secs] 
7.879: [GC7.879: [DefNew: 447K->63K(448K), 0.0010640 secs] 93423K->93147K(1048512K), 0.0011610 secs] [Times: user=0.00 sys=0.00, real=0.00 secs] 
7.891: [GC7.891: [DefNew: 447K->63K(448K), 0.0013920 secs] 93531K->93265K(1048512K), 0.0015190 secs] [Times: user=0.00 sys=0.00, real=0.00 secs] 
7.902: [GC7.902: [DefNew: 447K->63K(448K), 0.0006700 secs] 93649K->93384K(1048512K), 0.0007050 secs] [Times: user=0.00 sys=0.00, real=0.00 secs] 
7.913: [GC7.913: [DefNew: 447K->63K(448K), 0.0012770 secs] 93768K->93528K(1048512K), 0.0013990 secs] [Times: user=0.00 sys=0.00, real=0.00 secs] 
7.924: [GC7.924: [DefNew: 447K->63K(448K), 0.0009900 secs] 93911K->93615K(1048512K), 0.0010710 secs] [Times: user=0.00 sys=0.00, real=0.00 secs] 
7.935: [GC7.935: [DefNew: 447K->63K(448K), 0.0006830 secs] 93999K->93744K(1048512K), 0.0007190 secs] [Times: user=0.00 sys=0.00, real=0.00 secs] 
7.944: [GC7.944: [DefNew: 447K->63K(448K), 0.0005840 secs] 94128K->93837K(1048512K), 0.0006170 secs] [Times: user=0.00 sys=0.00, real=0.00 secs] 
7.955: [GC7.955: [DefNew: 447K->63K(448K), 0.0010840 secs] 94221K->93961K(1048512K), 0.0011560 secs] [Times: user=0.00 sys=0.00, real=0.00 secs] 
7.966: [GC7.966: [DefNew: 447K->64K(448K), 0.0006510 secs] 94345K->94080K(1048512K), 0.0006920 secs] [Times: user=0.00 sys=0.00, real=0.01 secs] 
7.976: [GC7.976: [DefNew: 448K->63K(448K), 0.0012110 secs] 94464K->94197K(1048512K), 0.0013150 secs] [Times: user=0.00 sys=0.00, real=0.01 secs] 
7.987: [GC7.987: [DefNew: 447K->64K(448K), 0.0005700 secs] 94581K->94286K(1048512K), 0.0006000 secs] [Times: user=0.00 sys=0.00, real=0.00 secs] 
7.997: [GC7.997: [DefNew: 448K->63K(448K), 0.0009310 secs] 94670K->94416K(1048512K), 0.0010080 secs] [Times: user=0.01 sys=0.00, real=0.00 secs] 
8.008: [GC8.008: [DefNew: 447K->63K(448K), 0.0015950 secs] 94800K->94538K(1048512K), 0.0017590 secs] [Times: user=0.00 sys=0.00, real=0.00 secs] 
8.020: [GC8.020: [DefNew: 447K->63K(448K), 0.0012680 secs] 94922K->94689K(1048512K), 0.0013240 secs] [Times: user=0.00 sys=0.00, real=0.00 secs] 
8.030: [GC8.030: [DefNew: 447K->63K(448K), 0.0010480 secs] 95073K->94798K(1048512K), 0.0011190 secs] [Times: user=0.00 sys=0.00, real=0.00 secs] 
8.041: [GC8.042: [DefNew: 447K->63K(448K), 0.0023160 secs] 95182K->94929K(1048512K), 0.0024670 secs] [Times: user=0.00 sys=0.00, real=0.00 secs] 
8.055: [GC8.055: [DefNew: 447K->63K(448K), 0.0013140 secs] 95313K->95193K(1048512K), 0.0014030 secs] [Times: user=0.00 sys=0.00, real=0.00 secs] 
8.066: [GC8.066: [DefNew: 447K->64K(448K), 0.0009540 secs] 95577K->95389K(1048512K), 0.0009920 secs] [Times: user=0.00 sys=0.00, real=0.01 secs] 
8.076: [GC8.076: [DefNew: 448K->64K(448K), 0.0012830 secs] 95773K->95505K(1048512K), 0.0013780 secs] [Times: user=0.00 sys=0.00, real=0.01 secs] 
8.088: [GC8.088: [DefNew: 448K->63K(448K), 0.0006370 secs] 95889K->95598K(1048512K), 0.0006680 secs] [Times: user=0.00 sys=0.00, real=0.00 secs] 
8.097: [GC8.097: [DefNew: 447K->64K(448K), 0.0011520 secs] 95982K->95761K(1048512K), 0.0012300 secs] [Times: user=0.00 sys=0.00, real=0.00 secs] 
8.108: [GC8.108: [DefNew: 448K->63K(448K), 0.0010510 secs] 96145K->95870K(1048512K), 0.0012590 secs] [Times: user=0.00 sys=0.00, real=0.00 secs] 
8.119: [GC8.119: [DefNew: 447K->63K(448K), 0.0006430 secs] 96254K->95996K(1048512K), 0.0006800 secs] [Times: user=0.01 sys=0.00, real=0.00 secs] 
8.130: [GC8.130: [DefNew: 447K->64K(448K), 0.0011460 secs] 96380K->96139K(1048512K), 0.0012160 secs] [Times: user=0.00 sys=0.00, real=0.00 secs] 
8.140: [GC8.140: [DefNew: 447K->63K(448K), 0.0006730 secs] 96523K->96261K(1048512K), 0.0007130 secs] [Times: user=0.00 sys=0.01, real=0.00 secs] 
8.151: [GC8.151: [DefNew: 447K->63K(448K), 0.0008700 secs] 96645K->96354K(1048512K), 0.0009460 secs] [Times: user=0.00 sys=0.00, real=0.00 secs] 
8.161: [GC8.161: [DefNew: 447K->63K(448K), 0.0005690 secs] 96738K->96462K(1048512K), 0.0006040 secs] [Times: user=0.00 sys=0.00, real=0.00 secs] 
8.172: [GC8.172: [DefNew: 447K->64K(448K), 0.0013280 secs] 96846K->96547K(1048512K), 0.0014700 secs] [Times: user=0.00 sys=0.00, real=0.00 secs] 
8.182: [GC8.182: [DefNew: 448K->63K(448K), 0.0006290 secs] 96931K->96681K(1048512K), 0.0006610 secs] [Times: user=0.00 sys=0.00, real=0.00 secs] 
8.192: [GC8.192: [DefNew: 447K->63K(448K), 0.0011290 secs] 97065K->96777K(1048512K), 0.0012300 secs] [Times: user=0.01 sys=0.00, real=0.00 secs] 
8.202: [GC8.202: [DefNew: 447K->63K(448K), 0.0009630 secs] 97161K->96925K(1048512K), 0.0010360 secs] [Times: user=0.00 sys=0.00, real=0.00 secs] 
8.214: [GC8.214: [DefNew: 447K->63K(448K), 0.0023840 secs] 97309K->97103K(1048512K), 0.0025990 secs] [Times: user=0.00 sys=0.00, real=0.00 secs] 
8.225: [GC8.225: [DefNew: 447K->64K(448K), 0.0028270 secs] 97487K->97264K(1048512K), 0.0029560 secs] [Times: user=0.00 sys=0.00, real=0.01 secs] 
8.238: [GC8.238: [DefNew: 448K->63K(448K), 0.0021200 secs] 97648K->97438K(1048512K), 0.0022880 secs] [Times: user=0.01 sys=0.00, real=0.00 secs] 
8.249: [GC8.249: [DefNew: 447K->63K(448K), 0.0022080 secs] 97822K->97647K(1048512K), 0.0024020 secs] [Times: user=0.00 sys=0.00, real=0.00 secs] 
8.261: [GC8.262: [DefNew: 447K->63K(448K), 0.0013890 secs] 98031K->97885K(1048512K), 0.0014790 secs] [Times: user=0.00 sys=0.00, real=0.00 secs] 
8.273: [GC8.273: [DefNew: 447K->64K(448K), 0.0015910 secs] 98269K->97998K(1048512K), 0.0017090 secs] [Times: user=0.00 sys=0.00, real=0.00 secs] 
8.284: [GC8.284: [DefNew: 448K->63K(448K), 0.0006370 secs] 98382K->98131K(1048512K), 0.0006820 secs] [Times: user=0.00 sys=0.00, real=0.00 secs] 
8.294: [GC8.294: [DefNew: 447K->63K(448K), 0.0015610 secs] 98515K->98271K(1048512K), 0.0016920 secs] [Times: user=0.00 sys=0.00, real=0.00 secs] 
8.305: [GC8.305: [DefNew: 447K->64K(448K), 0.0007120 secs] 98655K->98384K(1048512K), 0.0007740 secs] [Times: user=0.00 sys=0.00, real=0.00 secs] 
8.316: [GC8.316: [DefNew: 448K->63K(448K), 0.0006390 secs] 98768K->98522K(1048512K), 0.0006730 secs] [Times: user=0.00 sys=0.00, real=0.00 secs] 
8.324: [GC8.324: [DefNew: 447K->63K(448K), 0.0005850 secs] 98906K->98590K(1048512K), 0.0006210 secs] [Times: user=0.00 sys=0.00, real=0.00 secs] 
8.334: [GC8.334: [DefNew: 447K->64K(448K), 0.0011050 secs] 98974K->98697K(1048512K), 0.0012080 secs] [Times: user=0.00 sys=0.00, real=0.00 secs] 
8.345: [GC8.345: [DefNew: 448K->63K(448K), 0.0010070 secs] 99081K->98850K(1048512K), 0.0010700 secs] [Times: user=0.00 sys=0.00, real=0.00 secs] 
8.355: [GC8.355: [DefNew: 447K->64K(448K), 0.0025950 secs] 99234K->99072K(1048512K), 0.0028040 secs] [Times: user=0.01 sys=0.01, real=0.01 secs] 
8.368: [GC8.368: [DefNew: 448K->63K(448K), 0.0014240 secs] 99456K->99221K(1048512K), 0.0015390 secs] [Times: user=0.00 sys=0.00, real=0.00 secs] 
8.379: [GC8.379: [DefNew: 447K->63K(448K), 0.0018610 secs] 99605K->99356K(1048512K), 0.0019620 secs] [Times: user=0.00 sys=0.00, real=0.00 secs] 
8.389: [GC8.389: [DefNew: 447K->63K(448K), 0.0014430 secs] 99740K->99466K(1048512K), 0.0015480 secs] [Times: user=0.00 sys=0.00, real=0.00 secs] 
8.400: [GC8.400: [DefNew: 447K->63K(448K), 0.0008950 secs] 99850K->99683K(1048512K), 0.0009430 secs] [Times: user=0.00 sys=0.00, real=0.00 secs] 
8.410: [GC8.410: [DefNew: 447K->63K(448K), 0.0012170 secs] 100067K->99827K(1048512K), 0.0012910 secs] [Times: user=0.01 sys=0.00, real=0.00 secs] 
8.421: [GC8.421: [DefNew: 447K->64K(448K), 0.0006180 secs] 100211K->99933K(1048512K), 0.0006530 secs] [Times: user=0.00 sys=0.00, real=0.00 secs] 
8.431: [GC8.431: [DefNew: 448K->64K(448K), 0.0008610 secs] 100317K->100021K(1048512K), 0.0009260 secs] [Times: user=0.00 sys=0.00, real=0.00 secs] 
8.441: [GC8.441: [DefNew: 448K->63K(448K), 0.0013190 secs] 100405K->100137K(1048512K), 0.0013860 secs] [Times: user=0.00 sys=0.00, real=0.00 secs] 
8.452: [GC8.452: [DefNew: 447K->63K(448K), 0.0006670 secs] 100521K->100256K(1048512K), 0.0007200 secs] [Times: user=0.00 sys=0.00, real=0.00 secs] 
8.460: [GC8.460: [DefNew: 447K->63K(448K), 0.0009500 secs] 100640K->100437K(1048512K), 0.0010460 secs] [Times: user=0.00 sys=0.00, real=0.00 secs] 
8.471: [GC8.471: [DefNew: 447K->64K(448K), 0.0006000 secs] 100821K->100522K(1048512K), 0.0006350 secs] [Times: user=0.00 sys=0.00, real=0.00 secs] 
8.481: [GC8.481: [DefNew: 448K->64K(448K), 0.0012180 secs] 100906K->100762K(1048512K), 0.0012890 secs] [Times: user=0.01 sys=0.00, real=0.00 secs] 
8.492: [GC8.492: [DefNew: 447K->63K(448K), 0.0011680 secs] 101146K->100857K(1048512K), 0.0012450 secs] [Times: user=0.00 sys=0.00, real=0.00 secs] 
8.502: [GC8.502: [DefNew: 447K->63K(448K), 0.0006650 secs] 101241K->101001K(1048512K), 0.0007050 secs] [Times: user=0.00 sys=0.00, real=0.00 secs] 
8.513: [GC8.513: [DefNew: 447K->63K(448K), 0.0011310 secs] 101385K->101093K(1048512K), 0.0014650 secs] [Times: user=0.00 sys=0.00, real=0.00 secs] 
8.524: [GC8.524: [DefNew: 447K->63K(448K), 0.0012170 secs] 101477K->101203K(1048512K), 0.0012980 secs] [Times: user=0.00 sys=0.00, real=0.00 secs] 
8.534: [GC8.534: [DefNew: 447K->63K(448K), 0.0014140 secs] 101587K->101311K(1048512K), 0.0015040 secs] [Times: user=0.00 sys=0.00, real=0.00 secs] 
8.544: [GC8.544: [DefNew: 447K->64K(448K), 0.0005380 secs] 101695K->101388K(1048512K), 0.0005720 secs] [Times: user=0.00 sys=0.00, real=0.00 secs] 
8.558: [GC8.558: [DefNew: 447K->64K(448K), 0.0043750 secs] 101772K->101644K(1048512K), 0.0045730 secs] [Times: user=0.00 sys=0.00, real=0.00 secs] 
8.572: [GC8.572: [DefNew: 448K->63K(448K), 0.0011930 secs] 102028K->101864K(1048512K), 0.0013040 secs] [Times: user=0.00 sys=0.00, real=0.00 secs] 
8.583: [GC8.583: [DefNew: 447K->64K(448K), 0.0010050 secs] 102248K->102103K(1048512K), 0.0010410 secs] [Times: user=0.00 sys=0.00, real=0.00 secs] 
8.592: [GC8.592: [DefNew: 448K->63K(448K), 0.0021610 secs] 102487K->102259K(1048512K), 0.0022990 secs] [Times: user=0.00 sys=0.00, real=0.00 secs] 
8.604: [GC8.604: [DefNew: 447K->63K(448K), 0.0006270 secs] 102643K->102384K(1048512K), 0.0006610 secs] [Times: user=0.01 sys=0.00, real=0.00 secs] 
8.614: [GC8.614: [DefNew: 447K->63K(448K), 0.0007500 secs] 102768K->102543K(1048512K), 0.0008230 secs] [Times: user=0.00 sys=0.00, real=0.00 secs] 
8.624: [GC8.624: [DefNew: 447K->63K(448K), 0.0006150 secs] 102927K->102625K(1048512K), 0.0006540 secs] [Times: user=0.00 sys=0.00, real=0.00 secs] 
8.634: [GC8.634: [DefNew: 447K->63K(448K), 0.0009010 secs] 103009K->102747K(1048512K), 0.0009870 secs] [Times: user=0.00 sys=0.00, real=0.00 secs] 
8.645: [GC8.645: [DefNew: 447K->64K(448K), 0.0006370 secs] 103131K->102873K(1048512K), 0.0006750 secs] [Times: user=0.00 sys=0.00, real=0.00 secs] 
8.655: [GC8.655: [DefNew: 448K->63K(448K), 0.0011570 secs] 103257K->103010K(1048512K), 0.0012120 secs] [Times: user=0.00 sys=0.00, real=0.00 secs] 
8.664: [GC8.664: [DefNew: 447K->63K(448K), 0.0013430 secs] 103394K->103186K(1048512K), 0.0014350 secs] [Times: user=0.00 sys=0.00, real=0.00 secs] 
8.675: [GC8.675: [DefNew: 447K->64K(448K), 0.0014660 secs] 103570K->103317K(1048512K), 0.0015740 secs] [Times: user=0.01 sys=0.00, real=0.01 secs] 
8.686: [GC8.686: [DefNew: 448K->64K(448K), 0.0006940 secs] 103701K->103456K(1048512K), 0.0007320 secs] [Times: user=0.00 sys=0.00, real=0.01 secs] 
8.697: [GC8.697: [DefNew: 448K->63K(448K), 0.0022810 secs] 103840K->103644K(1048512K), 0.0024640 secs] [Times: user=0.00 sys=0.00, real=0.00 secs] 
8.708: [GC8.708: [DefNew: 447K->63K(448K), 0.0011540 secs] 104028K->103738K(1048512K), 0.0012300 secs] [Times: user=0.00 sys=0.00, real=0.00 secs] 
8.719: [GC8.719: [DefNew: 447K->63K(448K), 0.0006720 secs] 104122K->103866K(1048512K), 0.0007240 secs] [Times: user=0.00 sys=0.00, real=0.00 secs] 
8.728: [GC8.728: [DefNew: 447K->63K(448K), 0.0005920 secs] 104250K->103950K(1048512K), 0.0006310 secs] [Times: user=0.00 sys=0.00, real=0.00 secs] 
8.738: [GC8.738: [DefNew: 447K->64K(448K), 0.0013740 secs] 104334K->104124K(1048512K), 0.0014380 secs] [Times: user=0.01 sys=0.00, real=0.00 secs] 
8.749: [GC8.749: [DefNew: 448K->63K(448K), 0.0008460 secs] 104508K->104297K(1048512K), 0.0008890 secs] [Times: user=0.00 sys=0.00, real=0.00 secs] 
8.761: [GC8.761: [DefNew: 447K->63K(448K), 0.0016270 secs] 104681K->104520K(1048512K), 0.0016990 secs] [Times: user=0.00 sys=0.00, real=0.00 secs] 
8.772: [GC8.772: [DefNew: 447K->63K(448K), 0.0015580 secs] 104904K->104697K(1048512K), 0.0016430 secs] [Times: user=0.00 sys=0.00, real=0.00 secs] 
8.781: [GC8.781: [DefNew: 447K->64K(448K), 0.0017890 secs] 105081K->104869K(1048512K), 0.0019440 secs] [Times: user=0.00 sys=0.00, real=0.00 secs] 
8.792: [GC8.792: [DefNew: 448K->64K(448K), 0.0020900 secs] 105253K->105038K(1048512K), 0.0021790 secs] [Times: user=0.01 sys=0.00, real=0.00 secs] 
8.804: [GC8.804: [DefNew: 447K->64K(448K), 0.0007780 secs] 105421K->105188K(1048512K), 0.0008200 secs] [Times: user=0.00 sys=0.00, real=0.00 secs] 
8.814: [GC8.814: [DefNew: 448K->63K(448K), 0.0012920 secs] 105572K->105355K(1048512K), 0.0013710 secs] [Times: user=0.00 sys=0.00, real=0.00 secs] 
8.825: [GC8.825: [DefNew: 447K->63K(448K), 0.0007020 secs] 105739K->105465K(1048512K), 0.0007420 secs] [Times: user=0.00 sys=0.00, real=0.00 secs] 
8.835: [GC8.835: [DefNew: 447K->63K(448K), 0.0006740 secs] 105849K->105600K(1048512K), 0.0007230 secs] [Times: user=0.00 sys=0.00, real=0.00 secs] 
8.844: [GC8.844: [DefNew: 447K->63K(448K), 0.0012930 secs] 105984K->105753K(1048512K), 0.0013820 secs] [Times: user=0.00 sys=0.00, real=0.00 secs] 
8.855: [GC8.855: [DefNew: 447K->63K(448K), 0.0017920 secs] 106137K->105908K(1048512K), 0.0019760 secs] [Times: user=0.01 sys=0.00, real=0.01 secs] 
8.867: [GC8.867: [DefNew: 447K->63K(448K), 0.0008110 secs] 106291K->106100K(1048512K), 0.0008510 secs] [Times: user=0.00 sys=0.00, real=0.00 secs] 
8.877: [GC8.877: [DefNew: 447K->63K(448K), 0.0026790 secs] 106484K->106271K(1048512K), 0.0028490 secs] [Times: user=0.00 sys=0.00, real=0.00 secs] 
8.889: [GC8.889: [DefNew: 447K->64K(448K), 0.0016570 secs] 106655K->106431K(1048512K), 0.0017360 secs] [Times: user=0.00 sys=0.00, real=0.00 secs] 
8.901: [GC8.901: [DefNew: 448K->64K(448K), 0.0010010 secs] 106815K->106643K(1048512K), 0.0010440 secs] [Times: user=0.01 sys=0.00, real=0.00 secs] 
8.911: [GC8.911: [DefNew: 447K->63K(448K), 0.0011490 secs] 107027K->106810K(1048512K), 0.0012240 secs] [Times: user=0.00 sys=0.00, real=0.00 secs] 
8.922: [GC8.922: [DefNew: 447K->64K(448K), 0.0007060 secs] 107193K->106924K(1048512K), 0.0007490 secs] [Times: user=0.00 sys=0.00, real=0.00 secs] 
8.932: [GC8.932: [DefNew: 448K->63K(448K), 0.0008730 secs] 107308K->107070K(1048512K), 0.0009280 secs] [Times: user=0.00 sys=0.00, real=0.00 secs] 
8.943: [GC8.943: [DefNew: 447K->63K(448K), 0.0018400 secs] 107454K->107210K(1048512K), 0.0020000 secs] [Times: user=0.00 sys=0.00, real=0.00 secs] 
8.953: [GC8.953: [DefNew: 447K->63K(448K), 0.0007910 secs] 107594K->107391K(1048512K), 0.0008330 secs] [Times: user=0.00 sys=0.00, real=0.00 secs] 
8.963: [GC8.963: [DefNew: 447K->63K(448K), 0.0025060 secs] 107775K->107549K(1048512K), 0.0025780 secs] [Times: user=0.01 sys=0.00, real=0.00 secs] 
8.977: [GC8.977: [DefNew: 447K->63K(448K), 0.0017860 secs] 107933K->107808K(1048512K), 0.0019260 secs] [Times: user=0.00 sys=0.00, real=0.00 secs] 
8.988: [GC8.988: [DefNew: 447K->63K(448K), 0.0008610 secs] 108192K->107970K(1048512K), 0.0009040 secs] [Times: user=0.00 sys=0.00, real=0.00 secs] 
8.998: [GC8.999: [DefNew: 447K->63K(448K), 0.0012090 secs] 108354K->108109K(1048512K), 0.0013010 secs] [Times: user=0.00 sys=0.00, real=0.00 secs] 
9.008: [GC9.008: [DefNew: 447K->63K(448K), 0.0016510 secs] 108493K->108267K(1048512K), 0.0018260 secs] [Times: user=0.01 sys=0.00, real=0.00 secs] 
9.020: [GC9.020: [DefNew: 447K->63K(448K), 0.0007550 secs] 108651K->108408K(1048512K), 0.0008120 secs] [Times: user=0.00 sys=0.00, real=0.00 secs] 
9.030: [GC9.030: [DefNew: 447K->64K(448K), 0.0015210 secs] 108792K->108522K(1048512K), 0.0016530 secs] [Times: user=0.00 sys=0.00, real=0.00 secs] 
9.042: [GC9.042: [DefNew: 447K->63K(448K), 0.0013220 secs] 108905K->108660K(1048512K), 0.0014330 secs] [Times: user=0.00 sys=0.00, real=0.00 secs] 
9.053: [GC9.053: [DefNew: 447K->63K(448K), 0.0013100 secs] 109044K->108824K(1048512K), 0.0014140 secs] [Times: user=0.00 sys=0.00, real=0.00 secs] 
9.064: [GC9.064: [DefNew: 447K->63K(448K), 0.0020830 secs] 109208K->108982K(1048512K), 0.0021890 secs] [Times: user=0.01 sys=0.00, real=0.00 secs] 
9.074: [GC9.074: [DefNew: 447K->64K(448K), 0.0018620 secs] 109366K->109093K(1048512K), 0.0019280 secs] [Times: user=0.00 sys=0.00, real=0.00 secs] 
9.086: [GC9.086: [DefNew: 448K->63K(448K), 0.0008490 secs] 109477K->109273K(1048512K), 0.0008970 secs] [Times: user=0.00 sys=0.00, real=0.01 secs] 
9.095: [GC9.095: [DefNew: 447K->64K(448K), 0.0020360 secs] 109657K->109439K(1048512K), 0.0021150 secs] [Times: user=0.00 sys=0.00, real=0.01 secs] 
9.107: [GC9.107: [DefNew: 448K->64K(448K), 0.0016310 secs] 109823K->109572K(1048512K), 0.0017190 secs] [Times: user=0.00 sys=0.00, real=0.00 secs] 
9.118: [GC9.118: [DefNew: 448K->63K(448K), 0.0007430 secs] 109956K->109722K(1048512K), 0.0007800 secs] [Times: user=0.01 sys=0.00, real=0.00 secs] 
9.128: [GC9.128: [DefNew: 447K->63K(448K), 0.0006360 secs] 110106K->109804K(1048512K), 0.0006750 secs] [Times: user=0.00 sys=0.00, real=0.00 secs] 
9.137: [GC9.137: [DefNew: 447K->63K(448K), 0.0006780 secs] 110188K->109939K(1048512K), 0.0007200 secs] [Times: user=0.00 sys=0.00, real=0.00 secs] 
9.148: [GC9.148: [DefNew: 447K->63K(448K), 0.0011670 secs] 110323K->110136K(1048512K), 0.0012530 secs] [Times: user=0.00 sys=0.00, real=0.00 secs] 
9.159: [GC9.159: [DefNew: 447K->63K(448K), 0.0016330 secs] 110520K->110296K(1048512K), 0.0017280 secs] [Times: user=0.00 sys=0.00, real=0.00 secs] 
9.170: [GC9.170: [DefNew: 447K->64K(448K), 0.0030330 secs] 110680K->110483K(1048512K), 0.0031920 secs] [Times: user=0.01 sys=0.00, real=0.00 secs] 
9.183: [GC9.183: [DefNew: 448K->63K(448K), 0.0014050 secs] 110867K->110656K(1048512K), 0.0014620 secs] [Times: user=0.00 sys=0.00, real=0.00 secs] 
9.192: [GC9.192: [DefNew: 447K->64K(448K), 0.0014400 secs] 111040K->110818K(1048512K), 0.0015350 secs] [Times: user=0.00 sys=0.00, real=0.00 secs] 
9.203: [GC9.203: [DefNew: 448K->63K(448K), 0.0011550 secs] 111202K->110996K(1048512K), 0.0012180 secs] [Times: user=0.00 sys=0.00, real=0.00 secs] 
9.218: [GC9.218: [DefNew: 447K->63K(448K), 0.0028880 secs] 111380K->111184K(1048512K), 0.0030840 secs] [Times: user=0.00 sys=0.00, real=0.00 secs] 
9.231: [GC9.231: [DefNew: 447K->63K(448K), 0.0020360 secs] 111568K->111332K(1048512K), 0.0022130 secs] [Times: user=0.00 sys=0.00, real=0.00 secs] 
9.243: [GC9.243: [DefNew: 447K->63K(448K), 0.0021250 secs] 111716K->111526K(1048512K), 0.0022430 secs] [Times: user=0.00 sys=0.00, real=0.00 secs] 
9.255: [GC9.255: [DefNew: 447K->63K(448K), 0.0036090 secs] 111910K->111789K(1048512K), 0.0038880 secs] [Times: user=0.00 sys=0.00, real=0.01 secs] 
9.271: [GC9.271: [DefNew: 447K->64K(448K), 0.0023120 secs] 112173K->112049K(1048512K), 0.0024100 secs] [Times: user=0.00 sys=0.00, real=0.00 secs] 
9.283: [GC9.283: [DefNew: 448K->63K(448K), 0.0009410 secs] 112433K->112223K(1048512K), 0.0009740 secs] [Times: user=0.00 sys=0.00, real=0.00 secs] 
9.294: [GC9.294: [DefNew: 447K->64K(448K), 0.0013700 secs] 112607K->112345K(1048512K), 0.0014640 secs] [Times: user=0.00 sys=0.00, real=0.00 secs] 
9.306: [GC9.306: [DefNew: 448K->64K(448K), 0.0008160 secs] 112729K->112450K(1048512K), 0.0008630 secs] [Times: user=0.00 sys=0.00, real=0.01 secs] 
9.315: [GC9.315: [DefNew: 447K->63K(448K), 0.0007720 secs] 112834K->112620K(1048512K), 0.0008300 secs] [Times: user=0.00 sys=0.00, real=0.00 secs] 
9.326: [GC9.326: [DefNew: 447K->63K(448K), 0.0011460 secs] 113004K->112725K(1048512K), 0.0011950 secs] [Times: user=0.00 sys=0.00, real=0.01 secs] 
9.337: [GC9.337: [DefNew: 447K->64K(448K), 0.0007670 secs] 113109K->112895K(1048512K), 0.0007970 secs] [Times: user=0.00 sys=0.00, real=0.00 secs] 
9.348: [GC9.348: [DefNew: 448K->64K(448K), 0.0009440 secs] 113279K->113006K(1048512K), 0.0010140 secs] [Times: user=0.00 sys=0.00, real=0.00 secs] 
9.358: [GC9.358: [DefNew: 448K->63K(448K), 0.0010930 secs] 113390K->113122K(1048512K), 0.0011720 secs] [Times: user=0.00 sys=0.00, real=0.00 secs] 
9.370: [GC9.370: [DefNew: 447K->63K(448K), 0.0010550 secs] 113506K->113233K(1048512K), 0.0011310 secs] [Times: user=0.00 sys=0.00, real=0.00 secs] 
9.379: [GC9.379: [DefNew: 447K->63K(448K), 0.0022210 secs] 113617K->113411K(1048512K), 0.0022910 secs] [Times: user=0.00 sys=0.00, real=0.00 secs] 
9.392: [GC9.392: [DefNew: 447K->64K(448K), 0.0019000 secs] 113795K->113681K(1048512K), 0.0019960 secs] [Times: user=0.01 sys=0.00, real=0.00 secs] 
9.403: [GC9.403: [DefNew: 448K->64K(448K), 0.0008950 secs] 114065K->113835K(1048512K), 0.0009320 secs] [Times: user=0.00 sys=0.00, real=0.00 secs] 
9.414: [GC9.414: [DefNew: 448K->64K(448K), 0.0014630 secs] 114219K->113991K(1048512K), 0.0015770 secs] [Times: user=0.00 sys=0.00, real=0.00 secs] 
9.425: [GC9.426: [DefNew: 448K->63K(448K), 0.0011510 secs] 114375K->114087K(1048512K), 0.0012650 secs] [Times: user=0.00 sys=0.00, real=0.01 secs] 
9.437: [GC9.437: [DefNew: 447K->63K(448K), 0.0006440 secs] 114471K->114205K(1048512K), 0.0006780 secs] [Times: user=0.00 sys=0.00, real=0.00 secs] 
9.447: [GC9.447: [DefNew: 447K->63K(448K), 0.0013630 secs] 114589K->114298K(1048512K), 0.0014530 secs] [Times: user=0.00 sys=0.00, real=0.00 secs] 
9.457: [GC9.457: [DefNew: 447K->63K(448K), 0.0011490 secs] 114682K->114439K(1048512K), 0.0012540 secs] [Times: user=0.00 sys=0.00, real=0.00 secs] 
9.476: [GC9.476: [DefNew: 447K->63K(448K), 0.0078140 secs] 116871K->116587K(1048512K), 0.0078880 secs] [Times: user=0.01 sys=0.00, real=0.01 secs] 
9.493: [GC9.493: [DefNew: 447K->63K(448K), 0.0014190 secs] 116971K->116710K(1048512K), 0.0015200 secs] [Times: user=0.00 sys=0.00, real=0.00 secs] 
9.505: [GC9.505: [DefNew: 447K->64K(448K), 0.0010250 secs] 117094K->116828K(1048512K), 0.0010760 secs] [Times: user=0.01 sys=0.00, real=0.00 secs] 
9.515: [GC9.516: [DefNew: 448K->63K(448K), 0.0007780 secs] 117212K->116970K(1048512K), 0.0008410 secs] [Times: user=0.00 sys=0.00, real=0.01 secs] 
9.526: [GC9.526: [DefNew: 447K->64K(448K), 0.0010910 secs] 117354K->117067K(1048512K), 0.0011640 secs] [Times: user=0.00 sys=0.00, real=0.01 secs] 
9.537: [GC9.537: [DefNew: 447K->64K(448K), 0.0005850 secs] 117451K->117171K(1048512K), 0.0006170 secs] [Times: user=0.00 sys=0.00, real=0.00 secs] 
9.548: [GC9.548: [DefNew: 448K->63K(448K), 0.0007220 secs] 117555K->117251K(1048512K), 0.0007880 secs] [Times: user=0.00 sys=0.00, real=0.00 secs] 
9.557: [GC9.557: [DefNew: 447K->63K(448K), 0.0011390 secs] 117634K->117355K(1048512K), 0.0012490 secs] [Times: user=0.00 sys=0.00, real=0.00 secs] 
9.568: [GC9.568: [DefNew: 447K->63K(448K), 0.0006650 secs] 117739K->117469K(1048512K), 0.0006990 secs] [Times: user=0.00 sys=0.00, real=0.00 secs] 
9.579: [GC9.579: [DefNew: 447K->63K(448K), 0.0006360 secs] 117853K->117603K(1048512K), 0.0006750 secs] [Times: user=0.00 sys=0.00, real=0.00 secs] 
9.589: [GC9.589: [DefNew: 447K->63K(448K), 0.0012090 secs] 117987K->117686K(1048512K), 0.0012880 secs] [Times: user=0.01 sys=0.00, real=0.00 secs] 
9.601: [GC9.601: [DefNew: 447K->64K(448K), 0.0023980 secs] 118070K->117882K(1048512K), 0.0025650 secs] [Times: user=0.00 sys=0.00, real=0.00 secs] 
9.613: [GC9.613: [DefNew: 448K->64K(448K), 0.0014270 secs] 118266K->118074K(1048512K), 0.0015220 secs] [Times: user=0.00 sys=0.00, real=0.00 secs] 
9.624: [GC9.624: [DefNew: 448K->63K(448K), 0.0006770 secs] 118458K->118176K(1048512K), 0.0007120 secs] [Times: user=0.00 sys=0.00, real=0.00 secs] 
9.635: [GC9.635: [DefNew: 447K->63K(448K), 0.0008050 secs] 118560K->118259K(1048512K), 0.0008730 secs] [Times: user=0.00 sys=0.00, real=0.00 secs] 
9.644: [GC9.644: [DefNew: 447K->63K(448K), 0.0009210 secs] 118643K->118377K(1048512K), 0.0009880 secs] [Times: user=0.00 sys=0.00, real=0.00 secs] 
9.655: [GC9.655: [DefNew: 447K->64K(448K), 0.0011120 secs] 118761K->118511K(1048512K), 0.0012140 secs] [Times: user=0.00 sys=0.00, real=0.00 secs] 
9.665: [GC9.665: [DefNew: 448K->63K(448K), 0.0009430 secs] 118895K->118629K(1048512K), 0.0010150 secs] [Times: user=0.00 sys=0.00, real=0.01 secs] 
9.679: [GC9.679: [DefNew: 447K->64K(448K), 0.0019540 secs] 119013K->118834K(1048512K), 0.0020800 secs] [Times: user=0.00 sys=0.00, real=0.00 secs] 
9.691: [GC9.691: [DefNew: 447K->64K(448K), 0.0020880 secs] 119218K->118979K(1048512K), 0.0022160 secs] [Times: user=0.00 sys=0.00, real=0.00 secs] 
9.703: [GC9.703: [DefNew: 447K->63K(448K), 0.0007760 secs] 119363K->119129K(1048512K), 0.0008090 secs] [Times: user=0.00 sys=0.00, real=0.00 secs] 
9.713: [GC9.713: [DefNew: 447K->63K(448K), 0.0012040 secs] 119513K->119241K(1048512K), 0.0013220 secs] [Times: user=0.00 sys=0.00, real=0.00 secs] 
9.723: [GC9.723: [DefNew: 447K->63K(448K), 0.0010020 secs] 119625K->119348K(1048512K), 0.0010560 secs] [Times: user=0.00 sys=0.00, real=0.00 secs] 
9.734: [GC9.734: [DefNew: 447K->63K(448K), 0.0013910 secs] 119732K->119482K(1048512K), 0.0015140 secs] [Times: user=0.00 sys=0.00, real=0.00 secs] 
9.746: [GC9.746: [DefNew: 447K->63K(448K), 0.0007730 secs] 119866K->119607K(1048512K), 0.0008260 secs] [Times: user=0.00 sys=0.00, real=0.01 secs] 
9.756: [GC9.756: [DefNew: 447K->63K(448K), 0.0008830 secs] 119991K->119713K(1048512K), 0.0009730 secs] [Times: user=0.00 sys=0.00, real=0.00 secs] 
9.767: [GC9.767: [DefNew: 447K->63K(448K), 0.0006030 secs] 120097K->119832K(1048512K), 0.0006360 secs] [Times: user=0.00 sys=0.00, real=0.00 secs] 
9.777: [GC9.777: [DefNew: 447K->63K(448K), 0.0011910 secs] 120216K->119932K(1048512K), 0.0013000 secs] [Times: user=0.00 sys=0.00, real=0.00 secs] 
9.788: [GC9.788: [DefNew: 447K->63K(448K), 0.0006540 secs] 120316K->120069K(1048512K), 0.0006950 secs] [Times: user=0.00 sys=0.00, real=0.00 secs] 
9.799: [GC9.799: [DefNew: 447K->63K(448K), 0.0011590 secs] 120453K->120207K(1048512K), 0.0012470 secs] [Times: user=0.00 sys=0.00, real=0.00 secs] 
9.809: [GC9.809: [DefNew: 447K->63K(448K), 0.0018860 secs] 120591K->120421K(1048512K), 0.0020660 secs] [Times: user=0.00 sys=0.00, real=0.00 secs] 
9.821: [GC9.821: [DefNew: 447K->63K(448K), 0.0015380 secs] 120805K->120592K(1048512K), 0.0016290 secs] [Times: user=0.00 sys=0.00, real=0.00 secs] 
9.832: [GC9.832: [DefNew: 447K->63K(448K), 0.0008690 secs] 120976K->120707K(1048512K), 0.0009870 secs] [Times: user=0.00 sys=0.00, real=0.00 secs] 
9.843: [GC9.843: [DefNew: 447K->64K(448K), 0.0005910 secs] 121091K->120783K(1048512K), 0.0006230 secs] [Times: user=0.01 sys=0.00, real=0.00 secs] 
9.854: [GC9.854: [DefNew: 448K->63K(448K), 0.0006070 secs] 121167K->120907K(1048512K), 0.0006490 secs] [Times: user=0.00 sys=0.00, real=0.00 secs] 
9.864: [GC9.864: [DefNew: 447K->63K(448K), 0.0011070 secs] 121291K->121019K(1048512K), 0.0012070 secs] [Times: user=0.00 sys=0.00, real=0.00 secs] 
9.875: [GC9.875: [DefNew: 447K->63K(448K), 0.0011240 secs] 121403K->121148K(1048512K), 0.0011930 secs] [Times: user=0.00 sys=0.00, real=0.00 secs] 
9.885: [GC9.885: [DefNew: 447K->63K(448K), 0.0006670 secs] 121532K->121233K(1048512K), 0.0007000 secs] [Times: user=0.00 sys=0.00, real=0.00 secs] 
9.895: [GC9.895: [DefNew: 447K->64K(448K), 0.0011560 secs] 121617K->121349K(1048512K), 0.0012740 secs] [Times: user=0.00 sys=0.00, real=0.01 secs] 
9.906: [GC9.906: [DefNew: 448K->63K(448K), 0.0007680 secs] 121733K->121441K(1048512K), 0.0008080 secs] [Times: user=0.00 sys=0.00, real=0.01 secs] 
9.916: [GC9.916: [DefNew: 447K->63K(448K), 0.0006760 secs] 121825K->121583K(1048512K), 0.0007070 secs] [Times: user=0.00 sys=0.00, real=0.00 secs] 
9.927: [GC9.927: [DefNew: 447K->64K(448K), 0.0011870 secs] 121967K->121684K(1048512K), 0.0012750 secs] [Times: user=0.00 sys=0.00, real=0.00 secs] 
9.938: [GC9.938: [DefNew: 447K->63K(448K), 0.0005980 secs] 122068K->121781K(1048512K), 0.0006310 secs] [Times: user=0.00 sys=0.00, real=0.00 secs] 
9.949: [GC9.949: [DefNew: 447K->64K(448K), 0.0009770 secs] 122165K->121873K(1048512K), 0.0010790 secs] [Times: user=0.00 sys=0.00, real=0.00 secs] 
9.960: [GC9.960: [DefNew: 448K->63K(448K), 0.0011810 secs] 122257K->121993K(1048512K), 0.0013590 secs] [Times: user=0.00 sys=0.00, real=0.00 secs] 
9.971: [GC9.971: [DefNew: 447K->63K(448K), 0.0009350 secs] 122377K->122114K(1048512K), 0.0010020 secs] [Times: user=0.00 sys=0.00, real=0.00 secs] 
9.981: [GC9.981: [DefNew: 447K->63K(448K), 0.0008570 secs] 122498K->122248K(1048512K), 0.0009270 secs] [Times: user=0.00 sys=0.00, real=0.00 secs] 
9.992: [GC9.992: [DefNew: 447K->63K(448K), 0.0011340 secs] 122632K->122349K(1048512K), 0.0012130 secs] [Times: user=0.00 sys=0.00, real=0.00 secs] 
10.003: [GC10.003: [DefNew: 447K->63K(448K), 0.0005980 secs] 122733K->122447K(1048512K), 0.0006300 secs] [Times: user=0.00 sys=0.00, real=0.00 secs] 
10.014: [GC10.014: [DefNew: 447K->63K(448K), 0.0015710 secs] 122831K->122624K(1048512K), 0.0016820 secs] [Times: user=0.00 sys=0.00, real=0.00 secs] 
10.026: [GC10.026: [DefNew: 447K->63K(448K), 0.0018540 secs] 123008K->122824K(1048512K), 0.0019900 secs] [Times: user=0.00 sys=0.00, real=0.01 secs] 
10.037: [GC10.037: [DefNew: 447K->63K(448K), 0.0014660 secs] 123208K->122997K(1048512K), 0.0015670 secs] [Times: user=0.00 sys=0.00, real=0.00 secs] 
10.047: [GC10.047: [DefNew: 447K->63K(448K), 0.0007190 secs] 123381K->123131K(1048512K), 0.0007570 secs] [Times: user=0.00 sys=0.00, real=0.00 secs] 
10.057: [GC10.057: [DefNew: 447K->64K(448K), 0.0007480 secs] 123514K->123238K(1048512K), 0.0008000 secs] [Times: user=0.01 sys=0.00, real=0.00 secs] 
10.067: [GC10.067: [DefNew: 448K->63K(448K), 0.0005730 secs] 123622K->123338K(1048512K), 0.0006090 secs] [Times: user=0.00 sys=0.00, real=0.00 secs] 
10.077: [GC10.077: [DefNew: 447K->63K(448K), 0.0017340 secs] 123722K->123509K(1048512K), 0.0018470 secs] [Times: user=0.00 sys=0.00, real=0.00 secs] 
10.089: [GC10.089: [DefNew: 447K->64K(448K), 0.0008650 secs] 123893K->123603K(1048512K), 0.0009200 secs] [Times: user=0.00 sys=0.00, real=0.00 secs] 
10.100: [GC10.100: [DefNew: 448K->63K(448K), 0.0006260 secs] 123987K->123743K(1048512K), 0.0006590 secs] [Times: user=0.00 sys=0.00, real=0.00 secs] 
10.111: [GC10.111: [DefNew: 447K->63K(448K), 0.0013300 secs] 124127K->123836K(1048512K), 0.0014280 secs] [Times: user=0.00 sys=0.00, real=0.00 secs] 
10.122: [GC10.122: [DefNew: 447K->63K(448K), 0.0008850 secs] 124219K->123954K(1048512K), 0.0009550 secs] [Times: user=0.00 sys=0.00, real=0.00 secs] 
10.131: [GC10.131: [DefNew: 447K->63K(448K), 0.0006700 secs] 124337K->124063K(1048512K), 0.0007190 secs] [Times: user=0.01 sys=0.00, real=0.00 secs] 
10.141: [GC10.141: [DefNew: 447K->64K(448K), 0.0006750 secs] 124447K->124170K(1048512K), 0.0007110 secs] [Times: user=0.00 sys=0.00, real=0.00 secs] 
10.152: [GC10.152: [DefNew: 448K->63K(448K), 0.0010280 secs] 124554K->124285K(1048512K), 0.0011320 secs] [Times: user=0.00 sys=0.00, real=0.00 secs] 
10.162: [GC10.162: [DefNew: 447K->63K(448K), 0.0005900 secs] 124669K->124377K(1048512K), 0.0006230 secs] [Times: user=0.00 sys=0.00, real=0.00 secs] 
10.173: [GC10.173: [DefNew: 447K->64K(448K), 0.0011340 secs] 124761K->124479K(1048512K), 0.0012660 secs] [Times: user=0.00 sys=0.00, real=0.00 secs] 
10.184: [GC10.184: [DefNew: 448K->63K(448K), 0.0006880 secs] 124863K->124595K(1048512K), 0.0007210 secs] [Times: user=0.00 sys=0.00, real=0.00 secs] 
10.194: [GC10.195: [DefNew: 447K->64K(448K), 0.0013020 secs] 124979K->124709K(1048512K), 0.0014100 secs] [Times: user=0.00 sys=0.00, real=0.00 secs] 
10.206: [GC10.206: [DefNew: 448K->63K(448K), 0.0008300 secs] 125093K->124822K(1048512K), 0.0008890 secs] [Times: user=0.00 sys=0.00, real=0.01 secs] 
10.226: [GC10.226: [DefNew: 447K->63K(448K), 0.0010580 secs] 125206K->124968K(1048512K), 0.0011240 secs] [Times: user=0.00 sys=0.00, real=0.01 secs] 
10.238: [GC10.238: [DefNew: 447K->63K(448K), 0.0015370 secs] 125351K->125173K(1048512K), 0.0017030 secs] [Times: user=0.00 sys=0.00, real=0.00 secs] 
10.251: [GC10.251: [DefNew: 447K->64K(448K), 0.0039860 secs] 125557K->125339K(1048512K), 0.0041190 secs] [Times: user=0.00 sys=0.00, real=0.00 secs] 
10.266: [GC10.267: [DefNew: 448K->63K(448K), 0.0025960 secs] 125723K->125492K(1048512K), 0.0028760 secs] [Times: user=0.00 sys=0.00, real=0.00 secs] 
10.281: [GC10.281: [DefNew: 447K->63K(448K), 0.0037600 secs] 125875K->125737K(1048512K), 0.0039710 secs] [Times: user=0.00 sys=0.00, real=0.00 secs] 
10.294: [GC10.294: [DefNew: 447K->63K(448K), 0.0013840 secs] 126121K->125912K(1048512K), 0.0014850 secs] [Times: user=0.00 sys=0.00, real=0.00 secs] 
10.305: [GC10.305: [DefNew: 447K->63K(448K), 0.0009520 secs] 126296K->126015K(1048512K), 0.0010230 secs] [Times: user=0.00 sys=0.00, real=0.00 secs] 
10.315: [GC10.315: [DefNew: 447K->64K(448K), 0.0006650 secs] 126399K->126116K(1048512K), 0.0007160 secs] [Times: user=0.00 sys=0.00, real=0.00 secs] 
10.326: [GC10.326: [DefNew: 448K->63K(448K), 0.0021680 secs] 126500K->126337K(1048512K), 0.0023050 secs] [Times: user=0.01 sys=0.00, real=0.01 secs] 
10.339: [GC10.339: [DefNew: 447K->63K(448K), 0.0013390 secs] 126721K->126482K(1048512K), 0.0014460 secs] [Times: user=0.00 sys=0.00, real=0.00 secs] 
10.349: [GC10.350: [DefNew: 447K->63K(448K), 0.0012990 secs] 126866K->126613K(1048512K), 0.0014140 secs] [Times: user=0.00 sys=0.00, real=0.00 secs] 
10.360: [GC10.360: [DefNew: 447K->63K(448K), 0.0011140 secs] 126997K->126738K(1048512K), 0.0012120 secs] [Times: user=0.00 sys=0.00, real=0.00 secs] 
10.370: [GC10.370: [DefNew: 447K->63K(448K), 0.0006910 secs] 127122K->126834K(1048512K), 0.0007250 secs] [Times: user=0.00 sys=0.00, real=0.00 secs] 
10.381: [GC10.381: [DefNew: 447K->64K(448K), 0.0005190 secs] 127218K->126921K(1048512K), 0.0005530 secs] [Times: user=0.00 sys=0.00, real=0.00 secs] 
10.391: [GC10.391: [DefNew: 448K->64K(448K), 0.0006030 secs] 127305K->127023K(1048512K), 0.0006380 secs] [Times: user=0.01 sys=0.00, real=0.00 secs] 
10.402: [GC10.402: [DefNew: 448K->63K(448K), 0.0010980 secs] 127407K->127159K(1048512K), 0.0011750 secs] [Times: user=0.00 sys=0.00, real=0.00 secs] 
10.412: [GC10.412: [DefNew: 447K->63K(448K), 0.0011340 secs] 127543K->127255K(1048512K), 0.0012310 secs] [Times: user=0.00 sys=0.00, real=0.00 secs] 
10.424: [GC10.424: [DefNew: 447K->64K(448K), 0.0006840 secs] 127639K->127349K(1048512K), 0.0007360 secs] [Times: user=0.00 sys=0.00, real=0.00 secs] 
10.434: [GC10.434: [DefNew: 448K->64K(448K), 0.0010180 secs] 127733K->127463K(1048512K), 0.0011080 secs] [Times: user=0.00 sys=0.00, real=0.00 secs] 
10.443: [GC10.443: [DefNew: 448K->64K(448K), 0.0008980 secs] 127847K->127548K(1048512K), 0.0009640 secs] [Times: user=0.00 sys=0.00, real=0.00 secs] 
10.454: [GC10.454: [DefNew: 448K->63K(448K), 0.0006260 secs] 127932K->127678K(1048512K), 0.0006560 secs] [Times: user=0.00 sys=0.00, real=0.00 secs] 
10.464: [GC10.464: [DefNew: 447K->63K(448K), 0.0006340 secs] 128062K->127780K(1048512K), 0.0006920 secs] [Times: user=0.00 sys=0.00, real=0.00 secs] 
10.475: [GC10.475: [DefNew: 447K->64K(448K), 0.0011170 secs] 128164K->127925K(1048512K), 0.0011720 secs] [Times: user=0.00 sys=0.00, real=0.00 secs] 
10.486: [GC10.486: [DefNew: 448K->63K(448K), 0.0011960 secs] 128309K->128035K(1048512K), 0.0012710 secs] [Times: user=0.00 sys=0.00, real=0.01 secs] 
10.498: [GC10.498: [DefNew: 447K->63K(448K), 0.0005770 secs] 128418K->128117K(1048512K), 0.0006090 secs] [Times: user=0.00 sys=0.00, real=0.00 secs] 
10.508: [GC10.508: [DefNew: 447K->63K(448K), 0.0005750 secs] 128501K->128214K(1048512K), 0.0006190 secs] [Times: user=0.00 sys=0.00, real=0.00 secs] 
10.516: [GC10.516: [DefNew: 447K->63K(448K), 0.0010350 secs] 128598K->128326K(1048512K), 0.0011140 secs] [Times: user=0.00 sys=0.00, real=0.01 secs] 
10.527: [GC10.528: [DefNew: 447K->63K(448K), 0.0021230 secs] 128710K->128444K(1048512K), 0.0022950 secs] [Times: user=0.00 sys=0.00, real=0.00 secs] 
10.540: [GC10.540: [DefNew: 447K->64K(448K), 0.0016800 secs] 128828K->128618K(1048512K), 0.0018330 secs] [Times: user=0.01 sys=0.00, real=0.00 secs] 
10.552: [GC10.552: [DefNew: 448K->63K(448K), 0.0018680 secs] 129002K->128786K(1048512K), 0.0019840 secs] [Times: user=0.00 sys=0.00, real=0.00 secs] 
10.563: [GC10.563: [DefNew: 447K->64K(448K), 0.0011570 secs] 129170K->128920K(1048512K), 0.0012350 secs] [Times: user=0.00 sys=0.00, real=0.00 secs] 
10.574: [GC10.574: [DefNew: 448K->64K(448K), 0.0006490 secs] 129304K->129014K(1048512K), 0.0006920 secs] [Times: user=0.00 sys=0.00, real=0.00 secs] 
10.585: [GC10.585: [DefNew: 448K->63K(448K), 0.0010080 secs] 129398K->129098K(1048512K), 0.0010890 secs] [Times: user=0.00 sys=0.00, real=0.01 secs] 
10.595: [GC10.595: [DefNew: 447K->63K(448K), 0.0008570 secs] 129482K->129200K(1048512K), 0.0009190 secs] [Times: user=0.00 sys=0.00, real=0.00 secs] 
10.606: [GC10.606: [DefNew: 447K->63K(448K), 0.0009220 secs] 129584K->129300K(1048512K), 0.0009950 secs] [Times: user=0.01 sys=0.00, real=0.01 secs] 
10.616: [GC10.616: [DefNew: 447K->64K(448K), 0.0005880 secs] 129683K->129405K(1048512K), 0.0006230 secs] [Times: user=0.00 sys=0.00, real=0.01 secs] 
10.626: [GC10.626: [DefNew: 448K->63K(448K), 0.0012700 secs] 129789K->129502K(1048512K), 0.0013600 secs] [Times: user=0.00 sys=0.00, real=0.01 secs] 
10.637: [GC10.637: [DefNew: 447K->63K(448K), 0.0006890 secs] 129885K->129633K(1048512K), 0.0007250 secs] [Times: user=0.00 sys=0.00, real=0.00 secs] 
10.647: [GC10.647: [DefNew: 447K->63K(448K), 0.0011520 secs] 130017K->129741K(1048512K), 0.0012440 secs] [Times: user=0.00 sys=0.00, real=0.00 secs] 
10.659: [GC10.659: [DefNew: 447K->64K(448K), 0.0008300 secs] 130125K->129848K(1048512K), 0.0009370 secs] [Times: user=0.00 sys=0.00, real=0.00 secs] 
10.668: [GC10.668: [DefNew: 448K->63K(448K), 0.0006740 secs] 130232K->129986K(1048512K), 0.0007120 secs] [Times: user=0.00 sys=0.00, real=0.00 secs] 
10.679: [GC10.679: [DefNew: 447K->63K(448K), 0.0006120 secs] 130370K->130077K(1048512K), 0.0006480 secs] [Times: user=0.00 sys=0.00, real=0.00 secs] 
10.689: [GC10.689: [DefNew: 447K->63K(448K), 0.0005500 secs] 130461K->130171K(1048512K), 0.0005870 secs] [Times: user=0.01 sys=0.00, real=0.00 secs] 
10.700: [GC10.700: [DefNew: 447K->63K(448K), 0.0016330 secs] 130555K->130301K(1048512K), 0.0017300 secs] [Times: user=0.00 sys=0.00, real=0.00 secs] 
10.712: [GC10.712: [DefNew: 447K->63K(448K), 0.0008500 secs] 130685K->130411K(1048512K), 0.0009120 secs] [Times: user=0.00 sys=0.00, real=0.00 secs] 
10.722: [GC10.722: [DefNew: 447K->64K(448K), 0.0006640 secs] 130795K->130525K(1048512K), 0.0007080 secs] [Times: user=0.00 sys=0.00, real=0.00 secs] 
10.733: [GC10.733: [DefNew: 448K->63K(448K), 0.0020990 secs] 130909K->130695K(1048512K), 0.0023260 secs] [Times: user=0.00 sys=0.00, real=0.00 secs] 
10.744: [GC10.744: [DefNew: 447K->63K(448K), 0.0016920 secs] 131079K->130929K(1048512K), 0.0018080 secs] [Times: user=0.01 sys=0.00, real=0.00 secs] 
10.756: [GC10.756: [DefNew: 447K->63K(448K), 0.0008780 secs] 131313K->131100K(1048512K), 0.0009210 secs] [Times: user=0.00 sys=0.00, real=0.01 secs] 
10.767: [GC10.767: [DefNew: 447K->64K(448K), 0.0014900 secs] 131484K->131286K(1048512K), 0.0015960 secs] [Times: user=0.00 sys=0.00, real=0.00 secs] 
10.778: [GC10.778: [DefNew: 447K->64K(448K), 0.0009800 secs] 131670K->131397K(1048512K), 0.0010420 secs] [Times: user=0.00 sys=0.00, real=0.00 secs] 
10.788: [GC10.788: [DefNew: 448K->63K(448K), 0.0009110 secs] 131781K->131512K(1048512K), 0.0009920 secs] [Times: user=0.00 sys=0.00, real=0.00 secs] 
10.798: [GC10.798: [DefNew: 447K->63K(448K), 0.0010700 secs] 131896K->131664K(1048512K), 0.0011410 secs] [Times: user=0.00 sys=0.00, real=0.00 secs] 
10.808: [GC10.808: [DefNew: 447K->63K(448K), 0.0007230 secs] 132048K->131788K(1048512K), 0.0007740 secs] [Times: user=0.01 sys=0.00, real=0.00 secs] 
10.818: [GC10.819: [DefNew: 447K->63K(448K), 0.0010830 secs] 132172K->131949K(1048512K), 0.0011550 secs] [Times: user=0.00 sys=0.01, real=0.00 secs] 
10.829: [GC10.829: [DefNew: 447K->63K(448K), 0.0010440 secs] 132333K->132052K(1048512K), 0.0011080 secs] [Times: user=0.00 sys=0.00, real=0.00 secs] 
10.840: [GC10.840: [DefNew: 447K->64K(448K), 0.0007580 secs] 132436K->132185K(1048512K), 0.0008120 secs] [Times: user=0.00 sys=0.00, real=0.00 secs] 
10.850: [GC10.850: [DefNew: 448K->63K(448K), 0.0015320 secs] 132569K->132347K(1048512K), 0.0016410 secs] [Times: user=0.00 sys=0.00, real=0.00 secs] 
10.859: [GC10.860: [DefNew: 447K->63K(448K), 0.0013920 secs] 132731K->132459K(1048512K), 0.0014470 secs] [Times: user=0.00 sys=0.00, real=0.00 secs] 
10.870: [GC10.870: [DefNew: 447K->63K(448K), 0.0007040 secs] 132843K->132603K(1048512K), 0.0007470 secs] [Times: user=0.00 sys=0.00, real=0.00 secs] 
10.881: [GC10.881: [DefNew: 447K->63K(448K), 0.0006400 secs] 132987K->132687K(1048512K), 0.0006720 secs] [Times: user=0.00 sys=0.00, real=0.00 secs] 
10.891: [GC10.891: [DefNew: 447K->63K(448K), 0.0006530 secs] 133071K->132792K(1048512K), 0.0007070 secs] [Times: user=0.00 sys=0.00, real=0.00 secs] 
10.901: [GC10.901: [DefNew: 447K->64K(448K), 0.0011920 secs] 133176K->132908K(1048512K), 0.0013210 secs] [Times: user=0.00 sys=0.00, real=0.00 secs] 
10.912: [GC10.912: [DefNew: 448K->63K(448K), 0.0009340 secs] 133292K->133020K(1048512K), 0.0010120 secs] [Times: user=0.00 sys=0.00, real=0.00 secs] 
10.923: [GC10.923: [DefNew: 447K->63K(448K), 0.0006400 secs] 133404K->133131K(1048512K), 0.0006880 secs] [Times: user=0.00 sys=0.00, real=0.00 secs] 
10.932: [GC10.932: [DefNew: 447K->63K(448K), 0.0005990 secs] 133515K->133243K(1048512K), 0.0006470 secs] [Times: user=0.00 sys=0.00, real=0.00 secs] 
10.941: [GC10.941: [DefNew: 447K->63K(448K), 0.0026020 secs] 133627K->133417K(1048512K), 0.0028120 secs] [Times: user=0.01 sys=0.00, real=0.00 secs] 
10.954: [GC10.954: [DefNew: 447K->63K(448K), 0.0014780 secs] 133801K->133618K(1048512K), 0.0016600 secs] [Times: user=0.00 sys=0.00, real=0.00 secs] 
10.966: [GC10.966: [DefNew: 447K->64K(448K), 0.0011240 secs] 134002K->133811K(1048512K), 0.0012010 secs] [Times: user=0.00 sys=0.00, real=0.01 secs] 
10.977: [GC10.977: [DefNew: 448K->63K(448K), 0.0013380 secs] 134195K->133928K(1048512K), 0.0013900 secs] [Times: user=0.00 sys=0.00, real=0.00 secs] 
10.988: [GC10.988: [DefNew: 447K->63K(448K), 0.0009350 secs] 134312K->134053K(1048512K), 0.0010010 secs] [Times: user=0.00 sys=0.00, real=0.00 secs] 
10.998: [GC10.998: [DefNew: 447K->63K(448K), 0.0010060 secs] 134437K->134170K(1048512K), 0.0010650 secs] [Times: user=0.00 sys=0.00, real=0.00 secs] 
11.009: [GC11.009: [DefNew: 447K->63K(448K), 0.0010030 secs] 134554K->134283K(1048512K), 0.0010770 secs] [Times: user=0.01 sys=0.00, real=0.00 secs] 
11.020: [GC11.020: [DefNew: 447K->64K(448K), 0.0011240 secs] 134667K->134429K(1048512K), 0.0011780 secs] [Times: user=0.00 sys=0.00, real=0.00 secs] 
11.031: [GC11.031: [DefNew: 447K->63K(448K), 0.0010030 secs] 134813K->134563K(1048512K), 0.0010720 secs] [Times: user=0.00 sys=0.00, real=0.00 secs] 
11.041: [GC11.042: [DefNew: 447K->64K(448K), 0.0007390 secs] 134946K->134682K(1048512K), 0.0007850 secs] [Times: user=0.00 sys=0.00, real=0.00 secs] 
11.052: [GC11.052: [DefNew: 448K->63K(448K), 0.0009250 secs] 135066K->134812K(1048512K), 0.0009960 secs] [Times: user=0.00 sys=0.00, real=0.00 secs] 
11.062: [GC11.062: [DefNew: 447K->64K(448K), 0.0009600 secs] 135196K->134909K(1048512K), 0.0010330 secs] [Times: user=0.00 sys=0.00, real=0.00 secs] 
11.071: [GC11.071: [DefNew: 448K->63K(448K), 0.0006610 secs] 135293K->135026K(1048512K), 0.0006940 secs] [Times: user=0.00 sys=0.00, real=0.00 secs] 
11.081: [GC11.081: [DefNew: 447K->64K(448K), 0.0007100 secs] 135409K->135141K(1048512K), 0.0007670 secs] [Times: user=0.01 sys=0.00, real=0.00 secs] 
11.092: [GC11.092: [DefNew: 448K->63K(448K), 0.0006320 secs] 135525K->135244K(1048512K), 0.0006670 secs] [Times: user=0.00 sys=0.00, real=0.00 secs] 
11.103: [GC11.103: [DefNew: 447K->63K(448K), 0.0006400 secs] 135628K->135342K(1048512K), 0.0006970 secs] [Times: user=0.00 sys=0.00, real=0.00 secs] 
11.113: [GC11.113: [DefNew: 447K->63K(448K), 0.0013090 secs] 135726K->135464K(1048512K), 0.0014070 secs] [Times: user=0.00 sys=0.00, real=0.00 secs] 
11.125: [GC11.125: [DefNew: 447K->63K(448K), 0.0006700 secs] 135847K->135561K(1048512K), 0.0007140 secs] [Times: user=0.00 sys=0.00, real=0.00 secs] 
11.135: [GC11.135: [DefNew: 447K->64K(448K), 0.0009800 secs] 135945K->135707K(1048512K), 0.0010470 secs] [Times: user=0.00 sys=0.00, real=0.00 secs] 
11.146: [GC11.146: [DefNew: 448K->63K(448K), 0.0008310 secs] 136091K->135797K(1048512K), 0.0009160 secs] [Times: user=0.00 sys=0.00, real=0.01 secs] 
11.155: [GC11.155: [DefNew: 447K->63K(448K), 0.0023230 secs] 136181K->135984K(1048512K), 0.0024630 secs] [Times: user=0.01 sys=0.00, real=0.01 secs] 
11.168: [GC11.168: [DefNew: 447K->64K(448K), 0.0015690 secs] 136368K->136175K(1048512K), 0.0016780 secs] [Times: user=0.00 sys=0.00, real=0.00 secs] 
11.179: [GC11.179: [DefNew: 447K->63K(448K), 0.0011020 secs] 136559K->136301K(1048512K), 0.0011820 secs] [Times: user=0.00 sys=0.00, real=0.00 secs] 
11.190: [GC11.190: [DefNew: 447K->63K(448K), 0.0007030 secs] 136685K->136439K(1048512K), 0.0007400 secs] [Times: user=0.00 sys=0.00, real=0.00 secs] 
11.200: [GC11.201: [DefNew: 447K->63K(448K), 0.0027380 secs] 136823K->136574K(1048512K), 0.0028850 secs] [Times: user=0.00 sys=0.00, real=0.00 secs] 
11.214: [GC11.214: [DefNew: 447K->63K(448K), 0.0019520 secs] 136958K->136744K(1048512K), 0.0020450 secs] [Times: user=0.01 sys=0.00, real=0.00 secs] 
11.225: [GC11.225: [DefNew: 447K->63K(448K), 0.0021020 secs] 137128K->136905K(1048512K), 0.0022590 secs] [Times: user=0.00 sys=0.00, real=0.01 secs] 
11.237: [GC11.237: [DefNew: 447K->63K(448K), 0.0014010 secs] 137289K->137076K(1048512K), 0.0014870 secs] [Times: user=0.00 sys=0.00, real=0.00 secs] 
11.248: [GC11.248: [DefNew: 447K->63K(448K), 0.0014660 secs] 137460K->137285K(1048512K), 0.0015420 secs] [Times: user=0.00 sys=0.00, real=0.00 secs] 
11.259: [GC11.259: [DefNew: 447K->63K(448K), 0.0030260 secs] 137669K->137459K(1048512K), 0.0031590 secs] [Times: user=0.01 sys=0.00, real=0.00 secs] 
11.272: [GC11.272: [DefNew: 447K->63K(448K), 0.0039340 secs] 137843K->137678K(1048512K), 0.0041910 secs] [Times: user=0.00 sys=0.01, real=0.01 secs] 
11.285: [GC11.285: [DefNew: 447K->63K(448K), 0.0025100 secs] 138062K->137906K(1048512K), 0.0026270 secs] [Times: user=0.00 sys=0.00, real=0.01 secs] 
11.298: [GC11.298: [DefNew: 447K->63K(448K), 0.0009260 secs] 138290K->138037K(1048512K), 0.0009850 secs] [Times: user=0.00 sys=0.00, real=0.00 secs] 
11.309: [GC11.309: [DefNew: 447K->64K(448K), 0.0011440 secs] 138421K->138158K(1048512K), 0.0011930 secs] [Times: user=0.00 sys=0.00, real=0.00 secs] 
11.319: [GC11.320: [DefNew: 448K->64K(448K), 0.0007950 secs] 138542K->138281K(1048512K), 0.0008610 secs] [Times: user=0.00 sys=0.00, real=0.00 secs] 
11.330: [GC11.330: [DefNew: 448K->64K(448K), 0.0009560 secs] 138665K->138381K(1048512K), 0.0010640 secs] [Times: user=0.00 sys=0.00, real=0.00 secs] 
11.341: [GC11.341: [DefNew: 448K->63K(448K), 0.0012500 secs] 138765K->138467K(1048512K), 0.0014070 secs] [Times: user=0.00 sys=0.00, real=0.00 secs] 
11.353: [GC11.353: [DefNew: 447K->63K(448K), 0.0006860 secs] 138851K->138594K(1048512K), 0.0007210 secs] [Times: user=0.00 sys=0.00, real=0.00 secs] 
11.362: [GC11.362: [DefNew: 447K->63K(448K), 0.0009880 secs] 138978K->138702K(1048512K), 0.0010940 secs] [Times: user=0.00 sys=0.00, real=0.00 secs] 
11.372: [GC11.372: [DefNew: 447K->64K(448K), 0.0005970 secs] 139086K->138807K(1048512K), 0.0006300 secs] [Times: user=0.00 sys=0.00, real=0.00 secs] 
11.383: [GC11.383: [DefNew: 448K->63K(448K), 0.0011870 secs] 139191K->138912K(1048512K), 0.0012770 secs] [Times: user=0.00 sys=0.00, real=0.00 secs] 
11.394: [GC11.394: [DefNew: 447K->63K(448K), 0.0009670 secs] 139296K->139019K(1048512K), 0.0010200 secs] [Times: user=0.00 sys=0.00, real=0.00 secs] 
11.407: [GC11.407: [DefNew: 447K->64K(448K), 0.0010670 secs] 139403K->139162K(1048512K), 0.0011430 secs] [Times: user=0.00 sys=0.00, real=0.00 secs] 
11.419: [GC11.419: [DefNew: 448K->63K(448K), 0.0022990 secs] 139546K->139357K(1048512K), 0.0024160 secs] [Times: user=0.00 sys=0.00, real=0.00 secs] 
11.431: [GC11.431: [DefNew: 447K->63K(448K), 0.0007230 secs] 139741K->139457K(1048512K), 0.0007690 secs] [Times: user=0.00 sys=0.00, real=0.00 secs] 
11.441: [GC11.441: [DefNew: 447K->63K(448K), 0.0006480 secs] 139841K->139541K(1048512K), 0.0006910 secs] [Times: user=0.01 sys=0.00, real=0.00 secs] 
11.452: [GC11.452: [DefNew: 447K->63K(448K), 0.0008710 secs] 139925K->139659K(1048512K), 0.0009430 secs] [Times: user=0.00 sys=0.00, real=0.00 secs] 
11.461: [GC11.461: [DefNew: 447K->64K(448K), 0.0024640 secs] 140043K->139813K(1048512K), 0.0026300 secs] [Times: user=0.00 sys=0.00, real=0.00 secs] 
11.473: [GC11.473: [DefNew: 448K->63K(448K), 0.0015880 secs] 140197K->139960K(1048512K), 0.0016670 secs] [Times: user=0.00 sys=0.00, real=0.00 secs] 
11.485: [GC11.485: [DefNew: 447K->63K(448K), 0.0019610 secs] 140344K->140137K(1048512K), 0.0021380 secs] [Times: user=0.00 sys=0.00, real=0.01 secs] 
11.497: [GC11.497: [DefNew: 447K->64K(448K), 0.0007080 secs] 140521K->140227K(1048512K), 0.0007410 secs] [Times: user=0.01 sys=0.00, real=0.00 secs] 
11.507: [GC11.507: [DefNew: 448K->63K(448K), 0.0005920 secs] 140611K->140340K(1048512K), 0.0006240 secs] [Times: user=0.00 sys=0.00, real=0.00 secs] 
11.518: [GC11.518: [DefNew: 447K->64K(448K), 0.0012400 secs] 140724K->140464K(1048512K), 0.0013720 secs] [Times: user=0.00 sys=0.00, real=0.00 secs] 
11.527: [GC11.527: [DefNew: 447K->64K(448K), 0.0009130 secs] 140848K->140583K(1048512K), 0.0009770 secs] [Times: user=0.00 sys=0.00, real=0.00 secs] 
11.538: [GC11.538: [DefNew: 448K->63K(448K), 0.0006240 secs] 140967K->140679K(1048512K), 0.0006560 secs] [Times: user=0.00 sys=0.00, real=0.00 secs] 
11.549: [GC11.549: [DefNew: 447K->63K(448K), 0.0005860 secs] 141063K->140791K(1048512K), 0.0006170 secs] [Times: user=0.00 sys=0.00, real=0.00 secs] 
11.559: [GC11.559: [DefNew: 447K->63K(448K), 0.0010970 secs] 141175K->140874K(1048512K), 0.0011560 secs] [Times: user=0.00 sys=0.00, real=0.00 secs] 
11.570: [GC11.570: [DefNew: 447K->63K(448K), 0.0007100 secs] 141258K->141016K(1048512K), 0.0007430 secs] [Times: user=0.00 sys=0.00, real=0.00 secs] 
11.581: [GC11.581: [DefNew: 447K->63K(448K), 0.0010300 secs] 141400K->141114K(1048512K), 0.0011190 secs] [Times: user=0.01 sys=0.00, real=0.00 secs] 
11.592: [GC11.592: [DefNew: 447K->63K(448K), 0.0006330 secs] 141498K->141222K(1048512K), 0.0006670 secs] [Times: user=0.00 sys=0.00, real=0.00 secs] 
11.602: [GC11.602: [DefNew: 447K->63K(448K), 0.0010330 secs] 141606K->141303K(1048512K), 0.0011310 secs] [Times: user=0.00 sys=0.00, real=0.00 secs] 
11.614: [GC11.614: [DefNew: 447K->63K(448K), 0.0010000 secs] 141687K->141405K(1048512K), 0.0010760 secs] [Times: user=0.00 sys=0.00, real=0.00 secs] 
11.623: [GC11.623: [DefNew: 447K->63K(448K), 0.0008890 secs] 141789K->141497K(1048512K), 0.0009600 secs] [Times: user=0.00 sys=0.00, real=0.00 secs] 
11.634: [GC11.634: [DefNew: 447K->64K(448K), 0.0012510 secs] 141881K->141618K(1048512K), 0.0013660 secs] [Times: user=0.00 sys=0.00, real=0.00 secs] 
11.645: [GC11.645: [DefNew: 448K->63K(448K), 0.0008270 secs] 142002K->141705K(1048512K), 0.0009040 secs] [Times: user=0.00 sys=0.00, real=0.00 secs] 
11.656: [GC11.656: [DefNew: 447K->63K(448K), 0.0006400 secs] 142089K->141822K(1048512K), 0.0006730 secs] [Times: user=0.01 sys=0.00, real=0.01 secs] 
11.666: [GC11.666: [DefNew: 447K->63K(448K), 0.0018890 secs] 142206K->141942K(1048512K), 0.0020230 secs] [Times: user=0.00 sys=0.00, real=0.01 secs] 
11.679: [GC11.679: [DefNew: 447K->63K(448K), 0.0021680 secs] 142326K->142169K(1048512K), 0.0022760 secs] [Times: user=0.00 sys=0.00, real=0.00 secs] 
11.691: [GC11.691: [DefNew: 447K->64K(448K), 0.0015550 secs] 142553K->142297K(1048512K), 0.0016570 secs] [Times: user=0.00 sys=0.00, real=0.00 secs] 
11.702: [GC11.702: [DefNew: 448K->63K(448K), 0.0010080 secs] 142681K->142412K(1048512K), 0.0011050 secs] [Times: user=0.00 sys=0.00, real=0.00 secs] 
11.711: [GC11.711: [DefNew: 447K->63K(448K), 0.0011640 secs] 142796K->142529K(1048512K), 0.0012580 secs] [Times: user=0.01 sys=0.00, real=0.00 secs] 
11.722: [GC11.722: [DefNew: 447K->63K(448K), 0.0011440 secs] 142913K->142643K(1048512K), 0.0012450 secs] [Times: user=0.00 sys=0.00, real=0.00 secs] 
11.733: [GC11.733: [DefNew: 447K->64K(448K), 0.0006110 secs] 143027K->142759K(1048512K), 0.0006420 secs] [Times: user=0.00 sys=0.00, real=0.00 secs] 
11.743: [GC11.743: [DefNew: 448K->63K(448K), 0.0009620 secs] 143143K->142862K(1048512K), 0.0010410 secs] [Times: user=0.00 sys=0.00, real=0.00 secs] 
11.754: [GC11.754: [DefNew: 447K->63K(448K), 0.0009880 secs] 143246K->142959K(1048512K), 0.0010380 secs] [Times: user=0.00 sys=0.00, real=0.00 secs] 
11.764: [GC11.765: [DefNew: 447K->64K(448K), 0.0013180 secs] 143343K->143113K(1048512K), 0.0014180 secs] [Times: user=0.00 sys=0.01, real=0.00 secs] 
11.776: [GC11.776: [DefNew: 447K->64K(448K), 0.0011040 secs] 143496K->143222K(1048512K), 0.0011520 secs] [Times: user=0.00 sys=0.00, real=0.01 secs] 
11.785: [GC11.785: [DefNew: 448K->63K(448K), 0.0006960 secs] 143606K->143361K(1048512K), 0.0007300 secs] [Times: user=0.00 sys=0.00, real=0.00 secs] 
11.796: [GC11.796: [DefNew: 447K->64K(448K), 0.0006230 secs] 143745K->143441K(1048512K), 0.0006550 secs] [Times: user=0.00 sys=0.00, real=0.01 secs] 
11.807: [GC11.807: [DefNew: 448K->63K(448K), 0.0005910 secs] 143825K->143552K(1048512K), 0.0006210 secs] [Times: user=0.00 sys=0.00, real=0.00 secs] 
11.817: [GC11.817: [DefNew: 447K->63K(448K), 0.0011140 secs] 143936K->143650K(1048512K), 0.0011880 secs] [Times: user=0.00 sys=0.00, real=0.00 secs] 
11.828: [GC11.828: [DefNew: 447K->63K(448K), 0.0009470 secs] 144034K->143750K(1048512K), 0.0010190 secs] [Times: user=0.00 sys=0.00, real=0.00 secs] 
11.839: [GC11.839: [DefNew: 447K->63K(448K), 0.0006060 secs] 144134K->143860K(1048512K), 0.0006410 secs] [Times: user=0.00 sys=0.00, real=0.00 secs] 
11.849: [GC11.849: [DefNew: 447K->63K(448K), 0.0009650 secs] 144244K->143980K(1048512K), 0.0010540 secs] [Times: user=0.00 sys=0.00, real=0.00 secs] 
11.860: [GC11.860: [DefNew: 447K->64K(448K), 0.0009690 secs] 144364K->144080K(1048512K), 0.0010580 secs] [Times: user=0.00 sys=0.00, real=0.00 secs] 
11.871: [GC11.871: [DefNew: 448K->63K(448K), 0.0006680 secs] 144464K->144229K(1048512K), 0.0007060 secs] [Times: user=0.00 sys=0.00, real=0.00 secs] 
11.880: [GC11.880: [DefNew: 447K->63K(448K), 0.0011160 secs] 144613K->144343K(1048512K), 0.0012150 secs] [Times: user=0.00 sys=0.00, real=0.00 secs] 
11.891: [GC11.891: [DefNew: 447K->64K(448K), 0.0007590 secs] 144727K->144471K(1048512K), 0.0007950 secs] [Times: user=0.00 sys=0.00, real=0.00 secs] 
11.901: [GC11.902: [DefNew: 448K->63K(448K), 0.0006550 secs] 144855K->144569K(1048512K), 0.0006990 secs] [Times: user=0.00 sys=0.00, real=0.00 secs] 
11.912: [GC11.912: [DefNew: 447K->63K(448K), 0.0005980 secs] 144953K->144662K(1048512K), 0.0006320 secs] [Times: user=0.00 sys=0.00, real=0.00 secs] 
11.922: [GC11.922: [DefNew: 447K->63K(448K), 0.0011520 secs] 145046K->144759K(1048512K), 0.0012400 secs] [Times: user=0.00 sys=0.00, real=0.00 secs] 
11.933: [GC11.933: [DefNew: 447K->64K(448K), 0.0010730 secs] 145143K->144862K(1048512K), 0.0011530 secs] [Times: user=0.00 sys=0.00, real=0.00 secs] 
11.944: [GC11.944: [DefNew: 448K->64K(448K), 0.0008680 secs] 145246K->144961K(1048512K), 0.0009560 secs] [Times: user=0.01 sys=0.00, real=0.00 secs] 
11.954: [GC11.954: [DefNew: 447K->63K(448K), 0.0011440 secs] 145345K->145100K(1048512K), 0.0011930 secs] [Times: user=0.00 sys=0.00, real=0.00 secs] 
11.965: [GC11.965: [DefNew: 447K->63K(448K), 0.0014020 secs] 145484K->145254K(1048512K), 0.0015000 secs] [Times: user=0.00 sys=0.00, real=0.01 secs] 
11.976: [GC11.976: [DefNew: 447K->63K(448K), 0.0018060 secs] 145638K->145363K(1048512K), 0.0018910 secs] [Times: user=0.00 sys=0.00, real=0.00 secs] 
11.988: [GC11.988: [DefNew: 447K->63K(448K), 0.0021570 secs] 145747K->145553K(1048512K), 0.0022760 secs] [Times: user=0.00 sys=0.00, real=0.00 secs] 
12.000: [GC12.000: [DefNew: 447K->63K(448K), 0.0017590 secs] 145937K->145745K(1048512K), 0.0019250 secs] [Times: user=0.00 sys=0.00, real=0.00 secs] 
12.011: [GC12.011: [DefNew: 447K->63K(448K), 0.0014870 secs] 146129K->145897K(1048512K), 0.0015910 secs] [Times: user=0.00 sys=0.00, real=0.00 secs] 
12.022: [GC12.022: [DefNew: 447K->63K(448K), 0.0014560 secs] 146281K->146026K(1048512K), 0.0015430 secs] [Times: user=0.00 sys=0.00, real=0.00 secs] 
12.033: [GC12.034: [DefNew: 447K->63K(448K), 0.0012170 secs] 146410K->146143K(1048512K), 0.0012990 secs] [Times: user=0.00 sys=0.00, real=0.00 secs] 
12.045: [GC12.045: [DefNew: 447K->63K(448K), 0.0011150 secs] 146527K->146260K(1048512K), 0.0012460 secs] [Times: user=0.00 sys=0.00, real=0.00 secs] 
12.056: [GC12.056: [DefNew: 447K->63K(448K), 0.0006570 secs] 146643K->146378K(1048512K), 0.0006900 secs] [Times: user=0.01 sys=0.00, real=0.01 secs] 
12.066: [GC12.066: [DefNew: 447K->64K(448K), 0.0010480 secs] 146762K->146490K(1048512K), 0.0011410 secs] [Times: user=0.00 sys=0.00, real=0.01 secs] 
12.077: [GC12.077: [DefNew: 448K->63K(448K), 0.0009380 secs] 146874K->146596K(1048512K), 0.0010110 secs] [Times: user=0.00 sys=0.00, real=0.00 secs] 
12.086: [GC12.086: [DefNew: 447K->63K(448K), 0.0014370 secs] 146980K->146739K(1048512K), 0.0015710 secs] [Times: user=0.00 sys=0.00, real=0.01 secs] 
12.097: [GC12.097: [DefNew: 447K->63K(448K), 0.0008940 secs] 147122K->146840K(1048512K), 0.0009730 secs] [Times: user=0.00 sys=0.00, real=0.00 secs] 
12.108: [GC12.108: [DefNew: 447K->63K(448K), 0.0006870 secs] 147224K->146960K(1048512K), 0.0007240 secs] [Times: user=0.00 sys=0.00, real=0.00 secs] 
12.119: [GC12.119: [DefNew: 447K->63K(448K), 0.0014310 secs] 147344K->147072K(1048512K), 0.0015230 secs] [Times: user=0.00 sys=0.00, real=0.00 secs] 
12.130: [GC12.130: [DefNew: 447K->63K(448K), 0.0010930 secs] 147456K->147177K(1048512K), 0.0011790 secs] [Times: user=0.00 sys=0.00, real=0.00 secs] 
12.141: [GC12.141: [DefNew: 447K->63K(448K), 0.0013590 secs] 147560K->147322K(1048512K), 0.0014440 secs] [Times: user=0.00 sys=0.00, real=0.00 secs] 
12.152: [GC12.152: [DefNew: 447K->64K(448K), 0.0012030 secs] 147706K->147470K(1048512K), 0.0012790 secs] [Times: user=0.00 sys=0.00, real=0.00 secs] 
12.162: [GC12.162: [DefNew: 448K->64K(448K), 0.0011820 secs] 147854K->147566K(1048512K), 0.0012820 secs] [Times: user=0.00 sys=0.00, real=0.00 secs] 
12.173: [GC12.173: [DefNew: 448K->63K(448K), 0.0010380 secs] 147950K->147696K(1048512K), 0.0010880 secs] [Times: user=0.00 sys=0.00, real=0.00 secs] 
12.183: [GC12.184: [DefNew: 447K->64K(448K), 0.0014000 secs] 148080K->147848K(1048512K), 0.0014680 secs] [Times: user=0.00 sys=0.00, real=0.00 secs] 
12.195: [GC12.195: [DefNew: 448K->64K(448K), 0.0021200 secs] 148232K->148027K(1048512K), 0.0022440 secs] [Times: user=0.00 sys=0.00, real=0.01 secs] 
12.207: [GC12.207: [DefNew: 448K->64K(448K), 0.0055920 secs] 148411K->148242K(1048512K), 0.0057970 secs] [Times: user=0.00 sys=0.00, real=0.00 secs] 
12.226: [GC12.226: [DefNew: 448K->63K(448K), 0.0043610 secs] 148626K->148415K(1048512K), 0.0044200 secs] [Times: user=0.00 sys=0.00, real=0.00 secs] 
12.241: [GC12.241: [DefNew: 447K->63K(448K), 0.0026680 secs] 148799K->148552K(1048512K), 0.0028380 secs] [Times: user=0.01 sys=0.00, real=0.00 secs] 
12.254: [GC12.254: [DefNew: 447K->63K(448K), 0.0020980 secs] 148936K->148770K(1048512K), 0.0022210 secs] [Times: user=0.00 sys=0.00, real=0.00 secs] 
12.266: [GC12.266: [DefNew: 447K->63K(448K), 0.0038830 secs] 149154K->149000K(1048512K), 0.0040090 secs] [Times: user=0.00 sys=0.00, real=0.01 secs] 
12.282: [GC12.282: [DefNew: 447K->64K(448K), 0.0033280 secs] 149383K->149254K(1048512K), 0.0034910 secs] [Times: user=0.01 sys=0.00, real=0.00 secs] 
12.294: [GC12.294: [DefNew: 447K->64K(448K), 0.0021350 secs] 149638K->149433K(1048512K), 0.0022760 secs] [Times: user=0.00 sys=0.00, real=0.01 secs] 
12.306: [GC12.306: [DefNew: 448K->64K(448K), 0.0011720 secs] 149817K->149547K(1048512K), 0.0012580 secs] [Times: user=0.00 sys=0.00, real=0.01 secs] 
12.316: [GC12.317: [DefNew: 448K->63K(448K), 0.0006790 secs] 149931K->149664K(1048512K), 0.0007100 secs] [Times: user=0.00 sys=0.00, real=0.00 secs] 
12.327: [GC12.327: [DefNew: 447K->63K(448K), 0.0013930 secs] 150048K->149754K(1048512K), 0.0014850 secs] [Times: user=0.00 sys=0.00, real=0.00 secs] 
12.339: [GC12.339: [DefNew: 447K->64K(448K), 0.0006520 secs] 150138K->149878K(1048512K), 0.0006850 secs] [Times: user=0.01 sys=0.00, real=0.00 secs] 
12.349: [GC12.349: [DefNew: 448K->63K(448K), 0.0009510 secs] 150262K->149984K(1048512K), 0.0010200 secs] [Times: user=0.00 sys=0.00, real=0.00 secs] 
12.358: [GC12.359: [DefNew: 447K->63K(448K), 0.0006190 secs] 150368K->150088K(1048512K), 0.0006620 secs] [Times: user=0.00 sys=0.00, real=0.00 secs] 
12.369: [GC12.369: [DefNew: 447K->63K(448K), 0.0010740 secs] 150472K->150217K(1048512K), 0.0011500 secs] [Times: user=0.00 sys=0.00, real=0.00 secs] 
12.380: [GC12.380: [DefNew: 447K->64K(448K), 0.0005720 secs] 150601K->150295K(1048512K), 0.0006070 secs] [Times: user=0.00 sys=0.00, real=0.00 secs] 
12.390: [GC12.390: [DefNew: 448K->63K(448K), 0.0005930 secs] 150679K->150411K(1048512K), 0.0006320 secs] [Times: user=0.00 sys=0.00, real=0.00 secs] 
12.400: [GC12.401: [DefNew: 447K->63K(448K), 0.0010880 secs] 150795K->150507K(1048512K), 0.0011710 secs] [Times: user=0.00 sys=0.00, real=0.00 secs] 
12.412: [GC12.412: [DefNew: 447K->63K(448K), 0.0011790 secs] 150891K->150653K(1048512K), 0.0012510 secs] [Times: user=0.00 sys=0.00, real=0.00 secs] 
12.423: [GC12.423: [DefNew: 447K->64K(448K), 0.0007150 secs] 151037K->150757K(1048512K), 0.0007490 secs] [Times: user=0.01 sys=0.00, real=0.00 secs] 
12.432: [GC12.432: [DefNew: 447K->63K(448K), 0.0012310 secs] 151140K->150863K(1048512K), 0.0013280 secs] [Times: user=0.00 sys=0.00, real=0.00 secs] 
12.443: [GC12.443: [DefNew: 447K->63K(448K), 0.0006540 secs] 151246K->150945K(1048512K), 0.0006950 secs] [Times: user=0.00 sys=0.00, real=0.00 secs] 
12.453: [GC12.453: [DefNew: 447K->63K(448K), 0.0007060 secs] 151329K->151094K(1048512K), 0.0007420 secs] [Times: user=0.00 sys=0.00, real=0.00 secs] 
12.464: [GC12.464: [DefNew: 447K->63K(448K), 0.0011090 secs] 151477K->151195K(1048512K), 0.0011940 secs] [Times: user=0.00 sys=0.00, real=0.00 secs] 
12.475: [GC12.475: [DefNew: 447K->64K(448K), 0.0007710 secs] 151578K->151336K(1048512K), 0.0008090 secs] [Times: user=0.00 sys=0.00, real=0.00 secs] 
12.485: [GC12.485: [DefNew: 448K->63K(448K), 0.0007270 secs] 151720K->151445K(1048512K), 0.0007990 secs] [Times: user=0.00 sys=0.00, real=0.00 secs] 
12.496: [GC12.496: [DefNew: 447K->63K(448K), 0.0006960 secs] 151829K->151557K(1048512K), 0.0007530 secs] [Times: user=0.00 sys=0.00, real=0.01 secs] 
12.506: [GC12.506: [DefNew: 447K->63K(448K), 0.0016650 secs] 151941K->151772K(1048512K), 0.0017830 secs] [Times: user=0.00 sys=0.00, real=0.01 secs] 
12.518: [GC12.518: [DefNew: 447K->63K(448K), 0.0017080 secs] 152156K->151963K(1048512K), 0.0018130 secs] [Times: user=0.00 sys=0.00, real=0.00 secs] 
12.529: [GC12.529: [DefNew: 447K->63K(448K), 0.0010590 secs] 152347K->152098K(1048512K), 0.0011210 secs] [Times: user=0.00 sys=0.00, real=0.00 secs] 
12.540: [GC12.540: [DefNew: 447K->63K(448K), 0.0006780 secs] 152482K->152207K(1048512K), 0.0007160 secs] [Times: user=0.00 sys=0.00, real=0.00 secs] 
12.550: [GC12.550: [DefNew: 447K->63K(448K), 0.0013170 secs] 152591K->152352K(1048512K), 0.0014480 secs] [Times: user=0.00 sys=0.00, real=0.00 secs] 
12.560: [GC12.560: [DefNew: 447K->63K(448K), 0.0011220 secs] 152736K->152447K(1048512K), 0.0012140 secs] [Times: user=0.01 sys=0.00, real=0.00 secs] 
12.571: [GC12.571: [DefNew: 447K->64K(448K), 0.0006990 secs] 152831K->152572K(1048512K), 0.0007330 secs] [Times: user=0.00 sys=0.00, real=0.00 secs] 
12.582: [GC12.582: [DefNew: 448K->64K(448K), 0.0010890 secs] 152956K->152683K(1048512K), 0.0011470 secs] [Times: user=0.00 sys=0.00, real=0.00 secs] 
12.593: [GC12.593: [DefNew: 448K->64K(448K), 0.0011390 secs] 153067K->152831K(1048512K), 0.0011880 secs] [Times: user=0.00 sys=0.00, real=0.00 secs] 
12.604: [GC12.604: [DefNew: 448K->63K(448K), 0.0007870 secs] 153215K->152957K(1048512K), 0.0008220 secs] [Times: user=0.00 sys=0.00, real=0.00 secs] 
12.614: [GC12.615: [DefNew: 447K->63K(448K), 0.0009640 secs] 153341K->153056K(1048512K), 0.0010400 secs] [Times: user=0.00 sys=0.00, real=0.00 secs] 
12.626: [GC12.626: [DefNew: 447K->63K(448K), 0.0010270 secs] 153440K->153158K(1048512K), 0.0010780 secs] [Times: user=0.00 sys=0.00, real=0.01 secs] 
12.635: [GC12.635: [DefNew: 447K->63K(448K), 0.0017330 secs] 153542K->153309K(1048512K), 0.0018350 secs] [Times: user=0.00 sys=0.00, real=0.01 secs] 
12.647: [GC12.647: [DefNew: 447K->63K(448K), 0.0015160 secs] 153693K->153436K(1048512K), 0.0016020 secs] [Times: user=0.00 sys=0.00, real=0.00 secs] 
12.658: [GC12.658: [DefNew: 447K->64K(448K), 0.0006910 secs] 153820K->153540K(1048512K), 0.0007300 secs] [Times: user=0.00 sys=0.00, real=0.00 secs] 
12.669: [GC12.669: [DefNew: 448K->64K(448K), 0.0010080 secs] 153924K->153654K(1048512K), 0.0010830 secs] [Times: user=0.00 sys=0.00, real=0.00 secs] 
12.680: [GC12.680: [DefNew: 447K->63K(448K), 0.0005830 secs] 154037K->153741K(1048512K), 0.0006150 secs] [Times: user=0.00 sys=0.00, real=0.00 secs] 
12.690: [GC12.690: [DefNew: 447K->63K(448K), 0.0007370 secs] 154125K->153840K(1048512K), 0.0007830 secs] [Times: user=0.00 sys=0.00, real=0.00 secs] 
12.701: [GC12.701: [DefNew: 447K->63K(448K), 0.0010440 secs] 154224K->153934K(1048512K), 0.0011180 secs] [Times: user=0.00 sys=0.00, real=0.00 secs] 
12.712: [GC12.712: [DefNew: 447K->63K(448K), 0.0020870 secs] 154318K->154061K(1048512K), 0.0021980 secs] [Times: user=0.00 sys=0.00, real=0.00 secs] 
12.724: [GC12.724: [DefNew: 447K->64K(448K), 0.0017170 secs] 154445K->154191K(1048512K), 0.0018420 secs] [Times: user=0.00 sys=0.01, real=0.00 secs] 
12.735: [GC12.735: [DefNew: 448K->63K(448K), 0.0014570 secs] 154575K->154360K(1048512K), 0.0015880 secs] [Times: user=0.00 sys=0.00, real=0.00 secs] 
12.746: [GC12.746: [DefNew: 447K->63K(448K), 0.0014220 secs] 154744K->154499K(1048512K), 0.0015200 secs] [Times: user=0.00 sys=0.00, real=0.00 secs] 
12.758: [GC12.758: [DefNew: 447K->63K(448K), 0.0011330 secs] 154883K->154620K(1048512K), 0.0011770 secs] [Times: user=0.01 sys=0.00, real=0.00 secs] 
12.768: [GC12.768: [DefNew: 447K->64K(448K), 0.0012520 secs] 155004K->154748K(1048512K), 0.0013640 secs] [Times: user=0.00 sys=0.00, real=0.00 secs] 
12.780: [GC12.780: [DefNew: 447K->63K(448K), 0.0005980 secs] 155131K->154835K(1048512K), 0.0006310 secs] [Times: user=0.00 sys=0.00, real=0.00 secs] 
12.790: [GC12.790: [DefNew: 447K->63K(448K), 0.0005860 secs] 155219K->154939K(1048512K), 0.0006210 secs] [Times: user=0.00 sys=0.00, real=0.00 secs] 
12.801: [GC12.801: [DefNew: 447K->63K(448K), 0.0011790 secs] 155323K->155050K(1048512K), 0.0012810 secs] [Times: user=0.00 sys=0.00, real=0.00 secs] 
12.810: [GC12.810: [DefNew: 447K->63K(448K), 0.0012580 secs] 155434K->155170K(1048512K), 0.0013540 secs] [Times: user=0.00 sys=0.00, real=0.00 secs] 
12.821: [GC12.822: [DefNew: 447K->63K(448K), 0.0006650 secs] 155554K->155266K(1048512K), 0.0007000 secs] [Times: user=0.00 sys=0.00, real=0.00 secs] 
12.832: [GC12.832: [DefNew: 447K->63K(448K), 0.0017870 secs] 155650K->155381K(1048512K), 0.0018980 secs] [Times: user=0.01 sys=0.00, real=0.00 secs] 
12.844: [GC12.844: [DefNew: 447K->63K(448K), 0.0009440 secs] 155765K->155482K(1048512K), 0.0010090 secs] [Times: user=0.00 sys=0.00, real=0.00 secs] 
12.854: [GC12.854: [DefNew: 447K->63K(448K), 0.0006900 secs] 155866K->155631K(1048512K), 0.0007250 secs] [Times: user=0.00 sys=0.00, real=0.00 secs] 
12.865: [GC12.865: [DefNew: 447K->64K(448K), 0.0006560 secs] 156015K->155730K(1048512K), 0.0007650 secs] [Times: user=0.00 sys=0.00, real=0.00 secs] 
12.875: [GC12.875: [DefNew: 448K->64K(448K), 0.0006480 secs] 156114K->155818K(1048512K), 0.0007160 secs] [Times: user=0.00 sys=0.00, real=0.00 secs] 
12.886: [GC12.886: [DefNew: 448K->63K(448K), 0.0013600 secs] 156202K->155929K(1048512K), 0.0014630 secs] [Times: user=0.00 sys=0.00, real=0.01 secs] 
12.897: [GC12.898: [DefNew: 447K->63K(448K), 0.0009910 secs] 156312K->156036K(1048512K), 0.0010690 secs] [Times: user=0.00 sys=0.00, real=0.00 secs] 
12.907: [GC12.907: [DefNew: 447K->63K(448K), 0.0009660 secs] 156420K->156141K(1048512K), 0.0010340 secs] [Times: user=0.00 sys=0.00, real=0.00 secs] 
12.917: [GC12.917: [DefNew: 447K->63K(448K), 0.0008310 secs] 156525K->156273K(1048512K), 0.0009110 secs] [Times: user=0.00 sys=0.00, real=0.00 secs] 
12.927: [GC12.927: [DefNew: 447K->64K(448K), 0.0024100 secs] 156657K->156492K(1048512K), 0.0025300 secs] [Times: user=0.00 sys=0.00, real=0.00 secs] 
12.940: [GC12.940: [DefNew: 447K->64K(448K), 0.0017110 secs] 156875K->156653K(1048512K), 0.0018190 secs] [Times: user=0.00 sys=0.00, real=0.00 secs] 
12.951: [GC12.951: [DefNew: 448K->63K(448K), 0.0018590 secs] 157037K->156842K(1048512K), 0.0019920 secs] [Times: user=0.00 sys=0.00, real=0.00 secs] 
12.963: [GC12.963: [DefNew: 447K->63K(448K), 0.0014910 secs] 157226K->156951K(1048512K), 0.0015890 secs] [Times: user=0.01 sys=0.00, real=0.00 secs] 
12.972: [GC12.972: [DefNew: 447K->63K(448K), 0.0006470 secs] 157335K->157087K(1048512K), 0.0006840 secs] [Times: user=0.00 sys=0.00, real=0.00 secs] 
12.982: [GC12.982: [DefNew: 447K->63K(448K), 0.0006060 secs] 157471K->157166K(1048512K), 0.0006430 secs] [Times: user=0.00 sys=0.00, real=0.00 secs] 
12.992: [GC12.992: [DefNew: 447K->64K(448K), 0.0006960 secs] 157550K->157314K(1048512K), 0.0007340 secs] [Times: user=0.00 sys=0.00, real=0.00 secs] 
13.002: [GC13.002: [DefNew: 448K->63K(448K), 0.0012340 secs] 157698K->157460K(1048512K), 0.0013080 secs] [Times: user=0.00 sys=0.00, real=0.00 secs] 
13.013: [GC13.013: [DefNew: 447K->63K(448K), 0.0009710 secs] 157844K->157583K(1048512K), 0.0010740 secs] [Times: user=0.00 sys=0.00, real=0.00 secs] 
13.024: [GC13.024: [DefNew: 447K->63K(448K), 0.0006780 secs] 157967K->157701K(1048512K), 0.0007320 secs] [Times: user=0.00 sys=0.00, real=0.00 secs] 
13.034: [GC13.034: [DefNew: 447K->63K(448K), 0.0012450 secs] 158085K->157828K(1048512K), 0.0013320 secs] [Times: user=0.01 sys=0.00, real=0.00 secs] 
13.046: [GC13.046: [DefNew: 447K->64K(448K), 0.0010840 secs] 158212K->157930K(1048512K), 0.0011710 secs] [Times: user=0.00 sys=0.00, real=0.01 secs] 
13.055: [GC13.055: [DefNew: 448K->63K(448K), 0.0006820 secs] 158314K->158035K(1048512K), 0.0007160 secs] [Times: user=0.00 sys=0.00, real=0.00 secs] 
13.066: [GC13.066: [DefNew: 447K->63K(448K), 0.0012120 secs] 158419K->158176K(1048512K), 0.0013210 secs] [Times: user=0.00 sys=0.00, real=0.01 secs] 
13.077: [GC13.077: [DefNew: 447K->63K(448K), 0.0012030 secs] 158560K->158294K(1048512K), 0.0012520 secs] [Times: user=0.00 sys=0.00, real=0.00 secs] 
13.088: [GC13.088: [DefNew: 447K->63K(448K), 0.0013230 secs] 158678K->158438K(1048512K), 0.0014160 secs] [Times: user=0.00 sys=0.00, real=0.00 secs] 
13.099: [GC13.099: [DefNew: 447K->63K(448K), 0.0007540 secs] 158822K->158544K(1048512K), 0.0008110 secs] [Times: user=0.01 sys=0.00, real=0.00 secs] 
13.110: [GC13.110: [DefNew: 447K->64K(448K), 0.0007730 secs] 158928K->158662K(1048512K), 0.0008250 secs] [Times: user=0.00 sys=0.00, real=0.00 secs] 
13.120: [GC13.120: [DefNew: 447K->63K(448K), 0.0006910 secs] 159045K->158770K(1048512K), 0.0007240 secs] [Times: user=0.00 sys=0.00, real=0.00 secs] 
13.130: [GC13.130: [DefNew: 447K->63K(448K), 0.0009210 secs] 159154K->158857K(1048512K), 0.0010000 secs] [Times: user=0.00 sys=0.00, real=0.00 secs] 
13.140: [GC13.140: [DefNew: 447K->63K(448K), 0.0006400 secs] 159241K->159007K(1048512K), 0.0006730 secs] [Times: user=0.00 sys=0.00, real=0.00 secs] 
13.149: [GC13.149: [DefNew: 447K->63K(448K), 0.0013370 secs] 159391K->159127K(1048512K), 0.0014200 secs] [Times: user=0.00 sys=0.00, real=0.00 secs] 
13.160: [GC13.160: [DefNew: 447K->64K(448K), 0.0009860 secs] 159511K->159226K(1048512K), 0.0010640 secs] [Times: user=0.00 sys=0.00, real=0.00 secs] 
13.171: [GC13.171: [DefNew: 447K->63K(448K), 0.0007210 secs] 159609K->159346K(1048512K), 0.0007560 secs] [Times: user=0.00 sys=0.00, real=0.00 secs] 
13.181: [GC13.181: [DefNew: 447K->63K(448K), 0.0006180 secs] 159730K->159432K(1048512K), 0.0006490 secs] [Times: user=0.01 sys=0.00, real=0.00 secs] 
13.191: [GC13.191: [DefNew: 447K->63K(448K), 0.0007090 secs] 159816K->159564K(1048512K), 0.0007420 secs] [Times: user=0.00 sys=0.00, real=0.00 secs] 
13.202: [GC13.202: [DefNew: 447K->63K(448K), 0.0016200 secs] 159948K->159679K(1048512K), 0.0018060 secs] [Times: user=0.00 sys=0.00, real=0.00 secs] 
13.214: [GC13.215: [DefNew: 447K->63K(448K), 0.0020600 secs] 160063K->159856K(1048512K), 0.0021660 secs] [Times: user=0.00 sys=0.00, real=0.01 secs] 
13.229: [GC13.229: [DefNew: 447K->63K(448K), 0.0053180 secs] 160240K->160034K(1048512K), 0.0055070 secs] [Times: user=0.00 sys=0.01, real=0.00 secs] 
13.244: [GC13.244: [DefNew: 447K->64K(448K), 0.0015800 secs] 160418K->160171K(1048512K), 0.0016370 secs] [Times: user=0.00 sys=0.00, real=0.00 secs] 
13.255: [GC13.256: [DefNew: 448K->64K(448K), 0.0021800 secs] 160555K->160319K(1048512K), 0.0022910 secs] [Times: user=0.00 sys=0.00, real=0.01 secs] 
13.268: [GC13.268: [DefNew: 448K->63K(448K), 0.0014850 secs] 160703K->160453K(1048512K), 0.0016060 secs] [Times: user=0.00 sys=0.00, real=0.00 secs] 
13.280: [GC13.280: [DefNew: 447K->63K(448K), 0.0028880 secs] 160837K->160667K(1048512K), 0.0029780 secs] [Times: user=0.00 sys=0.00, real=0.00 secs] 
13.293: [GC13.293: [DefNew: 447K->64K(448K), 0.0036090 secs] 161051K->160858K(1048512K), 0.0038290 secs] [Times: user=0.00 sys=0.00, real=0.01 secs] 
13.305: [GC13.305: [DefNew: 448K->64K(448K), 0.0010250 secs] 161242K->161014K(1048512K), 0.0011080 secs] [Times: user=0.00 sys=0.00, real=0.01 secs] 
13.316: [GC13.316: [DefNew: 448K->63K(448K), 0.0012630 secs] 161398K->161135K(1048512K), 0.0013410 secs] [Times: user=0.00 sys=0.00, real=0.01 secs] 
13.327: [GC13.327: [DefNew: 447K->63K(448K), 0.0015540 secs] 161519K->161238K(1048512K), 0.0016680 secs] [Times: user=0.00 sys=0.00, real=0.00 secs] 
13.339: [GC13.339: [DefNew: 447K->63K(448K), 0.0008480 secs] 161622K->161395K(1048512K), 0.0009040 secs] [Times: user=0.01 sys=0.00, real=0.00 secs] 
13.348: [GC13.348: [DefNew: 447K->63K(448K), 0.0006620 secs] 161779K->161484K(1048512K), 0.0007000 secs] [Times: user=0.00 sys=0.00, real=0.00 secs] 
13.358: [GC13.358: [DefNew: 447K->63K(448K), 0.0005950 secs] 161868K->161601K(1048512K), 0.0006360 secs] [Times: user=0.00 sys=0.00, real=0.00 secs] 
13.368: [GC13.368: [DefNew: 447K->63K(448K), 0.0023940 secs] 161985K->161759K(1048512K), 0.0024870 secs] [Times: user=0.00 sys=0.00, real=0.00 secs] 
13.378: [GC13.378: [DefNew: 447K->63K(448K), 0.0018270 secs] 162143K->161896K(1048512K), 0.0019400 secs] [Times: user=0.00 sys=0.00, real=0.00 secs] 
13.389: [GC13.389: [DefNew: 447K->63K(448K), 0.0010800 secs] 162280K->162026K(1048512K), 0.0011810 secs] [Times: user=0.00 sys=0.00, real=0.00 secs] 
13.400: [GC13.400: [DefNew: 447K->63K(448K), 0.0016880 secs] 162410K->162197K(1048512K), 0.0018180 secs] [Times: user=0.01 sys=0.00, real=0.00 secs] 
13.411: [GC13.411: [DefNew: 447K->63K(448K), 0.0017980 secs] 162581K->162300K(1048512K), 0.0018970 secs] [Times: user=0.00 sys=0.00, real=0.00 secs] 
13.423: [GC13.423: [DefNew: 447K->64K(448K), 0.0014850 secs] 162684K->162426K(1048512K), 0.0015960 secs] [Times: user=0.00 sys=0.00, real=0.00 secs] 
13.433: [GC13.433: [DefNew: 447K->64K(448K), 0.0006830 secs] 162809K->162524K(1048512K), 0.0007250 secs] [Times: user=0.00 sys=0.00, real=0.00 secs] 
13.443: [GC13.443: [DefNew: 448K->64K(448K), 0.0019520 secs] 162908K->162664K(1048512K), 0.0021280 secs] [Times: user=0.00 sys=0.00, real=0.00 secs] 
13.454: [GC13.454: [DefNew: 448K->64K(448K), 0.0031810 secs] 163048K->162904K(1048512K), 0.0034420 secs] [Times: user=0.00 sys=0.00, real=0.01 secs] 
13.468: [GC13.468: [DefNew: 448K->64K(448K), 0.0021260 secs] 163288K->163147K(1048512K), 0.0022450 secs] [Times: user=0.00 sys=0.00, real=0.00 secs] 
13.480: [GC13.480: [DefNew: 448K->63K(448K), 0.0019400 secs] 163531K->163383K(1048512K), 0.0021350 secs] [Times: user=0.00 sys=0.00, real=0.00 secs] 
13.492: [GC13.492: [DefNew: 447K->63K(448K), 0.0018620 secs] 163767K->163521K(1048512K), 0.0019830 secs] [Times: user=0.01 sys=0.00, real=0.00 secs] 
13.503: [GC13.504: [DefNew: 447K->63K(448K), 0.0007690 secs] 163905K->163644K(1048512K), 0.0008030 secs] [Times: user=0.00 sys=0.00, real=0.00 secs] 
13.513: [GC13.513: [DefNew: 447K->63K(448K), 0.0007810 secs] 164028K->163732K(1048512K), 0.0008340 secs] [Times: user=0.00 sys=0.00, real=0.00 secs] 
13.523: [GC13.523: [DefNew: 447K->63K(448K), 0.0006810 secs] 164116K->163885K(1048512K), 0.0007170 secs] [Times: user=0.00 sys=0.00, real=0.00 secs] 
13.534: [GC13.534: [DefNew: 447K->63K(448K), 0.0015300 secs] 164269K->164010K(1048512K), 0.0016450 secs] [Times: user=0.00 sys=0.00, real=0.00 secs] 
13.546: [GC13.546: [DefNew: 447K->64K(448K), 0.0010360 secs] 164394K->164103K(1048512K), 0.0011050 secs] [Times: user=0.00 sys=0.00, real=0.01 secs] 
13.556: [GC13.556: [DefNew: 448K->63K(448K), 0.0006660 secs] 164487K->164219K(1048512K), 0.0006970 secs] [Times: user=0.00 sys=0.00, real=0.01 secs] 
13.566: [GC13.566: [DefNew: 447K->64K(448K), 0.0009440 secs] 164603K->164309K(1048512K), 0.0010040 secs] [Times: user=0.01 sys=0.00, real=0.01 secs] 
13.577: [GC13.577: [DefNew: 448K->64K(448K), 0.0010890 secs] 164693K->164479K(1048512K), 0.0011360 secs] [Times: user=0.00 sys=0.00, real=0.00 secs] 
13.588: [GC13.588: [DefNew: 448K->63K(448K), 0.0007970 secs] 164863K->164591K(1048512K), 0.0008300 secs] [Times: user=0.00 sys=0.00, real=0.00 secs] 
13.597: [GC13.597: [DefNew: 447K->63K(448K), 0.0009460 secs] 164975K->164714K(1048512K), 0.0010130 secs] [Times: user=0.00 sys=0.00, real=0.00 secs] 
13.608: [GC13.608: [DefNew: 447K->64K(448K), 0.0006200 secs] 165098K->164810K(1048512K), 0.0006540 secs] [Times: user=0.00 sys=0.00, real=0.00 secs] 
13.618: [GC13.618: [DefNew: 448K->63K(448K), 0.0012350 secs] 165194K->164940K(1048512K), 0.0013430 secs] [Times: user=0.00 sys=0.00, real=0.00 secs] 
13.629: [GC13.629: [DefNew: 447K->63K(448K), 0.0009390 secs] 165324K->165050K(1048512K), 0.0010150 secs] [Times: user=0.00 sys=0.00, real=0.00 secs] 
13.640: [GC13.640: [DefNew: 447K->63K(448K), 0.0006490 secs] 165434K->165168K(1048512K), 0.0006840 secs] [Times: user=0.00 sys=0.00, real=0.00 secs] 
13.650: [GC13.650: [DefNew: 447K->63K(448K), 0.0006360 secs] 165552K->165274K(1048512K), 0.0006690 secs] [Times: user=0.00 sys=0.00, real=0.00 secs] 
13.660: [GC13.660: [DefNew: 447K->64K(448K), 0.0006310 secs] 165658K->165378K(1048512K), 0.0006680 secs] [Times: user=0.00 sys=0.00, real=0.00 secs] 
13.671: [GC13.671: [DefNew: 447K->63K(448K), 0.0007490 secs] 165762K->165490K(1048512K), 0.0008340 secs] [Times: user=0.00 sys=0.00, real=0.00 secs] 
13.681: [GC13.681: [DefNew: 447K->63K(448K), 0.0012700 secs] 165874K->165599K(1048512K), 0.0013650 secs] [Times: user=0.00 sys=0.00, real=0.00 secs] 
13.690: [GC13.690: [DefNew: 447K->63K(448K), 0.0006360 secs] 165983K->165716K(1048512K), 0.0006770 secs] [Times: user=0.00 sys=0.00, real=0.00 secs] 
13.700: [GC13.700: [DefNew: 447K->63K(448K), 0.0021000 secs] 166100K->165885K(1048512K), 0.0022780 secs] [Times: user=0.00 sys=0.00, real=0.00 secs] 
13.711: [GC13.712: [DefNew: 447K->63K(448K), 0.0021460 secs] 166269K->166003K(1048512K), 0.0022240 secs] [Times: user=0.00 sys=0.00, real=0.00 secs] 
13.725: [GC13.725: [DefNew: 447K->64K(448K), 0.0010390 secs] 166387K->166165K(1048512K), 0.0010950 secs] [Times: user=0.00 sys=0.00, real=0.00 secs] 
13.738: [GC13.738: [DefNew: 448K->64K(448K), 0.0011110 secs] 166549K->166327K(1048512K), 0.0011990 secs] [Times: user=0.00 sys=0.00, real=0.00 secs] 
13.753: [GC13.753: [DefNew: 448K->64K(448K), 0.0029330 secs] 166711K->166521K(1048512K), 0.0031850 secs] [Times: user=0.00 sys=0.00, real=0.01 secs] 
13.768: [GC13.768: [DefNew: 448K->64K(448K), 0.0025550 secs] 166905K->166716K(1048512K), 0.0027810 secs] [Times: user=0.00 sys=0.00, real=0.00 secs] 
13.782: [GC13.782: [DefNew: 448K->63K(448K), 0.0009710 secs] 167100K->166838K(1048512K), 0.0010290 secs] [Times: user=0.00 sys=0.00, real=0.00 secs] 
13.796: [GC13.796: [DefNew: 447K->63K(448K), 0.0018890 secs] 167222K->167028K(1048512K), 0.0019600 secs] [Times: user=0.00 sys=0.00, real=0.01 secs] 
13.810: [GC13.810: [DefNew: 447K->63K(448K), 0.0044030 secs] 167412K->167236K(1048512K), 0.0045100 secs] [Times: user=0.00 sys=0.00, real=0.00 secs] 
13.826: [GC13.826: [DefNew: 447K->63K(448K), 0.0013410 secs] 167620K->167367K(1048512K), 0.0014470 secs] [Times: user=0.00 sys=0.00, real=0.00 secs] 
13.837: [GC13.837: [DefNew: 447K->64K(448K), 0.0025060 secs] 167751K->167500K(1048512K), 0.0026300 secs] [Times: user=0.00 sys=0.00, real=0.00 secs] 
13.848: [GC13.848: [DefNew: 448K->63K(448K), 0.0013730 secs] 167884K->167638K(1048512K), 0.0014410 secs] [Times: user=0.00 sys=0.00, real=0.00 secs] 
13.858: [GC13.858: [DefNew: 447K->63K(448K), 0.0006810 secs] 168022K->167738K(1048512K), 0.0007230 secs] [Times: user=0.00 sys=0.00, real=0.00 secs] 
13.869: [GC13.869: [DefNew: 447K->63K(448K), 0.0023380 secs] 168122K->167885K(1048512K), 0.0024980 secs] [Times: user=0.00 sys=0.00, real=0.00 secs] 
13.881: [GC13.881: [DefNew: 447K->63K(448K), 0.0015370 secs] 168269K->168045K(1048512K), 0.0016450 secs] [Times: user=0.00 sys=0.00, real=0.00 secs] 
13.892: [GC13.892: [DefNew: 447K->64K(448K), 0.0010110 secs] 168429K->168231K(1048512K), 0.0010570 secs] [Times: user=0.00 sys=0.00, real=0.00 secs] 
13.902: [GC13.903: [DefNew: 447K->63K(448K), 0.0018190 secs] 168615K->168401K(1048512K), 0.0019400 secs] [Times: user=0.00 sys=0.00, real=0.00 secs] 
13.914: [GC13.914: [DefNew: 447K->63K(448K), 0.0018700 secs] 168785K->168538K(1048512K), 0.0019730 secs] [Times: user=0.00 sys=0.00, real=0.00 secs] 
13.924: [GC13.924: [DefNew: 447K->63K(448K), 0.0007090 secs] 168922K->168656K(1048512K), 0.0007530 secs] [Times: user=0.00 sys=0.00, real=0.00 secs] 
13.933: [GC13.934: [DefNew: 447K->64K(448K), 0.0018640 secs] 169040K->168768K(1048512K), 0.0021270 secs] [Times: user=0.00 sys=0.00, real=0.00 secs] 
13.945: [GC13.945: [DefNew: 447K->63K(448K), 0.0011420 secs] 169152K->168860K(1048512K), 0.0021340 secs] [Times: user=0.00 sys=0.00, real=0.01 secs] 
13.957: [GC13.957: [DefNew: 447K->63K(448K), 0.0025560 secs] 169244K->169015K(1048512K), 0.0027700 secs] [Times: user=0.00 sys=0.00, real=0.00 secs] 
13.969: [GC13.969: [DefNew: 447K->64K(448K), 0.0020190 secs] 169399K->169225K(1048512K), 0.0021580 secs] [Times: user=0.00 sys=0.00, real=0.00 secs] 
13.981: [GC13.981: [DefNew: 447K->63K(448K), 0.0019990 secs] 169609K->169451K(1048512K), 0.0021160 secs] [Times: user=0.00 sys=0.00, real=0.00 secs] 
13.992: [GC13.992: [DefNew: 447K->64K(448K), 0.0020490 secs] 169835K->169625K(1048512K), 0.0021410 secs] [Times: user=0.00 sys=0.00, real=0.00 secs] 
14.003: [GC14.003: [DefNew: 448K->63K(448K), 0.0010410 secs] 170009K->169790K(1048512K), 0.0011200 secs] [Times: user=0.00 sys=0.00, real=0.00 secs] 
14.014: [GC14.014: [DefNew: 447K->63K(448K), 0.0015440 secs] 170174K->169912K(1048512K), 0.0016490 secs] [Times: user=0.00 sys=0.00, real=0.00 secs] 
14.025: [GC14.025: [DefNew: 447K->64K(448K), 0.0007160 secs] 170296K->170031K(1048512K), 0.0007510 secs] [Times: user=0.00 sys=0.00, real=0.00 secs] 
14.036: [GC14.036: [DefNew: 448K->63K(448K), 0.0011670 secs] 170415K->170171K(1048512K), 0.0012440 secs] [Times: user=0.01 sys=0.00, real=0.01 secs] 
14.047: [GC14.047: [DefNew: 447K->64K(448K), 0.0008880 secs] 170555K->170261K(1048512K), 0.0009560 secs] [Times: user=0.00 sys=0.00, real=0.00 secs] 
14.057: [GC14.057: [DefNew: 448K->63K(448K), 0.0005810 secs] 170645K->170359K(1048512K), 0.0006150 secs] [Times: user=0.00 sys=0.00, real=0.00 secs] 
14.067: [GC14.067: [DefNew: 447K->63K(448K), 0.0009780 secs] 170743K->170449K(1048512K), 0.0010270 secs] [Times: user=0.00 sys=0.00, real=0.00 secs] 
14.077: [GC14.077: [DefNew: 447K->63K(448K), 0.0010620 secs] 170833K->170573K(1048512K), 0.0011110 secs] [Times: user=0.00 sys=0.00, real=0.00 secs] 
14.089: [GC14.089: [DefNew: 447K->64K(448K), 0.0013090 secs] 170957K->170726K(1048512K), 0.0013610 secs] [Times: user=0.00 sys=0.00, real=0.00 secs] 
14.099: [GC14.099: [DefNew: 448K->63K(448K), 0.0023540 secs] 171110K->170867K(1048512K), 0.0024830 secs] [Times: user=0.01 sys=0.00, real=0.00 secs] 
14.112: [GC14.112: [DefNew: 447K->63K(448K), 0.0013880 secs] 171251K->170978K(1048512K), 0.0014950 secs] [Times: user=0.00 sys=0.00, real=0.00 secs] 
14.123: [GC14.123: [DefNew: 447K->64K(448K), 0.0007950 secs] 171362K->171143K(1048512K), 0.0008250 secs] [Times: user=0.00 sys=0.00, real=0.00 secs] 
14.133: [GC14.133: [DefNew: 448K->64K(448K), 0.0007920 secs] 171527K->171257K(1048512K), 0.0008460 secs] [Times: user=0.00 sys=0.00, real=0.00 secs] 
14.143: [GC14.143: [DefNew: 448K->64K(448K), 0.0007200 secs] 171641K->171370K(1048512K), 0.0007550 secs] [Times: user=0.00 sys=0.00, real=0.00 secs] 
14.151: [GC14.151: [DefNew: 448K->63K(448K), 0.0007630 secs] 171754K->171498K(1048512K), 0.0008060 secs] [Times: user=0.00 sys=0.00, real=0.00 secs] 
14.161: [GC14.161: [DefNew: 447K->64K(448K), 0.0010090 secs] 171882K->171653K(1048512K), 0.0010620 secs] [Times: user=0.00 sys=0.00, real=0.00 secs] 
14.172: [GC14.172: [DefNew: 448K->63K(448K), 0.0011840 secs] 172037K->171827K(1048512K), 0.0012550 secs] [Times: user=0.01 sys=0.00, real=0.00 secs] 
14.183: [GC14.183: [DefNew: 447K->63K(448K), 0.0018510 secs] 172211K->172034K(1048512K), 0.0020050 secs] [Times: user=0.00 sys=0.00, real=0.00 secs] 
14.195: [GC14.195: [DefNew: 447K->63K(448K), 0.0019520 secs] 172418K->172255K(1048512K), 0.0020060 secs] [Times: user=0.00 sys=0.00, real=0.01 secs] 
14.206: [GC14.206: [DefNew: 447K->64K(448K), 0.0008910 secs] 172639K->172379K(1048512K), 0.0009390 secs] [Times: user=0.00 sys=0.00, real=0.01 secs] 
14.215: [GC14.215: [DefNew: 447K->63K(448K), 0.0006270 secs] 172763K->172469K(1048512K), 0.0006780 secs] [Times: user=0.00 sys=0.00, real=0.00 secs] 
14.225: [GC14.225: [DefNew: 447K->63K(448K), 0.0007630 secs] 172853K->172583K(1048512K), 0.0008140 secs] [Times: user=0.01 sys=0.00, real=0.00 secs] 
14.236: [GC14.236: [DefNew: 447K->63K(448K), 0.0024030 secs] 172967K->172734K(1048512K), 0.0025240 secs] [Times: user=0.00 sys=0.00, real=0.01 secs] 
14.249: [GC14.249: [DefNew: 447K->63K(448K), 0.0021220 secs] 173118K->172902K(1048512K), 0.0022210 secs] [Times: user=0.00 sys=0.00, real=0.00 secs] 
14.262: [GC14.262: [DefNew: 447K->64K(448K), 0.0042730 secs] 173286K->173113K(1048512K), 0.0045140 secs] [Times: user=0.00 sys=0.00, real=0.01 secs] 
14.277: [GC14.277: [DefNew: 448K->64K(448K), 0.0037000 secs] 173497K->173335K(1048512K), 0.0038910 secs] [Times: user=0.00 sys=0.00, real=0.00 secs] 
14.290: [GC14.290: [DefNew: 448K->63K(448K), 0.0024000 secs] 173719K->173564K(1048512K), 0.0026070 secs] [Times: user=0.00 sys=0.00, real=0.00 secs] 
14.304: [GC14.304: [DefNew: 447K->63K(448K), 0.0027250 secs] 173948K->173807K(1048512K), 0.0028880 secs] [Times: user=0.01 sys=0.00, real=0.01 secs] 
14.317: [GC14.317: [DefNew: 447K->64K(448K), 0.0020070 secs] 174191K->174084K(1048512K), 0.0021100 secs] [Times: user=0.00 sys=0.00, real=0.00 secs] 
14.329: [GC14.329: [DefNew: 448K->64K(448K), 0.0024510 secs] 174468K->174292K(1048512K), 0.0025430 secs] [Times: user=0.00 sys=0.00, real=0.00 secs] 
14.340: [GC14.340: [DefNew: 448K->63K(448K), 0.0020860 secs] 174676K->174436K(1048512K), 0.0022090 secs] [Times: user=0.00 sys=0.01, real=0.00 secs] 
14.351: [GC14.351: [DefNew: 447K->64K(448K), 0.0013460 secs] 174820K->174572K(1048512K), 0.0014420 secs] [Times: user=0.01 sys=0.00, real=0.00 secs] 
14.362: [GC14.362: [DefNew: 447K->64K(448K), 0.0018620 secs] 174956K->174732K(1048512K), 0.0020060 secs] [Times: user=0.00 sys=0.00, real=0.00 secs] 
14.373: [GC14.373: [DefNew: 448K->63K(448K), 0.0008180 secs] 175116K->174884K(1048512K), 0.0008620 secs] [Times: user=0.00 sys=0.00, real=0.00 secs] 
14.383: [GC14.383: [DefNew: 447K->63K(448K), 0.0019480 secs] 175268K->175029K(1048512K), 0.0020760 secs] [Times: user=0.00 sys=0.00, real=0.00 secs] 
14.395: [GC14.395: [DefNew: 447K->64K(448K), 0.0015710 secs] 175413K->175152K(1048512K), 0.0016700 secs] [Times: user=0.00 sys=0.00, real=0.01 secs] 
14.406: [GC14.406: [DefNew: 448K->63K(448K), 0.0007620 secs] 175536K->175299K(1048512K), 0.0007940 secs] [Times: user=0.00 sys=0.00, real=0.01 secs] 
14.415: [GC14.415: [DefNew: 447K->64K(448K), 0.0010580 secs] 175683K->175411K(1048512K), 0.0011170 secs] [Times: user=0.00 sys=0.00, real=0.00 secs] 
14.426: [GC14.426: [DefNew: 447K->64K(448K), 0.0008090 secs] 175795K->175544K(1048512K), 0.0008460 secs] [Times: user=0.00 sys=0.00, real=0.01 secs] 
14.436: [GC14.436: [DefNew: 448K->63K(448K), 0.0015350 secs] 175928K->175633K(1048512K), 0.0016740 secs] [Times: user=0.00 sys=0.00, real=0.00 secs] 
14.448: [GC14.448: [DefNew: 447K->64K(448K), 0.0015510 secs] 176017K->175778K(1048512K), 0.0016580 secs] [Times: user=0.00 sys=0.00, real=0.00 secs] 
14.460: [GC14.460: [DefNew: 448K->63K(448K), 0.0026780 secs] 176162K->175950K(1048512K), 0.0028430 secs] [Times: user=0.01 sys=0.00, real=0.00 secs] 
14.472: [GC14.472: [DefNew: 447K->63K(448K), 0.0014100 secs] 176334K->176139K(1048512K), 0.0014810 secs] [Times: user=0.00 sys=0.00, real=0.00 secs] 
14.483: [GC14.483: [DefNew: 447K->63K(448K), 0.0015610 secs] 176523K->176352K(1048512K), 0.0016300 secs] [Times: user=0.00 sys=0.00, real=0.00 secs] 
14.494: [GC14.494: [DefNew: 447K->63K(448K), 0.0016100 secs] 176736K->176521K(1048512K), 0.0017030 secs] [Times: user=0.00 sys=0.00, real=0.00 secs] 
14.506: [GC14.506: [DefNew: 447K->63K(448K), 0.0008130 secs] 176905K->176650K(1048512K), 0.0008490 secs] [Times: user=0.00 sys=0.00, real=0.01 secs] 
14.516: [GC14.516: [DefNew: 447K->63K(448K), 0.0009800 secs] 177034K->176808K(1048512K), 0.0010690 secs] [Times: user=0.01 sys=0.00, real=0.01 secs] 
14.527: [GC14.527: [DefNew: 447K->63K(448K), 0.0008170 secs] 177192K->176902K(1048512K), 0.0008610 secs] [Times: user=0.00 sys=0.00, real=0.00 secs] 
14.538: [GC14.538: [DefNew: 447K->64K(448K), 0.0010820 secs] 177286K->177009K(1048512K), 0.0011410 secs] [Times: user=0.00 sys=0.00, real=0.00 secs] 
14.549: [GC14.549: [DefNew: 447K->63K(448K), 0.0006030 secs] 177393K->177116K(1048512K), 0.0006450 secs] [Times: user=0.00 sys=0.00, real=0.00 secs] 
14.560: [GC14.560: [DefNew: 447K->63K(448K), 0.0014970 secs] 177500K->177210K(1048512K), 0.0015930 secs] [Times: user=0.00 sys=0.00, real=0.00 secs] 
14.570: [GC14.570: [DefNew: 447K->64K(448K), 0.0015810 secs] 177594K->177360K(1048512K), 0.0016960 secs] [Times: user=0.00 sys=0.00, real=0.00 secs] 
14.580: [GC14.581: [DefNew: 448K->63K(448K), 0.0013040 secs] 177744K->177482K(1048512K), 0.0013950 secs] [Times: user=0.01 sys=0.01, real=0.00 secs] 
14.592: [GC14.592: [DefNew: 447K->64K(448K), 0.0006480 secs] 177866K->177594K(1048512K), 0.0006810 secs] [Times: user=0.00 sys=0.00, real=0.00 secs] 
14.602: [GC14.602: [DefNew: 448K->63K(448K), 0.0013610 secs] 177978K->177718K(1048512K), 0.0014820 secs] [Times: user=0.00 sys=0.00, real=0.00 secs] 
14.612: [GC14.613: [DefNew: 447K->63K(448K), 0.0011200 secs] 178102K->177811K(1048512K), 0.0011800 secs] [Times: user=0.00 sys=0.00, real=0.00 secs] 
14.623: [GC14.623: [DefNew: 447K->64K(448K), 0.0006470 secs] 178195K->177915K(1048512K), 0.0006800 secs] [Times: user=0.00 sys=0.00, real=0.00 secs] 
14.634: [GC14.634: [DefNew: 448K->63K(448K), 0.0010170 secs] 178299K->178006K(1048512K), 0.0010660 secs] [Times: user=0.00 sys=0.00, real=0.00 secs] 
14.643: [GC14.643: [DefNew: 447K->63K(448K), 0.0007470 secs] 178390K->178149K(1048512K), 0.0007790 secs] [Times: user=0.00 sys=0.00, real=0.00 secs] 
14.653: [GC14.653: [DefNew: 447K->63K(448K), 0.0011410 secs] 178533K->178283K(1048512K), 0.0012110 secs] [Times: user=0.01 sys=0.00, real=0.00 secs] 
14.664: [GC14.664: [DefNew: 447K->64K(448K), 0.0009280 secs] 178667K->178385K(1048512K), 0.0009870 secs] [Times: user=0.00 sys=0.00, real=0.00 secs] 
14.675: [GC14.675: [DefNew: 448K->63K(448K), 0.0029990 secs] 178769K->178595K(1048512K), 0.0031800 secs] [Times: user=0.00 sys=0.00, real=0.01 secs] 
14.688: [GC14.688: [DefNew: 447K->63K(448K), 0.0016480 secs] 178979K->178798K(1048512K), 0.0017150 secs] [Times: user=0.00 sys=0.00, real=0.00 secs] 
14.700: [GC14.700: [DefNew: 447K->64K(448K), 0.0024070 secs] 179182K->178976K(1048512K), 0.0025700 secs] [Times: user=0.01 sys=0.00, real=0.00 secs] 
14.711: [GC14.711: [DefNew: 447K->63K(448K), 0.0015640 secs] 179359K->179148K(1048512K), 0.0016430 secs] [Times: user=0.00 sys=0.00, real=0.00 secs] 
14.723: [GC14.723: [DefNew: 447K->63K(448K), 0.0007780 secs] 179532K->179263K(1048512K), 0.0008100 secs] [Times: user=0.00 sys=0.00, real=0.00 secs] 
14.733: [GC14.733: [DefNew: 447K->63K(448K), 0.0009910 secs] 179647K->179371K(1048512K), 0.0010440 secs] [Times: user=0.00 sys=0.00, real=0.00 secs] 
14.744: [GC14.744: [DefNew: 447K->64K(448K), 0.0007070 secs] 179755K->179482K(1048512K), 0.0007400 secs] [Times: user=0.00 sys=0.00, real=0.00 secs] 
14.754: [GC14.755: [DefNew: 448K->63K(448K), 0.0006390 secs] 179866K->179565K(1048512K), 0.0006730 secs] [Times: user=0.00 sys=0.00, real=0.00 secs] 
14.765: [GC14.765: [DefNew: 447K->63K(448K), 0.0008670 secs] 179949K->179695K(1048512K), 0.0009210 secs] [Times: user=0.00 sys=0.00, real=0.00 secs] 
14.775: [GC14.775: [DefNew: 447K->63K(448K), 0.0006660 secs] 180079K->179794K(1048512K), 0.0007070 secs] [Times: user=0.00 sys=0.00, real=0.00 secs] 
14.784: [GC14.784: [DefNew: 447K->63K(448K), 0.0011610 secs] 180178K->179932K(1048512K), 0.0012480 secs] [Times: user=0.00 sys=0.00, real=0.00 secs] 
14.796: [GC14.796: [DefNew: 447K->64K(448K), 0.0011700 secs] 180316K->180036K(1048512K), 0.0012860 secs] [Times: user=0.00 sys=0.00, real=0.01 secs] 
14.806: [GC14.806: [DefNew: 448K->63K(448K), 0.0006890 secs] 180420K->180168K(1048512K), 0.0007230 secs] [Times: user=0.00 sys=0.00, real=0.01 secs] 
14.816: [GC14.816: [DefNew: 447K->64K(448K), 0.0012190 secs] 180552K->180299K(1048512K), 0.0012920 secs] [Times: user=0.00 sys=0.00, real=0.01 secs] 
14.828: [GC14.828: [DefNew: 447K->63K(448K), 0.0011230 secs] 180683K->180450K(1048512K), 0.0011660 secs] [Times: user=0.00 sys=0.00, real=0.00 secs] 
14.838: [GC14.838: [DefNew: 447K->63K(448K), 0.0008030 secs] 180834K->180568K(1048512K), 0.0008370 secs] [Times: user=0.01 sys=0.01, real=0.00 secs] 
14.848: [GC14.848: [DefNew: 447K->63K(448K), 0.0006080 secs] 180952K->180663K(1048512K), 0.0006380 secs] [Times: user=0.00 sys=0.00, real=0.00 secs] 
14.858: [GC14.858: [DefNew: 447K->63K(448K), 0.0006770 secs] 181047K->180765K(1048512K), 0.0007330 secs] [Times: user=0.00 sys=0.00, real=0.00 secs] 
14.869: [GC14.869: [DefNew: 447K->64K(448K), 0.0013170 secs] 181149K->180915K(1048512K), 0.0013900 secs] [Times: user=0.00 sys=0.00, real=0.00 secs] 
14.880: [GC14.880: [DefNew: 448K->64K(448K), 0.0023510 secs] 181299K->181106K(1048512K), 0.0025440 secs] [Times: user=0.00 sys=0.00, real=0.00 secs] 
14.893: [GC14.893: [DefNew: 448K->63K(448K), 0.0023140 secs] 181490K->181305K(1048512K), 0.0024350 secs] [Times: user=0.01 sys=0.00, real=0.00 secs] 
14.905: [GC14.905: [DefNew: 447K->63K(448K), 0.0026460 secs] 181689K->181485K(1048512K), 0.0027730 secs] [Times: user=0.00 sys=0.00, real=0.01 secs] 
14.916: [GC14.916: [DefNew: 447K->63K(448K), 0.0015120 secs] 181869K->181662K(1048512K), 0.0015870 secs] [Times: user=0.00 sys=0.00, real=0.00 secs] 
14.927: [GC14.927: [DefNew: 447K->64K(448K), 0.0026430 secs] 182046K->181824K(1048512K), 0.0028150 secs] [Times: user=0.00 sys=0.00, real=0.00 secs] 
14.939: [GC14.939: [DefNew: 448K->64K(448K), 0.0010380 secs] 182208K->181998K(1048512K), 0.0010940 secs] [Times: user=0.01 sys=0.00, real=0.00 secs] 
14.950: [GC14.950: [DefNew: 448K->64K(448K), 0.0017140 secs] 182382K->182153K(1048512K), 0.0018930 secs] [Times: user=0.00 sys=0.00, real=0.00 secs] 
14.961: [GC14.961: [DefNew: 447K->63K(448K), 0.0017560 secs] 182537K->182263K(1048512K), 0.0018590 secs] [Times: user=0.00 sys=0.00, real=0.00 secs] 
14.971: [GC14.971: [DefNew: 447K->64K(448K), 0.0010340 secs] 182647K->182469K(1048512K), 0.0010910 secs] [Times: user=0.00 sys=0.00, real=0.00 secs] 
14.982: [GC14.982: [DefNew: 448K->64K(448K), 0.0015750 secs] 182853K->182617K(1048512K), 0.0016530 secs] [Times: user=0.00 sys=0.00, real=0.00 secs] 
14.992: [GC14.992: [DefNew: 448K->63K(448K), 0.0010360 secs] 183001K->182733K(1048512K), 0.0010980 secs] [Times: user=0.01 sys=0.00, real=0.00 secs] 
15.002: [GC15.002: [DefNew: 447K->63K(448K), 0.0007580 secs] 183117K->182883K(1048512K), 0.0008110 secs] [Times: user=0.00 sys=0.00, real=0.00 secs] 
15.011: [GC15.011: [DefNew: 447K->64K(448K), 0.0009020 secs] 183267K->183012K(1048512K), 0.0009610 secs] [Times: user=0.00 sys=0.00, real=0.00 secs] 
15.022: [GC15.022: [DefNew: 448K->63K(448K), 0.0014460 secs] 183396K->183144K(1048512K), 0.0015480 secs] [Times: user=0.00 sys=0.00, real=0.00 secs] 
15.031: [GC15.031: [DefNew: 447K->63K(448K), 0.0019340 secs] 183527K->183303K(1048512K), 0.0020120 secs] [Times: user=0.00 sys=0.00, real=0.00 secs] 
15.042: [GC15.042: [DefNew: 447K->63K(448K), 0.0007600 secs] 183687K->183424K(1048512K), 0.0008010 secs] [Times: user=0.00 sys=0.00, real=0.00 secs] 
15.053: [GC15.053: [DefNew: 447K->63K(448K), 0.0014060 secs] 183808K->183618K(1048512K), 0.0015100 secs] [Times: user=0.01 sys=0.00, real=0.00 secs] 
15.064: [GC15.064: [DefNew: 447K->63K(448K), 0.0021050 secs] 184002K->183781K(1048512K), 0.0022270 secs] [Times: user=0.00 sys=0.01, real=0.00 secs] 
15.076: [GC15.076: [DefNew: 447K->63K(448K), 0.0008770 secs] 184165K->183903K(1048512K), 0.0009360 secs] [Times: user=0.00 sys=0.00, real=0.01 secs] 
15.085: [GC15.085: [DefNew: 447K->63K(448K), 0.0016230 secs] 184287K->184095K(1048512K), 0.0017440 secs] [Times: user=0.00 sys=0.00, real=0.01 secs] 
15.097: [GC15.098: [DefNew: 447K->63K(448K), 0.0031830 secs] 184479K->184229K(1048512K), 0.0041470 secs] [Times: user=0.00 sys=0.00, real=0.00 secs] 
15.114: [GC15.114: [DefNew: 447K->63K(448K), 0.0036990 secs] 184613K->184506K(1048512K), 0.0038290 secs] [Times: user=0.00 sys=0.00, real=0.01 secs] 
15.127: [GC15.127: [DefNew: 447K->63K(448K), 0.0024000 secs] 184890K->184689K(1048512K), 0.0024910 secs] [Times: user=0.00 sys=0.00, real=0.00 secs] 
15.139: [GC15.139: [DefNew: 447K->63K(448K), 0.0011710 secs] 185073K->184903K(1048512K), 0.0012430 secs] [Times: user=0.00 sys=0.00, real=0.00 secs] 
15.149: [GC15.149: [DefNew: 447K->64K(448K), 0.0017990 secs] 185287K->185076K(1048512K), 0.0018920 secs] [Times: user=0.00 sys=0.00, real=0.00 secs] 
15.160: [GC15.160: [DefNew: 447K->64K(448K), 0.0009600 secs] 185459K->185238K(1048512K), 0.0010360 secs] [Times: user=0.00 sys=0.00, real=0.00 secs] 
15.170: [GC15.171: [DefNew: 448K->63K(448K), 0.0014810 secs] 185622K->185416K(1048512K), 0.0016110 secs] [Times: user=0.00 sys=0.00, real=0.00 secs] 
15.182: [GC15.182: [DefNew: 447K->64K(448K), 0.0016600 secs] 185800K->185568K(1048512K), 0.0017480 secs] [Times: user=0.00 sys=0.00, real=0.00 secs] 
15.192: [GC15.192: [DefNew: 448K->63K(448K), 0.0008490 secs] 185952K->185685K(1048512K), 0.0008950 secs] [Times: user=0.00 sys=0.00, real=0.00 secs] 
15.202: [GC15.202: [DefNew: 447K->64K(448K), 0.0019830 secs] 186069K->185822K(1048512K), 0.0021110 secs] [Times: user=0.01 sys=0.00, real=0.00 secs] 
15.214: [GC15.214: [DefNew: 448K->63K(448K), 0.0015280 secs] 186206K->185945K(1048512K), 0.0016630 secs] [Times: user=0.00 sys=0.00, real=0.00 secs] 
15.228: [GC15.228: [DefNew: 447K->63K(448K), 0.0011490 secs] 186329K->186102K(1048512K), 0.0012400 secs] [Times: user=0.00 sys=0.00, real=0.00 secs] 
15.241: [GC15.242: [DefNew: 447K->63K(448K), 0.0011900 secs] 186486K->186289K(1048512K), 0.0022410 secs] [Times: user=0.00 sys=0.00, real=0.00 secs] 
15.252: [GC15.252: [DefNew: 447K->64K(448K), 0.0020070 secs] 186673K->186437K(1048512K), 0.0021070 secs] [Times: user=0.00 sys=0.00, real=0.00 secs] 
15.263: [GC15.263: [DefNew: 448K->63K(448K), 0.0016860 secs] 186821K->186560K(1048512K), 0.0017420 secs] [Times: user=0.00 sys=0.00, real=0.00 secs] 
15.274: [GC15.274: [DefNew: 447K->64K(448K), 0.0008160 secs] 186944K->186690K(1048512K), 0.0008600 secs] [Times: user=0.00 sys=0.00, real=0.00 secs] 
15.284: [GC15.284: [DefNew: 448K->63K(448K), 0.0012200 secs] 187074K->186820K(1048512K), 0.0013330 secs] [Times: user=0.00 sys=0.00, real=0.00 secs] 
15.295: [GC15.295: [DefNew: 447K->63K(448K), 0.0013110 secs] 187204K->186922K(1048512K), 0.0013700 secs] [Times: user=0.00 sys=0.00, real=0.00 secs] 
15.304: [GC15.304: [DefNew: 447K->63K(448K), 0.0009300 secs] 187306K->187066K(1048512K), 0.0010020 secs] [Times: user=0.00 sys=0.00, real=0.00 secs] 
15.314: [GC15.314: [DefNew: 447K->63K(448K), 0.0009180 secs] 187450K->187158K(1048512K), 0.0009930 secs] [Times: user=0.00 sys=0.00, real=0.00 secs] 
15.325: [GC15.325: [DefNew: 447K->64K(448K), 0.0006800 secs] 187542K->187291K(1048512K), 0.0007140 secs] [Times: user=0.01 sys=0.00, real=0.00 secs] 
15.335: [GC15.335: [DefNew: 448K->63K(448K), 0.0013230 secs] 187675K->187379K(1048512K), 0.0014170 secs] [Times: user=0.00 sys=0.00, real=0.01 secs] 
15.346: [GC15.346: [DefNew: 447K->64K(448K), 0.0011190 secs] 187763K->187497K(1048512K), 0.0011770 secs] [Times: user=0.00 sys=0.00, real=0.00 secs] 
15.357: [GC15.357: [DefNew: 448K->64K(448K), 0.0008730 secs] 187881K->187628K(1048512K), 0.0009190 secs] [Times: user=0.00 sys=0.00, real=0.00 secs] 
15.367: [GC15.367: [DefNew: 448K->63K(448K), 0.0006980 secs] 188012K->187748K(1048512K), 0.0007310 secs] [Times: user=0.00 sys=0.00, real=0.00 secs] 
15.378: [GC15.378: [DefNew: 447K->63K(448K), 0.0013910 secs] 188132K->187851K(1048512K), 0.0014490 secs] [Times: user=0.00 sys=0.00, real=0.00 secs] 
15.387: [GC15.387: [DefNew: 447K->63K(448K), 0.0011720 secs] 188235K->187990K(1048512K), 0.0012500 secs] [Times: user=0.00 sys=0.00, real=0.00 secs] 
15.398: [GC15.398: [DefNew: 447K->63K(448K), 0.0016760 secs] 188374K->188111K(1048512K), 0.0017880 secs] [Times: user=0.00 sys=0.00, real=0.00 secs] 
15.410: [GC15.410: [DefNew: 447K->63K(448K), 0.0023850 secs] 188495K->188291K(1048512K), 0.0025230 secs] [Times: user=0.00 sys=0.00, real=0.00 secs] 
15.422: [GC15.422: [DefNew: 447K->63K(448K), 0.0019070 secs] 188675K->188504K(1048512K), 0.0020520 secs] [Times: user=0.00 sys=0.00, real=0.00 secs] 
15.434: [GC15.434: [DefNew: 447K->63K(448K), 0.0013820 secs] 188888K->188612K(1048512K), 0.0014320 secs] [Times: user=0.00 sys=0.00, real=0.00 secs] 
15.445: [GC15.445: [DefNew: 447K->63K(448K), 0.0014010 secs] 188996K->188769K(1048512K), 0.0014760 secs] [Times: user=0.00 sys=0.00, real=0.01 secs] 
15.455: [GC15.455: [DefNew: 447K->64K(448K), 0.0009070 secs] 189153K->188904K(1048512K), 0.0009690 secs] [Times: user=0.00 sys=0.00, real=0.00 secs] 
15.466: [GC15.466: [DefNew: 448K->64K(448K), 0.0010620 secs] 189288K->189023K(1048512K), 0.0011270 secs] [Times: user=0.00 sys=0.00, real=0.01 secs] 
15.477: [GC15.477: [DefNew: 447K->64K(448K), 0.0008400 secs] 189407K->189124K(1048512K), 0.0009090 secs] [Times: user=0.00 sys=0.00, real=0.00 secs] 
15.487: [GC15.487: [DefNew: 448K->64K(448K), 0.0016180 secs] 189508K->189281K(1048512K), 0.0017070 secs] [Times: user=0.00 sys=0.00, real=0.00 secs] 
15.498: [GC15.498: [DefNew: 448K->63K(448K), 0.0014040 secs] 189665K->189420K(1048512K), 0.0014720 secs] [Times: user=0.00 sys=0.00, real=0.00 secs] 
15.509: [GC15.509: [DefNew: 447K->63K(448K), 0.0006770 secs] 189804K->189526K(1048512K), 0.0007120 secs] [Times: user=0.00 sys=0.00, real=0.00 secs] 
15.520: [GC15.520: [DefNew: 447K->64K(448K), 0.0014530 secs] 189910K->189635K(1048512K), 0.0016120 secs] [Times: user=0.00 sys=0.00, real=0.00 secs] 
15.531: [GC15.531: [DefNew: 448K->64K(448K), 0.0008210 secs] 190019K->189729K(1048512K), 0.0008740 secs] [Times: user=0.00 sys=0.00, real=0.00 secs] 
15.540: [GC15.540: [DefNew: 448K->63K(448K), 0.0010160 secs] 190113K->189867K(1048512K), 0.0010870 secs] [Times: user=0.00 sys=0.00, real=0.00 secs] 
15.551: [GC15.551: [DefNew: 447K->63K(448K), 0.0010670 secs] 190251K->189966K(1048512K), 0.0011190 secs] [Times: user=0.00 sys=0.00, real=0.00 secs] 
15.562: [GC15.562: [DefNew: 447K->63K(448K), 0.0012940 secs] 190350K->190136K(1048512K), 0.0014090 secs] [Times: user=0.00 sys=0.00, real=0.00 secs] 
15.574: [GC15.574: [DefNew: 447K->64K(448K), 0.0007530 secs] 190520K->190252K(1048512K), 0.0007940 secs] [Times: user=0.01 sys=0.00, real=0.00 secs] 
15.584: [GC15.584: [DefNew: 448K->63K(448K), 0.0007490 secs] 190636K->190405K(1048512K), 0.0007820 secs] [Times: user=0.00 sys=0.00, real=0.00 secs] 
15.595: [GC15.595: [DefNew: 447K->63K(448K), 0.0012390 secs] 190789K->190500K(1048512K), 0.0012960 secs] [Times: user=0.00 sys=0.00, real=0.01 secs] 
15.606: [GC15.606: [DefNew: 447K->63K(448K), 0.0008400 secs] 190883K->190655K(1048512K), 0.0008890 secs] [Times: user=0.00 sys=0.00, real=0.01 secs] 
15.616: [GC15.616: [DefNew: 447K->64K(448K), 0.0024770 secs] 191039K->190880K(1048512K), 0.0026660 secs] [Times: user=0.00 sys=0.00, real=0.01 secs] 
15.629: [GC15.629: [DefNew: 447K->63K(448K), 0.0019710 secs] 191264K->191104K(1048512K), 0.0020370 secs] [Times: user=0.01 sys=0.00, real=0.00 secs] 
15.640: [GC15.640: [DefNew: 447K->63K(448K), 0.0020510 secs] 191488K->191286K(1048512K), 0.0021120 secs] [Times: user=0.00 sys=0.00, real=0.00 secs] 
15.652: [GC15.652: [DefNew: 447K->64K(448K), 0.0013510 secs] 191670K->191412K(1048512K), 0.0014520 secs] [Times: user=0.00 sys=0.00, real=0.00 secs] 
15.663: [GC15.663: [DefNew: 448K->63K(448K), 0.0013880 secs] 191796K->191537K(1048512K), 0.0014490 secs] [Times: user=0.00 sys=0.00, real=0.00 secs] 
15.675: [GC15.675: [DefNew: 447K->63K(448K), 0.0007200 secs] 191921K->191652K(1048512K), 0.0007670 secs] [Times: user=0.00 sys=0.00, real=0.00 secs] 
15.684: [GC15.684: [DefNew: 447K->64K(448K), 0.0008140 secs] 192036K->191815K(1048512K), 0.0008470 secs] [Times: user=0.01 sys=0.00, real=0.00 secs] 
15.695: [GC15.695: [DefNew: 448K->63K(448K), 0.0010390 secs] 192199K->191908K(1048512K), 0.0010850 secs] [Times: user=0.00 sys=0.00, real=0.00 secs] 
15.705: [GC15.705: [DefNew: 447K->63K(448K), 0.0008330 secs] 192292K->192055K(1048512K), 0.0008680 secs] [Times: user=0.00 sys=0.00, real=0.01 secs] 
15.716: [GC15.716: [DefNew: 447K->63K(448K), 0.0012740 secs] 192439K->192150K(1048512K), 0.0013710 secs] [Times: user=0.00 sys=0.00, real=0.01 secs] 
15.727: [GC15.727: [DefNew: 447K->64K(448K), 0.0007740 secs] 192534K->192283K(1048512K), 0.0008130 secs] [Times: user=0.00 sys=0.00, real=0.00 secs] 
15.737: [GC15.737: [DefNew: 448K->64K(448K), 0.0015010 secs] 192667K->192412K(1048512K), 0.0016030 secs] [Times: user=0.00 sys=0.00, real=0.00 secs] 
15.749: [GC15.749: [DefNew: 448K->63K(448K), 0.0006310 secs] 192796K->192499K(1048512K), 0.0006660 secs] [Times: user=0.00 sys=0.00, real=0.00 secs] 
15.759: [GC15.759: [DefNew: 447K->64K(448K), 0.0006120 secs] 192883K->192590K(1048512K), 0.0006440 secs] [Times: user=0.01 sys=0.00, real=0.00 secs] 
15.768: [GC15.768: [DefNew: 448K->63K(448K), 0.0006660 secs] 192974K->192689K(1048512K), 0.0006980 secs] [Times: user=0.00 sys=0.00, real=0.00 secs] 
15.779: [GC15.779: [DefNew: 447K->63K(448K), 0.0011490 secs] 193072K->192795K(1048512K), 0.0012060 secs] [Times: user=0.00 sys=0.00, real=0.00 secs] 
15.789: [GC15.789: [DefNew: 447K->64K(448K), 0.0007300 secs] 193179K->192909K(1048512K), 0.0007670 secs] [Times: user=0.00 sys=0.00, real=0.00 secs] 
15.800: [GC15.800: [DefNew: 447K->63K(448K), 0.0014140 secs] 193293K->193035K(1048512K), 0.0015160 secs] [Times: user=0.00 sys=0.00, real=0.00 secs] 
15.811: [GC15.811: [DefNew: 447K->63K(448K), 0.0006600 secs] 193419K->193127K(1048512K), 0.0006970 secs] [Times: user=0.00 sys=0.00, real=0.00 secs] 
15.821: [GC15.821: [DefNew: 447K->63K(448K), 0.0025330 secs] 193511K->193283K(1048512K), 0.0026890 secs] [Times: user=0.01 sys=0.00, real=0.00 secs] 
15.833: [GC15.833: [DefNew: 447K->63K(448K), 0.0014160 secs] 193667K->193509K(1048512K), 0.0014950 secs] [Times: user=0.00 sys=0.00, real=0.00 secs] 
15.843: [GC15.843: [DefNew: 447K->63K(448K), 0.0019790 secs] 193893K->193688K(1048512K), 0.0020480 secs] [Times: user=0.00 sys=0.00, real=0.00 secs] 
15.854: [GC15.854: [DefNew: 447K->63K(448K), 0.0009860 secs] 194072K->193831K(1048512K), 0.0010310 secs] [Times: user=0.00 sys=0.00, real=0.00 secs] 
15.865: [GC15.865: [DefNew: 447K->63K(448K), 0.0006920 secs] 194215K->193922K(1048512K), 0.0007220 secs] [Times: user=0.00 sys=0.00, real=0.00 secs] 
15.875: [GC15.875: [DefNew: 447K->63K(448K), 0.0005670 secs] 194306K->194013K(1048512K), 0.0005990 secs] [Times: user=0.00 sys=0.00, real=0.00 secs] 
15.885: [GC15.885: [DefNew: 447K->64K(448K), 0.0013010 secs] 194397K->194134K(1048512K), 0.0014230 secs] [Times: user=0.01 sys=0.00, real=0.01 secs] 
15.896: [GC15.896: [DefNew: 448K->64K(448K), 0.0013950 secs] 194518K->194249K(1048512K), 0.0014710 secs] [Times: user=0.00 sys=0.00, real=0.00 secs] 
15.908: [GC15.908: [DefNew: 448K->63K(448K), 0.0007650 secs] 194633K->194387K(1048512K), 0.0008030 secs] [Times: user=0.00 sys=0.00, real=0.00 secs] 
15.917: [GC15.917: [DefNew: 447K->63K(448K), 0.0007120 secs] 194771K->194494K(1048512K), 0.0007530 secs] [Times: user=0.00 sys=0.00, real=0.00 secs] 
15.927: [GC15.927: [DefNew: 447K->63K(448K), 0.0006890 secs] 194878K->194616K(1048512K), 0.0007250 secs] [Times: user=0.00 sys=0.00, real=0.00 secs] 
15.938: [GC15.938: [DefNew: 447K->63K(448K), 0.0014270 secs] 195000K->194748K(1048512K), 0.0015250 secs] [Times: user=0.00 sys=0.00, real=0.00 secs] 
15.949: [GC15.949: [DefNew: 447K->63K(448K), 0.0005970 secs] 195132K->194825K(1048512K), 0.0006310 secs] [Times: user=0.00 sys=0.00, real=0.00 secs] 
15.960: [GC15.960: [DefNew: 447K->64K(448K), 0.0006560 secs] 195209K->194954K(1048512K), 0.0006920 secs] [Times: user=0.00 sys=0.00, real=0.00 secs] 
15.970: [GC15.970: [DefNew: 448K->63K(448K), 0.0019260 secs] 195338K->195068K(1048512K), 0.0020300 secs] [Times: user=0.00 sys=0.00, real=0.00 secs] 
15.982: [GC15.982: [DefNew: 447K->63K(448K), 0.0016660 secs] 195452K->195243K(1048512K), 0.0017920 secs] [Times: user=0.00 sys=0.00, real=0.00 secs] 
15.994: [GC15.994: [DefNew: 447K->63K(448K), 0.0008230 secs] 195627K->195366K(1048512K), 0.0008670 secs] [Times: user=0.00 sys=0.00, real=0.00 secs] 
16.003: [GC16.003: [DefNew: 447K->63K(448K), 0.0013750 secs] 195750K->195506K(1048512K), 0.0014490 secs] [Times: user=0.00 sys=0.00, real=0.00 secs] 
16.014: [GC16.014: [DefNew: 447K->63K(448K), 0.0016290 secs] 195890K->195640K(1048512K), 0.0017380 secs] [Times: user=0.01 sys=0.00, real=0.00 secs] 
16.025: [GC16.025: [DefNew: 447K->63K(448K), 0.0008090 secs] 196024K->195788K(1048512K), 0.0008410 secs] [Times: user=0.00 sys=0.00, real=0.00 secs] 
16.035: [GC16.035: [DefNew: 447K->64K(448K), 0.0013240 secs] 196172K->195881K(1048512K), 0.0014570 secs] [Times: user=0.00 sys=0.00, real=0.01 secs] 
16.047: [GC16.047: [DefNew: 448K->63K(448K), 0.0011080 secs] 196265K->196009K(1048512K), 0.0011690 secs] [Times: user=0.00 sys=0.00, real=0.00 secs] 
16.058: [GC16.058: [DefNew: 447K->63K(448K), 0.0007170 secs] 196393K->196116K(1048512K), 0.0007630 secs] [Times: user=0.00 sys=0.00, real=0.00 secs] 
16.068: [GC16.068: [DefNew: 447K->64K(448K), 0.0006910 secs] 196500K->196259K(1048512K), 0.0007230 secs] [Times: user=0.00 sys=0.00, real=0.00 secs] 
16.079: [GC16.079: [DefNew: 448K->63K(448K), 0.0016000 secs] 196643K->196354K(1048512K), 0.0017330 secs] [Times: user=0.00 sys=0.00, real=0.00 secs] 
16.089: [GC16.089: [DefNew: 447K->63K(448K), 0.0007280 secs] 196738K->196481K(1048512K), 0.0007700 secs] [Times: user=0.00 sys=0.00, real=0.00 secs] 
16.099: [GC16.099: [DefNew: 447K->64K(448K), 0.0011460 secs] 196865K->196592K(1048512K), 0.0012400 secs] [Times: user=0.00 sys=0.00, real=0.00 secs] 
16.110: [GC16.110: [DefNew: 447K->64K(448K), 0.0007230 secs] 196975K->196719K(1048512K), 0.0007600 secs] [Times: user=0.00 sys=0.00, real=0.00 secs] 
16.121: [GC16.121: [DefNew: 448K->63K(448K), 0.0013400 secs] 197103K->196826K(1048512K), 0.0014380 secs] [Times: user=0.00 sys=0.00, real=0.00 secs] 
16.132: [GC16.132: [DefNew: 447K->64K(448K), 0.0016490 secs] 197210K->197071K(1048512K), 0.0017530 secs] [Times: user=0.00 sys=0.00, real=0.00 secs] 
16.144: [GC16.144: [DefNew: 448K->63K(448K), 0.0021420 secs] 197455K->197249K(1048512K), 0.0022630 secs] [Times: user=0.01 sys=0.00, real=0.00 secs] 
16.154: [GC16.154: [DefNew: 447K->63K(448K), 0.0011900 secs] 197633K->197380K(1048512K), 0.0012600 secs] [Times: user=0.00 sys=0.00, real=0.00 secs] 
16.165: [GC16.165: [DefNew: 447K->63K(448K), 0.0008990 secs] 197764K->197499K(1048512K), 0.0009560 secs] [Times: user=0.00 sys=0.00, real=0.00 secs] 
16.175: [GC16.175: [DefNew: 447K->63K(448K), 0.0007340 secs] 197883K->197605K(1048512K), 0.0007760 secs] [Times: user=0.00 sys=0.00, real=0.00 secs] 
16.186: [GC16.186: [DefNew: 447K->63K(448K), 0.0014340 secs] 197989K->197726K(1048512K), 0.0015480 secs] [Times: user=0.00 sys=0.00, real=0.01 secs] 
16.197: [GC16.197: [DefNew: 447K->63K(448K), 0.0010530 secs] 198110K->197825K(1048512K), 0.0011520 secs] [Times: user=0.00 sys=0.00, real=0.00 secs] 
16.208: [GC16.208: [DefNew: 447K->64K(448K), 0.0008730 secs] 198209K->197949K(1048512K), 0.0009290 secs] [Times: user=0.01 sys=0.00, real=0.00 secs] 
16.218: [GC16.218: [DefNew: 448K->64K(448K), 0.0029310 secs] 198333K->198120K(1048512K), 0.0031320 secs] [Times: user=0.00 sys=0.00, real=0.00 secs] 
16.231: [GC16.231: [DefNew: 448K->63K(448K), 0.0024190 secs] 198504K->198310K(1048512K), 0.0025590 secs] [Times: user=0.00 sys=0.00, real=0.00 secs] 
16.244: [GC16.244: [DefNew: 447K->63K(448K), 0.0016580 secs] 198694K->198548K(1048512K), 0.0018420 secs] [Times: user=0.00 sys=0.00, real=0.00 secs] 
16.255: [GC16.255: [DefNew: 447K->63K(448K), 0.0009150 secs] 198932K->198682K(1048512K), 0.0009550 secs] [Times: user=0.00 sys=0.00, real=0.00 secs] 
16.266: [GC16.266: [DefNew: 447K->63K(448K), 0.0010580 secs] 199066K->198787K(1048512K), 0.0011290 secs] [Times: user=0.00 sys=0.00, real=0.01 secs] 
16.277: [GC16.277: [DefNew: 447K->64K(448K), 0.0007560 secs] 199171K->198906K(1048512K), 0.0007940 secs] [Times: user=0.00 sys=0.00, real=0.00 secs] 
16.287: [GC16.287: [DefNew: 448K->64K(448K), 0.0010480 secs] 199290K->199077K(1048512K), 0.0011100 secs] [Times: user=0.00 sys=0.00, real=0.00 secs] 
16.297: [GC16.297: [DefNew: 448K->63K(448K), 0.0010360 secs] 199461K->199160K(1048512K), 0.0011120 secs] [Times: user=0.00 sys=0.00, real=0.00 secs] 
16.307: [GC16.307: [DefNew: 447K->63K(448K), 0.0006640 secs] 199544K->199289K(1048512K), 0.0006950 secs] [Times: user=0.00 sys=0.00, real=0.00 secs] 
16.318: [GC16.318: [DefNew: 447K->63K(448K), 0.0010980 secs] 199673K->199386K(1048512K), 0.0011450 secs] [Times: user=0.00 sys=0.00, real=0.00 secs] 
16.329: [GC16.329: [DefNew: 447K->63K(448K), 0.0029730 secs] 199770K->199560K(1048512K), 0.0031720 secs] [Times: user=0.00 sys=0.00, real=0.00 secs] 
16.342: [GC16.342: [DefNew: 447K->63K(448K), 0.0017640 secs] 199944K->199744K(1048512K), 0.0018630 secs] [Times: user=0.00 sys=0.00, real=0.00 secs] 
16.354: [GC16.354: [DefNew: 447K->64K(448K), 0.0021980 secs] 200128K->199915K(1048512K), 0.0023280 secs] [Times: user=0.00 sys=0.00, real=0.00 secs] 
16.366: [GC16.366: [DefNew: 448K->64K(448K), 0.0012100 secs] 200299K->200048K(1048512K), 0.0012780 secs] [Times: user=0.00 sys=0.00, real=0.01 secs] 
16.377: [GC16.377: [DefNew: 447K->63K(448K), 0.0007500 secs] 200432K->200156K(1048512K), 0.0007870 secs] [Times: user=0.00 sys=0.00, real=0.00 secs] 
16.386: [GC16.386: [DefNew: 447K->63K(448K), 0.0007600 secs] 200540K->200293K(1048512K), 0.0007920 secs] [Times: user=0.00 sys=0.00, real=0.01 secs] 
16.396: [GC16.396: [DefNew: 447K->63K(448K), 0.0012480 secs] 200677K->200399K(1048512K), 0.0013500 secs] [Times: user=0.00 sys=0.00, real=0.01 secs] 
16.407: [GC16.407: [DefNew: 447K->63K(448K), 0.0007770 secs] 200783K->200534K(1048512K), 0.0008100 secs] [Times: user=0.00 sys=0.00, real=0.00 secs] 
16.417: [GC16.417: [DefNew: 447K->63K(448K), 0.0007350 secs] 200918K->200649K(1048512K), 0.0007670 secs] [Times: user=0.00 sys=0.00, real=0.00 secs] 
16.427: [GC16.427: [DefNew: 447K->63K(448K), 0.0007420 secs] 201033K->200731K(1048512K), 0.0008030 secs] [Times: user=0.00 sys=0.00, real=0.00 secs] 
16.438: [GC16.438: [DefNew: 447K->63K(448K), 0.0013400 secs] 201115K->200849K(1048512K), 0.0014250 secs] [Times: user=0.00 sys=0.00, real=0.00 secs] 
16.448: [GC16.448: [DefNew: 447K->63K(448K), 0.0014220 secs] 201233K->201001K(1048512K), 0.0014730 secs] [Times: user=0.00 sys=0.00, real=0.00 secs] 
16.457: [GC16.457: [DefNew: 447K->63K(448K), 0.0008590 secs] 201385K->201125K(1048512K), 0.0009140 secs] [Times: user=0.00 sys=0.00, real=0.00 secs] 
16.467: [GC16.467: [DefNew: 447K->63K(448K), 0.0014950 secs] 201509K->201276K(1048512K), 0.0016050 secs] [Times: user=0.00 sys=0.00, real=0.00 secs] 
16.477: [GC16.477: [DefNew: 447K->63K(448K), 0.0011250 secs] 201660K->201389K(1048512K), 0.0011890 secs] [Times: user=0.00 sys=0.00, real=0.00 secs] 
16.488: [GC16.488: [DefNew: 447K->64K(448K), 0.0007830 secs] 201773K->201514K(1048512K), 0.0008300 secs] [Times: user=0.00 sys=0.00, real=0.00 secs] 
16.498: [GC16.498: [DefNew: 448K->64K(448K), 0.0006740 secs] 201898K->201616K(1048512K), 0.0007460 secs] [Times: user=0.00 sys=0.00, real=0.00 secs] 
16.507: [GC16.508: [DefNew: 448K->64K(448K), 0.0009270 secs] 202000K->201754K(1048512K), 0.0010030 secs] [Times: user=0.01 sys=0.00, real=0.00 secs] 
16.517: [GC16.517: [DefNew: 448K->63K(448K), 0.0010260 secs] 202138K->201904K(1048512K), 0.0010870 secs] [Times: user=0.00 sys=0.00, real=0.00 secs] 
16.527: [GC16.527: [DefNew: 447K->63K(448K), 0.0008790 secs] 202288K->202059K(1048512K), 0.0009220 secs] [Times: user=0.00 sys=0.00, real=0.00 secs] 
16.537: [GC16.537: [DefNew: 447K->64K(448K), 0.0025580 secs] 202443K->202246K(1048512K), 0.0026940 secs] [Times: user=0.00 sys=0.00, real=0.00 secs] 
16.551: [GC16.551: [DefNew: 447K->63K(448K), 0.0022290 secs] 202630K->202471K(1048512K), 0.0023070 secs] [Times: user=0.00 sys=0.00, real=0.00 secs] 
16.563: [GC16.563: [DefNew: 447K->64K(448K), 0.0025700 secs] 202855K->202664K(1048512K), 0.0026280 secs] [Times: user=0.00 sys=0.00, real=0.00 secs] 
16.575: [GC16.575: [DefNew: 448K->63K(448K), 0.0008540 secs] 203048K->202771K(1048512K), 0.0008970 secs] [Times: user=0.00 sys=0.00, real=0.00 secs] 
16.585: [GC16.585: [DefNew: 447K->63K(448K), 0.0008400 secs] 203154K->202923K(1048512K), 0.0009010 secs] [Times: user=0.00 sys=0.00, real=0.00 secs] 
16.594: [GC16.594: [DefNew: 447K->63K(448K), 0.0008210 secs] 203307K->203058K(1048512K), 0.0008820 secs] [Times: user=0.00 sys=0.00, real=0.00 secs] 
16.604: [GC16.604: [DefNew: 447K->63K(448K), 0.0016380 secs] 203442K->203181K(1048512K), 0.0017630 secs] [Times: user=0.00 sys=0.00, real=0.00 secs] 
16.615: [GC16.615: [DefNew: 447K->63K(448K), 0.0012110 secs] 203565K->203329K(1048512K), 0.0013650 secs] [Times: user=0.01 sys=0.00, real=0.01 secs] 
16.627: [GC16.627: [DefNew: 447K->63K(448K), 0.0008860 secs] 203713K->203464K(1048512K), 0.0009440 secs] [Times: user=0.00 sys=0.00, real=0.00 secs] 
16.638: [GC16.638: [DefNew: 447K->63K(448K), 0.0016770 secs] 203848K->203642K(1048512K), 0.0018030 secs] [Times: user=0.00 sys=0.00, real=0.00 secs] 
16.649: [GC16.649: [DefNew: 447K->63K(448K), 0.0017980 secs] 204026K->203810K(1048512K), 0.0018670 secs] [Times: user=0.00 sys=0.00, real=0.00 secs] 
16.660: [GC16.660: [DefNew: 447K->63K(448K), 0.0017790 secs] 204193K->203916K(1048512K), 0.0018450 secs] [Times: user=0.00 sys=0.00, real=0.00 secs] 
16.669: [GC16.669: [DefNew: 447K->63K(448K), 0.0018010 secs] 204300K->204070K(1048512K), 0.0019480 secs] [Times: user=0.00 sys=0.00, real=0.00 secs] 
16.680: [GC16.680: [DefNew: 447K->64K(448K), 0.0010120 secs] 204454K->204182K(1048512K), 0.0010650 secs] [Times: user=0.00 sys=0.00, real=0.00 secs] 
16.691: [GC16.691: [DefNew: 448K->63K(448K), 0.0007790 secs] 204566K->204314K(1048512K), 0.0008430 secs] [Times: user=0.00 sys=0.00, real=0.00 secs] 
16.701: [GC16.701: [DefNew: 447K->63K(448K), 0.0010540 secs] 204698K->204500K(1048512K), 0.0011080 secs] [Times: user=0.00 sys=0.00, real=0.00 secs] 
16.711: [GC16.711: [DefNew: 447K->64K(448K), 0.0009650 secs] 204884K->204636K(1048512K), 0.0010140 secs] [Times: user=0.00 sys=0.00, real=0.00 secs] 
16.722: [GC16.722: [DefNew: 448K->64K(448K), 0.0008930 secs] 205020K->204745K(1048512K), 0.0009500 secs] [Times: user=0.00 sys=0.00, real=0.00 secs] 
16.732: [GC16.732: [DefNew: 448K->63K(448K), 0.0017010 secs] 205129K->204870K(1048512K), 0.0018020 secs] [Times: user=0.00 sys=0.00, real=0.00 secs] 
16.742: [GC16.742: [DefNew: 447K->63K(448K), 0.0027680 secs] 205254K->204980K(1048512K), 0.0029120 secs] [Times: user=0.00 sys=0.00, real=0.00 secs] 
16.755: [GC16.755: [DefNew: 447K->64K(448K), 0.0024290 secs] 205364K->205193K(1048512K), 0.0025670 secs] [Times: user=0.00 sys=0.00, real=0.01 secs] 
16.767: [GC16.767: [DefNew: 448K->64K(448K), 0.0015820 secs] 205577K->205410K(1048512K), 0.0016810 secs] [Times: user=0.00 sys=0.00, real=0.00 secs] 
16.779: [GC16.779: [DefNew: 448K->63K(448K), 0.0029230 secs] 205794K->205587K(1048512K), 0.0030640 secs] [Times: user=0.01 sys=0.01, real=0.00 secs] 
16.791: [GC16.791: [DefNew: 447K->64K(448K), 0.0009840 secs] 205971K->205752K(1048512K), 0.0010310 secs] [Times: user=0.00 sys=0.00, real=0.00 secs] 
16.799: [GC16.799: [DefNew: 448K->63K(448K), 0.0008860 secs] 206136K->205847K(1048512K), 0.0009420 secs] [Times: user=0.00 sys=0.00, real=0.00 secs] 
16.810: [GC16.810: [DefNew: 447K->63K(448K), 0.0007540 secs] 206231K->205977K(1048512K), 0.0007980 secs] [Times: user=0.00 sys=0.00, real=0.00 secs] 
16.820: [GC16.820: [DefNew: 447K->63K(448K), 0.0017970 secs] 206361K->206095K(1048512K), 0.0019780 secs] [Times: user=0.00 sys=0.00, real=0.00 secs] 
16.831: [GC16.831: [DefNew: 447K->63K(448K), 0.0008900 secs] 206479K->206204K(1048512K), 0.0009450 secs] [Times: user=0.00 sys=0.00, real=0.00 secs] 
16.842: [GC16.842: [DefNew: 447K->64K(448K), 0.0011850 secs] 206588K->206320K(1048512K), 0.0012730 secs] [Times: user=0.01 sys=0.00, real=0.00 secs] 
16.852: [GC16.852: [DefNew: 448K->63K(448K), 0.0007490 secs] 206704K->206438K(1048512K), 0.0007830 secs] [Times: user=0.00 sys=0.00, real=0.00 secs] 
16.863: [GC16.863: [DefNew: 447K->63K(448K), 0.0011340 secs] 206822K->206549K(1048512K), 0.0012280 secs] [Times: user=0.00 sys=0.00, real=0.00 secs] 
16.874: [GC16.874: [DefNew: 447K->63K(448K), 0.0007100 secs] 206933K->206679K(1048512K), 0.0007410 secs] [Times: user=0.00 sys=0.00, real=0.00 secs] 
16.883: [GC16.883: [DefNew: 447K->63K(448K), 0.0011230 secs] 207063K->206798K(1048512K), 0.0012120 secs] [Times: user=0.00 sys=0.00, real=0.00 secs] 
16.894: [GC16.894: [DefNew: 447K->63K(448K), 0.0007480 secs] 207182K->206922K(1048512K), 0.0007850 secs] [Times: user=0.00 sys=0.00, real=0.00 secs] 
16.905: [GC16.905: [DefNew: 447K->63K(448K), 0.0016390 secs] 207306K->207074K(1048512K), 0.0017530 secs] [Times: user=0.00 sys=0.00, real=0.01 secs] 
16.916: [GC16.916: [DefNew: 447K->64K(448K), 0.0012830 secs] 207458K->207177K(1048512K), 0.0014330 secs] [Times: user=0.01 sys=0.00, real=0.00 secs] 
16.928: [GC16.928: [DefNew: 448K->64K(448K), 0.0006960 secs] 207561K->207277K(1048512K), 0.0007320 secs] [Times: user=0.00 sys=0.00, real=0.00 secs] 
16.939: [GC16.939: [DefNew: 448K->63K(448K), 0.0019710 secs] 207661K->207401K(1048512K), 0.0020810 secs] [Times: user=0.00 sys=0.00, real=0.00 secs] 
16.951: [GC16.951: [DefNew: 447K->63K(448K), 0.0015760 secs] 207785K->207563K(1048512K), 0.0016640 secs] [Times: user=0.00 sys=0.00, real=0.00 secs] 
16.960: [GC16.961: [DefNew: 447K->63K(448K), 0.0024910 secs] 207947K->207720K(1048512K), 0.0026630 secs] [Times: user=0.00 sys=0.00, real=0.00 secs] 
16.973: [GC16.973: [DefNew: 447K->63K(448K), 0.0013920 secs] 208104K->207878K(1048512K), 0.0014860 secs] [Times: user=0.00 sys=0.00, real=0.00 secs] 
16.984: [GC16.984: [DefNew: 447K->63K(448K), 0.0012420 secs] 208261K->208022K(1048512K), 0.0013300 secs] [Times: user=0.00 sys=0.00, real=0.00 secs] 
16.995: [GC16.996: [DefNew: 447K->63K(448K), 0.0016490 secs] 208406K->208125K(1048512K), 0.0017530 secs] [Times: user=0.00 sys=0.00, real=0.01 secs] 
17.008: [GC17.008: [DefNew: 447K->63K(448K), 0.0013090 secs] 208508K->208344K(1048512K), 0.0013910 secs] [Times: user=0.00 sys=0.00, real=0.00 secs] 
17.018: [GC17.018: [DefNew: 447K->63K(448K), 0.0010560 secs] 208728K->208452K(1048512K), 0.0011630 secs] [Times: user=0.00 sys=0.00, real=0.00 secs] 
17.028: [GC17.029: [DefNew: 447K->63K(448K), 0.0014750 secs] 208836K->208608K(1048512K), 0.0015550 secs] [Times: user=0.00 sys=0.01, real=0.00 secs] 
17.045: [GC17.045: [DefNew: 447K->63K(448K), 0.0011680 secs] 208992K->208766K(1048512K), 0.0012390 secs] [Times: user=0.00 sys=0.00, real=0.00 secs] 
17.055: [GC17.055: [DefNew: 447K->63K(448K), 0.0026750 secs] 209149K->208894K(1048512K), 0.0028000 secs] [Times: user=0.00 sys=0.00, real=0.01 secs] 
17.068: [GC17.068: [DefNew: 447K->63K(448K), 0.0014360 secs] 209278K->209072K(1048512K), 0.0015290 secs] [Times: user=0.00 sys=0.00, real=0.00 secs] 
17.079: [GC17.079: [DefNew: 447K->63K(448K), 0.0016230 secs] 209456K->209206K(1048512K), 0.0016970 secs] [Times: user=0.01 sys=0.00, real=0.00 secs] 
17.090: [GC17.090: [DefNew: 447K->63K(448K), 0.0010520 secs] 209590K->209363K(1048512K), 0.0011090 secs] [Times: user=0.00 sys=0.00, real=0.00 secs] 
17.100: [GC17.100: [DefNew: 447K->63K(448K), 0.0006670 secs] 209747K->209465K(1048512K), 0.0007020 secs] [Times: user=0.00 sys=0.00, real=0.00 secs] 
17.110: [GC17.110: [DefNew: 447K->63K(448K), 0.0015960 secs] 209849K->209619K(1048512K), 0.0017280 secs] [Times: user=0.00 sys=0.00, real=0.00 secs] 
17.121: [GC17.121: [DefNew: 447K->63K(448K), 0.0016420 secs] 210003K->209821K(1048512K), 0.0017550 secs] [Times: user=0.00 sys=0.00, real=0.00 secs] 
17.133: [GC17.133: [DefNew: 447K->63K(448K), 0.0017090 secs] 210205K->210004K(1048512K), 0.0018070 secs] [Times: user=0.01 sys=0.00, real=0.00 secs] 
17.144: [GC17.144: [DefNew: 447K->63K(448K), 0.0008520 secs] 210387K->210129K(1048512K), 0.0008950 secs] [Times: user=0.00 sys=0.00, real=0.00 secs] 
17.155: [GC17.155: [DefNew: 447K->64K(448K), 0.0014140 secs] 210513K->210332K(1048512K), 0.0015040 secs] [Times: user=0.00 sys=0.00, real=0.01 secs] 
17.166: [GC17.166: [DefNew: 448K->64K(448K), 0.0020440 secs] 210716K->210458K(1048512K), 0.0021440 secs] [Times: user=0.00 sys=0.00, real=0.01 secs] 
17.176: [GC17.176: [DefNew: 448K->63K(448K), 0.0009970 secs] 210842K->210621K(1048512K), 0.0010470 secs] [Times: user=0.00 sys=0.00, real=0.01 secs] 
17.187: [GC17.187: [DefNew: 447K->63K(448K), 0.0017220 secs] 211005K->210844K(1048512K), 0.0018200 secs] [Times: user=0.01 sys=0.00, real=0.00 secs] 
17.198: [GC17.198: [DefNew: 447K->64K(448K), 0.0010950 secs] 211228K->210960K(1048512K), 0.0011440 secs] [Times: user=0.00 sys=0.00, real=0.00 secs] 
17.209: [GC17.209: [DefNew: 448K->63K(448K), 0.0010150 secs] 211344K->211108K(1048512K), 0.0010700 secs] [Times: user=0.00 sys=0.00, real=0.00 secs] 
17.220: [GC17.220: [DefNew: 447K->64K(448K), 0.0022230 secs] 211492K->211298K(1048512K), 0.0023560 secs] [Times: user=0.00 sys=0.00, real=0.00 secs] 
17.232: [GC17.232: [DefNew: 448K->63K(448K), 0.0021890 secs] 211682K->211476K(1048512K), 0.0023250 secs] [Times: user=0.00 sys=0.00, real=0.00 secs] 
17.243: [GC17.243: [DefNew: 447K->64K(448K), 0.0011440 secs] 211860K->211617K(1048512K), 0.0012080 secs] [Times: user=0.01 sys=0.00, real=0.00 secs] 
17.253: [GC17.253: [DefNew: 447K->64K(448K), 0.0017550 secs] 212001K->211828K(1048512K), 0.0018430 secs] [Times: user=0.00 sys=0.00, real=0.00 secs] 
17.264: [GC17.264: [DefNew: 448K->63K(448K), 0.0019970 secs] 212212K->211945K(1048512K), 0.0020690 secs] [Times: user=0.00 sys=0.00, real=0.00 secs] 
17.275: [GC17.275: [DefNew: 447K->64K(448K), 0.0009570 secs] 212329K->212122K(1048512K), 0.0010030 secs] [Times: user=0.00 sys=0.00, real=0.01 secs] 
17.286: [GC17.286: [DefNew: 448K->63K(448K), 0.0021060 secs] 212506K->212288K(1048512K), 0.0022020 secs] [Times: user=0.00 sys=0.01, real=0.01 secs] 
17.297: [GC17.297: [DefNew: 447K->63K(448K), 0.0009610 secs] 212672K->212405K(1048512K), 0.0010380 secs] [Times: user=0.01 sys=0.00, real=0.00 secs] 
17.306: [GC17.306: [DefNew: 447K->63K(448K), 0.0009270 secs] 212789K->212537K(1048512K), 0.0009760 secs] [Times: user=0.00 sys=0.00, real=0.00 secs] 
17.327: [GC17.327: [DefNew: 447K->64K(448K), 0.0012100 secs] 212921K->212723K(1048512K), 0.0015020 secs] [Times: user=0.00 sys=0.00, real=0.00 secs] 
17.341: [GC17.342: [DefNew: 448K->64K(448K), 0.0011860 secs] 213107K->212892K(1048512K), 0.0012470 secs] [Times: user=0.00 sys=0.00, real=0.00 secs] 
17.355: [GC17.355: [DefNew: 448K->63K(448K), 0.0011980 secs] 213276K->213065K(1048512K), 0.0012940 secs] [Times: user=0.00 sys=0.00, real=0.01 secs] 
17.365: [GC17.365: [DefNew: 447K->64K(448K), 0.0019810 secs] 213449K->213191K(1048512K), 0.0020760 secs] [Times: user=0.01 sys=0.00, real=0.01 secs] 
17.377: [GC17.377: [DefNew: 447K->63K(448K), 0.0028080 secs] 213575K->213306K(1048512K), 0.0029350 secs] [Times: user=0.00 sys=0.00, real=0.00 secs] 
17.390: [GC17.390: [DefNew: 447K->64K(448K), 0.0008980 secs] 213690K->213444K(1048512K), 0.0009510 secs] [Times: user=0.00 sys=0.00, real=0.00 secs] 
17.401: [GC17.401: [DefNew: 448K->63K(448K), 0.0035910 secs] 213828K->213594K(1048512K), 0.0037160 secs] [Times: user=0.00 sys=0.00, real=0.00 secs] 
17.416: [GC17.416: [DefNew: 447K->63K(448K), 0.0028010 secs] 213978K->213745K(1048512K), 0.0029520 secs] [Times: user=0.00 sys=0.00, real=0.01 secs] 
17.429: [GC17.429: [DefNew: 447K->63K(448K), 0.0025720 secs] 214129K->213909K(1048512K), 0.0027600 secs] [Times: user=0.00 sys=0.00, real=0.00 secs] 
17.442: [GC17.442: [DefNew: 447K->63K(448K), 0.0024960 secs] 214293K->214085K(1048512K), 0.0025620 secs] [Times: user=0.00 sys=0.00, real=0.00 secs] 
17.456: [GC17.456: [DefNew: 447K->64K(448K), 0.0013900 secs] 214469K->214247K(1048512K), 0.0014970 secs] [Times: user=0.00 sys=0.00, real=0.01 secs] 
17.467: [GC17.467: [DefNew: 448K->63K(448K), 0.0009660 secs] 214631K->214356K(1048512K), 0.0010260 secs] [Times: user=0.00 sys=0.00, real=0.00 secs] 
17.477: [GC17.477: [DefNew: 447K->64K(448K), 0.0013970 secs] 214740K->214520K(1048512K), 0.0015130 secs] [Times: user=0.01 sys=0.00, real=0.00 secs] 
17.490: [GC17.490: [DefNew: 448K->63K(448K), 0.0023340 secs] 214904K->214692K(1048512K), 0.0024420 secs] [Times: user=0.00 sys=0.00, real=0.00 secs] 
17.513: [GC17.513: [DefNew: 447K->64K(448K), 0.0103350 secs] 215076K->214867K(1048512K), 0.0105590 secs] [Times: user=0.00 sys=0.00, real=0.02 secs] 
17.569: [GC17.570: [DefNew: 448K->63K(448K), 0.0030310 secs] 215251K->215069K(1048512K), 0.0031940 secs] [Times: user=0.00 sys=0.00, real=0.00 secs] 
17.599: [GC17.599: [DefNew: 447K->63K(448K), 0.0097150 secs] 215453K->215245K(1048512K), 0.0097890 secs] [Times: user=0.00 sys=0.00, real=0.01 secs] 
17.617: [GC17.617: [DefNew: 447K->63K(448K), 0.0021760 secs] 215629K->215421K(1048512K), 0.0022720 secs] [Times: user=0.00 sys=0.00, real=0.00 secs] 
17.628: [GC17.628: [DefNew: 447K->63K(448K), 0.0009910 secs] 215805K->215533K(1048512K), 0.0010540 secs] [Times: user=0.00 sys=0.00, real=0.00 secs] 
17.639: [GC17.639: [DefNew: 447K->63K(448K), 0.0013050 secs] 215917K->215686K(1048512K), 0.0013700 secs] [Times: user=0.00 sys=0.01, real=0.00 secs] 
17.650: [GC17.650: [DefNew: 447K->63K(448K), 0.0023250 secs] 216070K->215890K(1048512K), 0.0024320 secs] [Times: user=0.01 sys=0.00, real=0.00 secs] 
17.663: [GC17.663: [DefNew: 447K->64K(448K), 0.0029970 secs] 216274K->216087K(1048512K), 0.0031440 secs] [Times: user=0.00 sys=0.00, real=0.00 secs] 
17.675: [GC17.675: [DefNew: 448K->64K(448K), 0.0014170 secs] 216471K->216278K(1048512K), 0.0014890 secs] [Times: user=0.00 sys=0.00, real=0.01 secs] 
17.686: [GC17.686: [DefNew: 448K->64K(448K), 0.0036260 secs] 216662K->216500K(1048512K), 0.0037810 secs] [Times: user=0.00 sys=0.00, real=0.01 secs] 
17.700: [GC17.700: [DefNew: 447K->63K(448K), 0.0021920 secs] 216884K->216674K(1048512K), 0.0022940 secs] [Times: user=0.00 sys=0.00, real=0.00 secs] 
17.714: [GC17.715: [DefNew: 447K->64K(448K), 0.0033020 secs] 217058K->216867K(1048512K), 0.0034640 secs] [Times: user=0.00 sys=0.00, real=0.01 secs] 
17.729: [GC17.729: [DefNew: 448K->63K(448K), 0.0038520 secs] 217251K->217090K(1048512K), 0.0040470 secs] [Times: user=0.01 sys=0.00, real=0.00 secs] 
17.750: [GC17.750: [DefNew: 447K->63K(448K), 0.0019890 secs] 217474K->217371K(1048512K), 0.0021240 secs] [Times: user=0.00 sys=0.00, real=0.00 secs] 
17.767: [GC17.767: [DefNew: 447K->63K(448K), 0.0022690 secs] 217755K->217558K(1048512K), 0.0024190 secs] [Times: user=0.00 sys=0.00, real=0.00 secs] 
17.782: [GC17.782: [DefNew: 447K->63K(448K), 0.0023710 secs] 217942K->217796K(1048512K), 0.0025690 secs] [Times: user=0.01 sys=0.00, real=0.00 secs] 
17.798: [GC17.798: [DefNew: 447K->63K(448K), 0.0022390 secs] 218180K->217992K(1048512K), 0.0023790 secs] [Times: user=0.00 sys=0.00, real=0.00 secs] 
17.815: [GC17.815: [DefNew: 447K->64K(448K), 0.0027350 secs] 218376K->218270K(1048512K), 0.0028910 secs] [Times: user=0.00 sys=0.00, real=0.01 secs] 
17.831: [GC17.832: [DefNew: 448K->64K(448K), 0.0022670 secs] 218654K->218463K(1048512K), 0.0024320 secs] [Times: user=0.01 sys=0.00, real=0.00 secs] 
17.846: [GC17.846: [DefNew: 448K->63K(448K), 0.0024350 secs] 218847K->218619K(1048512K), 0.0025960 secs] [Times: user=0.00 sys=0.00, real=0.01 secs] 
17.863: [GC17.863: [DefNew: 447K->63K(448K), 0.0012900 secs] 219003K->218785K(1048512K), 0.0013550 secs] [Times: user=0.00 sys=0.00, real=0.00 secs] 
17.880: [GC17.881: [DefNew: 447K->63K(448K), 0.0020750 secs] 219169K->218922K(1048512K), 0.0022050 secs] [Times: user=0.00 sys=0.00, real=0.00 secs] 
17.896: [GC17.896: [DefNew: 447K->63K(448K), 0.0020960 secs] 219306K->219077K(1048512K), 0.0022420 secs] [Times: user=0.01 sys=0.00, real=0.00 secs] 
17.910: [GC17.910: [DefNew: 447K->63K(448K), 0.0013500 secs] 219461K->219294K(1048512K), 0.0014240 secs] [Times: user=0.00 sys=0.00, real=0.00 secs] 
17.925: [GC17.925: [DefNew: 447K->63K(448K), 0.0012120 secs] 219678K->219423K(1048512K), 0.0012860 secs] [Times: user=0.00 sys=0.00, real=0.00 secs] 
17.939: [GC17.939: [DefNew: 447K->63K(448K), 0.0024220 secs] 219807K->219590K(1048512K), 0.0025890 secs] [Times: user=0.00 sys=0.00, real=0.00 secs] 
17.952: [GC17.952: [DefNew: 447K->64K(448K), 0.0018230 secs] 219974K->219769K(1048512K), 0.0019130 secs] [Times: user=0.01 sys=0.00, real=0.00 secs] 
17.967: [GC17.967: [DefNew: 448K->64K(448K), 0.0011940 secs] 220153K->219928K(1048512K), 0.0012580 secs] [Times: user=0.00 sys=0.00, real=0.00 secs] 
17.981: [GC17.981: [DefNew: 448K->64K(448K), 0.0035300 secs] 220312K->220144K(1048512K), 0.0037530 secs] [Times: user=0.00 sys=0.00, real=0.00 secs] 
17.997: [GC17.997: [DefNew: 447K->63K(448K), 0.0030710 secs] 220528K->220381K(1048512K), 0.0032520 secs] [Times: user=0.01 sys=0.00, real=0.00 secs] 
18.013: [GC18.013: [DefNew: 447K->63K(448K), 0.0039590 secs] 220765K->220587K(1048512K), 0.0041360 secs] [Times: user=0.00 sys=0.00, real=0.01 secs] 
18.032: [GC18.032: [DefNew: 447K->63K(448K), 0.0021920 secs] 220971K->220821K(1048512K), 0.0022890 secs] [Times: user=0.00 sys=0.00, real=0.00 secs] 
18.046: [GC18.046: [DefNew: 447K->63K(448K), 0.0023420 secs] 221205K->220982K(1048512K), 0.0024840 secs] [Times: user=0.01 sys=0.00, real=0.01 secs] 
18.060: [GC18.060: [DefNew: 447K->63K(448K), 0.0038630 secs] 221366K->221194K(1048512K), 0.0039260 secs] [Times: user=0.00 sys=0.00, real=0.00 secs] 
18.074: [GC18.074: [DefNew: 447K->63K(448K), 0.0011860 secs] 221578K->221339K(1048512K), 0.0012490 secs] [Times: user=0.00 sys=0.00, real=0.00 secs] 
18.090: [GC18.090: [DefNew: 447K->63K(448K), 0.0017360 secs] 221723K->221542K(1048512K), 0.0018800 secs] [Times: user=0.00 sys=0.00, real=0.00 secs] 
18.104: [GC18.104: [DefNew: 447K->63K(448K), 0.0023410 secs] 221926K->221689K(1048512K), 0.0024780 secs] [Times: user=0.00 sys=0.00, real=0.01 secs] 
18.119: [GC18.119: [DefNew: 447K->63K(448K), 0.0029860 secs] 222073K->221884K(1048512K), 0.0031780 secs] [Times: user=0.00 sys=0.01, real=0.00 secs] 
18.137: [GC18.137: [DefNew: 447K->63K(448K), 0.0023470 secs] 222268K->222042K(1048512K), 0.0024960 secs] [Times: user=0.00 sys=0.00, real=0.00 secs] 
18.148: [GC18.148: [DefNew: 447K->64K(448K), 0.0040490 secs] 222426K->222182K(1048512K), 0.0041630 secs] [Times: user=0.00 sys=0.00, real=0.00 secs] 
18.163: [GC18.163: [DefNew: 448K->64K(448K), 0.0012330 secs] 222566K->222353K(1048512K), 0.0013080 secs] [Times: user=0.00 sys=0.00, real=0.00 secs] 
18.174: [GC18.174: [DefNew: 448K->63K(448K), 0.0013190 secs] 222737K->222515K(1048512K), 0.0013840 secs] [Times: user=0.00 sys=0.00, real=0.00 secs] 
18.186: [GC18.186: [DefNew: 447K->63K(448K), 0.0011590 secs] 222899K->222690K(1048512K), 0.0012350 secs] [Times: user=0.00 sys=0.00, real=0.01 secs] 
18.197: [GC18.197: [DefNew: 447K->63K(448K), 0.0011710 secs] 223074K->222825K(1048512K), 0.0012470 secs] [Times: user=0.00 sys=0.00, real=0.00 secs] 
18.207: [GC18.207: [DefNew: 447K->63K(448K), 0.0067260 secs] 223209K->222983K(1048512K), 0.0068070 secs] [Times: user=0.00 sys=0.00, real=0.00 secs] 
18.226: [GC18.226: [DefNew: 447K->63K(448K), 0.0012540 secs] 223367K->223151K(1048512K), 0.0013290 secs] [Times: user=0.00 sys=0.00, real=0.00 secs] 
18.241: [GC18.241: [DefNew: 447K->64K(448K), 0.0017380 secs] 223535K->223390K(1048512K), 0.0018730 secs] [Times: user=0.00 sys=0.00, real=0.00 secs] 
18.255: [GC18.255: [DefNew: 448K->64K(448K), 0.0020250 secs] 223774K->223590K(1048512K), 0.0021340 secs] [Times: user=0.00 sys=0.00, real=0.01 secs] 
18.267: [GC18.267: [DefNew: 448K->63K(448K), 0.0029800 secs] 223974K->223741K(1048512K), 0.0042650 secs] [Times: user=0.00 sys=0.00, real=0.00 secs] 
18.282: [GC18.282: [DefNew: 447K->63K(448K), 0.0018330 secs] 224125K->223903K(1048512K), 0.0018990 secs] [Times: user=0.01 sys=0.00, real=0.00 secs] 
18.296: [GC18.296: [DefNew: 447K->63K(448K), 0.0030120 secs] 224287K->224146K(1048512K), 0.0031320 secs] [Times: user=0.00 sys=0.00, real=0.00 secs] 
18.311: [GC18.311: [DefNew: 447K->63K(448K), 0.0027060 secs] 224530K->224376K(1048512K), 0.0028190 secs] [Times: user=0.00 sys=0.00, real=0.00 secs] 
18.335: [GC18.335: [DefNew: 447K->63K(448K), 0.0026000 secs] 224760K->224575K(1048512K), 0.0027190 secs] [Times: user=0.01 sys=0.00, real=0.01 secs] 
18.349: [GC18.349: [DefNew: 447K->63K(448K), 0.0013360 secs] 224959K->224753K(1048512K), 0.0013910 secs] [Times: user=0.00 sys=0.00, real=0.00 secs] 
18.360: [GC18.360: [DefNew: 447K->64K(448K), 0.0012340 secs] 225137K->224937K(1048512K), 0.0012990 secs] [Times: user=0.00 sys=0.00, real=0.00 secs] 
18.369: [GC18.369: [DefNew: 447K->63K(448K), 0.0012340 secs] 225321K->225127K(1048512K), 0.0012910 secs] [Times: user=0.00 sys=0.00, real=0.00 secs] 
18.379: [GC18.379: [DefNew: 447K->64K(448K), 0.0012380 secs] 225511K->225265K(1048512K), 0.0013090 secs] [Times: user=0.00 sys=0.00, real=0.00 secs] 
18.390: [GC18.390: [DefNew: 448K->63K(448K), 0.0016910 secs] 225649K->225438K(1048512K), 0.0018520 secs] [Times: user=0.01 sys=0.00, real=0.00 secs] 
18.401: [GC18.401: [DefNew: 447K->63K(448K), 0.0011550 secs] 225822K->225615K(1048512K), 0.0012230 secs] [Times: user=0.00 sys=0.00, real=0.00 secs] 
18.412: [GC18.412: [DefNew: 447K->63K(448K), 0.0010770 secs] 225999K->225739K(1048512K), 0.0011350 secs] [Times: user=0.00 sys=0.00, real=0.00 secs] 
18.423: [GC18.423: [DefNew: 447K->64K(448K), 0.0014790 secs] 226122K->225832K(1048512K), 0.0016230 secs] [Times: user=0.00 sys=0.00, real=0.00 secs] 
18.434: [GC18.434: [DefNew: 448K->64K(448K), 0.0015030 secs] 226216K->226016K(1048512K), 0.0016010 secs] [Times: user=0.00 sys=0.00, real=0.00 secs] 
18.443: [GC18.443: [DefNew: 448K->64K(448K), 0.0010840 secs] 226400K->226151K(1048512K), 0.0011360 secs] [Times: user=0.01 sys=0.00, real=0.00 secs] 
18.454: [GC18.454: [DefNew: 448K->63K(448K), 0.0023050 secs] 226535K->226372K(1048512K), 0.0024760 secs] [Times: user=0.00 sys=0.00, real=0.01 secs] 
18.466: [GC18.466: [DefNew: 447K->63K(448K), 0.0018590 secs] 226756K->226525K(1048512K), 0.0019550 secs] [Times: user=0.00 sys=0.00, real=0.00 secs] 
18.478: [GC18.478: [DefNew: 447K->63K(448K), 0.0012180 secs] 226909K->226703K(1048512K), 0.0012750 secs] [Times: user=0.00 sys=0.00, real=0.00 secs] 
18.489: [GC18.489: [DefNew: 447K->63K(448K), 0.0022460 secs] 227087K->226924K(1048512K), 0.0023790 secs] [Times: user=0.01 sys=0.00, real=0.00 secs] 
18.501: [GC18.501: [DefNew: 447K->64K(448K), 0.0067400 secs] 227308K->227062K(1048512K), 0.0068400 secs] [Times: user=0.00 sys=0.00, real=0.01 secs] 
18.516: [GC18.516: [DefNew: 448K->63K(448K), 0.0008940 secs] 227446K->227163K(1048512K), 0.0009620 secs] [Times: user=0.00 sys=0.00, real=0.01 secs] 
18.526: [GC18.526: [DefNew: 447K->63K(448K), 0.0006190 secs] 227547K->227273K(1048512K), 0.0006590 secs] [Times: user=0.00 sys=0.00, real=0.01 secs] 
18.535: [GC18.535: [DefNew: 447K->64K(448K), 0.0007640 secs] 227657K->227365K(1048512K), 0.0008150 secs] [Times: user=0.00 sys=0.00, real=0.00 secs] 
18.545: [GC18.545: [DefNew: 447K->64K(448K), 0.0008150 secs] 227749K->227456K(1048512K), 0.0008660 secs] [Times: user=0.00 sys=0.00, real=0.00 secs] 
18.555: [GC18.555: [DefNew: 448K->63K(448K), 0.0010470 secs] 227840K->227563K(1048512K), 0.0011380 secs] [Times: user=0.00 sys=0.00, real=0.00 secs] 
18.565: [GC18.565: [DefNew: 447K->63K(448K), 0.0014830 secs] 227947K->227678K(1048512K), 0.0015610 secs] [Times: user=0.01 sys=0.00, real=0.01 secs] 
18.575: [GC18.575: [DefNew: 447K->63K(448K), 0.0015300 secs] 228062K->227865K(1048512K), 0.0016640 secs] [Times: user=0.00 sys=0.00, real=0.01 secs] 
18.585: [GC18.585: [DefNew: 447K->64K(448K), 0.0029590 secs] 228249K->228084K(1048512K), 0.0031060 secs] [Times: user=0.00 sys=0.00, real=0.01 secs] 
18.600: [GC18.600: [DefNew: 448K->63K(448K), 0.0021360 secs] 228468K->228383K(1048512K), 0.0022790 secs] [Times: user=0.01 sys=0.00, real=0.00 secs] 
18.613: [GC18.613: [DefNew: 447K->63K(448K), 0.0017510 secs] 228767K->228538K(1048512K), 0.0018200 secs] [Times: user=0.00 sys=0.00, real=0.00 secs] 
18.676: [GC18.676: [DefNew: 447K->64K(448K), 0.0188120 secs] 233017K->232756K(1048512K), 0.0189090 secs] [Times: user=0.02 sys=0.00, real=0.02 secs] 
18.708: [GC18.708: [DefNew: 448K->63K(448K), 0.0010590 secs] 233140K->232851K(1048512K), 0.0011190 secs] [Times: user=0.00 sys=0.00, real=0.00 secs] 
18.720: [GC18.720: [DefNew: 447K->63K(448K), 0.0007850 secs] 233235K->232937K(1048512K), 0.0008490 secs] [Times: user=0.00 sys=0.00, real=0.00 secs] 
18.733: [GC18.733: [DefNew: 447K->63K(448K), 0.0008460 secs] 233321K->233050K(1048512K), 0.0009050 secs] [Times: user=0.00 sys=0.00, real=0.00 secs] 
18.743: [GC18.743: [DefNew: 447K->63K(448K), 0.0006840 secs] 233434K->233145K(1048512K), 0.0007360 secs] [Times: user=0.00 sys=0.00, real=0.00 secs] 
18.759: [GC18.760: [DefNew: 447K->63K(448K), 0.0006510 secs] 233529K->233246K(1048512K), 0.0007330 secs] [Times: user=0.00 sys=0.00, real=0.00 secs] 
18.769: [GC18.769: [DefNew: 447K->64K(448K), 0.0006060 secs] 233630K->233326K(1048512K), 0.0006450 secs] [Times: user=0.00 sys=0.00, real=0.00 secs] 
18.779: [GC18.779: [DefNew: 448K->63K(448K), 0.0007280 secs] 233710K->233425K(1048512K), 0.0007980 secs] [Times: user=0.00 sys=0.00, real=0.00 secs] 
18.790: [GC18.790: [DefNew: 447K->63K(448K), 0.0009130 secs] 233809K->233527K(1048512K), 0.0009870 secs] [Times: user=0.01 sys=0.00, real=0.00 secs] 
18.803: [GC18.804: [DefNew: 447K->64K(448K), 0.0021020 secs] 233911K->233752K(1048512K), 0.0021840 secs] [Times: user=0.00 sys=0.00, real=0.00 secs] 
18.814: [GC18.814: [DefNew: 447K->64K(448K), 0.0015140 secs] 234136K->233897K(1048512K), 0.0016370 secs] [Times: user=0.00 sys=0.00, real=0.00 secs] 
18.825: [GC18.825: [DefNew: 448K->63K(448K), 0.0008870 secs] 234281K->234044K(1048512K), 0.0009320 secs] [Times: user=0.00 sys=0.00, real=0.01 secs] 
18.836: [GC18.836: [DefNew: 447K->63K(448K), 0.0007300 secs] 234428K->234137K(1048512K), 0.0007760 secs] [Times: user=0.00 sys=0.00, real=0.01 secs] 
18.846: [GC18.846: [DefNew: 447K->63K(448K), 0.0006620 secs] 234521K->234229K(1048512K), 0.0007090 secs] [Times: user=0.00 sys=0.00, real=0.01 secs] 
18.856: [GC18.856: [DefNew: 447K->63K(448K), 0.0007690 secs] 234613K->234328K(1048512K), 0.0008220 secs] [Times: user=0.01 sys=0.00, real=0.01 secs] 
18.866: [GC18.866: [DefNew: 447K->64K(448K), 0.0006790 secs] 234712K->234425K(1048512K), 0.0007240 secs] [Times: user=0.00 sys=0.00, real=0.01 secs] 
18.876: [GC18.876: [DefNew: 448K->63K(448K), 0.0006160 secs] 234809K->234512K(1048512K), 0.0006580 secs] [Times: user=0.00 sys=0.00, real=0.01 secs] 
18.886: [GC18.886: [DefNew: 447K->63K(448K), 0.0005980 secs] 234896K->234594K(1048512K), 0.0006400 secs] [Times: user=0.00 sys=0.00, real=0.01 secs] 
18.895: [GC18.895: [DefNew: 447K->63K(448K), 0.0006180 secs] 234978K->234686K(1048512K), 0.0006700 secs] [Times: user=0.00 sys=0.00, real=0.00 secs] 
18.905: [GC18.905: [DefNew: 447K->64K(448K), 0.0007450 secs] 235070K->234779K(1048512K), 0.0008140 secs] [Times: user=0.00 sys=0.00, real=0.00 secs] 
18.915: [GC18.915: [DefNew: 448K->64K(448K), 0.0007050 secs] 235163K->234875K(1048512K), 0.0007570 secs] [Times: user=0.00 sys=0.00, real=0.00 secs] 
18.925: [GC18.925: [DefNew: 448K->64K(448K), 0.0006620 secs] 235259K->234968K(1048512K), 0.0007060 secs] [Times: user=0.00 sys=0.00, real=0.00 secs] 
18.935: [GC18.935: [DefNew: 448K->63K(448K), 0.0006390 secs] 235352K->235071K(1048512K), 0.0006900 secs] [Times: user=0.00 sys=0.00, real=0.00 secs] 
18.945: [GC18.945: [DefNew: 447K->63K(448K), 0.0007570 secs] 235455K->235169K(1048512K), 0.0008070 secs] [Times: user=0.00 sys=0.00, real=0.00 secs] 
18.955: [GC18.955: [DefNew: 447K->63K(448K), 0.0006450 secs] 235553K->235257K(1048512K), 0.0006900 secs] [Times: user=0.01 sys=0.00, real=0.00 secs] 
18.964: [GC18.964: [DefNew: 447K->64K(448K), 0.0006840 secs] 235641K->235359K(1048512K), 0.0007290 secs] [Times: user=0.00 sys=0.00, real=0.00 secs] 
18.974: [GC18.974: [DefNew: 448K->63K(448K), 0.0007150 secs] 235743K->235445K(1048512K), 0.0007570 secs] [Times: user=0.00 sys=0.00, real=0.00 secs] 
18.984: [GC18.984: [DefNew: 447K->63K(448K), 0.0006290 secs] 235829K->235530K(1048512K), 0.0006720 secs] [Times: user=0.00 sys=0.00, real=0.00 secs] 
18.994: [GC18.994: [DefNew: 447K->63K(448K), 0.0007380 secs] 235914K->235643K(1048512K), 0.0007810 secs] [Times: user=0.00 sys=0.00, real=0.00 secs] 
19.004: [GC19.004: [DefNew: 447K->63K(448K), 0.0007210 secs] 236027K->235729K(1048512K), 0.0007700 secs] [Times: user=0.00 sys=0.00, real=0.00 secs] 
19.015: [GC19.015: [DefNew: 447K->63K(448K), 0.0025720 secs] 236113K->235887K(1048512K), 0.0028330 secs] [Times: user=0.00 sys=0.00, real=0.01 secs] 
19.027: [GC19.027: [DefNew: 447K->63K(448K), 0.0009110 secs] 236271K->236057K(1048512K), 0.0009490 secs] [Times: user=0.01 sys=0.00, real=0.00 secs] 
19.039: [GC19.039: [DefNew: 447K->64K(448K), 0.0009570 secs] 236441K->236206K(1048512K), 0.0010040 secs] [Times: user=0.00 sys=0.01, real=0.00 secs] 
19.049: [GC19.049: [DefNew: 448K->64K(448K), 0.0006650 secs] 236590K->236287K(1048512K), 0.0007090 secs] [Times: user=0.00 sys=0.00, real=0.00 secs] 
19.058: [GC19.058: [DefNew: 448K->64K(448K), 0.0005640 secs] 236671K->236358K(1048512K), 0.0006200 secs] [Times: user=0.00 sys=0.00, real=0.00 secs] 
19.068: [GC19.068: [DefNew: 448K->63K(448K), 0.0006220 secs] 236742K->236451K(1048512K), 0.0006690 secs] [Times: user=0.00 sys=0.00, real=0.00 secs] 
19.078: [GC19.078: [DefNew: 447K->64K(448K), 0.0007600 secs] 236835K->236543K(1048512K), 0.0008070 secs] [Times: user=0.00 sys=0.00, real=0.00 secs] 
19.088: [GC19.088: [DefNew: 448K->63K(448K), 0.0005220 secs] 236927K->236620K(1048512K), 0.0005570 secs] [Times: user=0.00 sys=0.00, real=0.00 secs] 
19.097: [GC19.097: [DefNew: 447K->63K(448K), 0.0006970 secs] 237004K->236706K(1048512K), 0.0007420 secs] [Times: user=0.00 sys=0.00, real=0.00 secs] 
19.107: [GC19.107: [DefNew: 447K->64K(448K), 0.0005640 secs] 237090K->236784K(1048512K), 0.0006010 secs] [Times: user=0.00 sys=0.00, real=0.00 secs] 
19.117: [GC19.117: [DefNew: 447K->64K(448K), 0.0005710 secs] 237168K->236873K(1048512K), 0.0006080 secs] [Times: user=0.00 sys=0.00, real=0.00 secs] 
19.126: [GC19.126: [DefNew: 448K->64K(448K), 0.0006230 secs] 237257K->236958K(1048512K), 0.0006660 secs] [Times: user=0.01 sys=0.00, real=0.00 secs] 
19.136: [GC19.136: [DefNew: 448K->63K(448K), 0.0005860 secs] 237342K->237042K(1048512K), 0.0006270 secs] [Times: user=0.00 sys=0.00, real=0.00 secs] 
19.146: [GC19.146: [DefNew: 447K->63K(448K), 0.0006830 secs] 237426K->237128K(1048512K), 0.0007330 secs] [Times: user=0.00 sys=0.00, real=0.01 secs] 
19.156: [GC19.156: [DefNew: 447K->63K(448K), 0.0006390 secs] 237511K->237210K(1048512K), 0.0006910 secs] [Times: user=0.00 sys=0.00, real=0.01 secs] 
19.165: [GC19.165: [DefNew: 447K->63K(448K), 0.0006170 secs] 237594K->237298K(1048512K), 0.0006590 secs] [Times: user=0.00 sys=0.00, real=0.00 secs] 
19.174: [GC19.174: [DefNew: 447K->64K(448K), 0.0005540 secs] 237682K->237371K(1048512K), 0.0005960 secs] [Times: user=0.00 sys=0.00, real=0.00 secs] 
19.183: [GC19.183: [DefNew: 448K->63K(448K), 0.0006780 secs] 237755K->237460K(1048512K), 0.0007270 secs] [Times: user=0.00 sys=0.00, real=0.00 secs] 
19.193: [GC19.193: [DefNew: 447K->64K(448K), 0.0006450 secs] 237844K->237552K(1048512K), 0.0006850 secs] [Times: user=0.00 sys=0.00, real=0.00 secs] 
19.202: [GC19.202: [DefNew: 448K->64K(448K), 0.0006280 secs] 237936K->237637K(1048512K), 0.0006790 secs] [Times: user=0.00 sys=0.00, real=0.00 secs] 
19.211: [GC19.212: [DefNew: 448K->64K(448K), 0.0008140 secs] 238021K->237729K(1048512K), 0.0008760 secs] [Times: user=0.00 sys=0.00, real=0.00 secs] 
19.224: [GC19.224: [DefNew: 448K->63K(448K), 0.0027880 secs] 238113K->237907K(1048512K), 0.0029260 secs] [Times: user=0.01 sys=0.00, real=0.01 secs] 
19.237: [GC19.237: [DefNew: 447K->64K(448K), 0.0009990 secs] 238291K->238044K(1048512K), 0.0010510 secs] [Times: user=0.00 sys=0.00, real=0.00 secs] 
19.248: [GC19.248: [DefNew: 447K->64K(448K), 0.0010280 secs] 238428K->238156K(1048512K), 0.0010960 secs] [Times: user=0.00 sys=0.00, real=0.00 secs] 
19.256: [GC19.257: [DefNew: 447K->63K(448K), 0.0009130 secs] 238540K->238255K(1048512K), 0.0009810 secs] [Times: user=0.00 sys=0.00, real=0.00 secs] 
19.267: [GC19.267: [DefNew: 447K->63K(448K), 0.0007960 secs] 238639K->238351K(1048512K), 0.0008510 secs] [Times: user=0.00 sys=0.00, real=0.00 secs] 
19.276: [GC19.276: [DefNew: 447K->63K(448K), 0.0005660 secs] 238735K->238427K(1048512K), 0.0006170 secs] [Times: user=0.00 sys=0.00, real=0.00 secs] 
19.285: [GC19.286: [DefNew: 447K->63K(448K), 0.0004800 secs] 238811K->238492K(1048512K), 0.0005400 secs] [Times: user=0.00 sys=0.00, real=0.00 secs] 
19.295: [GC19.295: [DefNew: 447K->63K(448K), 0.0005250 secs] 238875K->238572K(1048512K), 0.0005760 secs] [Times: user=0.00 sys=0.00, real=0.00 secs] 
19.304: [GC19.304: [DefNew: 447K->64K(448K), 0.0005520 secs] 238956K->238652K(1048512K), 0.0005860 secs] [Times: user=0.01 sys=0.00, real=0.00 secs] 
19.313: [GC19.314: [DefNew: 448K->64K(448K), 0.0007190 secs] 239036K->238751K(1048512K), 0.0008230 secs] [Times: user=0.00 sys=0.00, real=0.00 secs] 
19.323: [GC19.323: [DefNew: 447K->63K(448K), 0.0006730 secs] 239135K->238830K(1048512K), 0.0007210 secs] [Times: user=0.00 sys=0.00, real=0.00 secs] 
19.333: [GC19.333: [DefNew: 447K->64K(448K), 0.0006080 secs] 239214K->238906K(1048512K), 0.0006570 secs] [Times: user=0.00 sys=0.00, real=0.00 secs] 
19.341: [GC19.341: [DefNew: 448K->64K(448K), 0.0006740 secs] 239290K->238982K(1048512K), 0.0007320 secs] [Times: user=0.00 sys=0.00, real=0.00 secs] 
19.351: [GC19.351: [DefNew: 448K->64K(448K), 0.0004970 secs] 239366K->239054K(1048512K), 0.0005410 secs] [Times: user=0.00 sys=0.00, real=0.00 secs] 
19.360: [GC19.360: [DefNew: 448K->64K(448K), 0.0005310 secs] 239438K->239140K(1048512K), 0.0005650 secs] [Times: user=0.00 sys=0.00, real=0.00 secs] 
19.370: [GC19.370: [DefNew: 448K->63K(448K), 0.0005090 secs] 239524K->239208K(1048512K), 0.0005530 secs] [Times: user=0.00 sys=0.00, real=0.00 secs] 
19.379: [GC19.379: [DefNew: 447K->63K(448K), 0.0005290 secs] 239592K->239277K(1048512K), 0.0005870 secs] [Times: user=0.00 sys=0.00, real=0.00 secs] 
19.389: [GC19.389: [DefNew: 447K->63K(448K), 0.0004670 secs] 239661K->239351K(1048512K), 0.0005060 secs] [Times: user=0.00 sys=0.00, real=0.00 secs] 
19.398: [GC19.398: [DefNew: 447K->63K(448K), 0.0005690 secs] 239735K->239446K(1048512K), 0.0006300 secs] [Times: user=0.00 sys=0.00, real=0.00 secs] 
19.408: [GC19.408: [DefNew: 447K->63K(448K), 0.0004920 secs] 239830K->239509K(1048512K), 0.0005870 secs] [Times: user=0.00 sys=0.00, real=0.00 secs] 
19.417: [GC19.418: [DefNew: 447K->63K(448K), 0.0004810 secs] 239893K->239576K(1048512K), 0.0005240 secs] [Times: user=0.01 sys=0.00, real=0.00 secs] 
19.429: [GC19.429: [DefNew: 447K->63K(448K), 0.0022040 secs] 239960K->239732K(1048512K), 0.0023360 secs] [Times: user=0.00 sys=0.00, real=0.00 secs] 
19.441: [GC19.441: [DefNew: 447K->63K(448K), 0.0025540 secs] 240116K->239967K(1048512K), 0.0027100 secs] [Times: user=0.00 sys=0.00, real=0.00 secs] 
19.454: [GC19.454: [DefNew: 447K->64K(448K), 0.0018980 secs] 240351K->240187K(1048512K), 0.0019900 secs] [Times: user=0.00 sys=0.00, real=0.00 secs] 
19.465: [GC19.465: [DefNew: 447K->63K(448K), 0.0013560 secs] 240571K->240327K(1048512K), 0.0014280 secs] [Times: user=0.01 sys=0.00, real=0.00 secs] 
19.476: [GC19.476: [DefNew: 447K->63K(448K), 0.0011480 secs] 240711K->240507K(1048512K), 0.0012140 secs] [Times: user=0.00 sys=0.00, real=0.01 secs] 
19.486: [GC19.486: [DefNew: 447K->63K(448K), 0.0041310 secs] 240891K->240694K(1048512K), 0.0042820 secs] [Times: user=0.00 sys=0.00, real=0.01 secs] 
19.499: [GC19.499: [DefNew: 447K->64K(448K), 0.0014440 secs] 241078K->240849K(1048512K), 0.0015240 secs] [Times: user=0.00 sys=0.00, real=0.00 secs] 
19.509: [GC19.509: [DefNew: 448K->64K(448K), 0.0013780 secs] 241233K->240992K(1048512K), 0.0014410 secs] [Times: user=0.00 sys=0.00, real=0.00 secs] 
19.520: [GC19.520: [DefNew: 447K->64K(448K), 0.0019150 secs] 241376K->241159K(1048512K), 0.0020380 secs] [Times: user=0.00 sys=0.00, real=0.00 secs] 
19.531: [GC19.531: [DefNew: 448K->64K(448K), 0.0019550 secs] 241543K->241289K(1048512K), 0.0020160 secs] [Times: user=0.00 sys=0.00, real=0.00 secs] 
19.542: [GC19.542: [DefNew: 448K->63K(448K), 0.0008570 secs] 241673K->241439K(1048512K), 0.0009110 secs] [Times: user=0.00 sys=0.00, real=0.00 secs] 
19.552: [GC19.552: [DefNew: 447K->63K(448K), 0.0014350 secs] 241823K->241640K(1048512K), 0.0014930 secs] [Times: user=0.00 sys=0.00, real=0.00 secs] 
19.562: [GC19.562: [DefNew: 447K->64K(448K), 0.0010760 secs] 242024K->241757K(1048512K), 0.0011310 secs] [Times: user=0.00 sys=0.00, real=0.00 secs] 
19.572: [GC19.572: [DefNew: 448K->63K(448K), 0.0009260 secs] 242141K->241860K(1048512K), 0.0010020 secs] [Times: user=0.00 sys=0.00, real=0.00 secs] 
19.583: [GC19.583: [DefNew: 447K->63K(448K), 0.0016970 secs] 242244K->242043K(1048512K), 0.0018230 secs] [Times: user=0.00 sys=0.00, real=0.00 secs] 
19.595: [GC19.595: [DefNew: 447K->64K(448K), 0.0008690 secs] 242427K->242171K(1048512K), 0.0009030 secs] [Times: user=0.00 sys=0.00, real=0.00 secs] 
19.605: [GC19.605: [DefNew: 448K->63K(448K), 0.0006910 secs] 242555K->242278K(1048512K), 0.0007330 secs] [Times: user=0.00 sys=0.00, real=0.00 secs] 
19.614: [GC19.614: [DefNew: 447K->63K(448K), 0.0006160 secs] 242662K->242355K(1048512K), 0.0006840 secs] [Times: user=0.00 sys=0.00, real=0.00 secs] 
19.625: [GC19.625: [DefNew: 447K->64K(448K), 0.0005190 secs] 242739K->242430K(1048512K), 0.0005490 secs] [Times: user=0.00 sys=0.00, real=0.00 secs] 
19.635: [GC19.635: [DefNew: 448K->63K(448K), 0.0015670 secs] 242814K->242608K(1048512K), 0.0016880 secs] [Times: user=0.01 sys=0.00, real=0.01 secs] 
19.647: [GC19.647: [DefNew: 447K->63K(448K), 0.0013420 secs] 242992K->242742K(1048512K), 0.0013910 secs] [Times: user=0.00 sys=0.00, real=0.00 secs] 
19.658: [GC19.658: [DefNew: 447K->63K(448K), 0.0007240 secs] 243126K->242860K(1048512K), 0.0007670 secs] [Times: user=0.00 sys=0.00, real=0.00 secs] 
19.669: [GC19.669: [DefNew: 447K->63K(448K), 0.0006210 secs] 243244K->242939K(1048512K), 0.0006620 secs] [Times: user=0.00 sys=0.00, real=0.00 secs] 
19.678: [GC19.678: [DefNew: 447K->63K(448K), 0.0021700 secs] 243323K->243130K(1048512K), 0.0023230 secs] [Times: user=0.00 sys=0.00, real=0.00 secs] 
19.689: [GC19.689: [DefNew: 447K->64K(448K), 0.0009600 secs] 243514K->243251K(1048512K), 0.0010160 secs] [Times: user=0.00 sys=0.00, real=0.00 secs] 
19.700: [GC19.700: [DefNew: 448K->63K(448K), 0.0009870 secs] 243635K->243346K(1048512K), 0.0010370 secs] [Times: user=0.00 sys=0.00, real=0.00 secs] 
19.711: [GC19.711: [DefNew: 447K->63K(448K), 0.0011870 secs] 243730K->243489K(1048512K), 0.0012390 secs] [Times: user=0.00 sys=0.00, real=0.00 secs] 
19.723: [GC19.723: [DefNew: 447K->64K(448K), 0.0011930 secs] 243873K->243603K(1048512K), 0.0012440 secs] [Times: user=0.00 sys=0.00, real=0.00 secs] 
19.734: [GC19.734: [DefNew: 448K->63K(448K), 0.0013680 secs] 243987K->243749K(1048512K), 0.0014260 secs] [Times: user=0.00 sys=0.00, real=0.00 secs] 
19.746: [GC19.746: [DefNew: 447K->63K(448K), 0.0012420 secs] 244133K->243867K(1048512K), 0.0012920 secs] [Times: user=0.00 sys=0.00, real=0.01 secs] 
19.756: [GC19.756: [DefNew: 447K->64K(448K), 0.0012380 secs] 244251K->244005K(1048512K), 0.0012900 secs] [Times: user=0.00 sys=0.00, real=0.01 secs] 
19.767: [GC19.767: [DefNew: 448K->64K(448K), 0.0011280 secs] 244389K->244135K(1048512K), 0.0011760 secs] [Times: user=0.01 sys=0.00, real=0.00 secs] 
19.778: [GC19.778: [DefNew: 448K->63K(448K), 0.0012570 secs] 244519K->244277K(1048512K), 0.0013060 secs] [Times: user=0.00 sys=0.00, real=0.00 secs] 
19.790: [GC19.790: [DefNew: 447K->64K(448K), 0.0012680 secs] 244661K->244403K(1048512K), 0.0013350 secs] [Times: user=0.00 sys=0.00, real=0.00 secs] 
19.801: [GC19.801: [DefNew: 448K->63K(448K), 0.0011600 secs] 244787K->244534K(1048512K), 0.0012120 secs] [Times: user=0.00 sys=0.00, real=0.00 secs] 
19.812: [GC19.812: [DefNew: 447K->63K(448K), 0.0011490 secs] 244918K->244658K(1048512K), 0.0012050 secs] [Times: user=0.00 sys=0.00, real=0.00 secs] 
19.823: [GC19.823: [DefNew: 447K->63K(448K), 0.0012190 secs] 245042K->244784K(1048512K), 0.0012700 secs] [Times: user=0.00 sys=0.00, real=0.00 secs] 
19.833: [GC19.833: [DefNew: 447K->63K(448K), 0.0011740 secs] 245168K->244913K(1048512K), 0.0012380 secs] [Times: user=0.01 sys=0.00, real=0.00 secs] 
19.845: [GC19.845: [DefNew: 447K->64K(448K), 0.0025070 secs] 245296K->245116K(1048512K), 0.0026790 secs] [Times: user=0.00 sys=0.00, real=0.01 secs] 
19.857: [GC19.857: [DefNew: 448K->64K(448K), 0.0010000 secs] 245500K->245266K(1048512K), 0.0010370 secs] [Times: user=0.00 sys=0.00, real=0.00 secs] 
19.868: [GC19.868: [DefNew: 448K->63K(448K), 0.0006720 secs] 245650K->245347K(1048512K), 0.0007060 secs] [Times: user=0.00 sys=0.00, real=0.00 secs] 
19.878: [GC19.878: [DefNew: 447K->63K(448K), 0.0008320 secs] 245731K->245437K(1048512K), 0.0008840 secs] [Times: user=0.00 sys=0.00, real=0.00 secs] 
19.888: [GC19.888: [DefNew: 447K->64K(448K), 0.0006560 secs] 245821K->245519K(1048512K), 0.0007240 secs] [Times: user=0.00 sys=0.00, real=0.00 secs] 
19.896: [GC19.896: [DefNew: 448K->64K(448K), 0.0007490 secs] 245903K->245653K(1048512K), 0.0008050 secs] [Times: user=0.00 sys=0.00, real=0.00 secs] 
19.906: [GC19.906: [DefNew: 448K->63K(448K), 0.0009370 secs] 246037K->245746K(1048512K), 0.0010110 secs] [Times: user=0.01 sys=0.00, real=0.01 secs] 
19.916: [GC19.916: [DefNew: 447K->63K(448K), 0.0009750 secs] 246130K->245870K(1048512K), 0.0010800 secs] [Times: user=0.00 sys=0.00, real=0.01 secs] 
19.926: [GC19.926: [DefNew: 447K->63K(448K), 0.0008240 secs] 246254K->245981K(1048512K), 0.0008790 secs] [Times: user=0.00 sys=0.00, real=0.01 secs] 
19.936: [GC19.936: [DefNew: 447K->64K(448K), 0.0006100 secs] 246365K->246059K(1048512K), 0.0006540 secs] [Times: user=0.00 sys=0.00, real=0.01 secs] 
19.945: [GC19.945: [DefNew: 448K->63K(448K), 0.0006670 secs] 246443K->246138K(1048512K), 0.0007290 secs] [Times: user=0.00 sys=0.00, real=0.00 secs] 
19.955: [GC19.955: [DefNew: 447K->64K(448K), 0.0005370 secs] 246522K->246223K(1048512K), 0.0005750 secs] [Times: user=0.00 sys=0.00, real=0.00 secs] 
19.964: [GC19.964: [DefNew: 448K->63K(448K), 0.0005510 secs] 246607K->246299K(1048512K), 0.0005910 secs] [Times: user=0.00 sys=0.00, real=0.00 secs] 
19.973: [GC19.973: [DefNew: 447K->64K(448K), 0.0005810 secs] 246683K->246398K(1048512K), 0.0006160 secs] [Times: user=0.00 sys=0.00, real=0.00 secs] 
19.983: [GC19.983: [DefNew: 448K->63K(448K), 0.0009170 secs] 246782K->246508K(1048512K), 0.0009700 secs] [Times: user=0.00 sys=0.00, real=0.00 secs] 
19.993: [GC19.993: [DefNew: 447K->63K(448K), 0.0007550 secs] 246892K->246654K(1048512K), 0.0008040 secs] [Times: user=0.01 sys=0.00, real=0.00 secs] 
20.003: [GC20.003: [DefNew: 447K->63K(448K), 0.0009260 secs] 247038K->246805K(1048512K), 0.0009740 secs] [Times: user=0.00 sys=0.00, real=0.00 secs] 
20.013: [GC20.013: [DefNew: 447K->63K(448K), 0.0020560 secs] 247189K->246939K(1048512K), 0.0021300 secs] [Times: user=0.00 sys=0.00, real=0.00 secs] 
20.024: [GC20.024: [DefNew: 447K->64K(448K), 0.0008430 secs] 247323K->247060K(1048512K), 0.0009030 secs] [Times: user=0.00 sys=0.00, real=0.00 secs] 
20.033: [GC20.033: [DefNew: 448K->64K(448K), 0.0006420 secs] 247444K->247146K(1048512K), 0.0006950 secs] [Times: user=0.00 sys=0.00, real=0.00 secs] 
20.042: [GC20.042: [DefNew: 448K->63K(448K), 0.0008230 secs] 247530K->247223K(1048512K), 0.0008950 secs] [Times: user=0.00 sys=0.00, real=0.00 secs] 
20.054: [GC20.055: [DefNew: 447K->63K(448K), 0.0018110 secs] 247607K->247478K(1048512K), 0.0018960 secs] [Times: user=0.01 sys=0.00, real=0.01 secs] 
20.066: [GC20.066: [DefNew: 447K->63K(448K), 0.0019500 secs] 247862K->247663K(1048512K), 0.0020350 secs] [Times: user=0.00 sys=0.00, real=0.00 secs] 
20.078: [GC20.078: [DefNew: 447K->63K(448K), 0.0010550 secs] 248047K->247801K(1048512K), 0.0011040 secs] [Times: user=0.00 sys=0.00, real=0.00 secs] 
20.087: [GC20.087: [DefNew: 447K->64K(448K), 0.0007030 secs] 248185K->247886K(1048512K), 0.0007470 secs] [Times: user=0.00 sys=0.00, real=0.00 secs] 
20.097: [GC20.097: [DefNew: 447K->64K(448K), 0.0007390 secs] 248269K->247989K(1048512K), 0.0007910 secs] [Times: user=0.00 sys=0.00, real=0.00 secs] 
20.106: [GC20.106: [DefNew: 447K->63K(448K), 0.0011930 secs] 248373K->248087K(1048512K), 0.0012720 secs] [Times: user=0.00 sys=0.00, real=0.01 secs] 
20.116: [GC20.116: [DefNew: 447K->63K(448K), 0.0013000 secs] 248471K->248224K(1048512K), 0.0013960 secs] [Times: user=0.00 sys=0.00, real=0.01 secs] 
20.127: [GC20.127: [DefNew: 447K->64K(448K), 0.0007470 secs] 248608K->248358K(1048512K), 0.0007910 secs] [Times: user=0.00 sys=0.00, real=0.00 secs] 
20.137: [GC20.137: [DefNew: 448K->63K(448K), 0.0008370 secs] 248742K->248502K(1048512K), 0.0008780 secs] [Times: user=0.00 sys=0.00, real=0.00 secs] 
20.146: [GC20.146: [DefNew: 447K->63K(448K), 0.0007000 secs] 248886K->248593K(1048512K), 0.0007420 secs] [Times: user=0.00 sys=0.00, real=0.01 secs] 
20.155: [GC20.155: [DefNew: 447K->63K(448K), 0.0006170 secs] 248977K->248667K(1048512K), 0.0006600 secs] [Times: user=0.00 sys=0.00, real=0.00 secs] 
20.164: [GC20.164: [DefNew: 447K->64K(448K), 0.0006350 secs] 249051K->248752K(1048512K), 0.0006690 secs] [Times: user=0.00 sys=0.00, real=0.00 secs] 
20.173: [GC20.174: [DefNew: 448K->64K(448K), 0.0007230 secs] 249136K->248836K(1048512K), 0.0007830 secs] [Times: user=0.00 sys=0.00, real=0.00 secs] 
20.182: [GC20.182: [DefNew: 448K->64K(448K), 0.0006180 secs] 249220K->248912K(1048512K), 0.0006650 secs] [Times: user=0.00 sys=0.00, real=0.00 secs] 
20.191: [GC20.191: [DefNew: 448K->63K(448K), 0.0005630 secs] 249296K->248987K(1048512K), 0.0006390 secs] [Times: user=0.00 sys=0.00, real=0.00 secs] 
20.200: [GC20.201: [DefNew: 447K->63K(448K), 0.0005690 secs] 249371K->249067K(1048512K), 0.0006170 secs] [Times: user=0.00 sys=0.00, real=0.00 secs] 
20.210: [GC20.210: [DefNew: 447K->64K(448K), 0.0006050 secs] 249451K->249150K(1048512K), 0.0006620 secs] [Times: user=0.00 sys=0.00, real=0.00 secs] 
20.219: [GC20.219: [DefNew: 448K->64K(448K), 0.0006310 secs] 249534K->249252K(1048512K), 0.0006750 secs] [Times: user=0.00 sys=0.00, real=0.00 secs] 
20.229: [GC20.229: [DefNew: 448K->64K(448K), 0.0007820 secs] 249636K->249332K(1048512K), 0.0008300 secs] [Times: user=0.00 sys=0.00, real=0.00 secs] 
20.239: [GC20.239: [DefNew: 448K->63K(448K), 0.0005210 secs] 249716K->249404K(1048512K), 0.0005630 secs] [Times: user=0.00 sys=0.00, real=0.00 secs] 
20.248: [GC20.248: [DefNew: 447K->63K(448K), 0.0006730 secs] 249788K->249489K(1048512K), 0.0007290 secs] [Times: user=0.00 sys=0.00, real=0.00 secs] 
20.257: [GC20.257: [DefNew: 447K->63K(448K), 0.0031540 secs] 249873K->249661K(1048512K), 0.0032970 secs] [Times: user=0.00 sys=0.00, real=0.00 secs] 
20.270: [GC20.270: [DefNew: 447K->63K(448K), 0.0017990 secs] 250045K->249853K(1048512K), 0.0018950 secs] [Times: user=0.00 sys=0.00, real=0.00 secs] 
20.280: [GC20.281: [DefNew: 447K->63K(448K), 0.0008910 secs] 250237K->249952K(1048512K), 0.0009520 secs] [Times: user=0.01 sys=0.00, real=0.00 secs] 
20.290: [GC20.290: [DefNew: 447K->64K(448K), 0.0006260 secs] 250336K->250029K(1048512K), 0.0006720 secs] [Times: user=0.00 sys=0.00, real=0.00 secs] 
20.299: [GC20.299: [DefNew: 448K->64K(448K), 0.0005450 secs] 250413K->250109K(1048512K), 0.0005830 secs] [Times: user=0.00 sys=0.00, real=0.00 secs] 
20.309: [GC20.309: [DefNew: 448K->63K(448K), 0.0006310 secs] 250493K->250188K(1048512K), 0.0006830 secs] [Times: user=0.00 sys=0.00, real=0.00 secs] 
20.318: [GC20.318: [DefNew: 447K->63K(448K), 0.0005570 secs] 250572K->250275K(1048512K), 0.0005990 secs] [Times: user=0.00 sys=0.00, real=0.00 secs] 
20.328: [GC20.328: [DefNew: 447K->63K(448K), 0.0006410 secs] 250659K->250354K(1048512K), 0.0006870 secs] [Times: user=0.00 sys=0.00, real=0.00 secs] 
20.336: [GC20.336: [DefNew: 447K->63K(448K), 0.0006260 secs] 250738K->250436K(1048512K), 0.0006690 secs] [Times: user=0.00 sys=0.00, real=0.00 secs] 
20.345: [GC20.345: [DefNew: 447K->63K(448K), 0.0005850 secs] 250820K->250519K(1048512K), 0.0006260 secs] [Times: user=0.00 sys=0.00, real=0.00 secs] 
20.355: [GC20.355: [DefNew: 447K->63K(448K), 0.0005490 secs] 250903K->250615K(1048512K), 0.0005820 secs] [Times: user=0.00 sys=0.00, real=0.00 secs] 
20.364: [GC20.364: [DefNew: 447K->63K(448K), 0.0008190 secs] 250999K->250705K(1048512K), 0.0008750 secs] [Times: user=0.00 sys=0.01, real=0.00 secs] 
20.374: [GC20.374: [DefNew: 447K->63K(448K), 0.0007540 secs] 251089K->250800K(1048512K), 0.0008030 secs] [Times: user=0.00 sys=0.00, real=0.00 secs] 
20.384: [GC20.384: [DefNew: 447K->63K(448K), 0.0009440 secs] 251184K->250912K(1048512K), 0.0010100 secs] [Times: user=0.00 sys=0.00, real=0.00 secs] 
20.394: [GC20.394: [DefNew: 447K->64K(448K), 0.0008490 secs] 251295K->251045K(1048512K), 0.0008990 secs] [Times: user=0.00 sys=0.00, real=0.00 secs] 
20.403: [GC20.403: [DefNew: 448K->64K(448K), 0.0008920 secs] 251429K->251145K(1048512K), 0.0009530 secs] [Times: user=0.00 sys=0.00, real=0.00 secs] 
20.413: [GC20.413: [DefNew: 448K->64K(448K), 0.0017430 secs] 251529K->251273K(1048512K), 0.0018390 secs] [Times: user=0.00 sys=0.00, real=0.00 secs] 
20.424: [GC20.424: [DefNew: 448K->64K(448K), 0.0009970 secs] 251657K->251402K(1048512K), 0.0010490 secs] [Times: user=0.00 sys=0.00, real=0.00 secs] 
20.434: [GC20.434: [DefNew: 448K->63K(448K), 0.0006740 secs] 251786K->251500K(1048512K), 0.0007160 secs] [Times: user=0.00 sys=0.00, real=0.00 secs] 
20.444: [GC20.444: [DefNew: 447K->63K(448K), 0.0007060 secs] 251884K->251584K(1048512K), 0.0007490 secs] [Times: user=0.00 sys=0.00, real=0.00 secs] 
20.453: [GC20.453: [DefNew: 447K->63K(448K), 0.0006010 secs] 251968K->251667K(1048512K), 0.0006400 secs] [Times: user=0.01 sys=0.00, real=0.00 secs] 
20.463: [GC20.463: [DefNew: 447K->64K(448K), 0.0007160 secs] 252051K->251806K(1048512K), 0.0007680 secs] [Times: user=0.00 sys=0.00, real=0.00 secs] 
20.471: [GC20.472: [DefNew: 448K->63K(448K), 0.0016470 secs] 252190K->251954K(1048512K), 0.0017650 secs] [Times: user=0.00 sys=0.00, real=0.00 secs] 
20.482: [GC20.482: [DefNew: 447K->63K(448K), 0.0019520 secs] 252338K->252121K(1048512K), 0.0020400 secs] [Times: user=0.00 sys=0.00, real=0.00 secs] 
20.494: [GC20.494: [DefNew: 447K->64K(448K), 0.0008440 secs] 252505K->252255K(1048512K), 0.0008970 secs] [Times: user=0.00 sys=0.00, real=0.00 secs] 
20.504: [GC20.504: [DefNew: 448K->63K(448K), 0.0010170 secs] 252639K->252404K(1048512K), 0.0010810 secs] [Times: user=0.00 sys=0.00, real=0.00 secs] 
20.514: [GC20.514: [DefNew: 447K->64K(448K), 0.0008380 secs] 252788K->252539K(1048512K), 0.0009020 secs] [Times: user=0.00 sys=0.00, real=0.00 secs] 
20.524: [GC20.524: [DefNew: 448K->63K(448K), 0.0010270 secs] 252923K->252674K(1048512K), 0.0010970 secs] [Times: user=0.00 sys=0.00, real=0.00 secs] 
20.533: [GC20.533: [DefNew: 447K->64K(448K), 0.0017310 secs] 253058K->252812K(1048512K), 0.0018680 secs] [Times: user=0.00 sys=0.00, real=0.00 secs] 
20.545: [GC20.545: [DefNew: 448K->64K(448K), 0.0008810 secs] 253196K->252965K(1048512K), 0.0009530 secs] [Times: user=0.00 sys=0.00, real=0.00 secs] 
20.558: [GC20.559: [DefNew: 448K->64K(448K), 0.0032150 secs] 253349K->253156K(1048512K), 0.0034910 secs] [Times: user=0.00 sys=0.00, real=0.00 secs] 
20.573: [GC20.573: [DefNew: 447K->64K(448K), 0.0025270 secs] 253540K->253394K(1048512K), 0.0026270 secs] [Times: user=0.00 sys=0.00, real=0.00 secs] 
20.585: [GC20.585: [DefNew: 447K->63K(448K), 0.0008930 secs] 253777K->253497K(1048512K), 0.0009390 secs] [Times: user=0.00 sys=0.00, real=0.00 secs] 
20.594: [GC20.594: [DefNew: 447K->63K(448K), 0.0007420 secs] 253881K->253607K(1048512K), 0.0008020 secs] [Times: user=0.00 sys=0.00, real=0.00 secs] 
20.605: [GC20.605: [DefNew: 447K->64K(448K), 0.0012720 secs] 253991K->253726K(1048512K), 0.0013720 secs] [Times: user=0.00 sys=0.00, real=0.00 secs] 
20.616: [GC20.616: [DefNew: 447K->63K(448K), 0.0011910 secs] 254110K->253835K(1048512K), 0.0012840 secs] [Times: user=0.00 sys=0.00, real=0.01 secs] 
20.627: [GC20.627: [DefNew: 447K->63K(448K), 0.0014460 secs] 254218K->253955K(1048512K), 0.0015870 secs] [Times: user=0.01 sys=0.00, real=0.00 secs] 
20.637: [GC20.637: [DefNew: 447K->63K(448K), 0.0010360 secs] 254339K->254067K(1048512K), 0.0010840 secs] [Times: user=0.00 sys=0.00, real=0.00 secs] 
20.648: [GC20.648: [DefNew: 447K->63K(448K), 0.0016040 secs] 254451K->254207K(1048512K), 0.0017150 secs] [Times: user=0.00 sys=0.00, real=0.00 secs] 
20.660: [GC20.660: [DefNew: 447K->64K(448K), 0.0006990 secs] 254591K->254311K(1048512K), 0.0007360 secs] [Times: user=0.00 sys=0.00, real=0.00 secs] 
20.669: [GC20.669: [DefNew: 448K->63K(448K), 0.0006040 secs] 254695K->254390K(1048512K), 0.0006360 secs] [Times: user=0.00 sys=0.00, real=0.00 secs] 
20.679: [GC20.679: [DefNew: 447K->63K(448K), 0.0005830 secs] 254774K->254464K(1048512K), 0.0006230 secs] [Times: user=0.00 sys=0.00, real=0.00 secs] 
20.690: [GC20.690: [DefNew: 447K->64K(448K), 0.0005690 secs] 254848K->254554K(1048512K), 0.0006080 secs] [Times: user=0.00 sys=0.00, real=0.00 secs] 
20.701: [GC20.701: [DefNew: 448K->64K(448K), 0.0005550 secs] 254938K->254637K(1048512K), 0.0005880 secs] [Times: user=0.00 sys=0.00, real=0.00 secs] 
20.711: [GC20.711: [DefNew: 448K->64K(448K), 0.0006490 secs] 255021K->254725K(1048512K), 0.0007040 secs] [Times: user=0.01 sys=0.00, real=0.00 secs] 
20.721: [GC20.721: [DefNew: 448K->64K(448K), 0.0005510 secs] 255109K->254814K(1048512K), 0.0005990 secs] [Times: user=0.00 sys=0.00, real=0.00 secs] 
20.732: [GC20.732: [DefNew: 448K->63K(448K), 0.0005960 secs] 255198K->254896K(1048512K), 0.0006300 secs] [Times: user=0.00 sys=0.00, real=0.00 secs] 
20.743: [GC20.743: [DefNew: 447K->63K(448K), 0.0006590 secs] 255280K->254979K(1048512K), 0.0006980 secs] [Times: user=0.00 sys=0.00, real=0.00 secs] 
20.753: [GC20.753: [DefNew: 447K->63K(448K), 0.0005580 secs] 255363K->255053K(1048512K), 0.0005910 secs] [Times: user=0.00 sys=0.00, real=0.00 secs] 
20.763: [GC20.763: [DefNew: 447K->63K(448K), 0.0034700 secs] 255437K->255187K(1048512K), 0.0036710 secs] [Times: user=0.00 sys=0.00, real=0.01 secs] 
20.776: [GC20.776: [DefNew: 447K->63K(448K), 0.0019640 secs] 255571K->255365K(1048512K), 0.0020390 secs] [Times: user=0.00 sys=0.00, real=0.01 secs] 
20.787: [GC20.787: [DefNew: 447K->63K(448K), 0.0011200 secs] 255748K->255466K(1048512K), 0.0012010 secs] [Times: user=0.00 sys=0.00, real=0.00 secs] 
20.798: [GC20.798: [DefNew: 447K->64K(448K), 0.0005530 secs] 255849K->255542K(1048512K), 0.0005850 secs] [Times: user=0.00 sys=0.00, real=0.00 secs] 
20.809: [GC20.809: [DefNew: 448K->63K(448K), 0.0005240 secs] 255926K->255618K(1048512K), 0.0005590 secs] [Times: user=0.00 sys=0.00, real=0.00 secs] 
20.819: [GC20.819: [DefNew: 447K->63K(448K), 0.0008850 secs] 256002K->255712K(1048512K), 0.0009350 secs] [Times: user=0.00 sys=0.00, real=0.00 secs] 
20.830: [GC20.830: [DefNew: 447K->63K(448K), 0.0010100 secs] 256096K->255821K(1048512K), 0.0010650 secs] [Times: user=0.00 sys=0.00, real=0.00 secs] 
20.842: [GC20.842: [DefNew: 447K->64K(448K), 0.0011900 secs] 256205K->255958K(1048512K), 0.0012390 secs] [Times: user=0.00 sys=0.00, real=0.00 secs] 
20.852: [GC20.852: [DefNew: 448K->64K(448K), 0.0011220 secs] 256342K->256077K(1048512K), 0.0011720 secs] [Times: user=0.00 sys=0.00, real=0.00 secs] 
20.863: [GC20.863: [DefNew: 448K->63K(448K), 0.0011880 secs] 256461K->256220K(1048512K), 0.0012380 secs] [Times: user=0.00 sys=0.00, real=0.00 secs] 
20.874: [GC20.874: [DefNew: 447K->63K(448K), 0.0011910 secs] 256604K->256330K(1048512K), 0.0012400 secs] [Times: user=0.00 sys=0.00, real=0.00 secs] 
20.886: [GC20.886: [DefNew: 447K->63K(448K), 0.0011170 secs] 256714K->256452K(1048512K), 0.0011680 secs] [Times: user=0.00 sys=0.00, real=0.01 secs] 
20.897: [GC20.897: [DefNew: 447K->64K(448K), 0.0011020 secs] 256836K->256554K(1048512K), 0.0011500 secs] [Times: user=0.00 sys=0.00, real=0.00 secs] 
20.909: [GC20.909: [DefNew: 448K->64K(448K), 0.0011640 secs] 256938K->256692K(1048512K), 0.0012250 secs] [Times: user=0.00 sys=0.00, real=0.00 secs] 
20.920: [GC20.920: [DefNew: 448K->63K(448K), 0.0011540 secs] 257076K->256821K(1048512K), 0.0012040 secs] [Times: user=0.00 sys=0.01, real=0.00 secs] 
20.932: [GC20.932: [DefNew: 447K->63K(448K), 0.0010980 secs] 257205K->256939K(1048512K), 0.0011520 secs] [Times: user=0.01 sys=0.00, real=0.00 secs] 
20.942: [GC20.942: [DefNew: 447K->63K(448K), 0.0011160 secs] 257323K->257044K(1048512K), 0.0011860 secs] [Times: user=0.00 sys=0.00, real=0.00 secs] 
20.953: [GC20.953: [DefNew: 447K->63K(448K), 0.0012910 secs] 257428K->257181K(1048512K), 0.0013450 secs] [Times: user=0.00 sys=0.00, real=0.00 secs] 
20.965: [GC20.965: [DefNew: 447K->63K(448K), 0.0012800 secs] 257565K->257312K(1048512K), 0.0013410 secs] [Times: user=0.00 sys=0.00, real=0.01 secs] 
20.976: [GC20.976: [DefNew: 447K->63K(448K), 0.0014150 secs] 257696K->257490K(1048512K), 0.0014940 secs] [Times: user=0.00 sys=0.00, real=0.01 secs] 
20.987: [GC20.987: [DefNew: 447K->63K(448K), 0.0012070 secs] 257874K->257586K(1048512K), 0.0012670 secs] [Times: user=0.01 sys=0.00, real=0.00 secs] 
20.999: [GC20.999: [DefNew: 447K->64K(448K), 0.0006340 secs] 257970K->257657K(1048512K), 0.0006700 secs] [Times: user=0.00 sys=0.00, real=0.00 secs] 
21.010: [GC21.010: [DefNew: 448K->63K(448K), 0.0005240 secs] 258041K->257736K(1048512K), 0.0005670 secs] [Times: user=0.00 sys=0.00, real=0.00 secs] 
21.020: [GC21.020: [DefNew: 447K->64K(448K), 0.0005110 secs] 258120K->257811K(1048512K), 0.0005540 secs] [Times: user=0.00 sys=0.00, real=0.00 secs] 
21.030: [GC21.030: [DefNew: 447K->63K(448K), 0.0005900 secs] 258195K->257903K(1048512K), 0.0006300 secs] [Times: user=0.00 sys=0.00, real=0.00 secs] 
21.040: [GC21.040: [DefNew: 447K->63K(448K), 0.0006000 secs] 258287K->257977K(1048512K), 0.0006550 secs] [Times: user=0.00 sys=0.00, real=0.00 secs] 
21.051: [GC21.051: [DefNew: 447K->63K(448K), 0.0005430 secs] 258361K->258057K(1048512K), 0.0005900 secs] [Times: user=0.00 sys=0.00, real=0.00 secs] 
21.062: [GC21.062: [DefNew: 447K->63K(448K), 0.0010630 secs] 258441K->258158K(1048512K), 0.0011180 secs] [Times: user=0.00 sys=0.00, real=0.00 secs] 
21.074: [GC21.074: [DefNew: 447K->64K(448K), 0.0012450 secs] 258542K->258311K(1048512K), 0.0013070 secs] [Times: user=0.00 sys=0.00, real=0.00 secs] 
21.085: [GC21.085: [DefNew: 447K->64K(448K), 0.0012770 secs] 258695K->258441K(1048512K), 0.0013380 secs] [Times: user=0.01 sys=0.00, real=0.00 secs] 
21.096: [GC21.096: [DefNew: 448K->63K(448K), 0.0012620 secs] 258825K->258566K(1048512K), 0.0013160 secs] [Times: user=0.00 sys=0.00, real=0.00 secs] 
21.106: [GC21.106: [DefNew: 447K->64K(448K), 0.0013640 secs] 258950K->258704K(1048512K), 0.0014220 secs] [Times: user=0.00 sys=0.00, real=0.00 secs] 
21.118: [GC21.118: [DefNew: 448K->63K(448K), 0.0011650 secs] 259088K->258814K(1048512K), 0.0012140 secs] [Times: user=0.00 sys=0.00, real=0.00 secs] 
21.130: [GC21.130: [DefNew: 447K->63K(448K), 0.0012000 secs] 259198K->258962K(1048512K), 0.0012550 secs] [Times: user=0.00 sys=0.00, real=0.00 secs] 
21.142: [GC21.142: [DefNew: 447K->63K(448K), 0.0012510 secs] 259346K->259097K(1048512K), 0.0013030 secs] [Times: user=0.00 sys=0.00, real=0.00 secs] 
21.153: [GC21.153: [DefNew: 447K->64K(448K), 0.0011960 secs] 259481K->259227K(1048512K), 0.0012430 secs] [Times: user=0.01 sys=0.00, real=0.00 secs] 
21.165: [GC21.165: [DefNew: 447K->63K(448K), 0.0011660 secs] 259611K->259359K(1048512K), 0.0012190 secs] [Times: user=0.00 sys=0.00, real=0.00 secs] 
21.176: [GC21.176: [DefNew: 447K->63K(448K), 0.0017570 secs] 259743K->259494K(1048512K), 0.0018870 secs] [Times: user=0.00 sys=0.00, real=0.01 secs] 
21.187: [GC21.187: [DefNew: 447K->63K(448K), 0.0015040 secs] 259878K->259700K(1048512K), 0.0015480 secs] [Times: user=0.00 sys=0.00, real=0.00 secs] 
21.198: [GC21.198: [DefNew: 447K->64K(448K), 0.0008940 secs] 260084K->259815K(1048512K), 0.0009280 secs] [Times: user=0.00 sys=0.00, real=0.00 secs] 
21.209: [GC21.209: [DefNew: 447K->64K(448K), 0.0005770 secs] 260198K->259893K(1048512K), 0.0006120 secs] [Times: user=0.00 sys=0.00, real=0.00 secs] 
21.219: [GC21.219: [DefNew: 448K->63K(448K), 0.0005730 secs] 260277K->260004K(1048512K), 0.0006100 secs] [Times: user=0.01 sys=0.00, real=0.00 secs] 
21.229: [GC21.229: [DefNew: 447K->63K(448K), 0.0005450 secs] 260388K->260073K(1048512K), 0.0005790 secs] [Times: user=0.00 sys=0.00, real=0.00 secs] 
21.240: [GC21.240: [DefNew: 447K->63K(448K), 0.0005630 secs] 260457K->260159K(1048512K), 0.0006030 secs] [Times: user=0.00 sys=0.00, real=0.00 secs] 
21.250: [GC21.250: [DefNew: 447K->63K(448K), 0.0005480 secs] 260543K->260229K(1048512K), 0.0005840 secs] [Times: user=0.00 sys=0.00, real=0.00 secs] 
21.260: [GC21.260: [DefNew: 447K->63K(448K), 0.0005200 secs] 260613K->260312K(1048512K), 0.0005720 secs] [Times: user=0.00 sys=0.00, real=0.00 secs] 
21.271: [GC21.271: [DefNew: 447K->63K(448K), 0.0009420 secs] 260696K->260398K(1048512K), 0.0010020 secs] [Times: user=0.00 sys=0.00, real=0.00 secs] 
21.281: [GC21.281: [DefNew: 447K->64K(448K), 0.0011700 secs] 260782K->260536K(1048512K), 0.0012260 secs] [Times: user=0.00 sys=0.00, real=0.00 secs] 
21.292: [GC21.292: [DefNew: 448K->63K(448K), 0.0011430 secs] 260920K->260643K(1048512K), 0.0012040 secs] [Times: user=0.00 sys=0.00, real=0.00 secs] 
21.303: [GC21.303: [DefNew: 447K->63K(448K), 0.0011970 secs] 261027K->260781K(1048512K), 0.0012440 secs] [Times: user=0.01 sys=0.00, real=0.00 secs] 
21.315: [GC21.315: [DefNew: 447K->63K(448K), 0.0014000 secs] 261165K->260901K(1048512K), 0.0014730 secs] [Times: user=0.00 sys=0.00, real=0.00 secs] 
21.326: [GC21.326: [DefNew: 447K->63K(448K), 0.0011700 secs] 261284K->261039K(1048512K), 0.0012220 secs] [Times: user=0.00 sys=0.00, real=0.01 secs] 
21.338: [GC21.338: [DefNew: 447K->64K(448K), 0.0011190 secs] 261423K->261146K(1048512K), 0.0011690 secs] [Times: user=0.00 sys=0.00, real=0.00 secs] 
21.348: [GC21.348: [DefNew: 448K->63K(448K), 0.0009830 secs] 261530K->261260K(1048512K), 0.0010380 secs] [Times: user=0.00 sys=0.00, real=0.00 secs] 
21.358: [GC21.358: [DefNew: 447K->63K(448K), 0.0007450 secs] 261644K->261341K(1048512K), 0.0008050 secs] [Times: user=0.00 sys=0.00, real=0.00 secs] 
21.366: [GC21.366: [DefNew: 447K->63K(448K), 0.0005840 secs] 261725K->261423K(1048512K), 0.0006250 secs] [Times: user=0.00 sys=0.00, real=0.00 secs] 
21.376: [GC21.376: [DefNew: 447K->64K(448K), 0.0006170 secs] 261807K->261525K(1048512K), 0.0006720 secs] [Times: user=0.00 sys=0.00, real=0.01 secs] 
21.387: [GC21.387: [DefNew: 448K->64K(448K), 0.0083330 secs] 261909K->261694K(1048512K), 0.0085430 secs] [Times: user=0.00 sys=0.00, real=0.00 secs] 
21.407: [GC21.407: [DefNew: 448K->63K(448K), 0.0033050 secs] 262078K->261869K(1048512K), 0.0034890 secs] [Times: user=0.00 sys=0.00, real=0.00 secs] 
21.420: [GC21.420: [DefNew: 447K->63K(448K), 0.0013130 secs] 262253K->262046K(1048512K), 0.0014160 secs] [Times: user=0.00 sys=0.00, real=0.00 secs] 
21.430: [GC21.430: [DefNew: 447K->63K(448K), 0.0009680 secs] 262430K->262132K(1048512K), 0.0010250 secs] [Times: user=0.00 sys=0.00, real=0.00 secs] 
21.440: [GC21.440: [DefNew: 447K->63K(448K), 0.0007390 secs] 262516K->262224K(1048512K), 0.0008000 secs] [Times: user=0.01 sys=0.00, real=0.00 secs] 
21.450: [GC21.450: [DefNew: 447K->63K(448K), 0.0007540 secs] 262607K->262297K(1048512K), 0.0008160 secs] [Times: user=0.00 sys=0.00, real=0.00 secs] 
21.458: [GC21.458: [DefNew: 447K->64K(448K), 0.0005490 secs] 262681K->262370K(1048512K), 0.0005890 secs] [Times: user=0.00 sys=0.00, real=0.00 secs] 
21.467: [GC21.467: [DefNew: 448K->63K(448K), 0.0007240 secs] 262754K->262449K(1048512K), 0.0007720 secs] [Times: user=0.00 sys=0.00, real=0.00 secs] 
21.476: [GC21.476: [DefNew: 447K->64K(448K), 0.0005610 secs] 262833K->262531K(1048512K), 0.0006010 secs] [Times: user=0.00 sys=0.00, real=0.00 secs] 
21.486: [GC21.486: [DefNew: 448K->64K(448K), 0.0007940 secs] 262915K->262682K(1048512K), 0.0008370 secs] [Times: user=0.00 sys=0.00, real=0.00 secs] 
21.497: [GC21.497: [DefNew: 448K->63K(448K), 0.0016590 secs] 263066K->262847K(1048512K), 0.0017510 secs] [Times: user=0.00 sys=0.01, real=0.00 secs] 
21.509: [GC21.509: [DefNew: 447K->63K(448K), 0.0019140 secs] 263231K->263008K(1048512K), 0.0020710 secs] [Times: user=0.01 sys=0.00, real=0.00 secs] 
21.520: [GC21.520: [DefNew: 447K->63K(448K), 0.0027280 secs] 263392K->263133K(1048512K), 0.0030980 secs] [Times: user=0.00 sys=0.00, real=0.00 secs] 
21.531: [GC21.531: [DefNew: 447K->63K(448K), 0.0021150 secs] 263517K->263281K(1048512K), 0.0022690 secs] [Times: user=0.00 sys=0.00, real=0.00 secs] 
21.543: [GC21.543: [DefNew: 447K->63K(448K), 0.0018650 secs] 263665K->263418K(1048512K), 0.0019670 secs] [Times: user=0.00 sys=0.00, real=0.00 secs] 
21.554: [GC21.554: [DefNew: 447K->63K(448K), 0.0026400 secs] 263802K->263596K(1048512K), 0.0028110 secs] [Times: user=0.01 sys=0.00, real=0.01 secs] 
21.567: [GC21.567: [DefNew: 447K->64K(448K), 0.0021550 secs] 263980K->263748K(1048512K), 0.0022710 secs] [Times: user=0.00 sys=0.00, real=0.00 secs] 
21.580: [GC21.580: [DefNew: 448K->63K(448K), 0.0010010 secs] 264132K->263894K(1048512K), 0.0010650 secs] [Times: user=0.00 sys=0.00, real=0.00 secs] 
21.590: [GC21.590: [DefNew: 447K->63K(448K), 0.0038250 secs] 264278K->264043K(1048512K), 0.0043240 secs] [Times: user=0.00 sys=0.00, real=0.00 secs] 
21.604: [GC21.604: [DefNew: 447K->63K(448K), 0.0027000 secs] 264427K->264230K(1048512K), 0.0028670 secs] [Times: user=0.00 sys=0.00, real=0.01 secs] 
21.617: [GC21.617: [DefNew: 447K->63K(448K), 0.0011230 secs] 264614K->264367K(1048512K), 0.0011900 secs] [Times: user=0.00 sys=0.00, real=0.00 secs] 
21.627: [GC21.627: [DefNew: 447K->63K(448K), 0.0008050 secs] 264751K->264492K(1048512K), 0.0009740 secs] [Times: user=0.00 sys=0.00, real=0.00 secs] 
21.638: [GC21.638: [DefNew: 447K->64K(448K), 0.0034930 secs] 264876K->264717K(1048512K), 0.0036760 secs] [Times: user=0.00 sys=0.00, real=0.00 secs] 
21.651: [GC21.651: [DefNew: 448K->63K(448K), 0.0023450 secs] 265101K->264853K(1048512K), 0.0024560 secs] [Times: user=0.01 sys=0.00, real=0.00 secs] 
21.664: [GC21.664: [DefNew: 447K->63K(448K), 0.0009270 secs] 265237K->265039K(1048512K), 0.0009830 secs] [Times: user=0.00 sys=0.00, real=0.00 secs] 
21.674: [GC21.674: [DefNew: 447K->64K(448K), 0.0022890 secs] 265423K->265199K(1048512K), 0.0024840 secs] [Times: user=0.00 sys=0.00, real=0.00 secs] 
21.685: [GC21.685: [DefNew: 448K->63K(448K), 0.0015950 secs] 265583K->265367K(1048512K), 0.0016830 secs] [Times: user=0.00 sys=0.00, real=0.01 secs] 
21.697: [GC21.697: [DefNew: 447K->64K(448K), 0.0009850 secs] 265751K->265545K(1048512K), 0.0010480 secs] [Times: user=0.01 sys=0.01, real=0.00 secs] 
21.708: [GC21.708: [DefNew: 448K->63K(448K), 0.0011760 secs] 265929K->265675K(1048512K), 0.0012560 secs] [Times: user=0.00 sys=0.00, real=0.00 secs] 
21.719: [GC21.719: [DefNew: 447K->63K(448K), 0.0010240 secs] 266059K->265834K(1048512K), 0.0011150 secs] [Times: user=0.00 sys=0.00, real=0.00 secs] 
21.730: [GC21.730: [DefNew: 447K->64K(448K), 0.0011260 secs] 266218K->265990K(1048512K), 0.0011780 secs] [Times: user=0.00 sys=0.00, real=0.00 secs] 
21.741: [GC21.741: [DefNew: 448K->63K(448K), 0.0013190 secs] 266374K->266155K(1048512K), 0.0014010 secs] [Times: user=0.00 sys=0.00, real=0.00 secs] 
21.751: [GC21.751: [DefNew: 447K->63K(448K), 0.0017810 secs] 266539K->266333K(1048512K), 0.0018690 secs] [Times: user=0.01 sys=0.00, real=0.00 secs] 
21.762: [GC21.762: [DefNew: 447K->64K(448K), 0.0011010 secs] 266717K->266443K(1048512K), 0.0011590 secs] [Times: user=0.00 sys=0.00, real=0.00 secs] 
21.773: [GC21.773: [DefNew: 448K->64K(448K), 0.0008070 secs] 266827K->266579K(1048512K), 0.0008670 secs] [Times: user=0.00 sys=0.00, real=0.00 secs] 
21.782: [GC21.782: [DefNew: 448K->63K(448K), 0.0008050 secs] 266963K->266674K(1048512K), 0.0008570 secs] [Times: user=0.00 sys=0.00, real=0.00 secs] 
21.792: [GC21.792: [DefNew: 447K->63K(448K), 0.0007530 secs] 267058K->266746K(1048512K), 0.0008170 secs] [Times: user=0.00 sys=0.00, real=0.00 secs] 
21.803: [GC21.803: [DefNew: 447K->63K(448K), 0.0022040 secs] 267130K->266995K(1048512K), 0.0023100 secs] [Times: user=0.00 sys=0.00, real=0.00 secs] 
21.814: [GC21.814: [DefNew: 447K->63K(448K), 0.0016840 secs] 267379K->267156K(1048512K), 0.0018190 secs] [Times: user=0.01 sys=0.00, real=0.00 secs] 
21.825: [GC21.825: [DefNew: 447K->63K(448K), 0.0012940 secs] 267540K->267301K(1048512K), 0.0013620 secs] [Times: user=0.00 sys=0.00, real=0.01 secs] 
21.839: [GC21.839: [DefNew: 447K->63K(448K), 0.0051070 secs] 267684K->267461K(1048512K), 0.0052270 secs] [Times: user=0.00 sys=0.00, real=0.00 secs] 
21.853: [GC21.853: [DefNew: 447K->63K(448K), 0.0038980 secs] 267845K->267626K(1048512K), 0.0040970 secs] [Times: user=0.00 sys=0.00, real=0.01 secs] 
21.867: [GC21.867: [DefNew: 447K->63K(448K), 0.0015950 secs] 268009K->267761K(1048512K), 0.0016710 secs] [Times: user=0.01 sys=0.00, real=0.00 secs] 
21.877: [GC21.878: [DefNew: 447K->63K(448K), 0.0007030 secs] 268145K->267876K(1048512K), 0.0007450 secs] [Times: user=0.00 sys=0.00, real=0.00 secs] 
21.887: [GC21.887: [DefNew: 447K->63K(448K), 0.0006180 secs] 268260K->267970K(1048512K), 0.0006710 secs] [Times: user=0.00 sys=0.00, real=0.00 secs] 
21.895: [GC21.895: [DefNew: 447K->63K(448K), 0.0006020 secs] 268354K->268038K(1048512K), 0.0006440 secs] [Times: user=0.00 sys=0.00, real=0.00 secs] 
21.905: [GC21.905: [DefNew: 447K->63K(448K), 0.0006020 secs] 268422K->268115K(1048512K), 0.0006460 secs] [Times: user=0.00 sys=0.00, real=0.00 secs] 
21.915: [GC21.915: [DefNew: 447K->63K(448K), 0.0005690 secs] 268499K->268193K(1048512K), 0.0006150 secs] [Times: user=0.00 sys=0.00, real=0.00 secs] 
21.924: [GC21.924: [DefNew: 447K->64K(448K), 0.0010480 secs] 268577K->268308K(1048512K), 0.0011350 secs] [Times: user=0.00 sys=0.00, real=0.00 secs] 
21.935: [GC21.935: [DefNew: 447K->63K(448K), 0.0014360 secs] 268692K->268432K(1048512K), 0.0015030 secs] [Times: user=0.00 sys=0.00, real=0.01 secs] 
21.945: [GC21.945: [DefNew: 447K->63K(448K), 0.0009290 secs] 268816K->268510K(1048512K), 0.0009980 secs] [Times: user=0.01 sys=0.00, real=0.00 secs] 
21.955: [GC21.955: [DefNew: 447K->63K(448K), 0.0005930 secs] 268894K->268600K(1048512K), 0.0006550 secs] [Times: user=0.00 sys=0.00, real=0.00 secs] 
21.964: [GC21.964: [DefNew: 447K->63K(448K), 0.0007950 secs] 268984K->268677K(1048512K), 0.0008430 secs] [Times: user=0.00 sys=0.00, real=0.00 secs] 
21.974: [GC21.974: [DefNew: 447K->64K(448K), 0.0006170 secs] 269061K->268759K(1048512K), 0.0006630 secs] [Times: user=0.00 sys=0.00, real=0.00 secs] 
21.984: [GC21.984: [DefNew: 448K->63K(448K), 0.0008820 secs] 269143K->268858K(1048512K), 0.0009620 secs] [Times: user=0.00 sys=0.00, real=0.00 secs] 
21.993: [GC21.993: [DefNew: 447K->63K(448K), 0.0012150 secs] 269242K->269044K(1048512K), 0.0012720 secs] [Times: user=0.00 sys=0.00, real=0.00 secs] 
22.004: [GC22.004: [DefNew: 447K->63K(448K), 0.0031950 secs] 269428K->269200K(1048512K), 0.0033700 secs] [Times: user=0.00 sys=0.00, real=0.01 secs] 
22.017: [GC22.017: [DefNew: 447K->63K(448K), 0.0019890 secs] 269584K->269407K(1048512K), 0.0020760 secs] [Times: user=0.00 sys=0.00, real=0.00 secs] 
22.029: [GC22.029: [DefNew: 447K->63K(448K), 0.0009520 secs] 269791K->269589K(1048512K), 0.0009960 secs] [Times: user=0.00 sys=0.00, real=0.00 secs] 
22.038: [GC22.038: [DefNew: 447K->63K(448K), 0.0017140 secs] 269973K->269707K(1048512K), 0.0018330 secs] [Times: user=0.00 sys=0.00, real=0.00 secs] 
22.048: [GC22.048: [DefNew: 447K->63K(448K), 0.0021570 secs] 270091K->269839K(1048512K), 0.0022860 secs] [Times: user=0.00 sys=0.00, real=0.00 secs] 
22.059: [GC22.059: [DefNew: 447K->63K(448K), 0.0010590 secs] 270223K->269987K(1048512K), 0.0011220 secs] [Times: user=0.01 sys=0.00, real=0.00 secs] 
22.069: [GC22.069: [DefNew: 447K->63K(448K), 0.0008210 secs] 270371K->270120K(1048512K), 0.0008680 secs] [Times: user=0.00 sys=0.00, real=0.00 secs] 
22.079: [GC22.079: [DefNew: 447K->63K(448K), 0.0011000 secs] 270504K->270287K(1048512K), 0.0011610 secs] [Times: user=0.00 sys=0.00, real=0.00 secs] 
22.089: [GC22.089: [DefNew: 447K->63K(448K), 0.0012400 secs] 270671K->270494K(1048512K), 0.0013060 secs] [Times: user=0.00 sys=0.00, real=0.00 secs] 
22.100: [GC22.100: [DefNew: 447K->64K(448K), 0.0010630 secs] 270878K->270615K(1048512K), 0.0011190 secs] [Times: user=0.00 sys=0.00, real=0.00 secs] 
22.108: [GC22.108: [DefNew: 448K->63K(448K), 0.0009180 secs] 270999K->270707K(1048512K), 0.0009810 secs] [Times: user=0.00 sys=0.00, real=0.00 secs] 
22.118: [GC22.118: [DefNew: 447K->63K(448K), 0.0007750 secs] 271091K->270852K(1048512K), 0.0008200 secs] [Times: user=0.01 sys=0.00, real=0.00 secs] 
22.129: [GC22.129: [DefNew: 447K->64K(448K), 0.0011210 secs] 271236K->270970K(1048512K), 0.0011780 secs] [Times: user=0.00 sys=0.00, real=0.00 secs] 
22.139: [GC22.139: [DefNew: 448K->64K(448K), 0.0010500 secs] 271354K->271134K(1048512K), 0.0011060 secs] [Times: user=0.00 sys=0.00, real=0.00 secs] 
22.149: [GC22.149: [DefNew: 448K->64K(448K), 0.0011570 secs] 271518K->271248K(1048512K), 0.0012290 secs] [Times: user=0.00 sys=0.00, real=0.00 secs] 
22.159: [GC22.159: [DefNew: 448K->63K(448K), 0.0010740 secs] 271632K->271350K(1048512K), 0.0011390 secs] [Times: user=0.00 sys=0.00, real=0.00 secs] 
22.169: [GC22.169: [DefNew: 447K->64K(448K), 0.0008980 secs] 271734K->271471K(1048512K), 0.0009540 secs] [Times: user=0.00 sys=0.00, real=0.00 secs] 
22.179: [GC22.179: [DefNew: 448K->63K(448K), 0.0008150 secs] 271855K->271569K(1048512K), 0.0008690 secs] [Times: user=0.00 sys=0.00, real=0.00 secs] 
22.187: [GC22.187: [DefNew: 447K->63K(448K), 0.0007910 secs] 271953K->271657K(1048512K), 0.0008560 secs] [Times: user=0.00 sys=0.00, real=0.00 secs] 
22.197: [GC22.197: [DefNew: 447K->64K(448K), 0.0010190 secs] 272041K->271797K(1048512K), 0.0010770 secs] [Times: user=0.00 sys=0.00, real=0.00 secs] 
22.208: [GC22.208: [DefNew: 448K->63K(448K), 0.0230590 secs] 272181K->271920K(1048512K), 0.0233870 secs] [Times: user=0.00 sys=0.00, real=0.02 secs] 
22.246: [GC22.246: [DefNew: 447K->63K(448K), 0.0024410 secs] 272304K->272124K(1048512K), 0.0025510 secs] [Times: user=0.00 sys=0.00, real=0.01 secs] 
22.261: [GC22.262: [DefNew: 447K->63K(448K), 0.0011490 secs] 272508K->272278K(1048512K), 0.0012230 secs] [Times: user=0.00 sys=0.00, real=0.00 secs] 
22.272: [GC22.272: [DefNew: 447K->63K(448K), 0.0011320 secs] 272662K->272458K(1048512K), 0.0011940 secs] [Times: user=0.00 sys=0.00, real=0.00 secs] 
22.283: [GC22.283: [DefNew: 447K->63K(448K), 0.0010350 secs] 272841K->272559K(1048512K), 0.0010960 secs] [Times: user=0.00 sys=0.00, real=0.00 secs] 
22.292: [GC22.292: [DefNew: 447K->63K(448K), 0.0007560 secs] 272943K->272647K(1048512K), 0.0008270 secs] [Times: user=0.00 sys=0.00, real=0.00 secs] 
22.301: [GC22.301: [DefNew: 447K->64K(448K), 0.0005850 secs] 273031K->272728K(1048512K), 0.0006230 secs] [Times: user=0.00 sys=0.00, real=0.00 secs] 
22.310: [GC22.310: [DefNew: 448K->64K(448K), 0.0004840 secs] 273112K->272803K(1048512K), 0.0005190 secs] [Times: user=0.00 sys=0.00, real=0.00 secs] 
22.319: [GC22.319: [DefNew: 448K->63K(448K), 0.0005960 secs] 273187K->272880K(1048512K), 0.0006450 secs] [Times: user=0.00 sys=0.00, real=0.00 secs] 
22.328: [GC22.328: [DefNew: 447K->64K(448K), 0.0005700 secs] 273264K->272951K(1048512K), 0.0006150 secs] [Times: user=0.00 sys=0.00, real=0.00 secs] 
22.338: [GC22.338: [DefNew: 448K->63K(448K), 0.0006510 secs] 273335K->273051K(1048512K), 0.0007440 secs] [Times: user=0.00 sys=0.00, real=0.00 secs] 
22.348: [GC22.348: [DefNew: 447K->64K(448K), 0.0009140 secs] 273435K->273124K(1048512K), 0.0009880 secs] [Times: user=0.00 sys=0.00, real=0.00 secs] 
22.358: [GC22.358: [DefNew: 447K->64K(448K), 0.0010130 secs] 273508K->273265K(1048512K), 0.0011720 secs] [Times: user=0.00 sys=0.00, real=0.00 secs] 
22.369: [GC22.369: [DefNew: 448K->64K(448K), 0.0018870 secs] 273649K->273434K(1048512K), 0.0019830 secs] [Times: user=0.01 sys=0.00, real=0.00 secs] 
22.379: [GC22.379: [DefNew: 448K->63K(448K), 0.0011690 secs] 273818K->273629K(1048512K), 0.0012210 secs] [Times: user=0.00 sys=0.00, real=0.00 secs] 
22.390: [GC22.391: [DefNew: 447K->63K(448K), 0.0024600 secs] 274013K->273850K(1048512K), 0.0025960 secs] [Times: user=0.00 sys=0.00, real=0.00 secs] 
22.402: [GC22.402: [DefNew: 447K->63K(448K), 0.0013520 secs] 274234K->273972K(1048512K), 0.0014200 secs] [Times: user=0.00 sys=0.00, real=0.00 secs] 
22.412: [GC22.412: [DefNew: 447K->63K(448K), 0.0006180 secs] 274355K->274062K(1048512K), 0.0006590 secs] [Times: user=0.00 sys=0.00, real=0.00 secs] 
22.421: [GC22.421: [DefNew: 447K->63K(448K), 0.0008090 secs] 274446K->274151K(1048512K), 0.0008740 secs] [Times: user=0.01 sys=0.00, real=0.00 secs] 
22.431: [GC22.431: [DefNew: 447K->63K(448K), 0.0010730 secs] 274535K->274314K(1048512K), 0.0011420 secs] [Times: user=0.00 sys=0.00, real=0.00 secs] 
22.440: [GC22.441: [DefNew: 447K->63K(448K), 0.0011600 secs] 274698K->274486K(1048512K), 0.0024890 secs] [Times: user=0.00 sys=0.00, real=0.00 secs] 
22.452: [GC22.452: [DefNew: 447K->64K(448K), 0.0016660 secs] 274870K->274688K(1048512K), 0.0017840 secs] [Times: user=0.00 sys=0.00, real=0.00 secs] 
22.463: [GC22.463: [DefNew: 447K->63K(448K), 0.0013680 secs] 275071K->274864K(1048512K), 0.0014320 secs] [Times: user=0.00 sys=0.00, real=0.00 secs] 
22.474: [GC22.474: [DefNew: 447K->63K(448K), 0.0017250 secs] 275248K->275022K(1048512K), 0.0018350 secs] [Times: user=0.01 sys=0.00, real=0.00 secs] 
22.485: [GC22.485: [DefNew: 447K->63K(448K), 0.0016740 secs] 275406K->275181K(1048512K), 0.0017720 secs] [Times: user=0.00 sys=0.00, real=0.01 secs] 
22.495: [GC22.495: [DefNew: 447K->64K(448K), 0.0010200 secs] 275565K->275285K(1048512K), 0.0010690 secs] [Times: user=0.00 sys=0.00, real=0.00 secs] 
22.505: [GC22.505: [DefNew: 448K->64K(448K), 0.0007050 secs] 275669K->275409K(1048512K), 0.0007470 secs] [Times: user=0.00 sys=0.00, real=0.00 secs] 
22.515: [GC22.515: [DefNew: 448K->64K(448K), 0.0007630 secs] 275793K->275505K(1048512K), 0.0008190 secs] [Times: user=0.00 sys=0.00, real=0.00 secs] 
22.526: [GC22.526: [DefNew: 448K->64K(448K), 0.0014650 secs] 275889K->275694K(1048512K), 0.0015570 secs] [Times: user=0.00 sys=0.00, real=0.01 secs] 
22.536: [GC22.536: [DefNew: 448K->63K(448K), 0.0015370 secs] 276078K->275850K(1048512K), 0.0016270 secs] [Times: user=0.01 sys=0.00, real=0.01 secs] 
22.547: [GC22.547: [DefNew: 447K->63K(448K), 0.0006930 secs] 276233K->275944K(1048512K), 0.0007420 secs] [Times: user=0.00 sys=0.00, real=0.00 secs] 
22.555: [GC22.555: [DefNew: 447K->63K(448K), 0.0008140 secs] 276328K->276040K(1048512K), 0.0008690 secs] [Times: user=0.00 sys=0.00, real=0.00 secs] 
22.565: [GC22.565: [DefNew: 447K->63K(448K), 0.0005940 secs] 276424K->276119K(1048512K), 0.0006360 secs] [Times: user=0.00 sys=0.00, real=0.00 secs] 
22.575: [GC22.575: [DefNew: 447K->64K(448K), 0.0008040 secs] 276503K->276203K(1048512K), 0.0008570 secs] [Times: user=0.00 sys=0.00, real=0.00 secs] 
22.585: [GC22.585: [DefNew: 448K->64K(448K), 0.0005220 secs] 276587K->276276K(1048512K), 0.0005540 secs] [Times: user=0.00 sys=0.00, real=0.00 secs] 
22.595: [GC22.595: [DefNew: 448K->64K(448K), 0.0005240 secs] 276660K->276347K(1048512K), 0.0005560 secs] [Times: user=0.00 sys=0.00, real=0.00 secs] 
22.606: [GC22.606: [DefNew: 448K->63K(448K), 0.0006580 secs] 276731K->276427K(1048512K), 0.0006970 secs] [Times: user=0.00 sys=0.00, real=0.01 secs] 
22.616: [GC22.616: [DefNew: 447K->63K(448K), 0.0005470 secs] 276811K->276511K(1048512K), 0.0005800 secs] [Times: user=0.00 sys=0.00, real=0.01 secs] 
22.627: [GC22.627: [DefNew: 447K->63K(448K), 0.0005450 secs] 276895K->276595K(1048512K), 0.0005780 secs] [Times: user=0.00 sys=0.00, real=0.00 secs] 
22.637: [GC22.637: [DefNew: 447K->63K(448K), 0.0005870 secs] 276979K->276669K(1048512K), 0.0006220 secs] [Times: user=0.01 sys=0.00, real=0.00 secs] 
22.648: [GC22.648: [DefNew: 447K->63K(448K), 0.0005770 secs] 277053K->276748K(1048512K), 0.0006130 secs] [Times: user=0.00 sys=0.00, real=0.00 secs] 
22.658: [GC22.658: [DefNew: 447K->63K(448K), 0.0005550 secs] 277132K->276822K(1048512K), 0.0005950 secs] [Times: user=0.00 sys=0.00, real=0.00 secs] 
22.669: [GC22.669: [DefNew: 447K->63K(448K), 0.0005570 secs] 277206K->276904K(1048512K), 0.0005930 secs] [Times: user=0.00 sys=0.00, real=0.00 secs] 
22.679: [GC22.679: [DefNew: 447K->63K(448K), 0.0005020 secs] 277288K->276973K(1048512K), 0.0005460 secs] [Times: user=0.00 sys=0.00, real=0.00 secs] 
22.689: [GC22.689: [DefNew: 447K->64K(448K), 0.0005450 secs] 277357K->277049K(1048512K), 0.0005760 secs] [Times: user=0.00 sys=0.00, real=0.00 secs] 
22.699: [GC22.699: [DefNew: 447K->63K(448K), 0.0005960 secs] 277433K->277132K(1048512K), 0.0006290 secs] [Times: user=0.00 sys=0.00, real=0.00 secs] 
22.710: [GC22.710: [DefNew: 447K->64K(448K), 0.0009680 secs] 277516K->277241K(1048512K), 0.0010170 secs] [Times: user=0.00 sys=0.00, real=0.00 secs] 
22.721: [GC22.721: [DefNew: 447K->63K(448K), 0.0012320 secs] 277625K->277366K(1048512K), 0.0013010 secs] [Times: user=0.00 sys=0.00, real=0.00 secs] 
22.734: [GC22.734: [DefNew: 447K->63K(448K), 0.0017550 secs] 277750K->277588K(1048512K), 0.0018110 secs] [Times: user=0.00 sys=0.00, real=0.00 secs] 
22.745: [GC22.745: [DefNew: 447K->63K(448K), 0.0010370 secs] 277972K->277732K(1048512K), 0.0010820 secs] [Times: user=0.00 sys=0.00, real=0.00 secs] 
22.753: [GC22.753: [DefNew: 447K->63K(448K), 0.0006320 secs] 278115K->277809K(1048512K), 0.0006850 secs] [Times: user=0.00 sys=0.00, real=0.00 secs] 
22.763: [GC22.763: [DefNew: 447K->64K(448K), 0.0005240 secs] 278193K->277891K(1048512K), 0.0005640 secs] [Times: user=0.00 sys=0.00, real=0.00 secs] 
22.773: [GC22.773: [DefNew: 448K->63K(448K), 0.0006210 secs] 278275K->277978K(1048512K), 0.0006570 secs] [Times: user=0.00 sys=0.00, real=0.00 secs] 
22.782: [GC22.782: [DefNew: 447K->63K(448K), 0.0008400 secs] 278362K->278059K(1048512K), 0.0008990 secs] [Times: user=0.00 sys=0.00, real=0.00 secs] 
22.792: [GC22.792: [DefNew: 447K->63K(448K), 0.0006120 secs] 278443K->278127K(1048512K), 0.0006580 secs] [Times: user=0.00 sys=0.00, real=0.00 secs] 
22.801: [GC22.801: [DefNew: 447K->64K(448K), 0.0007180 secs] 278511K->278260K(1048512K), 0.0007870 secs] [Times: user=0.00 sys=0.00, real=0.00 secs] 
22.811: [GC22.811: [DefNew: 447K->63K(448K), 0.0011820 secs] 278644K->278406K(1048512K), 0.0012490 secs] [Times: user=0.01 sys=0.00, real=0.00 secs] 
22.820: [GC22.820: [DefNew: 447K->63K(448K), 0.0023330 secs] 278790K->278604K(1048512K), 0.0024520 secs] [Times: user=0.00 sys=0.00, real=0.00 secs] 
22.834: [GC22.834: [DefNew: 447K->63K(448K), 0.0016820 secs] 278988K->278820K(1048512K), 0.0017410 secs] [Times: user=0.00 sys=0.00, real=0.00 secs] 
22.845: [GC22.845: [DefNew: 447K->63K(448K), 0.0013510 secs] 279204K->279007K(1048512K), 0.0014070 secs] [Times: user=0.00 sys=0.00, real=0.01 secs] 
22.856: [GC22.856: [DefNew: 447K->63K(448K), 0.0025460 secs] 279391K->279160K(1048512K), 0.0026100 secs] [Times: user=0.01 sys=0.00, real=0.00 secs] 
22.868: [GC22.868: [DefNew: 447K->64K(448K), 0.0026760 secs] 279544K->279328K(1048512K), 0.0027390 secs] [Times: user=0.00 sys=0.00, real=0.00 secs] 
22.879: [GC22.879: [DefNew: 448K->64K(448K), 0.0015620 secs] 279712K->279485K(1048512K), 0.0016260 secs] [Times: user=0.00 sys=0.00, real=0.00 secs] 
22.896: [GC22.896: [DefNew: 448K->63K(448K), 0.0018630 secs] 279869K->279661K(1048512K), 0.0019920 secs] [Times: user=0.00 sys=0.00, real=0.01 secs] 
22.908: [GC22.908: [DefNew: 447K->64K(448K), 0.0029120 secs] 280045K->279866K(1048512K), 0.0031190 secs] [Times: user=0.01 sys=0.00, real=0.00 secs] 
22.922: [GC22.922: [DefNew: 447K->64K(448K), 0.0013430 secs] 280250K->280037K(1048512K), 0.0014080 secs] [Times: user=0.00 sys=0.00, real=0.00 secs] 
22.939: [GC22.939: [DefNew: 448K->64K(448K), 0.0041530 secs] 280421K->280229K(1048512K), 0.0043020 secs] [Times: user=0.00 sys=0.00, real=0.00 secs] 
22.953: [GC22.953: [DefNew: 448K->63K(448K), 0.0024260 secs] 280613K->280430K(1048512K), 0.0025280 secs] [Times: user=0.00 sys=0.00, real=0.00 secs] 
22.965: [GC22.965: [DefNew: 447K->63K(448K), 0.0013420 secs] 280814K->280548K(1048512K), 0.0014140 secs] [Times: user=0.01 sys=0.00, real=0.01 secs] 
22.976: [GC22.976: [DefNew: 447K->63K(448K), 0.0009250 secs] 280932K->280655K(1048512K), 0.0009970 secs] [Times: user=0.00 sys=0.00, real=0.01 secs] 
22.986: [GC22.986: [DefNew: 447K->63K(448K), 0.0009630 secs] 281039K->280778K(1048512K), 0.0010180 secs] [Times: user=0.00 sys=0.00, real=0.01 secs] 
22.996: [GC22.996: [DefNew: 447K->64K(448K), 0.0009880 secs] 281162K->280863K(1048512K), 0.0010670 secs] [Times: user=0.00 sys=0.00, real=0.01 secs] 
23.006: [GC23.006: [DefNew: 448K->64K(448K), 0.0008800 secs] 281247K->280969K(1048512K), 0.0009420 secs] [Times: user=0.00 sys=0.00, real=0.00 secs] 
23.020: [GC23.020: [DefNew: 448K->63K(448K), 0.0028750 secs] 281353K->281099K(1048512K), 0.0038620 secs] [Times: user=0.00 sys=0.00, real=0.00 secs] 
23.039: [GC23.039: [DefNew: 447K->64K(448K), 0.0013680 secs] 281483K->281265K(1048512K), 0.0014360 secs] [Times: user=0.01 sys=0.00, real=0.00 secs] 
23.052: [GC23.052: [DefNew: 448K->63K(448K), 0.0011220 secs] 281649K->281386K(1048512K), 0.0011920 secs] [Times: user=0.00 sys=0.00, real=0.00 secs] 
23.067: [GC23.067: [DefNew: 447K->64K(448K), 0.0029180 secs] 281770K->281563K(1048512K), 0.0030110 secs] [Times: user=0.00 sys=0.00, real=0.00 secs] 
23.083: [GC23.083: [DefNew: 448K->63K(448K), 0.0025780 secs] 281947K->281719K(1048512K), 0.0026900 secs] [Times: user=0.00 sys=0.00, real=0.00 secs] 
23.097: [GC23.097: [DefNew: 447K->64K(448K), 0.0021220 secs] 282103K->281900K(1048512K), 0.0021930 secs] [Times: user=0.00 sys=0.00, real=0.00 secs] 
23.108: [GC23.108: [DefNew: 447K->63K(448K), 0.0018960 secs] 282284K->282058K(1048512K), 0.0020100 secs] [Times: user=0.00 sys=0.00, real=0.00 secs] 
23.119: [GC23.119: [DefNew: 447K->63K(448K), 0.0016910 secs] 282442K->282219K(1048512K), 0.0018490 secs] [Times: user=0.00 sys=0.00, real=0.00 secs] 
23.133: [GC23.133: [DefNew: 447K->63K(448K), 0.0027020 secs] 282603K->282399K(1048512K), 0.0028380 secs] [Times: user=0.00 sys=0.00, real=0.00 secs] 
23.152: [GC23.152: [DefNew: 447K->63K(448K), 0.0026740 secs] 282783K->282657K(1048512K), 0.0027830 secs] [Times: user=0.01 sys=0.00, real=0.00 secs] 
23.165: [GC23.165: [DefNew: 447K->64K(448K), 0.0041700 secs] 283041K->282920K(1048512K), 0.0044390 secs] [Times: user=0.00 sys=0.00, real=0.01 secs] 
23.180: [GC23.180: [DefNew: 448K->63K(448K), 0.0018230 secs] 283304K->283130K(1048512K), 0.0018860 secs] [Times: user=0.00 sys=0.00, real=0.00 secs] 
23.191: [GC23.191: [DefNew: 447K->64K(448K), 0.0035390 secs] 283514K->283336K(1048512K), 0.0036590 secs] [Times: user=0.01 sys=0.00, real=0.00 secs] 
23.207: [GC23.207: [DefNew: 447K->63K(448K), 0.0029190 secs] 283720K->283554K(1048512K), 0.0030860 secs] [Times: user=0.00 sys=0.00, real=0.00 secs] 
23.224: [GC23.224: [DefNew: 447K->64K(448K), 0.0021470 secs] 283938K->283743K(1048512K), 0.0022720 secs] [Times: user=0.00 sys=0.00, real=0.00 secs] 
23.238: [GC23.239: [DefNew: 448K->63K(448K), 0.0039700 secs] 284127K->283927K(1048512K), 0.0048700 secs] [Times: user=0.01 sys=0.00, real=0.00 secs] 
23.253: [GC23.253: [DefNew: 447K->63K(448K), 0.0022140 secs] 284311K->284124K(1048512K), 0.0023430 secs] [Times: user=0.00 sys=0.00, real=0.00 secs] 
23.265: [GC23.265: [DefNew: 447K->63K(448K), 0.0020110 secs] 284508K->284311K(1048512K), 0.0022260 secs] [Times: user=0.00 sys=0.00, real=0.01 secs] 
23.277: [GC23.277: [DefNew: 447K->64K(448K), 0.0021660 secs] 284695K->284458K(1048512K), 0.0022690 secs] [Times: user=0.01 sys=0.00, real=0.00 secs] 
23.287: [GC23.288: [DefNew: 448K->64K(448K), 0.0012040 secs] 284842K->284647K(1048512K), 0.0012640 secs] [Times: user=0.00 sys=0.00, real=0.00 secs] 
23.298: [GC23.298: [DefNew: 447K->64K(448K), 0.0029680 secs] 285031K->284804K(1048512K), 0.0030930 secs] [Times: user=0.00 sys=0.00, real=0.00 secs] 
23.310: [GC23.310: [DefNew: 447K->64K(448K), 0.0009410 secs] 285188K->284964K(1048512K), 0.0009950 secs] [Times: user=0.00 sys=0.00, real=0.00 secs] 
23.321: [GC23.321: [DefNew: 447K->63K(448K), 0.0007920 secs] 285348K->285108K(1048512K), 0.0008530 secs] [Times: user=0.00 sys=0.00, real=0.00 secs] 
23.331: [GC23.331: [DefNew: 447K->63K(448K), 0.0010710 secs] 285492K->285224K(1048512K), 0.0011440 secs] [Times: user=0.01 sys=0.00, real=0.00 secs] 
23.342: [GC23.342: [DefNew: 447K->64K(448K), 0.0027340 secs] 285608K->285386K(1048512K), 0.0030180 secs] [Times: user=0.00 sys=0.00, real=0.00 secs] 
23.354: [GC23.354: [DefNew: 448K->64K(448K), 0.0024720 secs] 285770K->285658K(1048512K), 0.0026190 secs] [Times: user=0.00 sys=0.00, real=0.01 secs] 
23.367: [GC23.367: [DefNew: 448K->63K(448K), 0.0022360 secs] 286042K->285910K(1048512K), 0.0023500 secs] [Times: user=0.01 sys=0.00, real=0.00 secs] 
23.379: [GC23.379: [DefNew: 447K->63K(448K), 0.0016130 secs] 286294K->286088K(1048512K), 0.0016910 secs] [Times: user=0.00 sys=0.00, real=0.00 secs] 
23.389: [GC23.390: [DefNew: 447K->64K(448K), 0.0020950 secs] 286472K->286274K(1048512K), 0.0021630 secs] [Times: user=0.00 sys=0.00, real=0.00 secs] 
23.400: [GC23.400: [DefNew: 448K->63K(448K), 0.0013720 secs] 286658K->286433K(1048512K), 0.0014400 secs] [Times: user=0.00 sys=0.00, real=0.00 secs] 
23.411: [GC23.411: [DefNew: 447K->63K(448K), 0.0012160 secs] 286817K->286567K(1048512K), 0.0012780 secs] [Times: user=0.00 sys=0.01, real=0.00 secs] 
23.421: [GC23.421: [DefNew: 447K->64K(448K), 0.0014350 secs] 286951K->286766K(1048512K), 0.0015100 secs] [Times: user=0.01 sys=0.00, real=0.00 secs] 
23.432: [GC23.432: [DefNew: 448K->63K(448K), 0.0012070 secs] 287150K->286878K(1048512K), 0.0012780 secs] [Times: user=0.00 sys=0.00, real=0.00 secs] 
23.442: [GC23.442: [DefNew: 447K->63K(448K), 0.0009690 secs] 287262K->286988K(1048512K), 0.0010260 secs] [Times: user=0.00 sys=0.00, real=0.00 secs] 
23.452: [GC23.452: [DefNew: 447K->63K(448K), 0.0008650 secs] 287372K->287091K(1048512K), 0.0009200 secs] [Times: user=0.00 sys=0.00, real=0.00 secs] 
23.461: [GC23.461: [DefNew: 447K->63K(448K), 0.0008250 secs] 287475K->287193K(1048512K), 0.0008770 secs] [Times: user=0.00 sys=0.00, real=0.00 secs] 
23.471: [GC23.471: [DefNew: 447K->64K(448K), 0.0008730 secs] 287577K->287302K(1048512K), 0.0009260 secs] [Times: user=0.00 sys=0.00, real=0.00 secs] 
23.481: [GC23.481: [DefNew: 448K->64K(448K), 0.0007800 secs] 287686K->287411K(1048512K), 0.0008430 secs] [Times: user=0.00 sys=0.00, real=0.00 secs] 
23.491: [GC23.491: [DefNew: 448K->63K(448K), 0.0008840 secs] 287795K->287511K(1048512K), 0.0009400 secs] [Times: user=0.00 sys=0.00, real=0.00 secs] 
23.501: [GC23.501: [DefNew: 447K->64K(448K), 0.0015910 secs] 287894K->287640K(1048512K), 0.0016540 secs] [Times: user=0.00 sys=0.00, real=0.00 secs] 
23.512: [GC23.512: [DefNew: 448K->63K(448K), 0.0009190 secs] 288024K->287770K(1048512K), 0.0009740 secs] [Times: user=0.00 sys=0.00, real=0.00 secs] 
23.523: [GC23.523: [DefNew: 447K->64K(448K), 0.0011930 secs] 288154K->287939K(1048512K), 0.0012630 secs] [Times: user=0.00 sys=0.00, real=0.00 secs] 
23.533: [GC23.533: [DefNew: 448K->64K(448K), 0.0008650 secs] 288323K->288046K(1048512K), 0.0009160 secs] [Times: user=0.00 sys=0.00, real=0.00 secs] 
23.542: [GC23.542: [DefNew: 448K->63K(448K), 0.0010400 secs] 288430K->288145K(1048512K), 0.0011160 secs] [Times: user=0.00 sys=0.00, real=0.00 secs] 
23.554: [GC23.554: [DefNew: 447K->64K(448K), 0.0022250 secs] 288529K->288403K(1048512K), 0.0023590 secs] [Times: user=0.01 sys=0.00, real=0.00 secs] 
23.566: [GC23.566: [DefNew: 448K->63K(448K), 0.0020590 secs] 288787K->288616K(1048512K), 0.0021260 secs] [Times: user=0.00 sys=0.00, real=0.01 secs] 
23.577: [GC23.577: [DefNew: 447K->64K(448K), 0.0011730 secs] 289000K->288754K(1048512K), 0.0012220 secs] [Times: user=0.00 sys=0.00, real=0.00 secs] 
23.588: [GC23.588: [DefNew: 447K->64K(448K), 0.0007030 secs] 289138K->288841K(1048512K), 0.0007420 secs] [Times: user=0.00 sys=0.00, real=0.00 secs] 
23.598: [GC23.598: [DefNew: 448K->64K(448K), 0.0005360 secs] 289225K->288926K(1048512K), 0.0005690 secs] [Times: user=0.00 sys=0.00, real=0.00 secs] 
23.607: [GC23.607: [DefNew: 448K->63K(448K), 0.0005950 secs] 289310K->289013K(1048512K), 0.0006350 secs] [Times: user=0.00 sys=0.00, real=0.00 secs] 
23.617: [GC23.617: [DefNew: 447K->64K(448K), 0.0006870 secs] 289397K->289098K(1048512K), 0.0007260 secs] [Times: user=0.00 sys=0.00, real=0.00 secs] 
23.628: [GC23.628: [DefNew: 448K->63K(448K), 0.0005780 secs] 289482K->289173K(1048512K), 0.0006110 secs] [Times: user=0.00 sys=0.00, real=0.00 secs] 
23.638: [GC23.638: [DefNew: 447K->63K(448K), 0.0005620 secs] 289556K->289249K(1048512K), 0.0005940 secs] [Times: user=0.00 sys=0.00, real=0.00 secs] 
23.649: [GC23.649: [DefNew: 447K->63K(448K), 0.0006580 secs] 289633K->289340K(1048512K), 0.0007010 secs] [Times: user=0.00 sys=0.00, real=0.00 secs] 
23.659: [GC23.659: [DefNew: 447K->63K(448K), 0.0006560 secs] 289724K->289424K(1048512K), 0.0006900 secs] [Times: user=0.00 sys=0.00, real=0.00 secs] 
23.670: [GC23.670: [DefNew: 447K->63K(448K), 0.0005420 secs] 289808K->289502K(1048512K), 0.0005830 secs] [Times: user=0.00 sys=0.00, real=0.00 secs] 
23.681: [GC23.681: [DefNew: 447K->63K(448K), 0.0005880 secs] 289886K->289573K(1048512K), 0.0006210 secs] [Times: user=0.00 sys=0.00, real=0.00 secs] 
23.690: [GC23.690: [DefNew: 447K->63K(448K), 0.0006760 secs] 289957K->289654K(1048512K), 0.0007290 secs] [Times: user=0.00 sys=0.00, real=0.00 secs] 
23.700: [GC23.700: [DefNew: 447K->64K(448K), 0.0006220 secs] 290038K->289739K(1048512K), 0.0006800 secs] [Times: user=0.00 sys=0.00, real=0.00 secs] 
23.710: [GC23.710: [DefNew: 447K->64K(448K), 0.0007850 secs] 290123K->289819K(1048512K), 0.0008490 secs] [Times: user=0.00 sys=0.00, real=0.00 secs] 
23.719: [GC23.719: [DefNew: 448K->64K(448K), 0.0010300 secs] 290203K->289987K(1048512K), 0.0010880 secs] [Times: user=0.00 sys=0.00, real=0.00 secs] 
23.729: [GC23.729: [DefNew: 448K->63K(448K), 0.0011820 secs] 290371K->290104K(1048512K), 0.0012460 secs] [Times: user=0.01 sys=0.00, real=0.00 secs] 
23.739: [GC23.739: [DefNew: 447K->63K(448K), 0.0007470 secs] 290488K->290231K(1048512K), 0.0008060 secs] [Times: user=0.00 sys=0.00, real=0.00 secs] 
23.749: [GC23.749: [DefNew: 447K->63K(448K), 0.0007740 secs] 290615K->290317K(1048512K), 0.0008370 secs] [Times: user=0.00 sys=0.00, real=0.00 secs] 
23.758: [GC23.759: [DefNew: 447K->63K(448K), 0.0013730 secs] 290701K->290454K(1048512K), 0.0015250 secs] [Times: user=0.00 sys=0.00, real=0.00 secs] 
23.770: [GC23.770: [DefNew: 447K->63K(448K), 0.0015220 secs] 290838K->290599K(1048512K), 0.0016240 secs] [Times: user=0.00 sys=0.01, real=0.00 secs] 
23.780: [GC23.780: [DefNew: 447K->63K(448K), 0.0007110 secs] 290983K->290676K(1048512K), 0.0007660 secs] [Times: user=0.00 sys=0.00, real=0.00 secs] 
23.790: [GC23.790: [DefNew: 447K->63K(448K), 0.0005630 secs] 291060K->290757K(1048512K), 0.0006100 secs] [Times: user=0.00 sys=0.00, real=0.00 secs] 
23.799: [GC23.799: [DefNew: 447K->63K(448K), 0.0006680 secs] 291140K->290845K(1048512K), 0.0007150 secs] [Times: user=0.00 sys=0.00, real=0.00 secs] 
23.808: [GC23.808: [DefNew: 447K->63K(448K), 0.0005960 secs] 291228K->290939K(1048512K), 0.0006350 secs] [Times: user=0.00 sys=0.00, real=0.00 secs] 
23.817: [GC23.817: [DefNew: 447K->63K(448K), 0.0008070 secs] 291323K->291013K(1048512K), 0.0008570 secs] [Times: user=0.00 sys=0.00, real=0.00 secs] 
23.827: [GC23.827: [DefNew: 447K->63K(448K), 0.0006250 secs] 291397K->291105K(1048512K), 0.0006670 secs] [Times: user=0.00 sys=0.00, real=0.00 secs] 
23.836: [GC23.836: [DefNew: 447K->64K(448K), 0.0007060 secs] 291488K->291202K(1048512K), 0.0007670 secs] [Times: user=0.00 sys=0.00, real=0.01 secs] 
23.845: [GC23.845: [DefNew: 448K->64K(448K), 0.0006870 secs] 291586K->291279K(1048512K), 0.0007420 secs] [Times: user=0.00 sys=0.00, real=0.00 secs] 
23.857: [GC23.857: [DefNew: 448K->63K(448K), 0.0025590 secs] 291663K->291526K(1048512K), 0.0026670 secs] [Times: user=0.00 sys=0.00, real=0.00 secs] 
23.867: [GC23.867: [DefNew: 447K->63K(448K), 0.0016840 secs] 291910K->291655K(1048512K), 0.0018410 secs] [Times: user=0.01 sys=0.00, real=0.00 secs] 
23.878: [GC23.878: [DefNew: 447K->64K(448K), 0.0009440 secs] 292039K->291834K(1048512K), 0.0010260 secs] [Times: user=0.00 sys=0.00, real=0.00 secs] 
23.888: [GC23.888: [DefNew: 448K->64K(448K), 0.0009960 secs] 292218K->291934K(1048512K), 0.0010420 secs] [Times: user=0.00 sys=0.00, real=0.00 secs] 
23.898: [GC23.898: [DefNew: 448K->64K(448K), 0.0011570 secs] 292318K->292050K(1048512K), 0.0012750 secs] [Times: user=0.00 sys=0.00, real=0.00 secs] 
23.909: [GC23.909: [DefNew: 448K->63K(448K), 0.0006650 secs] 292434K->292144K(1048512K), 0.0007000 secs] [Times: user=0.00 sys=0.00, real=0.00 secs] 
23.920: [GC23.920: [DefNew: 447K->64K(448K), 0.0005930 secs] 292528K->292225K(1048512K), 0.0006340 secs] [Times: user=0.00 sys=0.00, real=0.00 secs] 
23.930: [GC23.930: [DefNew: 448K->64K(448K), 0.0006170 secs] 292609K->292304K(1048512K), 0.0006630 secs] [Times: user=0.00 sys=0.00, real=0.00 secs] 
23.941: [GC23.941: [DefNew: 448K->63K(448K), 0.0005670 secs] 292688K->292388K(1048512K), 0.0006040 secs] [Times: user=0.00 sys=0.00, real=0.00 secs] 
23.951: [GC23.951: [DefNew: 447K->64K(448K), 0.0007080 secs] 292772K->292461K(1048512K), 0.0007530 secs] [Times: user=0.00 sys=0.00, real=0.00 secs] 
23.960: [GC23.960: [DefNew: 448K->63K(448K), 0.0006590 secs] 292845K->292547K(1048512K), 0.0007060 secs] [Times: user=0.00 sys=0.00, real=0.00 secs] 
23.971: [GC23.971: [DefNew: 447K->63K(448K), 0.0005390 secs] 292931K->292622K(1048512K), 0.0005730 secs] [Times: user=0.00 sys=0.00, real=0.00 secs] 
23.982: [GC23.982: [DefNew: 447K->64K(448K), 0.0006000 secs] 293006K->292709K(1048512K), 0.0006440 secs] [Times: user=0.00 sys=0.00, real=0.00 secs] 
23.992: [GC23.992: [DefNew: 448K->63K(448K), 0.0006010 secs] 293093K->292781K(1048512K), 0.0006410 secs] [Times: user=0.00 sys=0.00, real=0.00 secs] 
24.002: [GC24.002: [DefNew: 447K->63K(448K), 0.0005700 secs] 293165K->292862K(1048512K), 0.0006030 secs] [Times: user=0.00 sys=0.00, real=0.00 secs] 
24.013: [GC24.013: [DefNew: 447K->63K(448K), 0.0010140 secs] 293246K->292978K(1048512K), 0.0010640 secs] [Times: user=0.00 sys=0.00, real=0.00 secs] 
24.024: [GC24.024: [DefNew: 447K->63K(448K), 0.0013560 secs] 293362K->293107K(1048512K), 0.0014250 secs] [Times: user=0.00 sys=0.00, real=0.00 secs] 
24.035: [GC24.035: [DefNew: 447K->64K(448K), 0.0011250 secs] 293491K->293236K(1048512K), 0.0011850 secs] [Times: user=0.00 sys=0.00, real=0.00 secs] 
24.046: [GC24.046: [DefNew: 448K->63K(448K), 0.0010040 secs] 293620K->293420K(1048512K), 0.0010590 secs] [Times: user=0.00 sys=0.00, real=0.01 secs] 
24.055: [GC24.056: [DefNew: 447K->63K(448K), 0.0019640 secs] 293803K->293629K(1048512K), 0.0021150 secs] [Times: user=0.00 sys=0.00, real=0.01 secs] 
24.067: [GC24.067: [DefNew: 447K->64K(448K), 0.0027160 secs] 294013K->293837K(1048512K), 0.0028400 secs] [Times: user=0.00 sys=0.01, real=0.00 secs] 
24.079: [GC24.079: [DefNew: 448K->63K(448K), 0.0027310 secs] 294221K->294017K(1048512K), 0.0030130 secs] [Times: user=0.01 sys=0.00, real=0.00 secs] 
24.092: [GC24.092: [DefNew: 447K->64K(448K), 0.0026430 secs] 294401K->294192K(1048512K), 0.0027810 secs] [Times: user=0.00 sys=0.00, real=0.00 secs] 
24.104: [GC24.105: [DefNew: 447K->64K(448K), 0.0019800 secs] 294576K->294447K(1048512K), 0.0020680 secs] [Times: user=0.00 sys=0.00, real=0.01 secs] 
24.116: [GC24.116: [DefNew: 448K->63K(448K), 0.0028430 secs] 294831K->294662K(1048512K), 0.0029850 secs] [Times: user=0.01 sys=0.00, real=0.01 secs] 
24.129: [GC24.129: [DefNew: 447K->63K(448K), 0.0008670 secs] 295046K->294804K(1048512K), 0.0009010 secs] [Times: user=0.00 sys=0.00, real=0.00 secs] 
24.139: [GC24.139: [DefNew: 447K->63K(448K), 0.0007410 secs] 295188K->294914K(1048512K), 0.0007740 secs] [Times: user=0.00 sys=0.00, real=0.00 secs] 
24.150: [GC24.150: [DefNew: 447K->63K(448K), 0.0007190 secs] 295298K->294998K(1048512K), 0.0007770 secs] [Times: user=0.00 sys=0.00, real=0.00 secs] 
24.160: [GC24.160: [DefNew: 447K->63K(448K), 0.0009290 secs] 295382K->295089K(1048512K), 0.0009830 secs] [Times: user=0.00 sys=0.00, real=0.00 secs] 
24.172: [GC24.172: [DefNew: 447K->63K(448K), 0.0010560 secs] 295473K->295210K(1048512K), 0.0011090 secs] [Times: user=0.00 sys=0.00, real=0.00 secs] 
24.183: [GC24.183: [DefNew: 447K->63K(448K), 0.0014560 secs] 295594K->295344K(1048512K), 0.0015250 secs] [Times: user=0.00 sys=0.00, real=0.00 secs] 
24.193: [GC24.193: [DefNew: 447K->64K(448K), 0.0012380 secs] 295728K->295465K(1048512K), 0.0012880 secs] [Times: user=0.01 sys=0.00, real=0.00 secs] 
24.205: [GC24.205: [DefNew: 447K->63K(448K), 0.0013230 secs] 295849K->295614K(1048512K), 0.0013740 secs] [Times: user=0.00 sys=0.00, real=0.01 secs] 
24.216: [GC24.216: [DefNew: 447K->64K(448K), 0.0013820 secs] 295998K->295727K(1048512K), 0.0015060 secs] [Times: user=0.00 sys=0.00, real=0.00 secs] 
24.230: [GC24.230: [DefNew: 448K->63K(448K), 0.0009170 secs] 296111K->295850K(1048512K), 0.0009710 secs] [Times: user=0.00 sys=0.00, real=0.00 secs] 
24.240: [GC24.240: [DefNew: 447K->64K(448K), 0.0007800 secs] 296234K->295947K(1048512K), 0.0008240 secs] [Times: user=0.00 sys=0.00, real=0.00 secs] 
24.250: [GC24.250: [DefNew: 448K->64K(448K), 0.0006870 secs] 296331K->296041K(1048512K), 0.0007440 secs] [Times: user=0.00 sys=0.00, real=0.00 secs] 
24.260: [GC24.260: [DefNew: 448K->64K(448K), 0.0009140 secs] 296425K->296121K(1048512K), 0.0009900 secs] [Times: user=0.00 sys=0.00, real=0.00 secs] 
24.271: [GC24.271: [DefNew: 448K->64K(448K), 0.0012920 secs] 296505K->296345K(1048512K), 0.0013590 secs] [Times: user=0.00 sys=0.00, real=0.00 secs] 
24.281: [GC24.281: [DefNew: 448K->63K(448K), 0.0010340 secs] 296729K->296470K(1048512K), 0.0010860 secs] [Times: user=0.00 sys=0.00, real=0.00 secs] 
24.291: [GC24.291: [DefNew: 447K->63K(448K), 0.0006990 secs] 296854K->296572K(1048512K), 0.0007430 secs] [Times: user=0.00 sys=0.00, real=0.00 secs] 
24.302: [GC24.302: [DefNew: 447K->63K(448K), 0.0005930 secs] 296956K->296658K(1048512K), 0.0006320 secs] [Times: user=0.00 sys=0.00, real=0.00 secs] 
24.313: [GC24.313: [DefNew: 447K->63K(448K), 0.0005800 secs] 297042K->296735K(1048512K), 0.0006140 secs] [Times: user=0.00 sys=0.00, real=0.00 secs] 
24.323: [GC24.323: [DefNew: 447K->64K(448K), 0.0005510 secs] 297119K->296819K(1048512K), 0.0005950 secs] [Times: user=0.00 sys=0.00, real=0.00 secs] 
24.334: [GC24.334: [DefNew: 448K->63K(448K), 0.0007290 secs] 297203K->296891K(1048512K), 0.0007750 secs] [Times: user=0.00 sys=0.00, real=0.00 secs] 
24.345: [GC24.345: [DefNew: 447K->63K(448K), 0.0006020 secs] 297275K->296981K(1048512K), 0.0006380 secs] [Times: user=0.00 sys=0.00, real=0.00 secs] 
24.356: [GC24.356: [DefNew: 447K->63K(448K), 0.0005930 secs] 297365K->297076K(1048512K), 0.0006360 secs] [Times: user=0.00 sys=0.00, real=0.01 secs] 
24.366: [GC24.366: [DefNew: 447K->63K(448K), 0.0006520 secs] 297460K->297162K(1048512K), 0.0006910 secs] [Times: user=0.00 sys=0.00, real=0.00 secs] 
24.376: [GC24.376: [DefNew: 447K->63K(448K), 0.0006490 secs] 297546K->297242K(1048512K), 0.0006830 secs] [Times: user=0.00 sys=0.00, real=0.01 secs] 
24.386: [GC24.386: [DefNew: 447K->64K(448K), 0.0006110 secs] 297626K->297330K(1048512K), 0.0006440 secs] [Times: user=0.00 sys=0.00, real=0.00 secs] 
24.397: [GC24.397: [DefNew: 448K->63K(448K), 0.0005690 secs] 297714K->297402K(1048512K), 0.0006010 secs] [Times: user=0.00 sys=0.00, real=0.00 secs] 
24.407: [GC24.407: [DefNew: 447K->63K(448K), 0.0005650 secs] 297786K->297497K(1048512K), 0.0005980 secs] [Times: user=0.00 sys=0.00, real=0.00 secs] 
24.417: [GC24.417: [DefNew: 447K->63K(448K), 0.0006520 secs] 297881K->297576K(1048512K), 0.0006870 secs] [Times: user=0.00 sys=0.00, real=0.00 secs] 
24.428: [GC24.428: [DefNew: 447K->63K(448K), 0.0005330 secs] 297960K->297653K(1048512K), 0.0005660 secs] [Times: user=0.00 sys=0.00, real=0.00 secs] 
24.438: [GC24.438: [DefNew: 447K->63K(448K), 0.0006720 secs] 298037K->297736K(1048512K), 0.0007160 secs] [Times: user=0.00 sys=0.00, real=0.00 secs] 
24.449: [GC24.449: [DefNew: 447K->63K(448K), 0.0006390 secs] 298120K->297833K(1048512K), 0.0006730 secs] [Times: user=0.00 sys=0.00, real=0.00 secs] 
24.460: [GC24.460: [DefNew: 447K->63K(448K), 0.0010490 secs] 298217K->297940K(1048512K), 0.0011050 secs] [Times: user=0.00 sys=0.00, real=0.00 secs] 
24.469: [GC24.469: [DefNew: 447K->63K(448K), 0.0020830 secs] 298324K->298102K(1048512K), 0.0022350 secs] [Times: user=0.00 sys=0.00, real=0.00 secs] 
24.481: [GC24.481: [DefNew: 447K->63K(448K), 0.0007760 secs] 298486K->298214K(1048512K), 0.0008200 secs] [Times: user=0.00 sys=0.00, real=0.00 secs] 
24.491: [GC24.491: [DefNew: 447K->63K(448K), 0.0006690 secs] 298598K->298331K(1048512K), 0.0007030 secs] [Times: user=0.00 sys=0.00, real=0.00 secs] 
24.502: [GC24.502: [DefNew: 447K->64K(448K), 0.0006520 secs] 298715K->298402K(1048512K), 0.0006960 secs] [Times: user=0.00 sys=0.00, real=0.00 secs] 
24.513: [GC24.513: [DefNew: 448K->63K(448K), 0.0006780 secs] 298786K->298486K(1048512K), 0.0007160 secs] [Times: user=0.00 sys=0.00, real=0.00 secs] 
24.524: [GC24.524: [DefNew: 447K->63K(448K), 0.0005600 secs] 298870K->298556K(1048512K), 0.0005910 secs] [Times: user=0.00 sys=0.00, real=0.00 secs] 
24.534: [GC24.534: [DefNew: 447K->63K(448K), 0.0006040 secs] 298940K->298640K(1048512K), 0.0006380 secs] [Times: user=0.00 sys=0.00, real=0.00 secs] 
24.545: [GC24.545: [DefNew: 447K->63K(448K), 0.0005830 secs] 299024K->298714K(1048512K), 0.0006150 secs] [Times: user=0.00 sys=0.00, real=0.00 secs] 
24.554: [GC24.554: [DefNew: 447K->63K(448K), 0.0006130 secs] 299098K->298805K(1048512K), 0.0006550 secs] [Times: user=0.01 sys=0.00, real=0.00 secs] 
24.564: [GC24.564: [DefNew: 447K->64K(448K), 0.0006060 secs] 299189K->298883K(1048512K), 0.0006480 secs] [Times: user=0.00 sys=0.00, real=0.00 secs] 
24.572: [GC24.572: [DefNew: 448K->63K(448K), 0.0006210 secs] 299267K->298974K(1048512K), 0.0006750 secs] [Times: user=0.00 sys=0.00, real=0.00 secs] 
24.581: [GC24.582: [DefNew: 447K->63K(448K), 0.0007710 secs] 299358K->299052K(1048512K), 0.0008250 secs] [Times: user=0.00 sys=0.00, real=0.00 secs] 
24.591: [GC24.591: [DefNew: 447K->64K(448K), 0.0006380 secs] 299436K->299142K(1048512K), 0.0006840 secs] [Times: user=0.00 sys=0.00, real=0.00 secs] 
24.602: [GC24.602: [DefNew: 448K->63K(448K), 0.0005660 secs] 299526K->299228K(1048512K), 0.0006020 secs] [Times: user=0.00 sys=0.00, real=0.00 secs] 
24.612: [GC24.612: [DefNew: 447K->63K(448K), 0.0009050 secs] 299612K->299313K(1048512K), 0.0009460 secs] [Times: user=0.00 sys=0.00, real=0.00 secs] 
24.622: [GC24.622: [DefNew: 447K->64K(448K), 0.0006690 secs] 299697K->299412K(1048512K), 0.0007120 secs] [Times: user=0.00 sys=0.00, real=0.00 secs] 
24.632: [GC24.632: [DefNew: 448K->63K(448K), 0.0005850 secs] 299796K->299487K(1048512K), 0.0006190 secs] [Times: user=0.00 sys=0.00, real=0.00 secs] 
24.642: [GC24.642: [DefNew: 447K->64K(448K), 0.0007320 secs] 299871K->299570K(1048512K), 0.0007830 secs] [Times: user=0.00 sys=0.00, real=0.00 secs] 
24.651: [GC24.651: [DefNew: 448K->63K(448K), 0.0005990 secs] 299954K->299659K(1048512K), 0.0006440 secs] [Times: user=0.01 sys=0.00, real=0.00 secs] 
24.661: [GC24.661: [DefNew: 447K->63K(448K), 0.0007820 secs] 300043K->299732K(1048512K), 0.0008410 secs] [Times: user=0.00 sys=0.00, real=0.00 secs] 
24.669: [GC24.669: [DefNew: 447K->64K(448K), 0.0008020 secs] 300116K->299805K(1048512K), 0.0008630 secs] [Times: user=0.00 sys=0.00, real=0.00 secs] 
24.681: [GC24.681: [DefNew: 448K->63K(448K), 0.0041050 secs] 300189K->300012K(1048512K), 0.0043560 secs] [Times: user=0.00 sys=0.00, real=0.00 secs] 
24.695: [GC24.695: [DefNew: 447K->63K(448K), 0.0018410 secs] 300396K->300238K(1048512K), 0.0019040 secs] [Times: user=0.00 sys=0.00, real=0.01 secs] 
24.707: [GC24.707: [DefNew: 447K->63K(448K), 0.0018460 secs] 300622K->300421K(1048512K), 0.0019530 secs] [Times: user=0.01 sys=0.00, real=0.00 secs] 
24.718: [GC24.718: [DefNew: 447K->63K(448K), 0.0009640 secs] 300805K->300572K(1048512K), 0.0010540 secs] [Times: user=0.00 sys=0.00, real=0.00 secs] 
24.727: [GC24.727: [DefNew: 447K->63K(448K), 0.0006540 secs] 300956K->300652K(1048512K), 0.0006880 secs] [Times: user=0.00 sys=0.00, real=0.00 secs] 
24.738: [GC24.738: [DefNew: 447K->63K(448K), 0.0006090 secs] 301036K->300744K(1048512K), 0.0006510 secs] [Times: user=0.00 sys=0.00, real=0.00 secs] 
24.747: [GC24.747: [DefNew: 447K->64K(448K), 0.0013160 secs] 301128K->300834K(1048512K), 0.0014310 secs] [Times: user=0.00 sys=0.00, real=0.00 secs] 
24.759: [GC24.759: [DefNew: 448K->63K(448K), 0.0011920 secs] 301218K->300951K(1048512K), 0.0013230 secs] [Times: user=0.00 sys=0.00, real=0.00 secs] 
24.770: [GC24.770: [DefNew: 447K->63K(448K), 0.0014010 secs] 301335K->301062K(1048512K), 0.0015690 secs] [Times: user=0.00 sys=0.00, real=0.00 secs] 
24.780: [GC24.780: [DefNew: 447K->64K(448K), 0.0008420 secs] 301446K->301163K(1048512K), 0.0009040 secs] [Times: user=0.00 sys=0.00, real=0.00 secs] 
24.790: [GC24.790: [DefNew: 448K->63K(448K), 0.0007250 secs] 301547K->301249K(1048512K), 0.0008040 secs] [Times: user=0.00 sys=0.00, real=0.00 secs] 
24.800: [GC24.800: [DefNew: 447K->63K(448K), 0.0007660 secs] 301633K->301330K(1048512K), 0.0008200 secs] [Times: user=0.00 sys=0.00, real=0.00 secs] 
24.809: [GC24.809: [DefNew: 447K->63K(448K), 0.0011230 secs] 301714K->301453K(1048512K), 0.0012120 secs] [Times: user=0.00 sys=0.00, real=0.00 secs] 
24.819: [GC24.819: [DefNew: 447K->63K(448K), 0.0015010 secs] 301837K->301593K(1048512K), 0.0016240 secs] [Times: user=0.00 sys=0.00, real=0.00 secs] 
24.830: [GC24.831: [DefNew: 447K->63K(448K), 0.0012580 secs] 301977K->301750K(1048512K), 0.0028080 secs] [Times: user=0.00 sys=0.00, real=0.00 secs] 
24.843: [GC24.843: [DefNew: 447K->63K(448K), 0.0011950 secs] 302134K->301916K(1048512K), 0.0012660 secs] [Times: user=0.01 sys=0.00, real=0.00 secs] 
24.856: [GC24.856: [DefNew: 447K->63K(448K), 0.0032010 secs] 302300K->302088K(1048512K), 0.0033660 secs] [Times: user=0.00 sys=0.00, real=0.00 secs] 
24.870: [GC24.870: [DefNew: 447K->63K(448K), 0.0024700 secs] 302472K->302258K(1048512K), 0.0026390 secs] [Times: user=0.00 sys=0.00, real=0.00 secs] 
24.882: [GC24.882: [DefNew: 447K->63K(448K), 0.0025240 secs] 302642K->302405K(1048512K), 0.0026800 secs] [Times: user=0.00 sys=0.00, real=0.00 secs] 
24.894: [GC24.894: [DefNew: 447K->63K(448K), 0.0015680 secs] 302789K->302556K(1048512K), 0.0016770 secs] [Times: user=0.01 sys=0.00, real=0.00 secs] 
24.905: [GC24.906: [DefNew: 447K->63K(448K), 0.0024690 secs] 302940K->302708K(1048512K), 0.0026250 secs] [Times: user=0.00 sys=0.00, real=0.01 secs] 
24.917: [GC24.917: [DefNew: 447K->64K(448K), 0.0015360 secs] 303092K->302819K(1048512K), 0.0016180 secs] [Times: user=0.00 sys=0.01, real=0.00 secs] 
24.927: [GC24.927: [DefNew: 448K->64K(448K), 0.0006920 secs] 303203K->302900K(1048512K), 0.0007360 secs] [Times: user=0.00 sys=0.00, real=0.00 secs] 
24.936: [GC24.936: [DefNew: 448K->63K(448K), 0.0006090 secs] 303284K->302995K(1048512K), 0.0006730 secs] [Times: user=0.00 sys=0.00, real=0.01 secs] 
24.945: [GC24.945: [DefNew: 447K->63K(448K), 0.0005540 secs] 303379K->303070K(1048512K), 0.0005940 secs] [Times: user=0.00 sys=0.00, real=0.00 secs] 
24.954: [GC24.954: [DefNew: 447K->64K(448K), 0.0005860 secs] 303454K->303157K(1048512K), 0.0006280 secs] [Times: user=0.00 sys=0.00, real=0.00 secs] 
24.964: [GC24.964: [DefNew: 448K->64K(448K), 0.0014290 secs] 303541K->303259K(1048512K), 0.0015240 secs] [Times: user=0.00 sys=0.00, real=0.00 secs] 
24.974: [GC24.974: [DefNew: 447K->64K(448K), 0.0013540 secs] 303643K->303339K(1048512K), 0.0014330 secs] [Times: user=0.00 sys=0.00, real=0.00 secs] 
24.985: [GC24.985: [DefNew: 448K->64K(448K), 0.0030160 secs] 303723K->303456K(1048512K), 0.0031870 secs] [Times: user=0.00 sys=0.00, real=0.01 secs] 
24.998: [GC24.998: [DefNew: 447K->63K(448K), 0.0009740 secs] 303840K->303635K(1048512K), 0.0010280 secs] [Times: user=0.00 sys=0.00, real=0.00 secs] 
25.007: [GC25.007: [DefNew: 447K->64K(448K), 0.0010080 secs] 304019K->303816K(1048512K), 0.0010630 secs] [Times: user=0.00 sys=0.00, real=0.00 secs] 
25.018: [GC25.018: [DefNew: 448K->64K(448K), 0.0008150 secs] 304200K->303908K(1048512K), 0.0008500 secs] [Times: user=0.01 sys=0.00, real=0.00 secs] 
25.028: [GC25.028: [DefNew: 447K->63K(448K), 0.0008980 secs] 304291K->304001K(1048512K), 0.0009610 secs] [Times: user=0.00 sys=0.00, real=0.00 secs] 
25.038: [GC25.038: [DefNew: 447K->63K(448K), 0.0016380 secs] 304385K->304156K(1048512K), 0.0017480 secs] [Times: user=0.00 sys=0.00, real=0.00 secs] 
25.049: [GC25.049: [DefNew: 447K->63K(448K), 0.0030150 secs] 304540K->304333K(1048512K), 0.0031300 secs] [Times: user=0.00 sys=0.00, real=0.00 secs] 
25.061: [GC25.061: [DefNew: 447K->63K(448K), 0.0019290 secs] 304717K->304460K(1048512K), 0.0020470 secs] [Times: user=0.01 sys=0.00, real=0.00 secs] 
25.072: [GC25.072: [DefNew: 447K->63K(448K), 0.0026710 secs] 304844K->304727K(1048512K), 0.0027740 secs] [Times: user=0.00 sys=0.00, real=0.00 secs] 
25.085: [GC25.085: [DefNew: 447K->64K(448K), 0.0021130 secs] 305111K->304945K(1048512K), 0.0021770 secs] [Times: user=0.00 sys=0.00, real=0.01 secs] 
25.097: [GC25.097: [DefNew: 448K->63K(448K), 0.0008490 secs] 305329K->305056K(1048512K), 0.0008910 secs] [Times: user=0.00 sys=0.00, real=0.00 secs] 
25.108: [GC25.108: [DefNew: 447K->63K(448K), 0.0006390 secs] 305440K->305155K(1048512K), 0.0006740 secs] [Times: user=0.00 sys=0.00, real=0.00 secs] 
25.119: [GC25.119: [DefNew: 447K->63K(448K), 0.0007020 secs] 305539K->305239K(1048512K), 0.0007370 secs] [Times: user=0.01 sys=0.00, real=0.00 secs] 
25.129: [GC25.129: [DefNew: 447K->64K(448K), 0.0010000 secs] 305623K->305328K(1048512K), 0.0010580 secs] [Times: user=0.00 sys=0.00, real=0.00 secs] 
25.139: [GC25.139: [DefNew: 447K->63K(448K), 0.0012450 secs] 305711K->305473K(1048512K), 0.0012940 secs] [Times: user=0.00 sys=0.00, real=0.00 secs] 
25.151: [GC25.151: [DefNew: 447K->63K(448K), 0.0014950 secs] 305857K->305599K(1048512K), 0.0015560 secs] [Times: user=0.00 sys=0.00, real=0.00 secs] 
25.163: [GC25.163: [DefNew: 447K->63K(448K), 0.0013200 secs] 305983K->305746K(1048512K), 0.0013690 secs] [Times: user=0.00 sys=0.00, real=0.00 secs] 
25.175: [GC25.175: [DefNew: 447K->64K(448K), 0.0013340 secs] 306130K->305876K(1048512K), 0.0013830 secs] [Times: user=0.00 sys=0.00, real=0.01 secs] 
25.186: [GC25.186: [DefNew: 447K->63K(448K), 0.0024400 secs] 306260K->306029K(1048512K), 0.0025720 secs] [Times: user=0.01 sys=0.00, real=0.00 secs] 
25.199: [GC25.199: [DefNew: 447K->64K(448K), 0.0014240 secs] 306413K->306204K(1048512K), 0.0014950 secs] [Times: user=0.00 sys=0.00, real=0.00 secs] 
25.209: [GC25.209: [DefNew: 448K->64K(448K), 0.0008860 secs] 306588K->306335K(1048512K), 0.0009350 secs] [Times: user=0.00 sys=0.00, real=0.00 secs] 
25.220: [GC25.220: [DefNew: 448K->64K(448K), 0.0008740 secs] 306719K->306423K(1048512K), 0.0009370 secs] [Times: user=0.00 sys=0.00, real=0.00 secs] 
25.230: [GC25.230: [DefNew: 448K->63K(448K), 0.0005880 secs] 306807K->306508K(1048512K), 0.0006190 secs] [Times: user=0.00 sys=0.00, real=0.00 secs] 
25.240: [GC25.240: [DefNew: 447K->63K(448K), 0.0005810 secs] 306892K->306602K(1048512K), 0.0006250 secs] [Times: user=0.00 sys=0.00, real=0.00 secs] 
25.251: [GC25.251: [DefNew: 447K->63K(448K), 0.0006120 secs] 306986K->306678K(1048512K), 0.0006500 secs] [Times: user=0.00 sys=0.00, real=0.00 secs] 
25.262: [GC25.262: [DefNew: 447K->63K(448K), 0.0006200 secs] 307062K->306763K(1048512K), 0.0006630 secs] [Times: user=0.01 sys=0.00, real=0.00 secs] 
25.271: [GC25.271: [DefNew: 447K->64K(448K), 0.0006640 secs] 307147K->306845K(1048512K), 0.0007090 secs] [Times: user=0.00 sys=0.00, real=0.00 secs] 
25.281: [GC25.281: [DefNew: 448K->64K(448K), 0.0005900 secs] 307229K->306911K(1048512K), 0.0006320 secs] [Times: user=0.00 sys=0.00, real=0.00 secs] 
25.290: [GC25.290: [DefNew: 448K->63K(448K), 0.0007470 secs] 307295K->306996K(1048512K), 0.0008010 secs] [Times: user=0.00 sys=0.00, real=0.00 secs] 
25.299: [GC25.299: [DefNew: 447K->64K(448K), 0.0006080 secs] 307380K->307096K(1048512K), 0.0006560 secs] [Times: user=0.00 sys=0.00, real=0.00 secs] 
25.308: [GC25.308: [DefNew: 448K->63K(448K), 0.0008450 secs] 307480K->307194K(1048512K), 0.0009350 secs] [Times: user=0.00 sys=0.00, real=0.00 secs] 
25.318: [GC25.318: [DefNew: 447K->64K(448K), 0.0016200 secs] 307578K->307303K(1048512K), 0.0017350 secs] [Times: user=0.00 sys=0.00, real=0.00 secs] 
25.329: [GC25.329: [DefNew: 448K->63K(448K), 0.0007300 secs] 307687K->307404K(1048512K), 0.0007730 secs] [Times: user=0.00 sys=0.00, real=0.00 secs] 
25.339: [GC25.339: [DefNew: 447K->64K(448K), 0.0005760 secs] 307788K->307483K(1048512K), 0.0006190 secs] [Times: user=0.00 sys=0.00, real=0.00 secs] 
25.348: [GC25.349: [DefNew: 448K->63K(448K), 0.0005580 secs] 307867K->307560K(1048512K), 0.0005910 secs] [Times: user=0.01 sys=0.00, real=0.00 secs] 
25.358: [GC25.358: [DefNew: 447K->63K(448K), 0.0007330 secs] 307944K->307643K(1048512K), 0.0007850 secs] [Times: user=0.00 sys=0.00, real=0.00 secs] 
25.368: [GC25.368: [DefNew: 447K->63K(448K), 0.0006140 secs] 308027K->307731K(1048512K), 0.0006640 secs] [Times: user=0.00 sys=0.00, real=0.00 secs] 
25.377: [GC25.377: [DefNew: 447K->64K(448K), 0.0022300 secs] 308115K->307883K(1048512K), 0.0023720 secs] [Times: user=0.00 sys=0.00, real=0.00 secs] 
25.389: [GC25.389: [DefNew: 448K->63K(448K), 0.0013960 secs] 308267K->308075K(1048512K), 0.0014740 secs] [Times: user=0.00 sys=0.00, real=0.00 secs] 
25.401: [GC25.401: [DefNew: 447K->64K(448K), 0.0032120 secs] 308459K->308286K(1048512K), 0.0034280 secs] [Times: user=0.01 sys=0.00, real=0.00 secs] 
25.414: [GC25.414: [DefNew: 448K->64K(448K), 0.0013370 secs] 308670K->308489K(1048512K), 0.0013930 secs] [Times: user=0.00 sys=0.00, real=0.00 secs] 
25.424: [GC25.424: [DefNew: 448K->63K(448K), 0.0008940 secs] 308873K->308578K(1048512K), 0.0009400 secs] [Times: user=0.00 sys=0.00, real=0.00 secs] 
25.434: [GC25.434: [DefNew: 447K->64K(448K), 0.0007720 secs] 308962K->308672K(1048512K), 0.0008310 secs] [Times: user=0.00 sys=0.00, real=0.00 secs] 
25.443: [GC25.443: [DefNew: 448K->64K(448K), 0.0009110 secs] 309056K->308779K(1048512K), 0.0009930 secs] [Times: user=0.00 sys=0.00, real=0.00 secs] 
25.453: [GC25.453: [DefNew: 448K->63K(448K), 0.0009130 secs] 309163K->308884K(1048512K), 0.0009690 secs] [Times: user=0.00 sys=0.00, real=0.00 secs] 
25.463: [GC25.463: [DefNew: 447K->63K(448K), 0.0006310 secs] 309268K->308983K(1048512K), 0.0006680 secs] [Times: user=0.00 sys=0.00, real=0.00 secs] 
25.473: [GC25.473: [DefNew: 447K->64K(448K), 0.0006450 secs] 309367K->309068K(1048512K), 0.0007010 secs] [Times: user=0.00 sys=0.00, real=0.00 secs] 
25.483: [GC25.483: [DefNew: 448K->64K(448K), 0.0007440 secs] 309452K->309170K(1048512K), 0.0008050 secs] [Times: user=0.00 sys=0.00, real=0.00 secs] 
25.492: [GC25.492: [DefNew: 448K->63K(448K), 0.0006620 secs] 309554K->309266K(1048512K), 0.0006980 secs] [Times: user=0.00 sys=0.00, real=0.00 secs] 
25.502: [GC25.502: [DefNew: 447K->63K(448K), 0.0006610 secs] 309650K->309374K(1048512K), 0.0007040 secs] [Times: user=0.00 sys=0.01, real=0.00 secs] 
25.511: [GC25.511: [DefNew: 447K->63K(448K), 0.0007130 secs] 309758K->309470K(1048512K), 0.0007600 secs] [Times: user=0.00 sys=0.00, real=0.00 secs] 
25.521: [GC25.521: [DefNew: 447K->63K(448K), 0.0009860 secs] 309854K->309585K(1048512K), 0.0010530 secs] [Times: user=0.00 sys=0.00, real=0.00 secs] 
25.531: [GC25.531: [DefNew: 447K->64K(448K), 0.0009550 secs] 309969K->309699K(1048512K), 0.0010120 secs] [Times: user=0.00 sys=0.00, real=0.00 secs] 
25.542: [GC25.542: [DefNew: 448K->64K(448K), 0.0009730 secs] 310083K->309818K(1048512K), 0.0010240 secs] [Times: user=0.00 sys=0.00, real=0.00 secs] 
25.552: [GC25.552: [DefNew: 447K->64K(448K), 0.0007080 secs] 310202K->309905K(1048512K), 0.0007500 secs] [Times: user=0.00 sys=0.00, real=0.00 secs] 
25.563: [GC25.563: [DefNew: 447K->63K(448K), 0.0006130 secs] 310289K->309991K(1048512K), 0.0006470 secs] [Times: user=0.01 sys=0.00, real=0.00 secs] 
25.574: [GC25.574: [DefNew: 447K->63K(448K), 0.0006260 secs] 310375K->310070K(1048512K), 0.0006690 secs] [Times: user=0.00 sys=0.00, real=0.00 secs] 
25.584: [GC25.584: [DefNew: 447K->64K(448K), 0.0005790 secs] 310454K->310148K(1048512K), 0.0006170 secs] [Times: user=0.00 sys=0.00, real=0.00 secs] 
25.594: [GC25.594: [DefNew: 448K->63K(448K), 0.0011610 secs] 310532K->310242K(1048512K), 0.0012600 secs] [Times: user=0.00 sys=0.00, real=0.00 secs] 
25.605: [GC25.606: [DefNew: 447K->63K(448K), 0.0014240 secs] 310626K->310426K(1048512K), 0.0015360 secs] [Times: user=0.00 sys=0.00, real=0.01 secs] 
25.617: [GC25.617: [DefNew: 447K->63K(448K), 0.0018580 secs] 310809K->310592K(1048512K), 0.0019230 secs] [Times: user=0.00 sys=0.00, real=0.00 secs] 
25.629: [GC25.629: [DefNew: 447K->63K(448K), 0.0015550 secs] 310976K->310742K(1048512K), 0.0016170 secs] [Times: user=0.01 sys=0.00, real=0.00 secs] 
25.640: [GC25.640: [DefNew: 447K->64K(448K), 0.0013980 secs] 311126K->310876K(1048512K), 0.0014700 secs] [Times: user=0.00 sys=0.00, real=0.00 secs] 
25.652: [GC25.652: [DefNew: 447K->64K(448K), 0.0013520 secs] 311260K->311002K(1048512K), 0.0014160 secs] [Times: user=0.00 sys=0.00, real=0.00 secs] 
25.662: [GC25.662: [DefNew: 447K->63K(448K), 0.0013210 secs] 311386K->311143K(1048512K), 0.0013740 secs] [Times: user=0.00 sys=0.00, real=0.00 secs] 
25.674: [GC25.674: [DefNew: 447K->64K(448K), 0.0013630 secs] 311527K->311274K(1048512K), 0.0014120 secs] [Times: user=0.00 sys=0.00, real=0.00 secs] 
25.685: [GC25.685: [DefNew: 447K->64K(448K), 0.0013060 secs] 311658K->311419K(1048512K), 0.0013710 secs] [Times: user=0.01 sys=0.00, real=0.01 secs] 
25.697: [GC25.697: [DefNew: 448K->63K(448K), 0.0013020 secs] 311803K->311541K(1048512K), 0.0013520 secs] [Times: user=0.00 sys=0.00, real=0.00 secs] 
25.709: [GC25.709: [DefNew: 447K->64K(448K), 0.0013840 secs] 311925K->311681K(1048512K), 0.0014620 secs] [Times: user=0.00 sys=0.00, real=0.00 secs] 
25.720: [GC25.720: [DefNew: 448K->63K(448K), 0.0011850 secs] 312065K->311799K(1048512K), 0.0012360 secs] [Times: user=0.00 sys=0.00, real=0.00 secs] 
25.730: [GC25.730: [DefNew: 447K->64K(448K), 0.0012810 secs] 312183K->311948K(1048512K), 0.0013310 secs] [Times: user=0.00 sys=0.00, real=0.00 secs] 
25.742: [GC25.742: [DefNew: 448K->64K(448K), 0.0013430 secs] 312332K->312069K(1048512K), 0.0013930 secs] [Times: user=0.00 sys=0.00, real=0.00 secs] 
25.753: [GC25.753: [DefNew: 448K->63K(448K), 0.0013040 secs] 312453K->312214K(1048512K), 0.0013530 secs] [Times: user=0.01 sys=0.00, real=0.00 secs] 
25.765: [GC25.765: [DefNew: 447K->63K(448K), 0.0014330 secs] 312598K->312353K(1048512K), 0.0014980 secs] [Times: user=0.00 sys=0.00, real=0.01 secs] 
25.777: [GC25.777: [DefNew: 447K->63K(448K), 0.0013970 secs] 312737K->312494K(1048512K), 0.0014470 secs] [Times: user=0.00 sys=0.00, real=0.00 secs] 
25.788: [GC25.788: [DefNew: 447K->64K(448K), 0.0013810 secs] 312878K->312620K(1048512K), 0.0014430 secs] [Times: user=0.00 sys=0.01, real=0.00 secs] 
25.798: [GC25.798: [DefNew: 448K->64K(448K), 0.0013330 secs] 313004K->312754K(1048512K), 0.0013820 secs] [Times: user=0.00 sys=0.00, real=0.00 secs] 
25.810: [GC25.810: [DefNew: 448K->64K(448K), 0.0015750 secs] 313138K->312899K(1048512K), 0.0016810 secs] [Times: user=0.01 sys=0.00, real=0.00 secs] 
25.822: [GC25.822: [DefNew: 448K->64K(448K), 0.0014560 secs] 313283K->313170K(1048512K), 0.0015290 secs] [Times: user=0.00 sys=0.00, real=0.00 secs] 
25.833: [GC25.833: [DefNew: 447K->64K(448K), 0.0016350 secs] 313554K->313326K(1048512K), 0.0017450 secs] [Times: user=0.00 sys=0.00, real=0.00 secs] 
25.844: [GC25.844: [DefNew: 448K->63K(448K), 0.0008790 secs] 313710K->313439K(1048512K), 0.0009210 secs] [Times: user=0.00 sys=0.00, real=0.00 secs] 
25.855: [GC25.855: [DefNew: 447K->63K(448K), 0.0006400 secs] 313823K->313518K(1048512K), 0.0006800 secs] [Times: user=0.00 sys=0.00, real=0.00 secs] 
25.866: [GC25.866: [DefNew: 447K->63K(448K), 0.0005720 secs] 313901K->313600K(1048512K), 0.0006040 secs] [Times: user=0.00 sys=0.00, real=0.00 secs] 
25.876: [GC25.876: [DefNew: 447K->64K(448K), 0.0005620 secs] 313984K->313673K(1048512K), 0.0005960 secs] [Times: user=0.00 sys=0.00, real=0.01 secs] 
25.885: [GC25.885: [DefNew: 448K->63K(448K), 0.0006260 secs] 314057K->313762K(1048512K), 0.0006600 secs] [Times: user=0.01 sys=0.00, real=0.00 secs] 
25.896: [GC25.896: [DefNew: 447K->64K(448K), 0.0006310 secs] 314146K->313837K(1048512K), 0.0006660 secs] [Times: user=0.00 sys=0.00, real=0.01 secs] 
25.907: [GC25.907: [DefNew: 448K->63K(448K), 0.0010950 secs] 314221K->313930K(1048512K), 0.0011500 secs] [Times: user=0.00 sys=0.00, real=0.00 secs] 
25.918: [GC25.918: [DefNew: 447K->64K(448K), 0.0011700 secs] 314314K->314057K(1048512K), 0.0012210 secs] [Times: user=0.00 sys=0.00, real=0.00 secs] 
25.930: [GC25.930: [DefNew: 447K->63K(448K), 0.0013910 secs] 314441K->314208K(1048512K), 0.0014530 secs] [Times: user=0.00 sys=0.00, real=0.00 secs] 
25.941: [GC25.941: [DefNew: 447K->63K(448K), 0.0012560 secs] 314592K->314331K(1048512K), 0.0013070 secs] [Times: user=0.00 sys=0.00, real=0.00 secs] 
25.952: [GC25.952: [DefNew: 447K->63K(448K), 0.0013360 secs] 314714K->314483K(1048512K), 0.0013910 secs] [Times: user=0.00 sys=0.00, real=0.00 secs] 
25.963: [GC25.963: [DefNew: 447K->64K(448K), 0.0013660 secs] 314867K->314604K(1048512K), 0.0014250 secs] [Times: user=0.00 sys=0.00, real=0.00 secs] 
25.975: [GC25.975: [DefNew: 448K->64K(448K), 0.0012150 secs] 314988K->314742K(1048512K), 0.0012660 secs] [Times: user=0.00 sys=0.00, real=0.00 secs] 
25.986: [GC25.986: [DefNew: 447K->64K(448K), 0.0012220 secs] 315126K->314876K(1048512K), 0.0012720 secs] [Times: user=0.00 sys=0.00, real=0.01 secs] 
25.997: [GC25.997: [DefNew: 448K->63K(448K), 0.0012030 secs] 315260K->315005K(1048512K), 0.0012540 secs] [Times: user=0.00 sys=0.00, real=0.00 secs] 
26.008: [GC26.008: [DefNew: 447K->63K(448K), 0.0013520 secs] 315389K->315137K(1048512K), 0.0014120 secs] [Times: user=0.00 sys=0.00, real=0.00 secs] 
26.020: [GC26.020: [DefNew: 447K->64K(448K), 0.0013550 secs] 315521K->315272K(1048512K), 0.0014150 secs] [Times: user=0.01 sys=0.00, real=0.00 secs] 
26.029: [GC26.029: [DefNew: 447K->64K(448K), 0.0011240 secs] 315655K->315375K(1048512K), 0.0012020 secs] [Times: user=0.00 sys=0.00, real=0.00 secs] 
26.040: [GC26.040: [DefNew: 447K->63K(448K), 0.0020830 secs] 315759K->315547K(1048512K), 0.0022520 secs] [Times: user=0.00 sys=0.00, real=0.00 secs] 
26.051: [GC26.051: [DefNew: 447K->63K(448K), 0.0021670 secs] 315931K->315713K(1048512K), 0.0022960 secs] [Times: user=0.00 sys=0.00, real=0.00 secs] 
26.066: [GC26.066: [DefNew: 447K->63K(448K), 0.0055280 secs] 316097K->315984K(1048512K), 0.0059470 secs] [Times: user=0.01 sys=0.00, real=0.01 secs] 
26.081: [GC26.081: [DefNew: 447K->64K(448K), 0.0061940 secs] 316368K->316209K(1048512K), 0.0062900 secs] [Times: user=0.00 sys=0.00, real=0.01 secs] 
26.097: [GC26.097: [DefNew: 448K->63K(448K), 0.0010710 secs] 316593K->316376K(1048512K), 0.0011030 secs] [Times: user=0.00 sys=0.00, real=0.00 secs] 
26.108: [GC26.108: [DefNew: 447K->63K(448K), 0.0014180 secs] 316760K->316499K(1048512K), 0.0015090 secs] [Times: user=0.00 sys=0.00, real=0.00 secs] 
26.119: [GC26.119: [DefNew: 447K->63K(448K), 0.0025910 secs] 316883K->316615K(1048512K), 0.0027510 secs] [Times: user=0.00 sys=0.00, real=0.00 secs] 
26.133: [GC26.133: [DefNew: 447K->63K(448K), 0.0032250 secs] 316999K->316851K(1048512K), 0.0034130 secs] [Times: user=0.00 sys=0.00, real=0.00 secs] 
26.146: [GC26.146: [DefNew: 447K->63K(448K), 0.0020660 secs] 317235K->317022K(1048512K), 0.0021500 secs] [Times: user=0.00 sys=0.00, real=0.01 secs] 
26.155: [GC26.155: [DefNew: 447K->63K(448K), 0.0011020 secs] 317406K->317141K(1048512K), 0.0011610 secs] [Times: user=0.01 sys=0.00, real=0.01 secs] 
26.166: [GC26.167: [DefNew: 447K->64K(448K), 0.0011830 secs] 317525K->317262K(1048512K), 0.0012350 secs] [Times: user=0.00 sys=0.00, real=0.00 secs] 
26.178: [GC26.178: [DefNew: 448K->63K(448K), 0.0013680 secs] 317646K->317387K(1048512K), 0.0014300 secs] [Times: user=0.00 sys=0.00, real=0.00 secs] 
26.189: [GC26.189: [DefNew: 447K->63K(448K), 0.0012800 secs] 317771K->317518K(1048512K), 0.0013400 secs] [Times: user=0.00 sys=0.00, real=0.00 secs] 
26.200: [GC26.200: [DefNew: 447K->63K(448K), 0.0012730 secs] 317902K->317651K(1048512K), 0.0013260 secs] [Times: user=0.00 sys=0.00, real=0.00 secs] 
26.211: [GC26.212: [DefNew: 447K->63K(448K), 0.0013420 secs] 318035K->317790K(1048512K), 0.0013980 secs] [Times: user=0.00 sys=0.00, real=0.00 secs] 
26.221: [GC26.221: [DefNew: 447K->63K(448K), 0.0009290 secs] 318174K->317924K(1048512K), 0.0009830 secs] [Times: user=0.01 sys=0.00, real=0.00 secs] 
26.231: [GC26.231: [DefNew: 447K->63K(448K), 0.0012810 secs] 318308K->318056K(1048512K), 0.0013460 secs] [Times: user=0.00 sys=0.00, real=0.00 secs] 
26.243: [GC26.243: [DefNew: 447K->63K(448K), 0.0007160 secs] 318440K->318147K(1048512K), 0.0007650 secs] [Times: user=0.00 sys=0.00, real=0.00 secs] 
26.253: [GC26.253: [DefNew: 447K->63K(448K), 0.0006810 secs] 318531K->318236K(1048512K), 0.0007220 secs] [Times: user=0.00 sys=0.00, real=0.00 secs] 
26.262: [GC26.262: [DefNew: 447K->63K(448K), 0.0005790 secs] 318620K->318314K(1048512K), 0.0006200 secs] [Times: user=0.00 sys=0.00, real=0.00 secs] 
26.272: [GC26.272: [DefNew: 447K->63K(448K), 0.0006080 secs] 318698K->318413K(1048512K), 0.0006560 secs] [Times: user=0.00 sys=0.00, real=0.00 secs] 
26.282: [GC26.282: [DefNew: 447K->63K(448K), 0.0011880 secs] 318797K->318583K(1048512K), 0.0012410 secs] [Times: user=0.00 sys=0.00, real=0.00 secs] 
26.291: [GC26.291: [DefNew: 447K->63K(448K), 0.0027960 secs] 318967K->318781K(1048512K), 0.0029640 secs] [Times: user=0.01 sys=0.01, real=0.00 secs] 
26.304: [GC26.304: [DefNew: 447K->64K(448K), 0.0033940 secs] 319165K->318975K(1048512K), 0.0036530 secs] [Times: user=0.00 sys=0.00, real=0.01 secs] 
26.317: [GC26.317: [DefNew: 447K->64K(448K), 0.0021160 secs] 319359K->319159K(1048512K), 0.0022420 secs] [Times: user=0.00 sys=0.00, real=0.00 secs] 
26.329: [GC26.329: [DefNew: 448K->64K(448K), 0.0028970 secs] 319543K->319316K(1048512K), 0.0030010 secs] [Times: user=0.00 sys=0.00, real=0.00 secs] 
26.340: [GC26.340: [DefNew: 447K->63K(448K), 0.0019170 secs] 319700K->319566K(1048512K), 0.0020170 secs] [Times: user=0.01 sys=0.00, real=0.00 secs] 
26.352: [GC26.352: [DefNew: 447K->63K(448K), 0.0018140 secs] 319950K->319717K(1048512K), 0.0019070 secs] [Times: user=0.00 sys=0.00, real=0.00 secs] 
26.363: [GC26.363: [DefNew: 447K->63K(448K), 0.0008990 secs] 320101K->319860K(1048512K), 0.0009410 secs] [Times: user=0.00 sys=0.00, real=0.00 secs] 
26.373: [GC26.373: [DefNew: 447K->64K(448K), 0.0007240 secs] 320244K->319958K(1048512K), 0.0007770 secs] [Times: user=0.00 sys=0.00, real=0.00 secs] 
26.382: [GC26.382: [DefNew: 447K->64K(448K), 0.0006200 secs] 320342K->320042K(1048512K), 0.0006720 secs] [Times: user=0.00 sys=0.00, real=0.00 secs] 
26.392: [GC26.392: [DefNew: 447K->64K(448K), 0.0005560 secs] 320425K->320125K(1048512K), 0.0005950 secs] [Times: user=0.00 sys=0.00, real=0.00 secs] 
26.402: [GC26.402: [DefNew: 448K->63K(448K), 0.0007990 secs] 320509K->320195K(1048512K), 0.0009010 secs] [Times: user=0.00 sys=0.00, real=0.00 secs] 
26.412: [GC26.412: [DefNew: 447K->63K(448K), 0.0006680 secs] 320579K->320319K(1048512K), 0.0007180 secs] [Times: user=0.01 sys=0.00, real=0.00 secs] 
26.420: [GC26.420: [DefNew: 447K->64K(448K), 0.0006590 secs] 320703K->320400K(1048512K), 0.0007160 secs] [Times: user=0.00 sys=0.00, real=0.00 secs] 
26.430: [GC26.430: [DefNew: 448K->63K(448K), 0.0007330 secs] 320784K->320557K(1048512K), 0.0007770 secs] [Times: user=0.00 sys=0.00, real=0.00 secs] 
26.440: [GC26.440: [DefNew: 447K->64K(448K), 0.0009460 secs] 320941K->320713K(1048512K), 0.0010100 secs] [Times: user=0.00 sys=0.00, real=0.00 secs] 
26.450: [GC26.450: [DefNew: 448K->63K(448K), 0.0008210 secs] 321097K->320796K(1048512K), 0.0008750 secs] [Times: user=0.00 sys=0.00, real=0.00 secs] 
26.459: [GC26.459: [DefNew: 447K->64K(448K), 0.0005740 secs] 321180K->320867K(1048512K), 0.0006190 secs] [Times: user=0.00 sys=0.00, real=0.00 secs] 
26.468: [GC26.468: [DefNew: 448K->63K(448K), 0.0006690 secs] 321251K->320962K(1048512K), 0.0007190 secs] [Times: user=0.00 sys=0.00, real=0.00 secs] 
26.478: [GC26.478: [DefNew: 447K->63K(448K), 0.0006800 secs] 321346K->321045K(1048512K), 0.0007210 secs] [Times: user=0.00 sys=0.00, real=0.00 secs] 
26.488: [GC26.488: [DefNew: 447K->63K(448K), 0.0005520 secs] 321429K->321122K(1048512K), 0.0005870 secs] [Times: user=0.00 sys=0.00, real=0.00 secs] 
26.498: [GC26.498: [DefNew: 447K->64K(448K), 0.0006610 secs] 321506K->321202K(1048512K), 0.0007050 secs] [Times: user=0.00 sys=0.00, real=0.00 secs] 
26.506: [GC26.506: [DefNew: 447K->63K(448K), 0.0006670 secs] 321585K->321285K(1048512K), 0.0007160 secs] [Times: user=0.00 sys=0.00, real=0.01 secs] 
26.515: [GC26.515: [DefNew: 447K->64K(448K), 0.0006280 secs] 321669K->321362K(1048512K), 0.0006760 secs] [Times: user=0.00 sys=0.00, real=0.00 secs] 
26.525: [GC26.525: [DefNew: 448K->64K(448K), 0.0005760 secs] 321746K->321452K(1048512K), 0.0006180 secs] [Times: user=0.00 sys=0.00, real=0.00 secs] 
26.535: [GC26.535: [DefNew: 448K->64K(448K), 0.0044970 secs] 321836K->321564K(1048512K), 0.0047570 secs] [Times: user=0.00 sys=0.00, real=0.01 secs] 
26.549: [GC26.549: [DefNew: 447K->64K(448K), 0.0009730 secs] 321948K->321675K(1048512K), 0.0010260 secs] [Times: user=0.00 sys=0.00, real=0.00 secs] 
26.559: [GC26.560: [DefNew: 448K->63K(448K), 0.0011040 secs] 322059K->321873K(1048512K), 0.0012050 secs] [Times: user=0.00 sys=0.00, real=0.00 secs] 
26.569: [GC26.569: [DefNew: 447K->63K(448K), 0.0009370 secs] 322257K->321969K(1048512K), 0.0009870 secs] [Times: user=0.01 sys=0.00, real=0.00 secs] 
26.579: [GC26.579: [DefNew: 447K->63K(448K), 0.0006550 secs] 322353K->322049K(1048512K), 0.0007020 secs] [Times: user=0.00 sys=0.00, real=0.00 secs] 
26.588: [GC26.588: [DefNew: 447K->63K(448K), 0.0006740 secs] 322433K->322127K(1048512K), 0.0007260 secs] [Times: user=0.00 sys=0.00, real=0.00 secs] 
26.598: [GC26.598: [DefNew: 447K->63K(448K), 0.0005650 secs] 322511K->322206K(1048512K), 0.0006060 secs] [Times: user=0.00 sys=0.00, real=0.00 secs] 
26.606: [GC26.606: [DefNew: 447K->63K(448K), 0.0006340 secs] 322590K->322285K(1048512K), 0.0006780 secs] [Times: user=0.00 sys=0.01, real=0.01 secs] 
26.617: [GC26.617: [DefNew: 447K->63K(448K), 0.0006210 secs] 322669K->322361K(1048512K), 0.0006640 secs] [Times: user=0.00 sys=0.00, real=0.00 secs] 
26.627: [GC26.627: [DefNew: 447K->63K(448K), 0.0005890 secs] 322745K->322443K(1048512K), 0.0006240 secs] [Times: user=0.00 sys=0.00, real=0.00 secs] 
26.637: [GC26.637: [DefNew: 447K->63K(448K), 0.0006760 secs] 322827K->322522K(1048512K), 0.0007230 secs] [Times: user=0.00 sys=0.00, real=0.00 secs] 
26.646: [GC26.646: [DefNew: 447K->64K(448K), 0.0006010 secs] 322906K->322606K(1048512K), 0.0006440 secs] [Times: user=0.00 sys=0.00, real=0.01 secs] 
26.656: [GC26.656: [DefNew: 448K->63K(448K), 0.0006110 secs] 322990K->322684K(1048512K), 0.0006660 secs] [Times: user=0.00 sys=0.00, real=0.01 secs] 
26.665: [GC26.665: [DefNew: 447K->63K(448K), 0.0006620 secs] 323068K->322759K(1048512K), 0.0007130 secs] [Times: user=0.00 sys=0.00, real=0.00 secs] 
26.674: [GC26.675: [DefNew: 447K->64K(448K), 0.0005810 secs] 323143K->322840K(1048512K), 0.0006210 secs] [Times: user=0.01 sys=0.00, real=0.00 secs] 
26.684: [GC26.684: [DefNew: 447K->63K(448K), 0.0006400 secs] 323224K->322913K(1048512K), 0.0006870 secs] [Times: user=0.00 sys=0.00, real=0.00 secs] 
26.693: [GC26.693: [DefNew: 447K->63K(448K), 0.0006550 secs] 323297K->323000K(1048512K), 0.0007150 secs] [Times: user=0.00 sys=0.00, real=0.00 secs] 
26.703: [GC26.703: [DefNew: 447K->64K(448K), 0.0005560 secs] 323384K->323085K(1048512K), 0.0005890 secs] [Times: user=0.00 sys=0.00, real=0.00 secs] 
26.712: [GC26.712: [DefNew: 448K->64K(448K), 0.0005720 secs] 323469K->323168K(1048512K), 0.0006090 secs] [Times: user=0.00 sys=0.00, real=0.00 secs] 
26.721: [GC26.721: [DefNew: 448K->63K(448K), 0.0008330 secs] 323552K->323249K(1048512K), 0.0008840 secs] [Times: user=0.00 sys=0.00, real=0.00 secs] 
26.731: [GC26.731: [DefNew: 447K->63K(448K), 0.0005630 secs] 323633K->323322K(1048512K), 0.0006040 secs] [Times: user=0.00 sys=0.00, real=0.00 secs] 
26.740: [GC26.741: [DefNew: 447K->63K(448K), 0.0023870 secs] 323706K->323473K(1048512K), 0.0025400 secs] [Times: user=0.00 sys=0.00, real=0.00 secs] 
26.753: [GC26.753: [DefNew: 447K->63K(448K), 0.0021260 secs] 323857K->323612K(1048512K), 0.0022080 secs] [Times: user=0.01 sys=0.00, real=0.00 secs] 
26.764: [GC26.764: [DefNew: 447K->63K(448K), 0.0008120 secs] 323996K->323722K(1048512K), 0.0008690 secs] [Times: user=0.00 sys=0.00, real=0.00 secs] 
26.774: [GC26.774: [DefNew: 447K->63K(448K), 0.0008230 secs] 324106K->323820K(1048512K), 0.0008790 secs] [Times: user=0.00 sys=0.00, real=0.00 secs] 
26.784: [GC26.784: [DefNew: 447K->63K(448K), 0.0008950 secs] 324203K->323940K(1048512K), 0.0010340 secs] [Times: user=0.00 sys=0.00, real=0.00 secs] 
26.794: [GC26.794: [DefNew: 447K->63K(448K), 0.0007320 secs] 324324K->324049K(1048512K), 0.0007800 secs] [Times: user=0.00 sys=0.00, real=0.00 secs] 
26.803: [GC26.803: [DefNew: 447K->64K(448K), 0.0012130 secs] 324432K->324173K(1048512K), 0.0013580 secs] [Times: user=0.00 sys=0.00, real=0.00 secs] 
26.814: [GC26.814: [DefNew: 448K->64K(448K), 0.0009110 secs] 324557K->324323K(1048512K), 0.0009820 secs] [Times: user=0.00 sys=0.00, real=0.00 secs] 
26.824: [GC26.825: [DefNew: 448K->63K(448K), 0.0031210 secs] 324707K->324499K(1048512K), 0.0032730 secs] [Times: user=0.00 sys=0.00, real=0.01 secs] 
26.837: [GC26.837: [DefNew: 447K->64K(448K), 0.0014690 secs] 324882K->324660K(1048512K), 0.0015520 secs] [Times: user=0.00 sys=0.00, real=0.00 secs] 
26.848: [GC26.848: [DefNew: 448K->64K(448K), 0.0012700 secs] 325044K->324856K(1048512K), 0.0013180 secs] [Times: user=0.00 sys=0.00, real=0.00 secs] 
26.859: [GC26.859: [DefNew: 448K->63K(448K), 0.0019340 secs] 325240K->325012K(1048512K), 0.0020750 secs] [Times: user=0.00 sys=0.00, real=0.00 secs] 
26.869: [GC26.869: [DefNew: 447K->64K(448K), 0.0017250 secs] 325395K->325158K(1048512K), 0.0018550 secs] [Times: user=0.00 sys=0.00, real=0.00 secs] 
26.880: [GC26.880: [DefNew: 447K->64K(448K), 0.0011870 secs] 325542K->325324K(1048512K), 0.0012370 secs] [Times: user=0.00 sys=0.00, real=0.00 secs] 
26.890: [GC26.890: [DefNew: 448K->63K(448K), 0.0008390 secs] 325708K->325449K(1048512K), 0.0009040 secs] [Times: user=0.00 sys=0.00, real=0.00 secs] 
26.900: [GC26.900: [DefNew: 447K->63K(448K), 0.0013920 secs] 325833K->325551K(1048512K), 0.0014820 secs] [Times: user=0.00 sys=0.00, real=0.00 secs] 
26.910: [GC26.910: [DefNew: 447K->63K(448K), 0.0006340 secs] 325935K->325638K(1048512K), 0.0006820 secs] [Times: user=0.00 sys=0.00, real=0.00 secs] 
26.920: [GC26.920: [DefNew: 447K->63K(448K), 0.0008000 secs] 326021K->325730K(1048512K), 0.0008400 secs] [Times: user=0.00 sys=0.00, real=0.00 secs] 
26.931: [GC26.931: [DefNew: 447K->63K(448K), 0.0006390 secs] 326114K->325805K(1048512K), 0.0006940 secs] [Times: user=0.00 sys=0.00, real=0.00 secs] 
26.941: [GC26.941: [DefNew: 447K->63K(448K), 0.0011110 secs] 326189K->325898K(1048512K), 0.0012460 secs] [Times: user=0.01 sys=0.00, real=0.00 secs] 
26.952: [GC26.952: [DefNew: 447K->63K(448K), 0.0022750 secs] 326282K->326129K(1048512K), 0.0023790 secs] [Times: user=0.00 sys=0.00, real=0.00 secs] 
26.964: [GC26.964: [DefNew: 447K->63K(448K), 0.0009940 secs] 326513K->326275K(1048512K), 0.0010300 secs] [Times: user=0.00 sys=0.00, real=0.00 secs] 
26.975: [GC26.975: [DefNew: 447K->64K(448K), 0.0016370 secs] 326659K->326397K(1048512K), 0.0017440 secs] [Times: user=0.00 sys=0.00, real=0.01 secs] 
26.987: [GC26.987: [DefNew: 448K->63K(448K), 0.0009880 secs] 326781K->326523K(1048512K), 0.0010620 secs] [Times: user=0.00 sys=0.00, real=0.00 secs] 
26.997: [GC26.997: [DefNew: 447K->63K(448K), 0.0007300 secs] 326906K->326631K(1048512K), 0.0007720 secs] [Times: user=0.01 sys=0.00, real=0.00 secs] 
27.007: [GC27.007: [DefNew: 447K->64K(448K), 0.0009100 secs] 327015K->326762K(1048512K), 0.0009860 secs] [Times: user=0.00 sys=0.00, real=0.00 secs] 
27.018: [GC27.018: [DefNew: 448K->63K(448K), 0.0012660 secs] 327146K->326855K(1048512K), 0.0013360 secs] [Times: user=0.00 sys=0.00, real=0.00 secs] 
27.028: [GC27.028: [DefNew: 447K->63K(448K), 0.0009560 secs] 327239K->326950K(1048512K), 0.0010220 secs] [Times: user=0.00 sys=0.00, real=0.00 secs] 
27.039: [GC27.039: [DefNew: 447K->64K(448K), 0.0025290 secs] 327334K->327063K(1048512K), 0.0026670 secs] [Times: user=0.00 sys=0.00, real=0.00 secs] 
27.050: [GC27.050: [DefNew: 447K->63K(448K), 0.0027800 secs] 327446K->327234K(1048512K), 0.0028900 secs] [Times: user=0.01 sys=0.00, real=0.00 secs] 
27.062: [GC27.062: [DefNew: 447K->64K(448K), 0.0021450 secs] 327618K->327353K(1048512K), 0.0023640 secs] [Times: user=0.00 sys=0.00, real=0.00 secs] 
27.074: [GC27.075: [DefNew: 448K->64K(448K), 0.0020630 secs] 327737K->327556K(1048512K), 0.0022250 secs] [Times: user=0.00 sys=0.00, real=0.01 secs] 
27.087: [GC27.087: [DefNew: 448K->63K(448K), 0.0018190 secs] 327940K->327772K(1048512K), 0.0019680 secs] [Times: user=0.00 sys=0.00, real=0.00 secs] 
27.098: [GC27.098: [DefNew: 447K->63K(448K), 0.0009630 secs] 328156K->327932K(1048512K), 0.0010010 secs] [Times: user=0.01 sys=0.00, real=0.00 secs] 
27.108: [GC27.108: [DefNew: 447K->63K(448K), 0.0007490 secs] 328316K->328030K(1048512K), 0.0007950 secs] [Times: user=0.00 sys=0.00, real=0.00 secs] 
27.119: [GC27.119: [DefNew: 447K->63K(448K), 0.0007440 secs] 328414K->328111K(1048512K), 0.0007880 secs] [Times: user=0.00 sys=0.00, real=0.00 secs] 
27.130: [GC27.130: [DefNew: 447K->63K(448K), 0.0006690 secs] 328495K->328190K(1048512K), 0.0007080 secs] [Times: user=0.00 sys=0.00, real=0.00 secs] 
27.141: [GC27.141: [DefNew: 447K->64K(448K), 0.0006130 secs] 328574K->328273K(1048512K), 0.0006530 secs] [Times: user=0.00 sys=0.00, real=0.00 secs] 
27.151: [GC27.151: [DefNew: 448K->63K(448K), 0.0006550 secs] 328657K->328369K(1048512K), 0.0006940 secs] [Times: user=0.00 sys=0.00, real=0.00 secs] 
27.162: [GC27.162: [DefNew: 447K->63K(448K), 0.0006210 secs] 328752K->328455K(1048512K), 0.0006540 secs] [Times: user=0.00 sys=0.00, real=0.00 secs] 
27.173: [GC27.173: [DefNew: 447K->64K(448K), 0.0010460 secs] 328839K->328571K(1048512K), 0.0010970 secs] [Times: user=0.00 sys=0.00, real=0.00 secs] 
27.184: [GC27.184: [DefNew: 448K->64K(448K), 0.0012930 secs] 328955K->328716K(1048512K), 0.0013450 secs] [Times: user=0.01 sys=0.00, real=0.00 secs] 
27.194: [GC27.194: [DefNew: 448K->63K(448K), 0.0013160 secs] 329100K->328837K(1048512K), 0.0013680 secs] [Times: user=0.00 sys=0.00, real=0.00 secs] 
27.206: [GC27.206: [DefNew: 447K->63K(448K), 0.0012960 secs] 329221K->328955K(1048512K), 0.0013570 secs] [Times: user=0.00 sys=0.00, real=0.01 secs] 
27.217: [GC27.217: [DefNew: 447K->64K(448K), 0.0012600 secs] 329339K->329076K(1048512K), 0.0013120 secs] [Times: user=0.00 sys=0.00, real=0.00 secs] 
27.228: [GC27.228: [DefNew: 448K->64K(448K), 0.0013130 secs] 329460K->329218K(1048512K), 0.0013910 secs] [Times: user=0.00 sys=0.00, real=0.00 secs] 
27.239: [GC27.239: [DefNew: 448K->63K(448K), 0.0007070 secs] 329602K->329315K(1048512K), 0.0007490 secs] [Times: user=0.00 sys=0.00, real=0.00 secs] 
27.249: [GC27.249: [DefNew: 447K->63K(448K), 0.0022130 secs] 329699K->329406K(1048512K), 0.0023830 secs] [Times: user=0.01 sys=0.00, real=0.00 secs] 
27.261: [GC27.261: [DefNew: 447K->63K(448K), 0.0017050 secs] 329790K->329615K(1048512K), 0.0017830 secs] [Times: user=0.00 sys=0.00, real=0.00 secs] 
27.271: [GC27.271: [DefNew: 447K->63K(448K), 0.0011700 secs] 329999K->329726K(1048512K), 0.0012410 secs] [Times: user=0.00 sys=0.00, real=0.00 secs] 
27.282: [GC27.282: [DefNew: 447K->64K(448K), 0.0006780 secs] 330110K->329806K(1048512K), 0.0007120 secs] [Times: user=0.00 sys=0.00, real=0.00 secs] 
27.293: [GC27.293: [DefNew: 448K->63K(448K), 0.0011290 secs] 330190K->329897K(1048512K), 0.0011910 secs] [Times: user=0.00 sys=0.00, real=0.00 secs] 
27.304: [GC27.304: [DefNew: 447K->63K(448K), 0.0011530 secs] 330281K->330023K(1048512K), 0.0012140 secs] [Times: user=0.00 sys=0.00, real=0.00 secs] 
27.316: [GC27.316: [DefNew: 447K->64K(448K), 0.0013250 secs] 330407K->330158K(1048512K), 0.0013780 secs] [Times: user=0.00 sys=0.00, real=0.01 secs] 
27.328: [GC27.328: [DefNew: 448K->63K(448K), 0.0013230 secs] 330542K->330292K(1048512K), 0.0013760 secs] [Times: user=0.00 sys=0.00, real=0.00 secs] 
27.338: [GC27.338: [DefNew: 447K->63K(448K), 0.0008270 secs] 330676K->330416K(1048512K), 0.0008810 secs] [Times: user=0.00 sys=0.00, real=0.00 secs] 
27.349: [GC27.349: [DefNew: 447K->63K(448K), 0.0007020 secs] 330800K->330493K(1048512K), 0.0007790 secs] [Times: user=0.00 sys=0.00, real=0.00 secs] 
27.360: [GC27.360: [DefNew: 447K->63K(448K), 0.0006610 secs] 330877K->330586K(1048512K), 0.0007030 secs] [Times: user=0.00 sys=0.00, real=0.00 secs] 
27.369: [GC27.369: [DefNew: 447K->63K(448K), 0.0006190 secs] 330970K->330656K(1048512K), 0.0006550 secs] [Times: user=0.00 sys=0.00, real=0.00 secs] 
27.379: [GC27.379: [DefNew: 447K->64K(448K), 0.0006120 secs] 331040K->330744K(1048512K), 0.0006580 secs] [Times: user=0.00 sys=0.00, real=0.00 secs] 
27.389: [GC27.389: [DefNew: 448K->63K(448K), 0.0011500 secs] 331128K->330825K(1048512K), 0.0012050 secs] [Times: user=0.00 sys=0.00, real=0.00 secs] 
27.400: [GC27.400: [DefNew: 447K->63K(448K), 0.0011540 secs] 331209K->330952K(1048512K), 0.0012090 secs] [Times: user=0.00 sys=0.00, real=0.00 secs] 
27.411: [GC27.411: [DefNew: 447K->63K(448K), 0.0012950 secs] 331336K->331074K(1048512K), 0.0013490 secs] [Times: user=0.00 sys=0.00, real=0.00 secs] 
27.423: [GC27.423: [DefNew: 447K->63K(448K), 0.0011960 secs] 331458K->331185K(1048512K), 0.0012450 secs] [Times: user=0.00 sys=0.00, real=0.00 secs] 
27.434: [GC27.434: [DefNew: 447K->63K(448K), 0.0012910 secs] 331569K->331314K(1048512K), 0.0013440 secs] [Times: user=0.00 sys=0.00, real=0.00 secs] 
27.445: [GC27.445: [DefNew: 447K->64K(448K), 0.0013190 secs] 331698K->331425K(1048512K), 0.0013790 secs] [Times: user=0.00 sys=0.01, real=0.01 secs] 
27.455: [GC27.455: [DefNew: 447K->63K(448K), 0.0013390 secs] 331809K->331565K(1048512K), 0.0014040 secs] [Times: user=0.01 sys=0.00, real=0.01 secs] 
27.467: [GC27.467: [DefNew: 447K->63K(448K), 0.0011800 secs] 331949K->331793K(1048512K), 0.0012250 secs] [Times: user=0.00 sys=0.00, real=0.00 secs] 
27.478: [GC27.478: [DefNew: 447K->64K(448K), 0.0010030 secs] 332177K->331939K(1048512K), 0.0010510 secs] [Times: user=0.00 sys=0.00, real=0.00 secs] 
27.489: [GC27.489: [DefNew: 448K->64K(448K), 0.0006690 secs] 332323K->332021K(1048512K), 0.0007030 secs] [Times: user=0.00 sys=0.00, real=0.00 secs] 
27.499: [GC27.500: [DefNew: 447K->63K(448K), 0.0010070 secs] 332404K->332117K(1048512K), 0.0010600 secs] [Times: user=0.00 sys=0.00, real=0.00 secs] 
27.511: [GC27.511: [DefNew: 447K->63K(448K), 0.0012130 secs] 332501K->332256K(1048512K), 0.0012680 secs] [Times: user=0.00 sys=0.00, real=0.00 secs] 
27.521: [GC27.521: [DefNew: 447K->63K(448K), 0.0012850 secs] 332640K->332398K(1048512K), 0.0013400 secs] [Times: user=0.00 sys=0.00, real=0.00 secs] 
27.532: [GC27.532: [DefNew: 447K->63K(448K), 0.0014390 secs] 332782K->332520K(1048512K), 0.0015020 secs] [Times: user=0.00 sys=0.00, real=0.00 secs] 
27.544: [GC27.544: [DefNew: 447K->64K(448K), 0.0014050 secs] 332904K->332655K(1048512K), 0.0014580 secs] [Times: user=0.00 sys=0.00, real=0.00 secs] 
27.555: [GC27.555: [DefNew: 448K->63K(448K), 0.0013430 secs] 333039K->332792K(1048512K), 0.0013930 secs] [Times: user=0.00 sys=0.00, real=0.01 secs] 
27.567: [GC27.567: [DefNew: 447K->63K(448K), 0.0013170 secs] 333176K->332926K(1048512K), 0.0013880 secs] [Times: user=0.00 sys=0.00, real=0.00 secs] 
27.579: [GC27.579: [DefNew: 447K->64K(448K), 0.0012700 secs] 333310K->333049K(1048512K), 0.0013220 secs] [Times: user=0.00 sys=0.00, real=0.00 secs] 
27.589: [GC27.589: [DefNew: 448K->63K(448K), 0.0013660 secs] 333433K->333198K(1048512K), 0.0014280 secs] [Times: user=0.01 sys=0.00, real=0.00 secs] 
27.601: [GC27.601: [DefNew: 447K->63K(448K), 0.0013480 secs] 333582K->333330K(1048512K), 0.0014060 secs] [Times: user=0.00 sys=0.00, real=0.00 secs] 
27.612: [GC27.612: [DefNew: 447K->64K(448K), 0.0013670 secs] 333713K->333466K(1048512K), 0.0014280 secs] [Times: user=0.00 sys=0.00, real=0.00 secs] 
27.624: [GC27.624: [DefNew: 448K->64K(448K), 0.0013180 secs] 333850K->333592K(1048512K), 0.0013680 secs] [Times: user=0.00 sys=0.00, real=0.00 secs] 
27.635: [GC27.635: [DefNew: 448K->63K(448K), 0.0014000 secs] 333976K->333729K(1048512K), 0.0014530 secs] [Times: user=0.00 sys=0.00, real=0.01 secs] 
27.647: [GC27.647: [DefNew: 447K->63K(448K), 0.0013010 secs] 334113K->333855K(1048512K), 0.0013610 secs] [Times: user=0.00 sys=0.00, real=0.00 secs] 
27.657: [GC27.657: [DefNew: 447K->63K(448K), 0.0013020 secs] 334239K->333997K(1048512K), 0.0013530 secs] [Times: user=0.00 sys=0.00, real=0.00 secs] 
27.669: [GC27.669: [DefNew: 447K->63K(448K), 0.0018530 secs] 334381K->334126K(1048512K), 0.0019410 secs] [Times: user=0.00 sys=0.00, real=0.00 secs] 
27.681: [GC27.681: [DefNew: 447K->64K(448K), 0.0014250 secs] 334510K->334368K(1048512K), 0.0015130 secs] [Times: user=0.00 sys=0.00, real=0.00 secs] 
27.692: [GC27.692: [DefNew: 448K->63K(448K), 0.0010000 secs] 334752K->334504K(1048512K), 0.0010470 secs] [Times: user=0.00 sys=0.00, real=0.00 secs] 
27.702: [GC27.702: [DefNew: 447K->63K(448K), 0.0007380 secs] 334888K->334600K(1048512K), 0.0007740 secs] [Times: user=0.00 sys=0.00, real=0.00 secs] 
27.713: [GC27.713: [DefNew: 447K->63K(448K), 0.0006050 secs] 334984K->334683K(1048512K), 0.0006390 secs] [Times: user=0.00 sys=0.00, real=0.00 secs] 
27.724: [GC27.724: [DefNew: 447K->63K(448K), 0.0006460 secs] 335066K->334776K(1048512K), 0.0006800 secs] [Times: user=0.00 sys=0.00, real=0.00 secs] 
27.733: [GC27.733: [DefNew: 447K->63K(448K), 0.0006350 secs] 335160K->334854K(1048512K), 0.0007200 secs] [Times: user=0.00 sys=0.00, real=0.00 secs] 
27.744: [GC27.744: [DefNew: 447K->63K(448K), 0.0012390 secs] 335238K->334975K(1048512K), 0.0013040 secs] [Times: user=0.00 sys=0.00, real=0.00 secs] 
27.756: [GC27.756: [DefNew: 447K->63K(448K), 0.0012870 secs] 335359K->335093K(1048512K), 0.0013470 secs] [Times: user=0.00 sys=0.00, real=0.01 secs] 
27.767: [GC27.767: [DefNew: 447K->63K(448K), 0.0013140 secs] 335477K->335234K(1048512K), 0.0013690 secs] [Times: user=0.00 sys=0.00, real=0.00 secs] 
27.779: [GC27.779: [DefNew: 447K->63K(448K), 0.0014200 secs] 335618K->335361K(1048512K), 0.0014740 secs] [Times: user=0.00 sys=0.00, real=0.00 secs] 
27.790: [GC27.790: [DefNew: 447K->64K(448K), 0.0012430 secs] 335745K->335495K(1048512K), 0.0012980 secs] [Times: user=0.01 sys=0.00, real=0.00 secs] 
27.802: [GC27.802: [DefNew: 447K->63K(448K), 0.0012450 secs] 335879K->335618K(1048512K), 0.0013010 secs] [Times: user=0.00 sys=0.00, real=0.00 secs] 
27.812: [GC27.812: [DefNew: 447K->63K(448K), 0.0013010 secs] 336002K->335741K(1048512K), 0.0013690 secs] [Times: user=0.00 sys=0.00, real=0.00 secs] 
27.823: [GC27.823: [DefNew: 447K->63K(448K), 0.0011950 secs] 336125K->335857K(1048512K), 0.0012450 secs] [Times: user=0.00 sys=0.00, real=0.00 secs] 
27.835: [GC27.835: [DefNew: 447K->63K(448K), 0.0014660 secs] 336241K->335995K(1048512K), 0.0015320 secs] [Times: user=0.00 sys=0.00, real=0.01 secs] 
27.847: [GC27.847: [DefNew: 447K->63K(448K), 0.0013100 secs] 336379K->336113K(1048512K), 0.0013700 secs] [Times: user=0.00 sys=0.00, real=0.00 secs] 
27.858: [GC27.858: [DefNew: 447K->63K(448K), 0.0012850 secs] 336497K->336255K(1048512K), 0.0013370 secs] [Times: user=0.00 sys=0.00, real=0.00 secs] 
27.869: [GC27.869: [DefNew: 447K->63K(448K), 0.0013220 secs] 336639K->336365K(1048512K), 0.0013910 secs] [Times: user=0.00 sys=0.00, real=0.00 secs] 
27.880: [GC27.880: [DefNew: 447K->64K(448K), 0.0012130 secs] 336749K->336499K(1048512K), 0.0012760 secs] [Times: user=0.00 sys=0.00, real=0.00 secs] 
27.891: [GC27.891: [DefNew: 448K->63K(448K), 0.0013660 secs] 336883K->336622K(1048512K), 0.0014250 secs] [Times: user=0.00 sys=0.00, real=0.00 secs] 
27.901: [GC27.901: [DefNew: 447K->64K(448K), 0.0013520 secs] 337006K->336746K(1048512K), 0.0014030 secs] [Times: user=0.00 sys=0.00, real=0.00 secs] 
27.913: [GC27.913: [DefNew: 448K->64K(448K), 0.0012110 secs] 337130K->336858K(1048512K), 0.0012600 secs] [Times: user=0.01 sys=0.00, real=0.00 secs] 
27.924: [GC27.924: [DefNew: 447K->63K(448K), 0.0012490 secs] 337242K->336992K(1048512K), 0.0013000 secs] [Times: user=0.00 sys=0.00, real=0.00 secs] 
27.936: [GC27.936: [DefNew: 447K->64K(448K), 0.0014030 secs] 337376K->337129K(1048512K), 0.0014560 secs] [Times: user=0.00 sys=0.00, real=0.01 secs] 
27.947: [GC27.947: [DefNew: 448K->63K(448K), 0.0013510 secs] 337513K->337262K(1048512K), 0.0014110 secs] [Times: user=0.00 sys=0.00, real=0.00 secs] 
27.959: [GC27.959: [DefNew: 447K->63K(448K), 0.0013070 secs] 337646K->337398K(1048512K), 0.0013630 secs] [Times: user=0.00 sys=0.00, real=0.00 secs] 
27.971: [GC27.971: [DefNew: 447K->64K(448K), 0.0014920 secs] 337782K->337513K(1048512K), 0.0015660 secs] [Times: user=0.00 sys=0.00, real=0.00 secs] 
27.981: [GC27.981: [DefNew: 447K->63K(448K), 0.0018810 secs] 337897K->337691K(1048512K), 0.0020400 secs] [Times: user=0.00 sys=0.00, real=0.00 secs] 
27.992: [GC27.992: [DefNew: 447K->63K(448K), 0.0017150 secs] 338075K->337846K(1048512K), 0.0018090 secs] [Times: user=0.00 sys=0.00, real=0.00 secs] 
28.003: [GC28.003: [DefNew: 447K->63K(448K), 0.0008600 secs] 338230K->337937K(1048512K), 0.0009050 secs] [Times: user=0.00 sys=0.00, real=0.00 secs] 
28.014: [GC28.014: [DefNew: 447K->63K(448K), 0.0006280 secs] 338321K->338018K(1048512K), 0.0006610 secs] [Times: user=0.00 sys=0.00, real=0.00 secs] 
28.024: [GC28.024: [DefNew: 447K->63K(448K), 0.0006120 secs] 338402K->338103K(1048512K), 0.0006440 secs] [Times: user=0.00 sys=0.00, real=0.00 secs] 
28.034: [GC28.034: [DefNew: 447K->63K(448K), 0.0010060 secs] 338487K->338189K(1048512K), 0.0010740 secs] [Times: user=0.00 sys=0.00, real=0.00 secs] 
28.044: [GC28.044: [DefNew: 447K->63K(448K), 0.0019830 secs] 338573K->338305K(1048512K), 0.0020910 secs] [Times: user=0.01 sys=0.00, real=0.00 secs] 
28.055: [GC28.055: [DefNew: 447K->63K(448K), 0.0013980 secs] 338689K->338442K(1048512K), 0.0014910 secs] [Times: user=0.00 sys=0.00, real=0.01 secs] 
28.066: [GC28.066: [DefNew: 447K->64K(448K), 0.0018300 secs] 338826K->338599K(1048512K), 0.0019630 secs] [Times: user=0.00 sys=0.00, real=0.01 secs] 
28.076: [GC28.076: [DefNew: 448K->64K(448K), 0.0018470 secs] 338983K->338793K(1048512K), 0.0019570 secs] [Times: user=0.00 sys=0.00, real=0.01 secs] 
28.087: [GC28.087: [DefNew: 448K->64K(448K), 0.0014640 secs] 339177K->338923K(1048512K), 0.0015720 secs] [Times: user=0.00 sys=0.00, real=0.00 secs] 
28.098: [GC28.098: [DefNew: 448K->63K(448K), 0.0010390 secs] 339307K->339065K(1048512K), 0.0010960 secs] [Times: user=0.00 sys=0.00, real=0.00 secs] 
28.108: [GC28.108: [DefNew: 447K->64K(448K), 0.0008640 secs] 339448K->339189K(1048512K), 0.0009140 secs] [Times: user=0.00 sys=0.00, real=0.00 secs] 
28.118: [GC28.119: [DefNew: 448K->63K(448K), 0.0012550 secs] 339573K->339300K(1048512K), 0.0013500 secs] [Times: user=0.00 sys=0.00, real=0.00 secs] 
28.130: [GC28.130: [DefNew: 447K->64K(448K), 0.0012540 secs] 339684K->339419K(1048512K), 0.0013160 secs] [Times: user=0.00 sys=0.00, real=0.00 secs] 
28.142: [GC28.142: [DefNew: 448K->63K(448K), 0.0012620 secs] 339803K->339555K(1048512K), 0.0013270 secs] [Times: user=0.00 sys=0.00, real=0.00 secs] 
28.152: [GC28.152: [DefNew: 447K->63K(448K), 0.0012700 secs] 339939K->339687K(1048512K), 0.0013250 secs] [Times: user=0.00 sys=0.00, real=0.00 secs] 
28.163: [GC28.163: [DefNew: 447K->64K(448K), 0.0012670 secs] 340071K->339823K(1048512K), 0.0013200 secs] [Times: user=0.00 sys=0.00, real=0.00 secs] 
28.175: [GC28.175: [DefNew: 448K->63K(448K), 0.0014300 secs] 340207K->339980K(1048512K), 0.0014830 secs] [Times: user=0.00 sys=0.00, real=0.00 secs] 
28.186: [GC28.186: [DefNew: 447K->63K(448K), 0.0018550 secs] 340364K->340115K(1048512K), 0.0019220 secs] [Times: user=0.00 sys=0.00, real=0.01 secs] 
28.199: [GC28.199: [DefNew: 447K->64K(448K), 0.0010450 secs] 340499K->340335K(1048512K), 0.0010820 secs] [Times: user=0.00 sys=0.00, real=0.00 secs] 
28.209: [GC28.209: [DefNew: 448K->63K(448K), 0.0009280 secs] 340719K->340455K(1048512K), 0.0009900 secs] [Times: user=0.00 sys=0.00, real=0.00 secs] 
28.220: [GC28.220: [DefNew: 447K->63K(448K), 0.0006440 secs] 340839K->340537K(1048512K), 0.0006860 secs] [Times: user=0.01 sys=0.00, real=0.00 secs] 
28.228: [GC28.229: [DefNew: 447K->64K(448K), 0.0006800 secs] 340921K->340620K(1048512K), 0.0007310 secs] [Times: user=0.00 sys=0.00, real=0.00 secs] 
28.239: [GC28.239: [DefNew: 447K->63K(448K), 0.0006560 secs] 341004K->340721K(1048512K), 0.0006970 secs] [Times: user=0.00 sys=0.00, real=0.00 secs] 
28.249: [GC28.249: [DefNew: 447K->64K(448K), 0.0008070 secs] 341105K->340809K(1048512K), 0.0008590 secs] [Times: user=0.00 sys=0.00, real=0.00 secs] 
28.260: [GC28.260: [DefNew: 448K->64K(448K), 0.0006020 secs] 341193K->340886K(1048512K), 0.0006470 secs] [Times: user=0.00 sys=0.00, real=0.00 secs] 
28.271: [GC28.271: [DefNew: 448K->63K(448K), 0.0005900 secs] 341270K->340973K(1048512K), 0.0006240 secs] [Times: user=0.00 sys=0.00, real=0.00 secs] 
28.281: [GC28.281: [DefNew: 447K->64K(448K), 0.0006150 secs] 341357K->341055K(1048512K), 0.0006570 secs] [Times: user=0.00 sys=0.00, real=0.00 secs] 
28.292: [GC28.292: [DefNew: 448K->63K(448K), 0.0005880 secs] 341439K->341142K(1048512K), 0.0006210 secs] [Times: user=0.00 sys=0.00, real=0.00 secs] 
28.302: [GC28.302: [DefNew: 447K->63K(448K), 0.0005910 secs] 341526K->341214K(1048512K), 0.0006240 secs] [Times: user=0.00 sys=0.00, real=0.00 secs] 
28.313: [GC28.313: [DefNew: 447K->63K(448K), 0.0005510 secs] 341598K->341295K(1048512K), 0.0005830 secs] [Times: user=0.00 sys=0.00, real=0.00 secs] 
28.323: [GC28.323: [DefNew: 447K->63K(448K), 0.0006170 secs] 341679K->341374K(1048512K), 0.0006480 secs] [Times: user=0.01 sys=0.00, real=0.00 secs] 
28.334: [GC28.334: [DefNew: 447K->64K(448K), 0.0012120 secs] 341758K->341462K(1048512K), 0.0012710 secs] [Times: user=0.00 sys=0.00, real=0.00 secs] 
28.344: [GC28.344: [DefNew: 447K->63K(448K), 0.0011640 secs] 341846K->341587K(1048512K), 0.0012180 secs] [Times: user=0.00 sys=0.00, real=0.00 secs] 
28.356: [GC28.356: [DefNew: 447K->63K(448K), 0.0012010 secs] 341971K->341716K(1048512K), 0.0012500 secs] [Times: user=0.00 sys=0.00, real=0.01 secs] 
28.368: [GC28.368: [DefNew: 447K->63K(448K), 0.0012230 secs] 342100K->341839K(1048512K), 0.0012790 secs] [Times: user=0.00 sys=0.00, real=0.00 secs] 
28.379: [GC28.379: [DefNew: 447K->63K(448K), 0.0013110 secs] 342223K->341980K(1048512K), 0.0013970 secs] [Times: user=0.00 sys=0.00, real=0.00 secs] 
28.391: [GC28.391: [DefNew: 447K->63K(448K), 0.0013210 secs] 342364K->342104K(1048512K), 0.0013930 secs] [Times: user=0.01 sys=0.00, real=0.00 secs] 
28.402: [GC28.402: [DefNew: 447K->64K(448K), 0.0022560 secs] 342488K->342338K(1048512K), 0.0024080 secs] [Times: user=0.00 sys=0.00, real=0.00 secs] 
28.413: [GC28.413: [DefNew: 448K->63K(448K), 0.0009860 secs] 342722K->342469K(1048512K), 0.0010190 secs] [Times: user=0.00 sys=0.00, real=0.00 secs] 
28.424: [GC28.424: [DefNew: 447K->63K(448K), 0.0006790 secs] 342853K->342546K(1048512K), 0.0007100 secs] [Times: user=0.00 sys=0.00, real=0.00 secs] 
28.435: [GC28.435: [DefNew: 447K->63K(448K), 0.0011450 secs] 342930K->342683K(1048512K), 0.0011980 secs] [Times: user=0.00 sys=0.00, real=0.00 secs] 
28.446: [GC28.446: [DefNew: 447K->63K(448K), 0.0008340 secs] 343067K->342796K(1048512K), 0.0009070 secs] [Times: user=0.00 sys=0.00, real=0.01 secs] 
28.456: [GC28.456: [DefNew: 447K->64K(448K), 0.0011550 secs] 343180K->342905K(1048512K), 0.0012050 secs] [Times: user=0.01 sys=0.00, real=0.01 secs] 
28.467: [GC28.467: [DefNew: 448K->63K(448K), 0.0007800 secs] 343289K->343018K(1048512K), 0.0008210 secs] [Times: user=0.00 sys=0.00, real=0.00 secs] 
28.477: [GC28.477: [DefNew: 447K->64K(448K), 0.0008280 secs] 343401K->343109K(1048512K), 0.0008810 secs] [Times: user=0.00 sys=0.00, real=0.00 secs] 
28.487: [GC28.487: [DefNew: 448K->63K(448K), 0.0009740 secs] 343493K->343185K(1048512K), 0.0010210 secs] [Times: user=0.00 sys=0.00, real=0.00 secs] 
28.497: [GC28.497: [DefNew: 447K->64K(448K), 0.0007300 secs] 343568K->343302K(1048512K), 0.0008300 secs] [Times: user=0.00 sys=0.00, real=0.00 secs] 
28.506: [GC28.506: [DefNew: 448K->64K(448K), 0.0010850 secs] 343686K->343416K(1048512K), 0.0011640 secs] [Times: user=0.00 sys=0.00, real=0.01 secs] 
28.516: [GC28.516: [DefNew: 448K->63K(448K), 0.0006450 secs] 343800K->343504K(1048512K), 0.0006990 secs] [Times: user=0.00 sys=0.00, real=0.01 secs] 
28.526: [GC28.526: [DefNew: 447K->64K(448K), 0.0010260 secs] 343888K->343705K(1048512K), 0.0010710 secs] [Times: user=0.00 sys=0.00, real=0.01 secs] 
28.536: [GC28.536: [DefNew: 447K->64K(448K), 0.0008840 secs] 344089K->343799K(1048512K), 0.0009200 secs] [Times: user=0.01 sys=0.00, real=0.00 secs] 
28.546: [GC28.546: [DefNew: 448K->63K(448K), 0.0006680 secs] 344183K->343878K(1048512K), 0.0007130 secs] [Times: user=0.00 sys=0.00, real=0.01 secs] 
28.556: [GC28.556: [DefNew: 447K->63K(448K), 0.0006190 secs] 344262K->343957K(1048512K), 0.0006610 secs] [Times: user=0.00 sys=0.00, real=0.01 secs] 
28.565: [GC28.565: [DefNew: 447K->63K(448K), 0.0005810 secs] 344341K->344027K(1048512K), 0.0006120 secs] [Times: user=0.00 sys=0.00, real=0.00 secs] 
28.575: [GC28.575: [DefNew: 447K->63K(448K), 0.0007690 secs] 344411K->344118K(1048512K), 0.0008140 secs] [Times: user=0.00 sys=0.00, real=0.00 secs] 
28.585: [GC28.585: [DefNew: 447K->63K(448K), 0.0006130 secs] 344502K->344199K(1048512K), 0.0006480 secs] [Times: user=0.00 sys=0.00, real=0.00 secs] 
28.596: [GC28.596: [DefNew: 447K->63K(448K), 0.0005520 secs] 344583K->344273K(1048512K), 0.0005850 secs] [Times: user=0.00 sys=0.00, real=0.01 secs] 
28.605: [GC28.605: [DefNew: 447K->63K(448K), 0.0023590 secs] 344657K->344426K(1048512K), 0.0024740 secs] [Times: user=0.00 sys=0.00, real=0.01 secs] 
28.617: [GC28.617: [DefNew: 447K->63K(448K), 0.0013400 secs] 344810K->344563K(1048512K), 0.0013950 secs] [Times: user=0.01 sys=0.00, real=0.00 secs] 
28.628: [GC28.628: [DefNew: 447K->63K(448K), 0.0008730 secs] 344947K->344707K(1048512K), 0.0009080 secs] [Times: user=0.00 sys=0.00, real=0.00 secs] 
28.639: [GC28.639: [DefNew: 447K->63K(448K), 0.0012920 secs] 345091K->344800K(1048512K), 0.0013500 secs] [Times: user=0.00 sys=0.00, real=0.00 secs] 
28.651: [GC28.651: [DefNew: 447K->63K(448K), 0.0011800 secs] 345184K->344913K(1048512K), 0.0012450 secs] [Times: user=0.00 sys=0.00, real=0.00 secs] 
28.662: [GC28.662: [DefNew: 447K->64K(448K), 0.0013190 secs] 345297K->345039K(1048512K), 0.0013730 secs] [Times: user=0.00 sys=0.00, real=0.00 secs] 
28.674: [GC28.674: [DefNew: 448K->63K(448K), 0.0012430 secs] 345423K->345151K(1048512K), 0.0012920 secs] [Times: user=0.00 sys=0.00, real=0.00 secs] 
28.685: [GC28.685: [DefNew: 447K->64K(448K), 0.0013220 secs] 345535K->345283K(1048512K), 0.0013750 secs] [Times: user=0.01 sys=0.00, real=0.01 secs] 
28.696: [GC28.696: [DefNew: 448K->63K(448K), 0.0014190 secs] 345667K->345402K(1048512K), 0.0014850 secs] [Times: user=0.00 sys=0.00, real=0.01 secs] 
28.707: [GC28.707: [DefNew: 447K->64K(448K), 0.0012360 secs] 345786K->345542K(1048512K), 0.0012850 secs] [Times: user=0.00 sys=0.00, real=0.00 secs] 
28.719: [GC28.719: [DefNew: 448K->63K(448K), 0.0013910 secs] 345926K->345662K(1048512K), 0.0014450 secs] [Times: user=0.00 sys=0.00, real=0.00 secs] 
28.730: [GC28.730: [DefNew: 447K->64K(448K), 0.0011960 secs] 346046K->345796K(1048512K), 0.0012470 secs] [Times: user=0.00 sys=0.00, real=0.00 secs] 
28.742: [GC28.742: [DefNew: 448K->63K(448K), 0.0011320 secs] 346180K->345904K(1048512K), 0.0011850 secs] [Times: user=0.00 sys=0.00, real=0.00 secs] 
28.753: [GC28.753: [DefNew: 447K->63K(448K), 0.0012550 secs] 346288K->346044K(1048512K), 0.0013230 secs] [Times: user=0.00 sys=0.00, real=0.00 secs] 
28.764: [GC28.764: [DefNew: 447K->64K(448K), 0.0011920 secs] 346428K->346158K(1048512K), 0.0012430 secs] [Times: user=0.00 sys=0.00, real=0.00 secs] 
28.774: [GC28.774: [DefNew: 448K->64K(448K), 0.0012720 secs] 346542K->346289K(1048512K), 0.0013230 secs] [Times: user=0.00 sys=0.00, real=0.00 secs] 
28.786: [GC28.786: [DefNew: 448K->63K(448K), 0.0013070 secs] 346673K->346408K(1048512K), 0.0013600 secs] [Times: user=0.00 sys=0.00, real=0.01 secs] 
28.798: [GC28.798: [DefNew: 447K->64K(448K), 0.0013400 secs] 346792K->346539K(1048512K), 0.0013880 secs] [Times: user=0.00 sys=0.00, real=0.00 secs] 
28.808: [GC28.808: [DefNew: 448K->63K(448K), 0.0020330 secs] 346923K->346673K(1048512K), 0.0021040 secs] [Times: user=0.01 sys=0.00, real=0.00 secs] 
28.821: [GC28.821: [DefNew: 447K->63K(448K), 0.0012880 secs] 347057K->346914K(1048512K), 0.0013710 secs] [Times: user=0.00 sys=0.00, real=0.00 secs] 
28.832: [GC28.832: [DefNew: 447K->63K(448K), 0.0009100 secs] 347298K->347033K(1048512K), 0.0009450 secs] [Times: user=0.00 sys=0.00, real=0.00 secs] 
28.843: [GC28.843: [DefNew: 447K->63K(448K), 0.0006690 secs] 347417K->347111K(1048512K), 0.0007020 secs] [Times: user=0.00 sys=0.00, real=0.00 secs] 
28.852: [GC28.852: [DefNew: 447K->63K(448K), 0.0006650 secs] 347495K->347194K(1048512K), 0.0007150 secs] [Times: user=0.00 sys=0.00, real=0.00 secs] 
28.863: [GC28.863: [DefNew: 447K->63K(448K), 0.0006030 secs] 347578K->347268K(1048512K), 0.0006360 secs] [Times: user=0.00 sys=0.00, real=0.00 secs] 
28.873: [GC28.873: [DefNew: 447K->63K(448K), 0.0005670 secs] 347652K->347347K(1048512K), 0.0006080 secs] [Times: user=0.00 sys=0.00, real=0.00 secs] 
28.884: [GC28.884: [DefNew: 447K->64K(448K), 0.0010050 secs] 347731K->347432K(1048512K), 0.0010540 secs] [Times: user=0.00 sys=0.00, real=0.00 secs] 
28.894: [GC28.894: [DefNew: 447K->64K(448K), 0.0008380 secs] 347816K->347553K(1048512K), 0.0008870 secs] [Times: user=0.00 sys=0.00, real=0.00 secs] 
28.905: [GC28.905: [DefNew: 448K->63K(448K), 0.0010760 secs] 347937K->347645K(1048512K), 0.0011250 secs] [Times: user=0.00 sys=0.00, real=0.00 secs] 
28.915: [GC28.915: [DefNew: 447K->63K(448K), 0.0007190 secs] 348029K->347769K(1048512K), 0.0007770 secs] [Times: user=0.00 sys=0.00, real=0.00 secs] 
28.925: [GC28.925: [DefNew: 447K->63K(448K), 0.0006850 secs] 348153K->347851K(1048512K), 0.0007160 secs] [Times: user=0.00 sys=0.00, real=0.00 secs] 
28.936: [GC28.936: [DefNew: 447K->63K(448K), 0.0006160 secs] 348235K->347931K(1048512K), 0.0006510 secs] [Times: user=0.00 sys=0.00, real=0.01 secs] 
28.947: [GC28.947: [DefNew: 447K->63K(448K), 0.0006050 secs] 348315K->348007K(1048512K), 0.0006400 secs] [Times: user=0.00 sys=0.00, real=0.00 secs] 
28.957: [GC28.957: [DefNew: 447K->63K(448K), 0.0006330 secs] 348391K->348092K(1048512K), 0.0006750 secs] [Times: user=0.00 sys=0.00, real=0.00 secs] 
28.966: [GC28.966: [DefNew: 447K->64K(448K), 0.0006100 secs] 348476K->348169K(1048512K), 0.0006510 secs] [Times: user=0.00 sys=0.00, real=0.01 secs] 
28.976: [GC28.977: [DefNew: 448K->64K(448K), 0.0009800 secs] 348553K->348248K(1048512K), 0.0010270 secs] [Times: user=0.01 sys=0.00, real=0.00 secs] 
28.987: [GC28.987: [DefNew: 448K->63K(448K), 0.0010810 secs] 348632K->348391K(1048512K), 0.0011520 secs] [Times: user=0.00 sys=0.00, real=0.00 secs] 
28.998: [GC28.998: [DefNew: 447K->63K(448K), 0.0007150 secs] 348775K->348483K(1048512K), 0.0007500 secs] [Times: user=0.00 sys=0.00, real=0.00 secs] 
29.008: [GC29.008: [DefNew: 447K->64K(448K), 0.0006030 secs] 348867K->348567K(1048512K), 0.0006370 secs] [Times: user=0.00 sys=0.00, real=0.00 secs] 
29.019: [GC29.019: [DefNew: 448K->63K(448K), 0.0027040 secs] 348951K->348698K(1048512K), 0.0028760 secs] [Times: user=0.00 sys=0.00, real=0.00 secs] 
29.032: [GC29.032: [DefNew: 447K->63K(448K), 0.0009970 secs] 349082K->348851K(1048512K), 0.0010520 secs] [Times: user=0.00 sys=0.00, real=0.00 secs] 
29.042: [GC29.042: [DefNew: 447K->64K(448K), 0.0012310 secs] 349235K->349015K(1048512K), 0.0012980 secs] [Times: user=0.01 sys=0.00, real=0.00 secs] 
29.051: [GC29.051: [DefNew: 448K->64K(448K), 0.0012290 secs] 349399K->349153K(1048512K), 0.0012920 secs] [Times: user=0.00 sys=0.00, real=0.00 secs] 
29.063: [GC29.063: [DefNew: 448K->64K(448K), 0.0016600 secs] 349537K->349313K(1048512K), 0.0019180 secs] [Times: user=0.00 sys=0.00, real=0.00 secs] 
29.075: [GC29.076: [DefNew: 448K->63K(448K), 0.0045030 secs] 349697K->349572K(1048512K), 0.0047140 secs] [Times: user=0.00 sys=0.00, real=0.01 secs] 
29.090: [GC29.090: [DefNew: 447K->63K(448K), 0.0017420 secs] 349956K->349802K(1048512K), 0.0018660 secs] [Times: user=0.00 sys=0.00, real=0.00 secs] 
29.102: [GC29.102: [DefNew: 447K->63K(448K), 0.0014900 secs] 350186K->349941K(1048512K), 0.0015550 secs] [Times: user=0.00 sys=0.00, real=0.00 secs] 
29.113: [GC29.113: [DefNew: 447K->63K(448K), 0.0011410 secs] 350325K->350039K(1048512K), 0.0011940 secs] [Times: user=0.00 sys=0.00, real=0.00 secs] 
29.122: [GC29.123: [DefNew: 447K->63K(448K), 0.0011920 secs] 350423K->350169K(1048512K), 0.0012450 secs] [Times: user=0.00 sys=0.00, real=0.00 secs] 
29.134: [GC29.134: [DefNew: 447K->63K(448K), 0.0015050 secs] 350553K->350320K(1048512K), 0.0015700 secs] [Times: user=0.00 sys=0.00, real=0.00 secs] 
29.145: [GC29.145: [DefNew: 447K->63K(448K), 0.0013610 secs] 350704K->350444K(1048512K), 0.0014110 secs] [Times: user=0.01 sys=0.00, real=0.01 secs] 
29.157: [GC29.157: [DefNew: 447K->63K(448K), 0.0013120 secs] 350828K->350574K(1048512K), 0.0013700 secs] [Times: user=0.00 sys=0.00, real=0.00 secs] 
29.168: [GC29.168: [DefNew: 447K->64K(448K), 0.0012490 secs] 350958K->350689K(1048512K), 0.0013040 secs] [Times: user=0.00 sys=0.00, real=0.00 secs] 
29.179: [GC29.179: [DefNew: 447K->63K(448K), 0.0013150 secs] 351073K->350830K(1048512K), 0.0013820 secs] [Times: user=0.00 sys=0.00, real=0.00 secs] 
29.190: [GC29.190: [DefNew: 447K->64K(448K), 0.0013480 secs] 351214K->350958K(1048512K), 0.0014160 secs] [Times: user=0.00 sys=0.00, real=0.00 secs] 
29.201: [GC29.201: [DefNew: 448K->63K(448K), 0.0014620 secs] 351342K->351093K(1048512K), 0.0015230 secs] [Times: user=0.00 sys=0.00, real=0.00 secs] 
29.212: [GC29.212: [DefNew: 447K->63K(448K), 0.0013250 secs] 351477K->351210K(1048512K), 0.0013770 secs] [Times: user=0.00 sys=0.00, real=0.00 secs] 
29.223: [GC29.223: [DefNew: 447K->63K(448K), 0.0019900 secs] 351594K->351356K(1048512K), 0.0021000 secs] [Times: user=0.00 sys=0.00, real=0.00 secs] 
29.234: [GC29.234: [DefNew: 447K->63K(448K), 0.0014590 secs] 351740K->351561K(1048512K), 0.0015220 secs] [Times: user=0.00 sys=0.00, real=0.00 secs] 
29.245: [GC29.245: [DefNew: 447K->63K(448K), 0.0011470 secs] 351945K->351751K(1048512K), 0.0011930 secs] [Times: user=0.00 sys=0.00, real=0.01 secs] 
29.256: [GC29.256: [DefNew: 447K->63K(448K), 0.0007610 secs] 352135K->351825K(1048512K), 0.0007920 secs] [Times: user=0.00 sys=0.00, real=0.01 secs] 
29.265: [GC29.265: [DefNew: 447K->63K(448K), 0.0006560 secs] 352209K->351922K(1048512K), 0.0006880 secs] [Times: user=0.01 sys=0.00, real=0.00 secs] 
29.275: [GC29.275: [DefNew: 447K->63K(448K), 0.0006640 secs] 352306K->351998K(1048512K), 0.0006970 secs] [Times: user=0.00 sys=0.00, real=0.00 secs] 
29.286: [GC29.286: [DefNew: 447K->64K(448K), 0.0010890 secs] 352382K->352108K(1048512K), 0.0011530 secs] [Times: user=0.00 sys=0.00, real=0.01 secs] 
29.298: [GC29.298: [DefNew: 448K->63K(448K), 0.0012970 secs] 352492K->352240K(1048512K), 0.0013460 secs] [Times: user=0.00 sys=0.00, real=0.00 secs] 
29.309: [GC29.309: [DefNew: 447K->64K(448K), 0.0014640 secs] 352624K->352361K(1048512K), 0.0015300 secs] [Times: user=0.00 sys=0.00, real=0.00 secs] 
29.321: [GC29.321: [DefNew: 447K->63K(448K), 0.0012930 secs] 352745K->352493K(1048512K), 0.0013680 secs] [Times: user=0.00 sys=0.00, real=0.00 secs] 
29.331: [GC29.331: [DefNew: 447K->63K(448K), 0.0011560 secs] 352877K->352604K(1048512K), 0.0012060 secs] [Times: user=0.00 sys=0.00, real=0.00 secs] 
29.343: [GC29.343: [DefNew: 447K->63K(448K), 0.0013260 secs] 352988K->352738K(1048512K), 0.0013770 secs] [Times: user=0.00 sys=0.00, real=0.00 secs] 
29.354: [GC29.354: [DefNew: 447K->64K(448K), 0.0012740 secs] 353122K->352859K(1048512K), 0.0013270 secs] [Times: user=0.00 sys=0.00, real=0.00 secs] 
29.364: [GC29.364: [DefNew: 447K->64K(448K), 0.0012220 secs] 353243K->352994K(1048512K), 0.0012700 secs] [Times: user=0.00 sys=0.00, real=0.00 secs] 
29.375: [GC29.375: [DefNew: 448K->63K(448K), 0.0012770 secs] 353378K->353107K(1048512K), 0.0013360 secs] [Times: user=0.00 sys=0.00, real=0.01 secs] 
29.387: [GC29.387: [DefNew: 447K->64K(448K), 0.0013300 secs] 353491K->353246K(1048512K), 0.0013840 secs] [Times: user=0.00 sys=0.00, real=0.00 secs] 
29.398: [GC29.398: [DefNew: 448K->63K(448K), 0.0013050 secs] 353630K->353366K(1048512K), 0.0013530 secs] [Times: user=0.01 sys=0.00, real=0.00 secs] 
29.410: [GC29.410: [DefNew: 447K->63K(448K), 0.0013670 secs] 353749K->353515K(1048512K), 0.0014310 secs] [Times: user=0.00 sys=0.00, real=0.00 secs] 
29.421: [GC29.421: [DefNew: 447K->63K(448K), 0.0013240 secs] 353899K->353632K(1048512K), 0.0013860 secs] [Times: user=0.00 sys=0.00, real=0.00 secs] 
29.432: [GC29.432: [DefNew: 447K->64K(448K), 0.0017080 secs] 354016K->353759K(1048512K), 0.0018640 secs] [Times: user=0.00 sys=0.00, real=0.00 secs] 
29.443: [GC29.443: [DefNew: 448K->63K(448K), 0.0017270 secs] 354143K->353989K(1048512K), 0.0017980 secs] [Times: user=0.00 sys=0.00, real=0.00 secs] 
29.455: [GC29.455: [DefNew: 447K->64K(448K), 0.0014490 secs] 354373K->354113K(1048512K), 0.0015350 secs] [Times: user=0.01 sys=0.00, real=0.00 secs] 
29.466: [GC29.466: [DefNew: 448K->63K(448K), 0.0007220 secs] 354497K->354212K(1048512K), 0.0007530 secs] [Times: user=0.00 sys=0.00, real=0.01 secs] 
29.476: [GC29.476: [DefNew: 447K->64K(448K), 0.0011940 secs] 354596K->354302K(1048512K), 0.0012560 secs] [Times: user=0.00 sys=0.00, real=0.00 secs] 
29.487: [GC29.487: [DefNew: 448K->63K(448K), 0.0012390 secs] 354686K->354438K(1048512K), 0.0012880 secs] [Times: user=0.00 sys=0.00, real=0.00 secs] 
29.499: [GC29.499: [DefNew: 447K->64K(448K), 0.0013000 secs] 354822K->354562K(1048512K), 0.0013650 secs] [Times: user=0.00 sys=0.00, real=0.00 secs] 
29.510: [GC29.510: [DefNew: 448K->64K(448K), 0.0013290 secs] 354946K->354699K(1048512K), 0.0013860 secs] [Times: user=0.00 sys=0.00, real=0.00 secs] 
29.522: [GC29.522: [DefNew: 448K->63K(448K), 0.0012190 secs] 355083K->354826K(1048512K), 0.0012810 secs] [Times: user=0.01 sys=0.00, real=0.00 secs] 
29.532: [GC29.532: [DefNew: 447K->63K(448K), 0.0014330 secs] 355210K->354961K(1048512K), 0.0014970 secs] [Times: user=0.00 sys=0.00, real=0.00 secs] 
29.544: [GC29.544: [DefNew: 447K->63K(448K), 0.0013200 secs] 355345K->355085K(1048512K), 0.0013680 secs] [Times: user=0.00 sys=0.00, real=0.00 secs] 
29.555: [GC29.555: [DefNew: 447K->64K(448K), 0.0012800 secs] 355469K->355223K(1048512K), 0.0013310 secs] [Times: user=0.00 sys=0.00, real=0.01 secs] 
29.566: [GC29.566: [DefNew: 448K->63K(448K), 0.0013440 secs] 355607K->355344K(1048512K), 0.0014060 secs] [Times: user=0.00 sys=0.00, real=0.00 secs] 
29.578: [GC29.578: [DefNew: 447K->63K(448K), 0.0012890 secs] 355728K->355468K(1048512K), 0.0013510 secs] [Times: user=0.00 sys=0.00, real=0.00 secs] 
29.590: [GC29.590: [DefNew: 447K->63K(448K), 0.0012200 secs] 355852K->355586K(1048512K), 0.0012840 secs] [Times: user=0.00 sys=0.00, real=0.00 secs] 
29.602: [GC29.602: [DefNew: 447K->63K(448K), 0.0012810 secs] 355970K->355715K(1048512K), 0.0013490 secs] [Times: user=0.00 sys=0.00, real=0.00 secs] 
29.612: [GC29.612: [DefNew: 447K->64K(448K), 0.0012450 secs] 356099K->355829K(1048512K), 0.0013120 secs] [Times: user=0.00 sys=0.00, real=0.00 secs] 
29.623: [GC29.624: [DefNew: 448K->63K(448K), 0.0014130 secs] 356213K->355970K(1048512K), 0.0014710 secs] [Times: user=0.00 sys=0.00, real=0.00 secs] 
29.635: [GC29.635: [DefNew: 447K->63K(448K), 0.0016470 secs] 356354K->356087K(1048512K), 0.0017050 secs] [Times: user=0.00 sys=0.00, real=0.01 secs] 
29.647: [GC29.647: [DefNew: 447K->64K(448K), 0.0017680 secs] 356471K->356302K(1048512K), 0.0018580 secs] [Times: user=0.01 sys=0.00, real=0.00 secs] 
29.658: [GC29.658: [DefNew: 448K->63K(448K), 0.0012380 secs] 356686K->356416K(1048512K), 0.0013080 secs] [Times: user=0.00 sys=0.00, real=0.00 secs] 
29.670: [GC29.670: [DefNew: 447K->63K(448K), 0.0012680 secs] 356800K->356532K(1048512K), 0.0013300 secs] [Times: user=0.00 sys=0.01, real=0.00 secs] 
29.681: [GC29.681: [DefNew: 447K->64K(448K), 0.0024080 secs] 356916K->356731K(1048512K), 0.0025190 secs] [Times: user=0.00 sys=0.00, real=0.00 secs] 
29.691: [GC29.691: [DefNew: 448K->63K(448K), 0.0014190 secs] 357115K->356856K(1048512K), 0.0014850 secs] [Times: user=0.00 sys=0.00, real=0.00 secs] 
29.703: [GC29.703: [DefNew: 447K->63K(448K), 0.0007870 secs] 357240K->356945K(1048512K), 0.0008320 secs] [Times: user=0.01 sys=0.00, real=0.00 secs] 
29.714: [GC29.714: [DefNew: 447K->63K(448K), 0.0007230 secs] 357329K->357024K(1048512K), 0.0007670 secs] [Times: user=0.00 sys=0.00, real=0.00 secs] 
29.724: [GC29.724: [DefNew: 447K->63K(448K), 0.0006270 secs] 357408K->357115K(1048512K), 0.0006580 secs] [Times: user=0.00 sys=0.00, real=0.00 secs] 
29.735: [GC29.735: [DefNew: 447K->64K(448K), 0.0009560 secs] 357499K->357198K(1048512K), 0.0010050 secs] [Times: user=0.00 sys=0.00, real=0.00 secs] 
29.747: [GC29.747: [DefNew: 448K->64K(448K), 0.0012880 secs] 357582K->357342K(1048512K), 0.0013380 secs] [Times: user=0.00 sys=0.00, real=0.00 secs] 
29.758: [GC29.758: [DefNew: 448K->63K(448K), 0.0012690 secs] 357726K->357473K(1048512K), 0.0013210 secs] [Times: user=0.00 sys=0.00, real=0.00 secs] 
29.770: [GC29.770: [DefNew: 447K->64K(448K), 0.0013530 secs] 357857K->357609K(1048512K), 0.0014040 secs] [Times: user=0.00 sys=0.00, real=0.00 secs] 
29.780: [GC29.780: [DefNew: 448K->63K(448K), 0.0012470 secs] 357993K->357730K(1048512K), 0.0013000 secs] [Times: user=0.00 sys=0.00, real=0.00 secs] 
29.792: [GC29.792: [DefNew: 447K->64K(448K), 0.0012760 secs] 358114K->357871K(1048512K), 0.0013280 secs] [Times: user=0.00 sys=0.00, real=0.00 secs] 
29.804: [GC29.804: [DefNew: 448K->64K(448K), 0.0013670 secs] 358255K->357994K(1048512K), 0.0014200 secs] [Times: user=0.00 sys=0.00, real=0.00 secs] 
29.815: [GC29.815: [DefNew: 448K->63K(448K), 0.0013690 secs] 358378K->358138K(1048512K), 0.0014300 secs] [Times: user=0.00 sys=0.00, real=0.01 secs] 
29.827: [GC29.827: [DefNew: 447K->63K(448K), 0.0013300 secs] 358522K->358261K(1048512K), 0.0013800 secs] [Times: user=0.00 sys=0.00, real=0.00 secs] 
29.839: [GC29.839: [DefNew: 447K->63K(448K), 0.0013520 secs] 358645K->358399K(1048512K), 0.0014050 secs] [Times: user=0.01 sys=0.00, real=0.00 secs] 
29.851: [GC29.851: [DefNew: 447K->63K(448K), 0.0012450 secs] 358783K->358516K(1048512K), 0.0013060 secs] [Times: user=0.00 sys=0.00, real=0.00 secs] 
29.862: [GC29.862: [DefNew: 447K->64K(448K), 0.0013270 secs] 358900K->358652K(1048512K), 0.0013880 secs] [Times: user=0.00 sys=0.00, real=0.00 secs] 
29.873: [GC29.873: [DefNew: 448K->63K(448K), 0.0012420 secs] 359036K->358775K(1048512K), 0.0012950 secs] [Times: user=0.00 sys=0.00, real=0.00 secs] 
29.885: [GC29.885: [DefNew: 447K->64K(448K), 0.0012050 secs] 359159K->358912K(1048512K), 0.0012540 secs] [Times: user=0.00 sys=0.00, real=0.00 secs] 
29.896: [GC29.896: [DefNew: 448K->64K(448K), 0.0012300 secs] 359296K->359031K(1048512K), 0.0012810 secs] [Times: user=0.00 sys=0.00, real=0.01 secs] 
29.908: [GC29.908: [DefNew: 448K->64K(448K), 0.0012980 secs] 359415K->359172K(1048512K), 0.0013490 secs] [Times: user=0.01 sys=0.00, real=0.00 secs] 
29.919: [GC29.919: [DefNew: 448K->63K(448K), 0.0013120 secs] 359556K->359297K(1048512K), 0.0013620 secs] [Times: user=0.00 sys=0.00, real=0.00 secs] 
29.931: [GC29.931: [DefNew: 447K->63K(448K), 0.0012620 secs] 359681K->359446K(1048512K), 0.0013140 secs] [Times: user=0.00 sys=0.00, real=0.00 secs] 
29.942: [GC29.942: [DefNew: 447K->63K(448K), 0.0017390 secs] 359830K->359572K(1048512K), 0.0019170 secs] [Times: user=0.00 sys=0.00, real=0.00 secs] 
29.953: [GC29.953: [DefNew: 447K->63K(448K), 0.0019110 secs] 359956K->359766K(1048512K), 0.0020140 secs] [Times: user=0.00 sys=0.00, real=0.00 secs] 
29.965: [GC29.965: [DefNew: 447K->63K(448K), 0.0009150 secs] 360150K->359892K(1048512K), 0.0009480 secs] [Times: user=0.01 sys=0.00, real=0.00 secs] 
29.976: [GC29.976: [DefNew: 447K->64K(448K), 0.0007160 secs] 360276K->359967K(1048512K), 0.0007490 secs] [Times: user=0.00 sys=0.00, real=0.01 secs] 
29.987: [GC29.987: [DefNew: 448K->63K(448K), 0.0006130 secs] 360351K->360065K(1048512K), 0.0006460 secs] [Times: user=0.00 sys=0.00, real=0.00 secs] 
29.997: [GC29.997: [DefNew: 447K->64K(448K), 0.0009680 secs] 360449K->360146K(1048512K), 0.0010270 secs] [Times: user=0.00 sys=0.00, real=0.00 secs] 
30.009: [GC30.009: [DefNew: 448K->63K(448K), 0.0011620 secs] 360530K->360281K(1048512K), 0.0012160 secs] [Times: user=0.00 sys=0.00, real=0.00 secs] 
30.020: [GC30.021: [DefNew: 447K->63K(448K), 0.0014050 secs] 360665K->360413K(1048512K), 0.0014750 secs] [Times: user=0.00 sys=0.00, real=0.00 secs] 
30.032: [GC30.032: [DefNew: 447K->63K(448K), 0.0018880 secs] 360797K->360552K(1048512K), 0.0019760 secs] [Times: user=0.01 sys=0.00, real=0.00 secs] 
30.043: [GC30.043: [DefNew: 447K->63K(448K), 0.0016100 secs] 360936K->360641K(1048512K), 0.0016950 secs] [Times: user=0.00 sys=0.00, real=0.00 secs] 
30.054: [GC30.054: [DefNew: 447K->63K(448K), 0.0011820 secs] 361025K->360775K(1048512K), 0.0012760 secs] [Times: user=0.00 sys=0.00, real=0.00 secs] 
30.065: [GC30.065: [DefNew: 447K->64K(448K), 0.0024900 secs] 361159K->361007K(1048512K), 0.0026510 secs] [Times: user=0.00 sys=0.00, real=0.01 secs] 
30.078: [GC30.078: [DefNew: 448K->63K(448K), 0.0022620 secs] 361391K->361250K(1048512K), 0.0023750 secs] [Times: user=0.01 sys=0.00, real=0.00 secs] 
30.092: [GC30.092: [DefNew: 447K->64K(448K), 0.0022250 secs] 361634K->361467K(1048512K), 0.0023580 secs] [Times: user=0.00 sys=0.00, real=0.00 secs] 
30.102: [GC30.102: [DefNew: 447K->63K(448K), 0.0013280 secs] 361851K->361586K(1048512K), 0.0013950 secs] [Times: user=0.00 sys=0.00, real=0.00 secs] 
30.113: [GC30.113: [DefNew: 447K->63K(448K), 0.0007560 secs] 361970K->361707K(1048512K), 0.0007960 secs] [Times: user=0.00 sys=0.00, real=0.00 secs] 
30.123: [GC30.123: [DefNew: 447K->63K(448K), 0.0006700 secs] 362091K->361793K(1048512K), 0.0007140 secs] [Times: user=0.00 sys=0.00, real=0.00 secs] 
30.133: [GC30.133: [DefNew: 447K->64K(448K), 0.0007560 secs] 362177K->361875K(1048512K), 0.0008190 secs] [Times: user=0.00 sys=0.00, real=0.00 secs] 
30.143: [GC30.143: [DefNew: 448K->64K(448K), 0.0006270 secs] 362259K->361970K(1048512K), 0.0006680 secs] [Times: user=0.00 sys=0.00, real=0.00 secs] 
30.154: [GC30.155: [DefNew: 448K->63K(448K), 0.0029560 secs] 362354K->362127K(1048512K), 0.0032430 secs] [Times: user=0.01 sys=0.00, real=0.01 secs] 
30.168: [GC30.168: [DefNew: 447K->63K(448K), 0.0010050 secs] 362511K->362285K(1048512K), 0.0010500 secs] [Times: user=0.00 sys=0.00, real=0.00 secs] 
30.177: [GC30.177: [DefNew: 447K->63K(448K), 0.0009080 secs] 362669K->362435K(1048512K), 0.0009450 secs] [Times: user=0.00 sys=0.00, real=0.00 secs] 
30.187: [GC30.187: [DefNew: 447K->63K(448K), 0.0007370 secs] 362819K->362521K(1048512K), 0.0007710 secs] [Times: user=0.00 sys=0.00, real=0.00 secs] 
30.197: [GC30.197: [DefNew: 447K->64K(448K), 0.0006240 secs] 362905K->362596K(1048512K), 0.0006610 secs] [Times: user=0.00 sys=0.00, real=0.00 secs] 
30.208: [GC30.208: [DefNew: 448K->63K(448K), 0.0006310 secs] 362980K->362683K(1048512K), 0.0006700 secs] [Times: user=0.00 sys=0.00, real=0.00 secs] 
30.219: [GC30.219: [DefNew: 447K->64K(448K), 0.0006190 secs] 363067K->362766K(1048512K), 0.0006490 secs] [Times: user=0.00 sys=0.00, real=0.00 secs] 
30.229: [GC30.229: [DefNew: 448K->63K(448K), 0.0006120 secs] 363150K->362848K(1048512K), 0.0006440 secs] [Times: user=0.01 sys=0.00, real=0.00 secs] 
30.239: [GC30.239: [DefNew: 447K->64K(448K), 0.0010440 secs] 363232K->362944K(1048512K), 0.0011190 secs] [Times: user=0.00 sys=0.00, real=0.00 secs] 
30.250: [GC30.250: [DefNew: 448K->63K(448K), 0.0006390 secs] 363328K->363038K(1048512K), 0.0006790 secs] [Times: user=0.00 sys=0.00, real=0.00 secs] 
30.260: [GC30.260: [DefNew: 447K->64K(448K), 0.0005780 secs] 363422K->363119K(1048512K), 0.0006140 secs] [Times: user=0.00 sys=0.00, real=0.00 secs] 
30.269: [GC30.269: [DefNew: 448K->63K(448K), 0.0005510 secs] 363503K->363198K(1048512K), 0.0005840 secs] [Times: user=0.00 sys=0.00, real=0.00 secs] 
30.279: [GC30.279: [DefNew: 447K->64K(448K), 0.0010640 secs] 363582K->363307K(1048512K), 0.0011130 secs] [Times: user=0.00 sys=0.00, real=0.00 secs] 
30.290: [GC30.290: [DefNew: 448K->63K(448K), 0.0012890 secs] 363691K->363424K(1048512K), 0.0013410 secs] [Times: user=0.00 sys=0.00, real=0.00 secs] 
30.301: [GC30.301: [DefNew: 447K->64K(448K), 0.0013130 secs] 363808K->363574K(1048512K), 0.0013660 secs] [Times: user=0.00 sys=0.00, real=0.00 secs] 
30.313: [GC30.313: [DefNew: 448K->63K(448K), 0.0013370 secs] 363958K->363691K(1048512K), 0.0013850 secs] [Times: user=0.01 sys=0.00, real=0.00 secs] 
30.324: [GC30.325: [DefNew: 447K->63K(448K), 0.0013710 secs] 364075K->363832K(1048512K), 0.0014210 secs] [Times: user=0.00 sys=0.00, real=0.00 secs] 
30.336: [GC30.336: [DefNew: 447K->63K(448K), 0.0012440 secs] 364216K->363945K(1048512K), 0.0012930 secs] [Times: user=0.00 sys=0.00, real=0.01 secs] 
30.348: [GC30.348: [DefNew: 447K->64K(448K), 0.0012150 secs] 364329K->364084K(1048512K), 0.0012640 secs] [Times: user=0.00 sys=0.00, real=0.00 secs] 
30.359: [GC30.359: [DefNew: 447K->63K(448K), 0.0016630 secs] 364468K->364231K(1048512K), 0.0018500 secs] [Times: user=0.00 sys=0.00, real=0.00 secs] 
30.370: [GC30.370: [DefNew: 447K->63K(448K), 0.0010950 secs] 364615K->364454K(1048512K), 0.0011360 secs] [Times: user=0.00 sys=0.00, real=0.00 secs] 
30.381: [GC30.381: [DefNew: 447K->63K(448K), 0.0012850 secs] 364838K->364577K(1048512K), 0.0013450 secs] [Times: user=0.00 sys=0.00, real=0.00 secs] 
30.392: [GC30.392: [DefNew: 447K->63K(448K), 0.0006890 secs] 364961K->364649K(1048512K), 0.0007220 secs] [Times: user=0.00 sys=0.00, real=0.00 secs] 
30.402: [GC30.402: [DefNew: 447K->63K(448K), 0.0006610 secs] 365033K->364742K(1048512K), 0.0006930 secs] [Times: user=0.00 sys=0.00, real=0.00 secs] 
30.413: [GC30.413: [DefNew: 447K->63K(448K), 0.0006540 secs] 365126K->364825K(1048512K), 0.0006850 secs] [Times: user=0.00 sys=0.00, real=0.00 secs] 
30.424: [GC30.424: [DefNew: 447K->64K(448K), 0.0006370 secs] 365208K->364909K(1048512K), 0.0006710 secs] [Times: user=0.00 sys=0.00, real=0.00 secs] 
30.435: [GC30.435: [DefNew: 448K->64K(448K), 0.0011410 secs] 365293K->364996K(1048512K), 0.0011960 secs] [Times: user=0.00 sys=0.00, real=0.00 secs] 
30.446: [GC30.446: [DefNew: 448K->64K(448K), 0.0012440 secs] 365380K->365129K(1048512K), 0.0012950 secs] [Times: user=0.00 sys=0.00, real=0.01 secs] 
30.458: [GC30.458: [DefNew: 448K->63K(448K), 0.0014410 secs] 365513K->365249K(1048512K), 0.0015030 secs] [Times: user=0.00 sys=0.00, real=0.00 secs] 
30.468: [GC30.468: [DefNew: 447K->63K(448K), 0.0013030 secs] 365633K->365381K(1048512K), 0.0013610 secs] [Times: user=0.00 sys=0.00, real=0.00 secs] 
30.480: [GC30.480: [DefNew: 447K->63K(448K), 0.0012730 secs] 365765K->365500K(1048512K), 0.0013290 secs] [Times: user=0.00 sys=0.00, real=0.00 secs] 
30.492: [GC30.492: [DefNew: 447K->63K(448K), 0.0012140 secs] 365884K->365629K(1048512K), 0.0012650 secs] [Times: user=0.00 sys=0.00, real=0.00 secs] 
30.503: [GC30.503: [DefNew: 447K->63K(448K), 0.0012090 secs] 366013K->365745K(1048512K), 0.0012600 secs] [Times: user=0.00 sys=0.00, real=0.00 secs] 
30.515: [GC30.515: [DefNew: 447K->64K(448K), 0.0012610 secs] 366129K->365887K(1048512K), 0.0013100 secs] [Times: user=0.01 sys=0.00, real=0.00 secs] 
30.526: [GC30.526: [DefNew: 448K->63K(448K), 0.0013810 secs] 366271K->366013K(1048512K), 0.0014310 secs] [Times: user=0.00 sys=0.00, real=0.00 secs] 
30.538: [GC30.538: [DefNew: 447K->63K(448K), 0.0012210 secs] 366397K->366139K(1048512K), 0.0012710 secs] [Times: user=0.00 sys=0.00, real=0.00 secs] 
30.550: [GC30.550: [DefNew: 447K->64K(448K), 0.0011640 secs] 366523K->366246K(1048512K), 0.0012170 secs] [Times: user=0.00 sys=0.00, real=0.00 secs] 
30.560: [GC30.560: [DefNew: 447K->63K(448K), 0.0012150 secs] 366630K->366383K(1048512K), 0.0012680 secs] [Times: user=0.00 sys=0.00, real=0.00 secs] 
30.572: [GC30.572: [DefNew: 447K->63K(448K), 0.0012270 secs] 366767K->366499K(1048512K), 0.0012810 secs] [Times: user=0.00 sys=0.00, real=0.00 secs] 
30.584: [GC30.584: [DefNew: 447K->63K(448K), 0.0014100 secs] 366883K->366633K(1048512K), 0.0014670 secs] [Times: user=0.01 sys=0.00, real=0.00 secs] 
30.596: [GC30.596: [DefNew: 447K->63K(448K), 0.0012980 secs] 367017K->366758K(1048512K), 0.0013820 secs] [Times: user=0.00 sys=0.00, real=0.01 secs] 
30.608: [GC30.608: [DefNew: 447K->64K(448K), 0.0013300 secs] 367142K->366889K(1048512K), 0.0013790 secs] [Times: user=0.00 sys=0.00, real=0.00 secs] 
30.619: [GC30.619: [DefNew: 448K->63K(448K), 0.0012900 secs] 367273K->367008K(1048512K), 0.0013380 secs] [Times: user=0.00 sys=0.00, real=0.00 secs] 
30.631: [GC30.631: [DefNew: 447K->63K(448K), 0.0012400 secs] 367392K->367144K(1048512K), 0.0012920 secs] [Times: user=0.00 sys=0.00, real=0.00 secs] 
30.641: [GC30.641: [DefNew: 447K->64K(448K), 0.0012260 secs] 367528K->367258K(1048512K), 0.0012790 secs] [Times: user=0.01 sys=0.00, real=0.00 secs] 
30.652: [GC30.652: [DefNew: 448K->63K(448K), 0.0012360 secs] 367642K->367390K(1048512K), 0.0012880 secs] [Times: user=0.00 sys=0.00, real=0.00 secs] 
30.664: [GC30.664: [DefNew: 447K->64K(448K), 0.0013110 secs] 367774K->367501K(1048512K), 0.0013650 secs] [Times: user=0.00 sys=0.00, real=0.00 secs] 
30.675: [GC30.675: [DefNew: 448K->63K(448K), 0.0018190 secs] 367885K->367699K(1048512K), 0.0019260 secs] [Times: user=0.00 sys=0.00, real=0.01 secs] 
30.687: [GC30.687: [DefNew: 447K->64K(448K), 0.0009860 secs] 368082K->367819K(1048512K), 0.0010220 secs] [Times: user=0.00 sys=0.00, real=0.00 secs] 
30.697: [GC30.697: [DefNew: 448K->63K(448K), 0.0006350 secs] 368203K->367900K(1048512K), 0.0006720 secs] [Times: user=0.00 sys=0.00, real=0.00 secs] 
30.708: [GC30.708: [DefNew: 447K->63K(448K), 0.0006150 secs] 368284K->367977K(1048512K), 0.0006520 secs] [Times: user=0.00 sys=0.00, real=0.00 secs] 
30.719: [GC30.719: [DefNew: 447K->63K(448K), 0.0010580 secs] 368361K->368092K(1048512K), 0.0011110 secs] [Times: user=0.00 sys=0.00, real=0.00 secs] 
30.729: [GC30.729: [DefNew: 447K->63K(448K), 0.0012160 secs] 368476K->368203K(1048512K), 0.0012680 secs] [Times: user=0.00 sys=0.00, real=0.00 secs] 
30.740: [GC30.740: [DefNew: 447K->63K(448K), 0.0012740 secs] 368587K->368351K(1048512K), 0.0013270 secs] [Times: user=0.00 sys=0.00, real=0.00 secs] 
30.752: [GC30.752: [DefNew: 447K->64K(448K), 0.0013880 secs] 368735K->368477K(1048512K), 0.0014570 secs] [Times: user=0.00 sys=0.00, real=0.00 secs] 
30.764: [GC30.764: [DefNew: 448K->63K(448K), 0.0013620 secs] 368861K->368616K(1048512K), 0.0014110 secs] [Times: user=0.00 sys=0.00, real=0.00 secs] 
30.776: [GC30.776: [DefNew: 447K->63K(448K), 0.0014310 secs] 369000K->368758K(1048512K), 0.0014830 secs] [Times: user=0.01 sys=0.00, real=0.01 secs] 
30.788: [GC30.788: [DefNew: 447K->63K(448K), 0.0015650 secs] 369142K->368904K(1048512K), 0.0016240 secs] [Times: user=0.00 sys=0.00, real=0.00 secs] 
30.800: [GC30.800: [DefNew: 447K->64K(448K), 0.0013800 secs] 369288K->369032K(1048512K), 0.0014300 secs] [Times: user=0.00 sys=0.01, real=0.00 secs] 
30.810: [GC30.810: [DefNew: 448K->63K(448K), 0.0012940 secs] 369416K->369174K(1048512K), 0.0013480 secs] [Times: user=0.00 sys=0.00, real=0.00 secs] 
30.822: [GC30.822: [DefNew: 447K->63K(448K), 0.0012810 secs] 369558K->369297K(1048512K), 0.0013310 secs] [Times: user=0.00 sys=0.00, real=0.00 secs] 
30.834: [GC30.834: [DefNew: 447K->63K(448K), 0.0013340 secs] 369681K->369434K(1048512K), 0.0013830 secs] [Times: user=0.00 sys=0.00, real=0.00 secs] 
30.846: [GC30.846: [DefNew: 447K->63K(448K), 0.0012520 secs] 369818K->369556K(1048512K), 0.0013020 secs] [Times: user=0.00 sys=0.00, real=0.01 secs] 
30.857: [GC30.857: [DefNew: 447K->63K(448K), 0.0012030 secs] 369940K->369682K(1048512K), 0.0012530 secs] [Times: user=0.00 sys=0.00, real=0.00 secs] 
30.869: [GC30.869: [DefNew: 447K->63K(448K), 0.0012420 secs] 370066K->369806K(1048512K), 0.0012920 secs] [Times: user=0.00 sys=0.00, real=0.00 secs] 
30.880: [GC30.880: [DefNew: 447K->64K(448K), 0.0020490 secs] 370190K->369963K(1048512K), 0.0022380 secs] [Times: user=0.00 sys=0.00, real=0.00 secs] 
30.891: [GC30.891: [DefNew: 448K->64K(448K), 0.0009100 secs] 370347K->370060K(1048512K), 0.0009950 secs] [Times: user=0.00 sys=0.00, real=0.00 secs] 
30.902: [GC30.902: [DefNew: 448K->64K(448K), 0.0007080 secs] 370444K->370169K(1048512K), 0.0007450 secs] [Times: user=0.00 sys=0.00, real=0.00 secs] 
30.913: [GC30.913: [DefNew: 448K->63K(448K), 0.0011620 secs] 370553K->370268K(1048512K), 0.0012100 secs] [Times: user=0.00 sys=0.00, real=0.00 secs] 
30.924: [GC30.925: [DefNew: 447K->64K(448K), 0.0012030 secs] 370652K->370397K(1048512K), 0.0012530 secs] [Times: user=0.00 sys=0.00, real=0.00 secs] 
30.936: [GC30.936: [DefNew: 447K->64K(448K), 0.0013330 secs] 370781K->370544K(1048512K), 0.0013870 secs] [Times: user=0.00 sys=0.00, real=0.01 secs] 
30.948: [GC30.948: [DefNew: 448K->63K(448K), 0.0012440 secs] 370928K->370664K(1048512K), 0.0012960 secs] [Times: user=0.00 sys=0.00, real=0.00 secs] 
30.960: [GC30.960: [DefNew: 447K->64K(448K), 0.0014380 secs] 371048K->370820K(1048512K), 0.0014980 secs] [Times: user=0.00 sys=0.00, real=0.00 secs] 
30.972: [GC30.972: [DefNew: 448K->64K(448K), 0.0013690 secs] 371204K->370934K(1048512K), 0.0014200 secs] [Times: user=0.01 sys=0.00, real=0.00 secs] 
30.982: [GC30.982: [DefNew: 447K->63K(448K), 0.0014200 secs] 371317K->371074K(1048512K), 0.0014750 secs] [Times: user=0.00 sys=0.00, real=0.00 secs] 
30.994: [GC30.994: [DefNew: 447K->64K(448K), 0.0013870 secs] 371458K->371207K(1048512K), 0.0014380 secs] [Times: user=0.00 sys=0.00, real=0.00 secs] 
31.006: [GC31.006: [DefNew: 448K->63K(448K), 0.0014700 secs] 371591K->371356K(1048512K), 0.0015460 secs] [Times: user=0.00 sys=0.00, real=0.01 secs] 
31.018: [GC31.018: [DefNew: 447K->64K(448K), 0.0013240 secs] 371740K->371472K(1048512K), 0.0013750 secs] [Times: user=0.00 sys=0.00, real=0.00 secs] 
31.030: [GC31.030: [DefNew: 447K->64K(448K), 0.0012980 secs] 371856K->371603K(1048512K), 0.0013460 secs] [Times: user=0.01 sys=0.00, real=0.00 secs] 
31.041: [GC31.041: [DefNew: 448K->63K(448K), 0.0011280 secs] 371987K->371735K(1048512K), 0.0012070 secs] [Times: user=0.00 sys=0.00, real=0.00 secs] 
31.051: [GC31.051: [DefNew: 447K->63K(448K), 0.0011470 secs] 372119K->371910K(1048512K), 0.0012440 secs] [Times: user=0.00 sys=0.00, real=0.00 secs] 
31.060: [GC31.060: [DefNew: 447K->63K(448K), 0.0023140 secs] 372294K->372075K(1048512K), 0.0023820 secs] [Times: user=0.00 sys=0.00, real=0.00 secs] 
31.073: [GC31.073: [DefNew: 447K->63K(448K), 0.0037550 secs] 372459K->372302K(1048512K), 0.0039870 secs] [Times: user=0.00 sys=0.00, real=0.01 secs] 
31.086: [GC31.086: [DefNew: 447K->64K(448K), 0.0032570 secs] 372686K->372505K(1048512K), 0.0034810 secs] [Times: user=0.00 sys=0.00, real=0.01 secs] 
31.100: [GC31.100: [DefNew: 448K->64K(448K), 0.0022690 secs] 372889K->372688K(1048512K), 0.0023720 secs] [Times: user=0.00 sys=0.00, real=0.00 secs] 
31.112: [GC31.112: [DefNew: 448K->64K(448K), 0.0015770 secs] 373072K->372824K(1048512K), 0.0016290 secs] [Times: user=0.00 sys=0.00, real=0.00 secs] 
31.124: [GC31.124: [DefNew: 448K->63K(448K), 0.0012610 secs] 373208K->372937K(1048512K), 0.0013140 secs] [Times: user=0.01 sys=0.00, real=0.00 secs] 
31.134: [GC31.134: [DefNew: 447K->63K(448K), 0.0013070 secs] 373321K->373071K(1048512K), 0.0013560 secs] [Times: user=0.00 sys=0.00, real=0.00 secs] 
31.146: [GC31.146: [DefNew: 447K->63K(448K), 0.0013870 secs] 373455K->373209K(1048512K), 0.0014380 secs] [Times: user=0.00 sys=0.00, real=0.01 secs] 
31.158: [GC31.158: [DefNew: 447K->63K(448K), 0.0013200 secs] 373593K->373352K(1048512K), 0.0013710 secs] [Times: user=0.00 sys=0.00, real=0.00 secs] 
31.169: [GC31.169: [DefNew: 447K->63K(448K), 0.0012990 secs] 373736K->373481K(1048512K), 0.0013490 secs] [Times: user=0.00 sys=0.00, real=0.00 secs] 
31.181: [GC31.181: [DefNew: 447K->64K(448K), 0.0012730 secs] 373865K->373617K(1048512K), 0.0013220 secs] [Times: user=0.00 sys=0.00, real=0.00 secs] 
31.193: [GC31.193: [DefNew: 448K->63K(448K), 0.0011970 secs] 374001K->373729K(1048512K), 0.0012480 secs] [Times: user=0.00 sys=0.00, real=0.00 secs] 
31.205: [GC31.205: [DefNew: 447K->63K(448K), 0.0012110 secs] 374113K->373865K(1048512K), 0.0012580 secs] [Times: user=0.00 sys=0.00, real=0.00 secs] 
31.215: [GC31.215: [DefNew: 447K->63K(448K), 0.0014370 secs] 374249K->373993K(1048512K), 0.0015050 secs] [Times: user=0.00 sys=0.00, real=0.01 secs] 
31.227: [GC31.227: [DefNew: 447K->63K(448K), 0.0013420 secs] 374377K->374118K(1048512K), 0.0013920 secs] [Times: user=0.00 sys=0.00, real=0.00 secs] 
31.238: [GC31.238: [DefNew: 447K->64K(448K), 0.0015420 secs] 374502K->374264K(1048512K), 0.0016190 secs] [Times: user=0.00 sys=0.00, real=0.00 secs] 
31.249: [GC31.249: [DefNew: 447K->64K(448K), 0.0006980 secs] 374648K->374355K(1048512K), 0.0007380 secs] [Times: user=0.00 sys=0.00, real=0.00 secs] 
31.258: [GC31.258: [DefNew: 448K->63K(448K), 0.0005820 secs] 374739K->374423K(1048512K), 0.0006360 secs] [Times: user=0.00 sys=0.00, real=0.00 secs] 
31.268: [GC31.268: [DefNew: 447K->63K(448K), 0.0006360 secs] 374807K->374523K(1048512K), 0.0006770 secs] [Times: user=0.00 sys=0.00, real=0.00 secs] 
31.278: [GC31.278: [DefNew: 447K->63K(448K), 0.0006340 secs] 374906K->374607K(1048512K), 0.0006720 secs] [Times: user=0.00 sys=0.00, real=0.00 secs] 
31.288: [GC31.288: [DefNew: 447K->64K(448K), 0.0017410 secs] 374991K->374783K(1048512K), 0.0018550 secs] [Times: user=0.00 sys=0.00, real=0.00 secs] 
31.298: [GC31.298: [DefNew: 447K->63K(448K), 0.0015770 secs] 375166K->374925K(1048512K), 0.0016370 secs] [Times: user=0.00 sys=0.00, real=0.00 secs] 
31.310: [GC31.310: [DefNew: 447K->63K(448K), 0.0007740 secs] 375308K->375009K(1048512K), 0.0008180 secs] [Times: user=0.00 sys=0.00, real=0.00 secs] 
31.321: [GC31.321: [DefNew: 447K->63K(448K), 0.0006130 secs] 375393K->375089K(1048512K), 0.0006490 secs] [Times: user=0.00 sys=0.00, real=0.00 secs] 
31.332: [GC31.332: [DefNew: 447K->64K(448K), 0.0013760 secs] 375473K->375239K(1048512K), 0.0014310 secs] [Times: user=0.00 sys=0.00, real=0.00 secs] 
31.344: [GC31.344: [DefNew: 448K->63K(448K), 0.0014910 secs] 375623K->375376K(1048512K), 0.0015410 secs] [Times: user=0.00 sys=0.00, real=0.00 secs] 
31.356: [GC31.356: [DefNew: 447K->64K(448K), 0.0013460 secs] 375760K->375507K(1048512K), 0.0013970 secs] [Times: user=0.00 sys=0.00, real=0.01 secs] 
31.366: [GC31.366: [DefNew: 448K->63K(448K), 0.0013600 secs] 375891K->375644K(1048512K), 0.0014110 secs] [Times: user=0.00 sys=0.00, real=0.01 secs] 
31.378: [GC31.378: [DefNew: 447K->63K(448K), 0.0012530 secs] 376028K->375767K(1048512K), 0.0013040 secs] [Times: user=0.00 sys=0.00, real=0.00 secs] 
31.389: [GC31.389: [DefNew: 447K->63K(448K), 0.0013690 secs] 376151K->375925K(1048512K), 0.0014220 secs] [Times: user=0.01 sys=0.00, real=0.00 secs] 
31.401: [GC31.401: [DefNew: 447K->63K(448K), 0.0013150 secs] 376309K->376049K(1048512K), 0.0013740 secs] [Times: user=0.00 sys=0.00, real=0.00 secs] 
31.413: [GC31.413: [DefNew: 447K->64K(448K), 0.0014490 secs] 376433K->376196K(1048512K), 0.0014980 secs] [Times: user=0.00 sys=0.00, real=0.00 secs] 
31.425: [GC31.425: [DefNew: 448K->63K(448K), 0.0012650 secs] 376580K->376317K(1048512K), 0.0013150 secs] [Times: user=0.00 sys=0.00, real=0.00 secs] 
31.435: [GC31.435: [DefNew: 447K->64K(448K), 0.0014590 secs] 376701K->376460K(1048512K), 0.0015140 secs] [Times: user=0.00 sys=0.00, real=0.01 secs] 
31.447: [GC31.447: [DefNew: 448K->64K(448K), 0.0013170 secs] 376844K->376576K(1048512K), 0.0013650 secs] [Times: user=0.00 sys=0.00, real=0.00 secs] 
31.459: [GC31.459: [DefNew: 448K->63K(448K), 0.0013690 secs] 376960K->376717K(1048512K), 0.0014280 secs] [Times: user=0.00 sys=0.00, real=0.00 secs] 
31.471: [GC31.471: [DefNew: 447K->63K(448K), 0.0013540 secs] 377101K->376843K(1048512K), 0.0014250 secs] [Times: user=0.00 sys=0.00, real=0.00 secs] 
31.483: [GC31.483: [DefNew: 447K->63K(448K), 0.0014040 secs] 377227K->376982K(1048512K), 0.0014540 secs] [Times: user=0.00 sys=0.00, real=0.00 secs] 
31.494: [GC31.494: [DefNew: 447K->64K(448K), 0.0016470 secs] 377365K->377128K(1048512K), 0.0017420 secs] [Times: user=0.00 sys=0.00, real=0.00 secs] 
31.504: [GC31.505: [DefNew: 448K->64K(448K), 0.0018600 secs] 377512K->377333K(1048512K), 0.0019820 secs] [Times: user=0.01 sys=0.00, real=0.01 secs] 
31.516: [GC31.516: [DefNew: 447K->64K(448K), 0.0009350 secs] 377717K->377476K(1048512K), 0.0009700 secs] [Times: user=0.00 sys=0.00, real=0.01 secs] 
31.527: [GC31.527: [DefNew: 447K->63K(448K), 0.0011880 secs] 377860K->377554K(1048512K), 0.0012390 secs] [Times: user=0.00 sys=0.00, real=0.00 secs] 
31.538: [GC31.538: [DefNew: 447K->63K(448K), 0.0006580 secs] 377938K->377651K(1048512K), 0.0006930 secs] [Times: user=0.00 sys=0.00, real=0.00 secs] 
31.549: [GC31.549: [DefNew: 447K->63K(448K), 0.0011790 secs] 378035K->377754K(1048512K), 0.0012300 secs] [Times: user=0.00 sys=0.00, real=0.00 secs] 
31.561: [GC31.561: [DefNew: 447K->63K(448K), 0.0013200 secs] 378138K->377895K(1048512K), 0.0013770 secs] [Times: user=0.00 sys=0.00, real=0.00 secs] 
31.572: [GC31.572: [DefNew: 447K->63K(448K), 0.0014190 secs] 378279K->378023K(1048512K), 0.0014790 secs] [Times: user=0.00 sys=0.00, real=0.00 secs] 
31.583: [GC31.583: [DefNew: 447K->63K(448K), 0.0013860 secs] 378407K->378167K(1048512K), 0.0014360 secs] [Times: user=0.00 sys=0.00, real=0.00 secs] 
31.595: [GC31.595: [DefNew: 447K->63K(448K), 0.0013670 secs] 378551K->378295K(1048512K), 0.0014170 secs] [Times: user=0.00 sys=0.00, real=0.00 secs] 
31.607: [GC31.607: [DefNew: 447K->63K(448K), 0.0013120 secs] 378679K->378430K(1048512K), 0.0013610 secs] [Times: user=0.00 sys=0.01, real=0.00 secs] 
31.618: [GC31.618: [DefNew: 447K->63K(448K), 0.0013900 secs] 378814K->378569K(1048512K), 0.0014390 secs] [Times: user=0.00 sys=0.00, real=0.00 secs] 
31.630: [GC31.630: [DefNew: 447K->63K(448K), 0.0015390 secs] 378953K->378710K(1048512K), 0.0015970 secs] [Times: user=0.00 sys=0.00, real=0.00 secs] 
31.642: [GC31.642: [DefNew: 447K->63K(448K), 0.0012750 secs] 379094K->378835K(1048512K), 0.0013270 secs] [Times: user=0.01 sys=0.00, real=0.00 secs] 
31.653: [GC31.653: [DefNew: 447K->63K(448K), 0.0013160 secs] 379219K->378962K(1048512K), 0.0013650 secs] [Times: user=0.00 sys=0.00, real=0.00 secs] 
31.664: [GC31.664: [DefNew: 447K->64K(448K), 0.0012730 secs] 379346K->379083K(1048512K), 0.0013200 secs] [Times: user=0.00 sys=0.00, real=0.00 secs] 
31.675: [GC31.675: [DefNew: 448K->63K(448K), 0.0012290 secs] 379467K->379215K(1048512K), 0.0012790 secs] [Times: user=0.00 sys=0.00, real=0.01 secs] 
31.687: [GC31.687: [DefNew: 447K->64K(448K), 0.0012220 secs] 379599K->379324K(1048512K), 0.0012720 secs] [Times: user=0.00 sys=0.00, real=0.00 secs] 
31.699: [GC31.699: [DefNew: 448K->63K(448K), 0.0011940 secs] 379708K->379457K(1048512K), 0.0012450 secs] [Times: user=0.00 sys=0.00, real=0.00 secs] 
31.711: [GC31.711: [DefNew: 447K->63K(448K), 0.0012710 secs] 379841K->379582K(1048512K), 0.0013230 secs] [Times: user=0.00 sys=0.00, real=0.00 secs] 
31.722: [GC31.722: [DefNew: 447K->63K(448K), 0.0012220 secs] 379966K->379709K(1048512K), 0.0012710 secs] [Times: user=0.00 sys=0.00, real=0.00 secs] 
31.734: [GC31.734: [DefNew: 447K->64K(448K), 0.0012870 secs] 380093K->379830K(1048512K), 0.0013390 secs] [Times: user=0.00 sys=0.00, real=0.00 secs] 
31.746: [GC31.746: [DefNew: 448K->64K(448K), 0.0014520 secs] 380214K->379979K(1048512K), 0.0015070 secs] [Times: user=0.00 sys=0.00, real=0.01 secs] 
31.756: [GC31.756: [DefNew: 448K->63K(448K), 0.0013700 secs] 380363K->380098K(1048512K), 0.0014200 secs] [Times: user=0.00 sys=0.00, real=0.00 secs] 
31.768: [GC31.768: [DefNew: 447K->64K(448K), 0.0013420 secs] 380482K->380232K(1048512K), 0.0013910 secs] [Times: user=0.01 sys=0.00, real=0.00 secs] 
31.780: [GC31.780: [DefNew: 447K->64K(448K), 0.0013190 secs] 380616K->380372K(1048512K), 0.0013720 secs] [Times: user=0.00 sys=0.00, real=0.00 secs] 
31.792: [GC31.792: [DefNew: 447K->63K(448K), 0.0013720 secs] 380756K->380506K(1048512K), 0.0014230 secs] [Times: user=0.00 sys=0.00, real=0.00 secs] 
31.803: [GC31.803: [DefNew: 447K->64K(448K), 0.0019860 secs] 380890K->380637K(1048512K), 0.0021570 secs] [Times: user=0.00 sys=0.00, real=0.00 secs] 
31.815: [GC31.815: [DefNew: 448K->64K(448K), 0.0015870 secs] 381021K->380848K(1048512K), 0.0016970 secs] [Times: user=0.00 sys=0.00, real=0.01 secs] 
31.826: [GC31.826: [DefNew: 448K->63K(448K), 0.0009260 secs] 381232K->380942K(1048512K), 0.0009590 secs] [Times: user=0.01 sys=0.00, real=0.00 secs] 
31.836: [GC31.836: [DefNew: 447K->64K(448K), 0.0006230 secs] 381326K->381013K(1048512K), 0.0006650 secs] [Times: user=0.00 sys=0.00, real=0.01 secs] 
31.847: [GC31.847: [DefNew: 448K->63K(448K), 0.0011700 secs] 381397K->381155K(1048512K), 0.0012220 secs] [Times: user=0.00 sys=0.00, real=0.00 secs] 
31.858: [GC31.858: [DefNew: 447K->63K(448K), 0.0012420 secs] 381539K->381270K(1048512K), 0.0012940 secs] [Times: user=0.00 sys=0.00, real=0.00 secs] 
31.870: [GC31.870: [DefNew: 447K->64K(448K), 0.0013270 secs] 381654K->381404K(1048512K), 0.0013760 secs] [Times: user=0.00 sys=0.00, real=0.00 secs] 
31.881: [GC31.881: [DefNew: 448K->63K(448K), 0.0013760 secs] 381788K->381540K(1048512K), 0.0014260 secs] [Times: user=0.00 sys=0.00, real=0.00 secs] 
31.893: [GC31.893: [DefNew: 447K->64K(448K), 0.0012690 secs] 381923K->381673K(1048512K), 0.0013200 secs] [Times: user=0.01 sys=0.00, real=0.00 secs] 
31.905: [GC31.905: [DefNew: 448K->63K(448K), 0.0012440 secs] 382057K->381796K(1048512K), 0.0012970 secs] [Times: user=0.00 sys=0.00, real=0.00 secs] 
31.917: [GC31.917: [DefNew: 447K->63K(448K), 0.0012140 secs] 382180K->381917K(1048512K), 0.0012630 secs] [Times: user=0.00 sys=0.00, real=0.00 secs] 
31.927: [GC31.927: [DefNew: 447K->63K(448K), 0.0012640 secs] 382300K->382040K(1048512K), 0.0013120 secs] [Times: user=0.00 sys=0.00, real=0.00 secs] 
31.939: [GC31.939: [DefNew: 447K->63K(448K), 0.0012770 secs] 382423K->382161K(1048512K), 0.0013250 secs] [Times: user=0.00 sys=0.00, real=0.00 secs] 
31.950: [GC31.950: [DefNew: 447K->64K(448K), 0.0013110 secs] 382545K->382284K(1048512K), 0.0013640 secs] [Times: user=0.00 sys=0.00, real=0.00 secs] 
31.962: [GC31.962: [DefNew: 448K->63K(448K), 0.0013280 secs] 382668K->382421K(1048512K), 0.0013780 secs] [Times: user=0.01 sys=0.00, real=0.00 secs] 
31.974: [GC31.974: [DefNew: 447K->64K(448K), 0.0013820 secs] 382805K->382558K(1048512K), 0.0014420 secs] [Times: user=0.00 sys=0.00, real=0.00 secs] 
31.986: [GC31.986: [DefNew: 448K->64K(448K), 0.0013230 secs] 382942K->382677K(1048512K), 0.0013710 secs] [Times: user=0.00 sys=0.00, real=0.01 secs] 
31.997: [GC31.997: [DefNew: 448K->64K(448K), 0.0013010 secs] 383061K->382803K(1048512K), 0.0013510 secs] [Times: user=0.00 sys=0.00, real=0.00 secs] 
32.008: [GC32.008: [DefNew: 448K->63K(448K), 0.0018210 secs] 383187K->382930K(1048512K), 0.0019370 secs] [Times: user=0.00 sys=0.00, real=0.00 secs] 
32.020: [GC32.020: [DefNew: 447K->63K(448K), 0.0019400 secs] 383314K->383132K(1048512K), 0.0020310 secs] [Times: user=0.01 sys=0.00, real=0.00 secs] 
32.032: [GC32.032: [DefNew: 447K->64K(448K), 0.0010550 secs] 383516K->383265K(1048512K), 0.0011180 secs] [Times: user=0.00 sys=0.00, real=0.00 secs] 
32.042: [GC32.042: [DefNew: 448K->63K(448K), 0.0010490 secs] 383649K->383369K(1048512K), 0.0011240 secs] [Times: user=0.00 sys=0.00, real=0.00 secs] 
32.053: [GC32.053: [DefNew: 447K->64K(448K), 0.0009960 secs] 383753K->383541K(1048512K), 0.0010410 secs] [Times: user=0.00 sys=0.00, real=0.00 secs] 
32.063: [GC32.063: [DefNew: 448K->63K(448K), 0.0015290 secs] 383925K->383675K(1048512K), 0.0016110 secs] [Times: user=0.00 sys=0.00, real=0.00 secs] 
32.074: [GC32.075: [DefNew: 447K->64K(448K), 0.0032350 secs] 384059K->383833K(1048512K), 0.0035050 secs] [Times: user=0.01 sys=0.00, real=0.01 secs] 
32.087: [GC32.087: [DefNew: 448K->63K(448K), 0.0039680 secs] 384217K->384099K(1048512K), 0.0042260 secs] [Times: user=0.00 sys=0.00, real=0.00 secs] 
32.102: [GC32.102: [DefNew: 447K->64K(448K), 0.0029670 secs] 384483K->384309K(1048512K), 0.0031590 secs] [Times: user=0.01 sys=0.00, real=0.00 secs] 
32.115: [GC32.115: [DefNew: 448K->63K(448K), 0.0010120 secs] 384693K->384456K(1048512K), 0.0010460 secs] [Times: user=0.00 sys=0.00, real=0.00 secs] 
32.126: [GC32.126: [DefNew: 447K->63K(448K), 0.0007140 secs] 384840K->384533K(1048512K), 0.0007520 secs] [Times: user=0.00 sys=0.00, real=0.01 secs] 
32.137: [GC32.137: [DefNew: 447K->63K(448K), 0.0006540 secs] 384917K->384612K(1048512K), 0.0006980 secs] [Times: user=0.00 sys=0.00, real=0.00 secs] 
32.148: [GC32.148: [DefNew: 447K->64K(448K), 0.0005920 secs] 384996K->384700K(1048512K), 0.0006270 secs] [Times: user=0.00 sys=0.00, real=0.00 secs] 
32.157: [GC32.157: [DefNew: 448K->63K(448K), 0.0011700 secs] 385084K->384815K(1048512K), 0.0012180 secs] [Times: user=0.00 sys=0.00, real=0.00 secs] 
32.168: [GC32.168: [DefNew: 447K->63K(448K), 0.0012400 secs] 385199K->384929K(1048512K), 0.0012900 secs] [Times: user=0.00 sys=0.00, real=0.00 secs] 
32.180: [GC32.180: [DefNew: 447K->63K(448K), 0.0013330 secs] 385313K->385075K(1048512K), 0.0013890 secs] [Times: user=0.01 sys=0.00, real=0.00 secs] 
32.192: [GC32.192: [DefNew: 447K->63K(448K), 0.0013360 secs] 385459K->385211K(1048512K), 0.0013880 secs] [Times: user=0.00 sys=0.00, real=0.00 secs] 
32.203: [GC32.203: [DefNew: 447K->64K(448K), 0.0014380 secs] 385595K->385347K(1048512K), 0.0014900 secs] [Times: user=0.00 sys=0.00, real=0.00 secs] 
32.215: [GC32.215: [DefNew: 447K->63K(448K), 0.0012550 secs] 385731K->385472K(1048512K), 0.0013060 secs] [Times: user=0.00 sys=0.00, real=0.01 secs] 
32.227: [GC32.227: [DefNew: 447K->64K(448K), 0.0012420 secs] 385856K->385605K(1048512K), 0.0012920 secs] [Times: user=0.00 sys=0.00, real=0.00 secs] 
32.238: [GC32.239: [DefNew: 448K->63K(448K), 0.0015330 secs] 385989K->385726K(1048512K), 0.0015990 secs] [Times: user=0.00 sys=0.00, real=0.00 secs] 
32.252: [GC32.252: [DefNew: 447K->63K(448K), 0.0010390 secs] 386110K->385859K(1048512K), 0.0010990 secs] [Times: user=0.00 sys=0.00, real=0.00 secs] 
32.269: [GC32.269: [DefNew: 447K->63K(448K), 0.0006600 secs] 386243K->385933K(1048512K), 0.0006990 secs] [Times: user=0.00 sys=0.00, real=0.00 secs] 
32.279: [GC32.279: [DefNew: 447K->63K(448K), 0.0006900 secs] 386317K->386020K(1048512K), 0.0007470 secs] [Times: user=0.00 sys=0.00, real=0.00 secs] 
32.289: [GC32.289: [DefNew: 447K->63K(448K), 0.0005670 secs] 386404K->386085K(1048512K), 0.0006000 secs] [Times: user=0.00 sys=0.00, real=0.00 secs] 
32.299: [GC32.299: [DefNew: 447K->64K(448K), 0.0006430 secs] 386469K->386169K(1048512K), 0.0006900 secs] [Times: user=0.00 sys=0.00, real=0.00 secs] 
32.309: [GC32.309: [DefNew: 448K->63K(448K), 0.0008360 secs] 386553K->386248K(1048512K), 0.0008810 secs] [Times: user=0.00 sys=0.00, real=0.00 secs] 
32.319: [GC32.319: [DefNew: 447K->63K(448K), 0.0020640 secs] 386632K->386411K(1048512K), 0.0021710 secs] [Times: user=0.00 sys=0.00, real=0.00 secs] 
32.331: [GC32.331: [DefNew: 447K->64K(448K), 0.0016740 secs] 386795K->386528K(1048512K), 0.0017480 secs] [Times: user=0.01 sys=0.00, real=0.00 secs] 
32.342: [GC32.342: [DefNew: 448K->64K(448K), 0.0009250 secs] 386912K->386634K(1048512K), 0.0009720 secs] [Times: user=0.00 sys=0.00, real=0.00 secs] 
32.351: [GC32.351: [DefNew: 448K->64K(448K), 0.0008530 secs] 387018K->386729K(1048512K), 0.0008920 secs] [Times: user=0.00 sys=0.00, real=0.00 secs] 
32.361: [GC32.361: [DefNew: 448K->63K(448K), 0.0013550 secs] 387113K->386839K(1048512K), 0.0014270 secs] [Times: user=0.00 sys=0.00, real=0.00 secs] 
32.372: [GC32.372: [DefNew: 447K->63K(448K), 0.0006860 secs] 387223K->386935K(1048512K), 0.0007300 secs] [Times: user=0.00 sys=0.00, real=0.00 secs] 
32.382: [GC32.382: [DefNew: 447K->63K(448K), 0.0006660 secs] 387319K->387019K(1048512K), 0.0007080 secs] [Times: user=0.00 sys=0.00, real=0.00 secs] 
32.392: [GC32.392: [DefNew: 447K->63K(448K), 0.0005980 secs] 387403K->387094K(1048512K), 0.0006390 secs] [Times: user=0.00 sys=0.00, real=0.00 secs] 
32.402: [GC32.402: [DefNew: 447K->64K(448K), 0.0006680 secs] 387478K->387178K(1048512K), 0.0007200 secs] [Times: user=0.00 sys=0.00, real=0.00 secs] 
32.412: [GC32.412: [DefNew: 448K->63K(448K), 0.0006430 secs] 387562K->387261K(1048512K), 0.0006760 secs] [Times: user=0.00 sys=0.00, real=0.00 secs] 
32.423: [GC32.423: [DefNew: 447K->63K(448K), 0.0011360 secs] 387645K->387363K(1048512K), 0.0011930 secs] [Times: user=0.01 sys=0.00, real=0.00 secs] 
32.435: [GC32.435: [DefNew: 447K->63K(448K), 0.0013060 secs] 387747K->387504K(1048512K), 0.0013550 secs] [Times: user=0.00 sys=0.00, real=0.01 secs] 
32.445: [GC32.445: [DefNew: 447K->63K(448K), 0.0012910 secs] 387888K->387617K(1048512K), 0.0013420 secs] [Times: user=0.00 sys=0.00, real=0.01 secs] 
32.457: [GC32.457: [DefNew: 447K->64K(448K), 0.0013170 secs] 388001K->387747K(1048512K), 0.0013660 secs] [Times: user=0.00 sys=0.00, real=0.00 secs] 
32.469: [GC32.469: [DefNew: 447K->63K(448K), 0.0012560 secs] 388131K->387873K(1048512K), 0.0013060 secs] [Times: user=0.00 sys=0.00, real=0.00 secs] 
32.480: [GC32.481: [DefNew: 447K->63K(448K), 0.0012610 secs] 388257K->388003K(1048512K), 0.0013160 secs] [Times: user=0.00 sys=0.00, real=0.00 secs] 
32.492: [GC32.492: [DefNew: 447K->64K(448K), 0.0012420 secs] 388387K->388126K(1048512K), 0.0012930 secs] [Times: user=0.00 sys=0.00, real=0.00 secs] 
32.504: [GC32.504: [DefNew: 448K->64K(448K), 0.0011870 secs] 388510K->388243K(1048512K), 0.0012390 secs] [Times: user=0.00 sys=0.00, real=0.00 secs] 
32.515: [GC32.515: [DefNew: 448K->64K(448K), 0.0013390 secs] 388627K->388373K(1048512K), 0.0013890 secs] [Times: user=0.00 sys=0.00, real=0.01 secs] 
32.527: [GC32.527: [DefNew: 448K->63K(448K), 0.0013430 secs] 388757K->388502K(1048512K), 0.0014070 secs] [Times: user=0.00 sys=0.00, real=0.00 secs] 
32.537: [GC32.537: [DefNew: 447K->63K(448K), 0.0023570 secs] 388886K->388678K(1048512K), 0.0025180 secs] [Times: user=0.00 sys=0.00, real=0.00 secs] 
32.549: [GC32.549: [DefNew: 447K->63K(448K), 0.0014740 secs] 389062K->388825K(1048512K), 0.0015320 secs] [Times: user=0.00 sys=0.00, real=0.00 secs] 
32.561: [GC32.561: [DefNew: 447K->63K(448K), 0.0014490 secs] 389209K->388969K(1048512K), 0.0015050 secs] [Times: user=0.00 sys=0.00, real=0.00 secs] 
32.572: [GC32.572: [DefNew: 447K->63K(448K), 0.0013610 secs] 389353K->389101K(1048512K), 0.0014150 secs] [Times: user=0.00 sys=0.00, real=0.00 secs] 
32.584: [GC32.584: [DefNew: 447K->63K(448K), 0.0013750 secs] 389484K->389235K(1048512K), 0.0014250 secs] [Times: user=0.00 sys=0.00, real=0.00 secs] 
32.596: [GC32.596: [DefNew: 447K->63K(448K), 0.0012980 secs] 389619K->389365K(1048512K), 0.0013710 secs] [Times: user=0.00 sys=0.00, real=0.01 secs] 
32.608: [GC32.608: [DefNew: 447K->63K(448K), 0.0012760 secs] 389749K->389502K(1048512K), 0.0013280 secs] [Times: user=0.01 sys=0.00, real=0.00 secs] 
32.618: [GC32.618: [DefNew: 447K->63K(448K), 0.0012490 secs] 389886K->389629K(1048512K), 0.0013010 secs] [Times: user=0.00 sys=0.00, real=0.00 secs] 
32.630: [GC32.630: [DefNew: 447K->63K(448K), 0.0013280 secs] 390013K->389762K(1048512K), 0.0013780 secs] [Times: user=0.00 sys=0.00, real=0.00 secs] 
32.642: [GC32.642: [DefNew: 447K->63K(448K), 0.0012270 secs] 390146K->389888K(1048512K), 0.0012790 secs] [Times: user=0.00 sys=0.00, real=0.00 secs] 
32.653: [GC32.653: [DefNew: 447K->63K(448K), 0.0013300 secs] 390272K->390018K(1048512K), 0.0013810 secs] [Times: user=0.00 sys=0.00, real=0.00 secs] 
32.665: [GC32.665: [DefNew: 447K->63K(448K), 0.0012670 secs] 390402K->390127K(1048512K), 0.0013160 secs] [Times: user=0.00 sys=0.00, real=0.01 secs] 
32.677: [GC32.677: [DefNew: 447K->63K(448K), 0.0014260 secs] 390511K->390261K(1048512K), 0.0014830 secs] [Times: user=0.00 sys=0.00, real=0.00 secs] 
32.689: [GC32.689: [DefNew: 447K->64K(448K), 0.0014330 secs] 390645K->390375K(1048512K), 0.0014910 secs] [Times: user=0.00 sys=0.00, real=0.00 secs] 
32.699: [GC32.699: [DefNew: 448K->64K(448K), 0.0013380 secs] 390759K->390517K(1048512K), 0.0013870 secs] [Times: user=0.00 sys=0.00, real=0.00 secs] 
32.711: [GC32.711: [DefNew: 448K->63K(448K), 0.0013050 secs] 390901K->390632K(1048512K), 0.0013670 secs] [Times: user=0.00 sys=0.00, real=0.00 secs] 
32.723: [GC32.723: [DefNew: 447K->63K(448K), 0.0013370 secs] 391016K->390765K(1048512K), 0.0013870 secs] [Times: user=0.00 sys=0.00, real=0.00 secs] 
32.734: [GC32.734: [DefNew: 447K->64K(448K), 0.0019520 secs] 391149K->390923K(1048512K), 0.0020300 secs] [Times: user=0.01 sys=0.00, real=0.00 secs] 
32.746: [GC32.747: [DefNew: 448K->64K(448K), 0.0018050 secs] 391307K->391143K(1048512K), 0.0019190 secs] [Times: user=0.00 sys=0.00, real=0.00 secs] 
32.758: [GC32.758: [DefNew: 447K->64K(448K), 0.0015450 secs] 391527K->391286K(1048512K), 0.0016000 secs] [Times: user=0.00 sys=0.00, real=0.00 secs] 
32.770: [GC32.770: [DefNew: 448K->64K(448K), 0.0013150 secs] 391670K->391405K(1048512K), 0.0013690 secs] [Times: user=0.00 sys=0.00, real=0.00 secs] 
32.781: [GC32.781: [DefNew: 448K->63K(448K), 0.0013410 secs] 391789K->391561K(1048512K), 0.0013960 secs] [Times: user=0.01 sys=0.00, real=0.00 secs] 
32.792: [GC32.792: [DefNew: 447K->63K(448K), 0.0013750 secs] 391945K->391684K(1048512K), 0.0014270 secs] [Times: user=0.00 sys=0.00, real=0.00 secs] 
32.804: [GC32.804: [DefNew: 447K->63K(448K), 0.0015170 secs] 392068K->391824K(1048512K), 0.0015770 secs] [Times: user=0.00 sys=0.00, real=0.00 secs] 
32.816: [GC32.816: [DefNew: 447K->63K(448K), 0.0014290 secs] 392208K->391963K(1048512K), 0.0014910 secs] [Times: user=0.00 sys=0.00, real=0.01 secs] 
32.828: [GC32.828: [DefNew: 447K->63K(448K), 0.0013930 secs] 392347K->392093K(1048512K), 0.0014410 secs] [Times: user=0.00 sys=0.00, real=0.00 secs] 
32.840: [GC32.840: [DefNew: 447K->63K(448K), 0.0014110 secs] 392477K->392258K(1048512K), 0.0014630 secs] [Times: user=0.00 sys=0.00, real=0.00 secs] 
32.852: [GC32.852: [DefNew: 447K->63K(448K), 0.0014410 secs] 392642K->392404K(1048512K), 0.0014920 secs] [Times: user=0.00 sys=0.00, real=0.00 secs] 
32.862: [GC32.862: [DefNew: 447K->64K(448K), 0.0013840 secs] 392788K->392522K(1048512K), 0.0014340 secs] [Times: user=0.00 sys=0.00, real=0.00 secs] 
32.874: [GC32.874: [DefNew: 448K->64K(448K), 0.0012850 secs] 392906K->392658K(1048512K), 0.0013360 secs] [Times: user=0.00 sys=0.00, real=0.00 secs] 
32.886: [GC32.886: [DefNew: 448K->64K(448K), 0.0013500 secs] 393042K->392781K(1048512K), 0.0014000 secs] [Times: user=0.00 sys=0.00, real=0.01 secs] 
32.898: [GC32.898: [DefNew: 448K->63K(448K), 0.0013490 secs] 393165K->392922K(1048512K), 0.0014000 secs] [Times: user=0.00 sys=0.00, real=0.00 secs] 
32.910: [GC32.910: [DefNew: 447K->64K(448K), 0.0013070 secs] 393306K->393043K(1048512K), 0.0013610 secs] [Times: user=0.01 sys=0.00, real=0.00 secs] 
32.922: [GC32.922: [DefNew: 448K->63K(448K), 0.0013870 secs] 393427K->393201K(1048512K), 0.0014390 secs] [Times: user=0.00 sys=0.00, real=0.00 secs] 
32.934: [GC32.934: [DefNew: 447K->63K(448K), 0.0013300 secs] 393585K->393321K(1048512K), 0.0013840 secs] [Times: user=0.00 sys=0.00, real=0.00 secs] 
32.944: [GC32.944: [DefNew: 447K->64K(448K), 0.0014290 secs] 393705K->393466K(1048512K), 0.0014820 secs] [Times: user=0.00 sys=0.00, real=0.00 secs] 
32.956: [GC32.956: [DefNew: 448K->63K(448K), 0.0013920 secs] 393850K->393598K(1048512K), 0.0014410 secs] [Times: user=0.00 sys=0.00, real=0.01 secs] 
32.968: [GC32.968: [DefNew: 447K->64K(448K), 0.0013480 secs] 393981K->393730K(1048512K), 0.0013990 secs] [Times: user=0.01 sys=0.00, real=0.00 secs] 
32.980: [GC32.980: [DefNew: 448K->63K(448K), 0.0012810 secs] 394114K->393847K(1048512K), 0.0013420 secs] [Times: user=0.00 sys=0.00, real=0.00 secs] 
32.992: [GC32.992: [DefNew: 447K->63K(448K), 0.0012240 secs] 394231K->393980K(1048512K), 0.0012770 secs] [Times: user=0.00 sys=0.00, real=0.00 secs] 
33.003: [GC33.003: [DefNew: 447K->64K(448K), 0.0013080 secs] 394364K->394097K(1048512K), 0.0013570 secs] [Times: user=0.00 sys=0.00, real=0.00 secs] 
33.015: [GC33.015: [DefNew: 447K->63K(448K), 0.0013240 secs] 394481K->394253K(1048512K), 0.0013860 secs] [Times: user=0.00 sys=0.00, real=0.01 secs] 
33.027: [GC33.027: [DefNew: 447K->63K(448K), 0.0012850 secs] 394637K->394370K(1048512K), 0.0013340 secs] [Times: user=0.00 sys=0.00, real=0.00 secs] 
33.037: [GC33.037: [DefNew: 447K->63K(448K), 0.0013580 secs] 394754K->394515K(1048512K), 0.0014070 secs] [Times: user=0.01 sys=0.00, real=0.00 secs] 
33.048: [GC33.048: [DefNew: 447K->63K(448K), 0.0029600 secs] 394899K->394734K(1048512K), 0.0031310 secs] [Times: user=0.00 sys=0.00, real=0.00 secs] 
33.061: [GC33.061: [DefNew: 447K->63K(448K), 0.0029340 secs] 395118K->394898K(1048512K), 0.0030430 secs] [Times: user=0.00 sys=0.00, real=0.00 secs] 
33.073: [GC33.073: [DefNew: 447K->64K(448K), 0.0015250 secs] 395282K->395096K(1048512K), 0.0016540 secs] [Times: user=0.01 sys=0.00, real=0.00 secs] 
33.084: [GC33.084: [DefNew: 448K->64K(448K), 0.0022000 secs] 395480K->395265K(1048512K), 0.0022660 secs] [Times: user=0.00 sys=0.00, real=0.01 secs] 
33.094: [GC33.094: [DefNew: 448K->63K(448K), 0.0016640 secs] 395649K->395396K(1048512K), 0.0017330 secs] [Times: user=0.00 sys=0.00, real=0.00 secs] 
33.105: [GC33.105: [DefNew: 447K->64K(448K), 0.0026230 secs] 395780K->395608K(1048512K), 0.0027980 secs] [Times: user=0.00 sys=0.00, real=0.01 secs] 
33.118: [GC33.118: [DefNew: 448K->63K(448K), 0.0029620 secs] 395992K->395833K(1048512K), 0.0031040 secs] [Times: user=0.00 sys=0.00, real=0.00 secs] 
33.131: [GC33.131: [DefNew: 447K->63K(448K), 0.0009980 secs] 396216K->395951K(1048512K), 0.0010510 secs] [Times: user=0.00 sys=0.00, real=0.00 secs] 
33.142: [GC33.142: [DefNew: 447K->63K(448K), 0.0009710 secs] 396335K->396046K(1048512K), 0.0010110 secs] [Times: user=0.00 sys=0.00, real=0.00 secs] 
33.152: [GC33.152: [DefNew: 447K->63K(448K), 0.0007560 secs] 396430K->396179K(1048512K), 0.0007960 secs] [Times: user=0.00 sys=0.00, real=0.00 secs] 
33.163: [GC33.163: [DefNew: 447K->64K(448K), 0.0008100 secs] 396563K->396259K(1048512K), 0.0008450 secs] [Times: user=0.00 sys=0.00, real=0.00 secs] 
33.172: [GC33.172: [DefNew: 448K->64K(448K), 0.0008330 secs] 396643K->396347K(1048512K), 0.0009130 secs] [Times: user=0.00 sys=0.00, real=0.00 secs] 
33.183: [GC33.183: [DefNew: 448K->63K(448K), 0.0006630 secs] 396731K->396435K(1048512K), 0.0006950 secs] [Times: user=0.01 sys=0.00, real=0.00 secs] 
33.194: [GC33.194: [DefNew: 447K->63K(448K), 0.0006460 secs] 396819K->396517K(1048512K), 0.0006850 secs] [Times: user=0.00 sys=0.00, real=0.00 secs] 
33.204: [GC33.204: [DefNew: 447K->63K(448K), 0.0007130 secs] 396901K->396612K(1048512K), 0.0007500 secs] [Times: user=0.00 sys=0.00, real=0.00 secs] 
33.215: [GC33.215: [DefNew: 447K->64K(448K), 0.0007250 secs] 396996K->396703K(1048512K), 0.0007630 secs] [Times: user=0.00 sys=0.00, real=0.00 secs] 
33.226: [GC33.226: [DefNew: 448K->63K(448K), 0.0006150 secs] 397087K->396791K(1048512K), 0.0006460 secs] [Times: user=0.00 sys=0.00, real=0.00 secs] 
33.236: [GC33.236: [DefNew: 447K->64K(448K), 0.0006080 secs] 397175K->396876K(1048512K), 0.0006430 secs] [Times: user=0.00 sys=0.00, real=0.01 secs] 
33.246: [GC33.246: [DefNew: 447K->64K(448K), 0.0019220 secs] 397260K->396963K(1048512K), 0.0020420 secs] [Times: user=0.00 sys=0.00, real=0.01 secs] 
33.258: [GC33.258: [DefNew: 447K->63K(448K), 0.0013220 secs] 397346K->397194K(1048512K), 0.0013890 secs] [Times: user=0.00 sys=0.00, real=0.00 secs] 
33.269: [GC33.269: [DefNew: 447K->64K(448K), 0.0010620 secs] 397578K->397388K(1048512K), 0.0011020 secs] [Times: user=0.01 sys=0.00, real=0.00 secs] 
33.279: [GC33.279: [DefNew: 448K->63K(448K), 0.0009810 secs] 397772K->397481K(1048512K), 0.0010730 secs] [Times: user=0.00 sys=0.00, real=0.00 secs] 
33.290: [GC33.290: [DefNew: 447K->63K(448K), 0.0006680 secs] 397865K->397559K(1048512K), 0.0007070 secs] [Times: user=0.00 sys=0.00, real=0.00 secs] 
33.299: [GC33.299: [DefNew: 447K->63K(448K), 0.0006020 secs] 397943K->397642K(1048512K), 0.0006390 secs] [Times: user=0.00 sys=0.00, real=0.00 secs] 
33.309: [GC33.309: [DefNew: 447K->63K(448K), 0.0005840 secs] 398026K->397725K(1048512K), 0.0006180 secs] [Times: user=0.00 sys=0.00, real=0.00 secs] 
33.318: [GC33.318: [DefNew: 447K->63K(448K), 0.0011580 secs] 398109K->397823K(1048512K), 0.0012140 secs] [Times: user=0.00 sys=0.00, real=0.00 secs] 
33.330: [GC33.330: [DefNew: 447K->64K(448K), 0.0012920 secs] 398207K->397952K(1048512K), 0.0013430 secs] [Times: user=0.00 sys=0.00, real=0.00 secs] 
33.341: [GC33.341: [DefNew: 448K->63K(448K), 0.0013610 secs] 398336K->398092K(1048512K), 0.0014120 secs] [Times: user=0.01 sys=0.00, real=0.00 secs] 
33.352: [GC33.352: [DefNew: 447K->64K(448K), 0.0013010 secs] 398476K->398236K(1048512K), 0.0013460 secs] [Times: user=0.00 sys=0.00, real=0.00 secs] 
33.364: [GC33.364: [DefNew: 448K->64K(448K), 0.0012020 secs] 398620K->398339K(1048512K), 0.0012530 secs] [Times: user=0.00 sys=0.00, real=0.00 secs] 
33.375: [GC33.375: [DefNew: 448K->63K(448K), 0.0012250 secs] 398723K->398456K(1048512K), 0.0012730 secs] [Times: user=0.00 sys=0.00, real=0.00 secs] 
33.386: [GC33.386: [DefNew: 447K->63K(448K), 0.0017110 secs] 398840K->398584K(1048512K), 0.0017790 secs] [Times: user=0.00 sys=0.00, real=0.00 secs] 
33.396: [GC33.396: [DefNew: 447K->63K(448K), 0.0015190 secs] 398968K->398722K(1048512K), 0.0015780 secs] [Times: user=0.00 sys=0.00, real=0.00 secs] 
33.408: [GC33.408: [DefNew: 447K->64K(448K), 0.0012650 secs] 399106K->398834K(1048512K), 0.0013310 secs] [Times: user=0.01 sys=0.00, real=0.00 secs] 
33.419: [GC33.419: [DefNew: 448K->64K(448K), 0.0014230 secs] 399218K->398992K(1048512K), 0.0014810 secs] [Times: user=0.00 sys=0.00, real=0.00 secs] 
33.431: [GC33.431: [DefNew: 447K->63K(448K), 0.0013470 secs] 399376K->399124K(1048512K), 0.0013980 secs] [Times: user=0.00 sys=0.00, real=0.00 secs] 
33.442: [GC33.442: [DefNew: 447K->64K(448K), 0.0013010 secs] 399508K->399264K(1048512K), 0.0013530 secs] [Times: user=0.00 sys=0.00, real=0.00 secs] 
33.454: [GC33.454: [DefNew: 448K->63K(448K), 0.0014180 secs] 399648K->399380K(1048512K), 0.0014810 secs] [Times: user=0.00 sys=0.00, real=0.00 secs] 
33.464: [GC33.464: [DefNew: 447K->63K(448K), 0.0021750 secs] 399764K->399634K(1048512K), 0.0022880 secs] [Times: user=0.01 sys=0.00, real=0.01 secs] 
33.477: [GC33.477: [DefNew: 447K->63K(448K), 0.0012720 secs] 400018K->399725K(1048512K), 0.0013410 secs] [Times: user=0.00 sys=0.00, real=0.00 secs] 
33.488: [GC33.488: [DefNew: 447K->63K(448K), 0.0006740 secs] 400109K->399821K(1048512K), 0.0007130 secs] [Times: user=0.00 sys=0.00, real=0.00 secs] 
33.499: [GC33.499: [DefNew: 447K->63K(448K), 0.0006800 secs] 400205K->399911K(1048512K), 0.0007160 secs] [Times: user=0.00 sys=0.00, real=0.00 secs] 
33.510: [GC33.510: [DefNew: 447K->63K(448K), 0.0006450 secs] 400295K->400004K(1048512K), 0.0006770 secs] [Times: user=0.00 sys=0.00, real=0.00 secs] 
33.521: [GC33.521: [DefNew: 447K->64K(448K), 0.0012810 secs] 400388K->400135K(1048512K), 0.0013360 secs] [Times: user=0.00 sys=0.00, real=0.00 secs] 
33.532: [GC33.533: [DefNew: 448K->63K(448K), 0.0012940 secs] 400519K->400274K(1048512K), 0.0013560 secs] [Times: user=0.00 sys=0.00, real=0.00 secs] 
33.543: [GC33.543: [DefNew: 447K->64K(448K), 0.0015760 secs] 400658K->400434K(1048512K), 0.0016360 secs] [Times: user=0.00 sys=0.00, real=0.00 secs] 
33.555: [GC33.555: [DefNew: 448K->64K(448K), 0.0014760 secs] 400818K->400564K(1048512K), 0.0015300 secs] [Times: user=0.00 sys=0.00, real=0.01 secs] 
33.567: [GC33.567: [DefNew: 448K->63K(448K), 0.0013690 secs] 400948K->400704K(1048512K), 0.0014200 secs] [Times: user=0.00 sys=0.00, real=0.00 secs] 
33.579: [GC33.579: [DefNew: 447K->63K(448K), 0.0013950 secs] 401088K->400835K(1048512K), 0.0014460 secs] [Times: user=0.00 sys=0.00, real=0.00 secs] 
33.591: [GC33.591: [DefNew: 447K->64K(448K), 0.0012910 secs] 401219K->400976K(1048512K), 0.0013440 secs] [Times: user=0.00 sys=0.00, real=0.00 secs] 
33.602: [GC33.602: [DefNew: 448K->63K(448K), 0.0014440 secs] 401360K->401110K(1048512K), 0.0014950 secs] [Times: user=0.00 sys=0.00, real=0.00 secs] 
33.613: [GC33.613: [DefNew: 447K->64K(448K), 0.0014350 secs] 401494K->401256K(1048512K), 0.0014910 secs] [Times: user=0.00 sys=0.00, real=0.00 secs] 
33.624: [GC33.624: [DefNew: 447K->64K(448K), 0.0015450 secs] 401640K->401403K(1048512K), 0.0016040 secs] [Times: user=0.00 sys=0.00, real=0.00 secs] 
33.636: [GC33.636: [DefNew: 447K->63K(448K), 0.0014570 secs] 401787K->401543K(1048512K), 0.0015070 secs] [Times: user=0.00 sys=0.00, real=0.00 secs] 
33.648: [GC33.648: [DefNew: 447K->63K(448K), 0.0014210 secs] 401927K->401673K(1048512K), 0.0014820 secs] [Times: user=0.00 sys=0.00, real=0.00 secs] 
33.660: [GC33.660: [DefNew: 447K->64K(448K), 0.0013270 secs] 402056K->401813K(1048512K), 0.0013940 secs] [Times: user=0.01 sys=0.00, real=0.00 secs] 
33.672: [GC33.672: [DefNew: 447K->63K(448K), 0.0013820 secs] 402197K->401952K(1048512K), 0.0014640 secs] [Times: user=0.00 sys=0.00, real=0.00 secs] 
33.682: [GC33.683: [DefNew: 447K->64K(448K), 0.0013080 secs] 402336K->402090K(1048512K), 0.0013600 secs] [Times: user=0.00 sys=0.00, real=0.00 secs] 
33.694: [GC33.694: [DefNew: 447K->63K(448K), 0.0013690 secs] 402474K->402210K(1048512K), 0.0014250 secs] [Times: user=0.00 sys=0.00, real=0.00 secs] 
33.706: [GC33.706: [DefNew: 447K->63K(448K), 0.0012750 secs] 402594K->402347K(1048512K), 0.0013310 secs] [Times: user=0.00 sys=0.00, real=0.01 secs] 
33.718: [GC33.718: [DefNew: 447K->64K(448K), 0.0013130 secs] 402731K->402461K(1048512K), 0.0013600 secs] [Times: user=0.01 sys=0.00, real=0.00 secs] 
33.730: [GC33.730: [DefNew: 447K->63K(448K), 0.0012890 secs] 402845K->402603K(1048512K), 0.0013400 secs] [Times: user=0.00 sys=0.00, real=0.00 secs] 
33.742: [GC33.742: [DefNew: 447K->64K(448K), 0.0013340 secs] 402987K->402726K(1048512K), 0.0013870 secs] [Times: user=0.00 sys=0.00, real=0.00 secs] 
33.752: [GC33.752: [DefNew: 448K->63K(448K), 0.0012890 secs] 403110K->402868K(1048512K), 0.0013430 secs] [Times: user=0.00 sys=0.00, real=0.00 secs] 
33.763: [GC33.763: [DefNew: 447K->63K(448K), 0.0020130 secs] 403252K->403042K(1048512K), 0.0021930 secs] [Times: user=0.00 sys=0.00, real=0.00 secs] 
33.775: [GC33.775: [DefNew: 447K->64K(448K), 0.0013360 secs] 403426K->403232K(1048512K), 0.0013970 secs] [Times: user=0.01 sys=0.00, real=0.01 secs] 
33.787: [GC33.787: [DefNew: 448K->63K(448K), 0.0016270 secs] 403616K->403400K(1048512K), 0.0016780 secs] [Times: user=0.00 sys=0.00, real=0.00 secs] 
33.798: [GC33.798: [DefNew: 447K->64K(448K), 0.0014760 secs] 403784K->403526K(1048512K), 0.0015370 secs] [Times: user=0.00 sys=0.00, real=0.00 secs] 
33.809: [GC33.809: [DefNew: 448K->63K(448K), 0.0013770 secs] 403910K->403665K(1048512K), 0.0014330 secs] [Times: user=0.00 sys=0.00, real=0.00 secs] 
33.820: [GC33.820: [DefNew: 447K->63K(448K), 0.0013460 secs] 404049K->403794K(1048512K), 0.0014010 secs] [Times: user=0.00 sys=0.00, real=0.00 secs] 
33.832: [GC33.832: [DefNew: 447K->63K(448K), 0.0013670 secs] 404178K->403941K(1048512K), 0.0014290 secs] [Times: user=0.00 sys=0.00, real=0.00 secs] 
33.844: [GC33.844: [DefNew: 447K->63K(448K), 0.0015750 secs] 404325K->404073K(1048512K), 0.0016380 secs] [Times: user=0.00 sys=0.00, real=0.00 secs] 
33.855: [GC33.856: [DefNew: 447K->63K(448K), 0.0014250 secs] 404457K->404212K(1048512K), 0.0014770 secs] [Times: user=0.00 sys=0.00, real=0.01 secs] 
33.867: [GC33.867: [DefNew: 447K->63K(448K), 0.0015540 secs] 404596K->404346K(1048512K), 0.0016280 secs] [Times: user=0.00 sys=0.00, real=0.00 secs] 
33.877: [GC33.877: [DefNew: 447K->63K(448K), 0.0014130 secs] 404730K->404485K(1048512K), 0.0014610 secs] [Times: user=0.00 sys=0.00, real=0.00 secs] 
33.888: [GC33.888: [DefNew: 447K->64K(448K), 0.0010590 secs] 404869K->404617K(1048512K), 0.0011130 secs] [Times: user=0.00 sys=0.00, real=0.00 secs] 
33.898: [GC33.898: [DefNew: 448K->64K(448K), 0.0016880 secs] 405001K->404733K(1048512K), 0.0018330 secs] [Times: user=0.01 sys=0.00, real=0.00 secs] 
33.909: [GC33.909: [DefNew: 448K->63K(448K), 0.0016090 secs] 405117K->404844K(1048512K), 0.0017190 secs] [Times: user=0.00 sys=0.00, real=0.00 secs] 
33.920: [GC33.920: [DefNew: 447K->64K(448K), 0.0008980 secs] 405228K->404965K(1048512K), 0.0009610 secs] [Times: user=0.00 sys=0.00, real=0.00 secs] 
33.930: [GC33.930: [DefNew: 447K->63K(448K), 0.0018490 secs] 405349K->405054K(1048512K), 0.0019540 secs] [Times: user=0.00 sys=0.00, real=0.00 secs] 
33.941: [GC33.941: [DefNew: 447K->63K(448K), 0.0012740 secs] 405438K->405195K(1048512K), 0.0013770 secs] [Times: user=0.00 sys=0.00, real=0.00 secs] 
33.951: [GC33.951: [DefNew: 447K->63K(448K), 0.0019520 secs] 405579K->405368K(1048512K), 0.0020680 secs] [Times: user=0.01 sys=0.00, real=0.00 secs] 
33.962: [GC33.962: [DefNew: 447K->64K(448K), 0.0008150 secs] 405752K->405457K(1048512K), 0.0008540 secs] [Times: user=0.00 sys=0.00, real=0.00 secs] 
33.973: [GC33.973: [DefNew: 447K->63K(448K), 0.0006410 secs] 405841K->405552K(1048512K), 0.0006770 secs] [Times: user=0.00 sys=0.00, real=0.00 secs] 
33.982: [GC33.982: [DefNew: 447K->63K(448K), 0.0007060 secs] 405936K->405659K(1048512K), 0.0007370 secs] [Times: user=0.00 sys=0.00, real=0.00 secs] 
33.993: [GC33.993: [DefNew: 447K->64K(448K), 0.0006150 secs] 406043K->405735K(1048512K), 0.0006560 secs] [Times: user=0.00 sys=0.00, real=0.00 secs] 
34.003: [GC34.004: [DefNew: 448K->63K(448K), 0.0008090 secs] 406119K->405830K(1048512K), 0.0008600 secs] [Times: user=0.00 sys=0.00, real=0.00 secs] 
34.014: [GC34.014: [DefNew: 447K->64K(448K), 0.0007010 secs] 406214K->405920K(1048512K), 0.0007370 secs] [Times: user=0.00 sys=0.00, real=0.00 secs] 
34.024: [GC34.024: [DefNew: 447K->63K(448K), 0.0006840 secs] 406304K->406013K(1048512K), 0.0007160 secs] [Times: user=0.00 sys=0.00, real=0.00 secs] 
34.034: [GC34.034: [DefNew: 447K->63K(448K), 0.0006840 secs] 406397K->406085K(1048512K), 0.0007240 secs] [Times: user=0.00 sys=0.00, real=0.00 secs] 
34.045: [GC34.045: [DefNew: 447K->63K(448K), 0.0007960 secs] 406469K->406164K(1048512K), 0.0008540 secs] [Times: user=0.00 sys=0.00, real=0.00 secs] 
34.055: [GC34.055: [DefNew: 447K->63K(448K), 0.0025450 secs] 406548K->406315K(1048512K), 0.0027490 secs] [Times: user=0.00 sys=0.00, real=0.01 secs] 
34.069: [GC34.069: [DefNew: 447K->63K(448K), 0.0052600 secs] 406699K->406479K(1048512K), 0.0054150 secs] [Times: user=0.00 sys=0.00, real=0.00 secs] 
34.085: [GC34.085: [DefNew: 447K->64K(448K), 0.0014750 secs] 406863K->406697K(1048512K), 0.0015380 secs] [Times: user=0.01 sys=0.00, real=0.01 secs] 
34.096: [GC34.096: [DefNew: 448K->64K(448K), 0.0026530 secs] 407081K->406895K(1048512K), 0.0027820 secs] [Times: user=0.00 sys=0.00, real=0.01 secs] 
34.108: [GC34.108: [DefNew: 448K->63K(448K), 0.0033780 secs] 407279K->407157K(1048512K), 0.0035400 secs] [Times: user=0.00 sys=0.00, real=0.00 secs] 
34.121: [GC34.121: [DefNew: 447K->64K(448K), 0.0013170 secs] 407541K->407346K(1048512K), 0.0014030 secs] [Times: user=0.01 sys=0.00, real=0.00 secs] 
34.132: [GC34.132: [DefNew: 448K->64K(448K), 0.0009760 secs] 407730K->407469K(1048512K), 0.0010360 secs] [Times: user=0.00 sys=0.00, real=0.00 secs] 
34.143: [GC34.144: [DefNew: 448K->63K(448K), 0.0012210 secs] 407853K->407575K(1048512K), 0.0012720 secs] [Times: user=0.00 sys=0.00, real=0.00 secs] 
34.155: [GC34.155: [DefNew: 447K->64K(448K), 0.0011950 secs] 407958K->407696K(1048512K), 0.0012430 secs] [Times: user=0.00 sys=0.00, real=0.00 secs] 
34.166: [GC34.166: [DefNew: 447K->64K(448K), 0.0012850 secs] 408080K->407839K(1048512K), 0.0013340 secs] [Times: user=0.00 sys=0.00, real=0.01 secs] 
34.178: [GC34.178: [DefNew: 448K->64K(448K), 0.0014900 secs] 408223K->407970K(1048512K), 0.0015540 secs] [Times: user=0.00 sys=0.00, real=0.00 secs] 
34.188: [GC34.188: [DefNew: 448K->64K(448K), 0.0007460 secs] 408354K->408064K(1048512K), 0.0007790 secs] [Times: user=0.00 sys=0.00, real=0.00 secs] 
34.198: [GC34.198: [DefNew: 448K->64K(448K), 0.0007610 secs] 408448K->408171K(1048512K), 0.0007950 secs] [Times: user=0.00 sys=0.00, real=0.00 secs] 
34.209: [GC34.209: [DefNew: 448K->63K(448K), 0.0006570 secs] 408555K->408257K(1048512K), 0.0006970 secs] [Times: user=0.00 sys=0.00, real=0.00 secs] 
34.220: [GC34.220: [DefNew: 447K->64K(448K), 0.0006660 secs] 408641K->408350K(1048512K), 0.0007000 secs] [Times: user=0.00 sys=0.00, real=0.00 secs] 
34.230: [GC34.230: [DefNew: 448K->63K(448K), 0.0007330 secs] 408734K->408446K(1048512K), 0.0007770 secs] [Times: user=0.00 sys=0.00, real=0.00 secs] 
34.239: [GC34.239: [DefNew: 447K->63K(448K), 0.0007490 secs] 408830K->408541K(1048512K), 0.0007950 secs] [Times: user=0.00 sys=0.00, real=0.00 secs] 
34.250: [GC34.250: [DefNew: 447K->63K(448K), 0.0010360 secs] 408925K->408645K(1048512K), 0.0010990 secs] [Times: user=0.00 sys=0.00, real=0.00 secs] 
34.260: [GC34.260: [DefNew: 447K->63K(448K), 0.0010260 secs] 409029K->408729K(1048512K), 0.0010850 secs] [Times: user=0.00 sys=0.00, real=0.00 secs] 
34.271: [GC34.271: [DefNew: 447K->63K(448K), 0.0006980 secs] 409113K->408821K(1048512K), 0.0007590 secs] [Times: user=0.00 sys=0.00, real=0.00 secs] 
34.281: [GC34.281: [DefNew: 447K->64K(448K), 0.0024970 secs] 409205K->409059K(1048512K), 0.0025910 secs] [Times: user=0.00 sys=0.00, real=0.00 secs] 
34.293: [GC34.293: [DefNew: 448K->63K(448K), 0.0012850 secs] 409443K->409217K(1048512K), 0.0013250 secs] [Times: user=0.00 sys=0.00, real=0.00 secs] 
34.304: [GC34.304: [DefNew: 447K->63K(448K), 0.0008350 secs] 409601K->409351K(1048512K), 0.0008700 secs] [Times: user=0.00 sys=0.00, real=0.00 secs] 
34.315: [GC34.315: [DefNew: 447K->63K(448K), 0.0008220 secs] 409735K->409468K(1048512K), 0.0008580 secs] [Times: user=0.00 sys=0.00, real=0.00 secs] 
34.325: [GC34.325: [DefNew: 447K->63K(448K), 0.0010080 secs] 409852K->409559K(1048512K), 0.0010750 secs] [Times: user=0.00 sys=0.00, real=0.00 secs] 
34.336: [GC34.336: [DefNew: 447K->64K(448K), 0.0007070 secs] 409943K->409661K(1048512K), 0.0007390 secs] [Times: user=0.00 sys=0.00, real=0.01 secs] 
34.345: [GC34.345: [DefNew: 447K->63K(448K), 0.0007210 secs] 410045K->409747K(1048512K), 0.0007690 secs] [Times: user=0.01 sys=0.00, real=0.00 secs] 
34.355: [GC34.355: [DefNew: 447K->63K(448K), 0.0006740 secs] 410131K->409835K(1048512K), 0.0007060 secs] [Times: user=0.00 sys=0.00, real=0.00 secs] 
34.366: [GC34.366: [DefNew: 447K->64K(448K), 0.0007020 secs] 410218K->409925K(1048512K), 0.0007370 secs] [Times: user=0.00 sys=0.00, real=0.01 secs] 
34.376: [GC34.376: [DefNew: 448K->64K(448K), 0.0010480 secs] 410309K->410024K(1048512K), 0.0011100 secs] [Times: user=0.00 sys=0.00, real=0.00 secs] 
34.387: [GC34.387: [DefNew: 447K->63K(448K), 0.0006770 secs] 410407K->410111K(1048512K), 0.0007100 secs] [Times: user=0.00 sys=0.00, real=0.00 secs] 
34.397: [GC34.397: [DefNew: 447K->64K(448K), 0.0006810 secs] 410495K->410202K(1048512K), 0.0007220 secs] [Times: user=0.00 sys=0.00, real=0.00 secs] 
34.408: [GC34.408: [DefNew: 448K->64K(448K), 0.0007060 secs] 410586K->410288K(1048512K), 0.0007420 secs] [Times: user=0.00 sys=0.00, real=0.00 secs] 
34.418: [GC34.418: [DefNew: 448K->63K(448K), 0.0005980 secs] 410672K->410369K(1048512K), 0.0006360 secs] [Times: user=0.00 sys=0.00, real=0.00 secs] 
34.427: [GC34.427: [DefNew: 447K->63K(448K), 0.0011220 secs] 410753K->410478K(1048512K), 0.0011720 secs] [Times: user=0.00 sys=0.00, real=0.00 secs] 
34.438: [GC34.438: [DefNew: 447K->63K(448K), 0.0006940 secs] 410862K->410567K(1048512K), 0.0007270 secs] [Times: user=0.01 sys=0.00, real=0.00 secs] 
34.448: [GC34.448: [DefNew: 447K->63K(448K), 0.0008300 secs] 410951K->410643K(1048512K), 0.0009080 secs] [Times: user=0.00 sys=0.00, real=0.00 secs] 
34.459: [GC34.459: [DefNew: 447K->64K(448K), 0.0005710 secs] 411027K->410730K(1048512K), 0.0006060 secs] [Times: user=0.00 sys=0.00, real=0.00 secs] 
34.469: [GC34.469: [DefNew: 448K->63K(448K), 0.0006230 secs] 411114K->410798K(1048512K), 0.0006550 secs] [Times: user=0.00 sys=0.00, real=0.00 secs] 
34.480: [GC34.480: [DefNew: 447K->63K(448K), 0.0008640 secs] 411182K->410895K(1048512K), 0.0009690 secs] [Times: user=0.00 sys=0.00, real=0.00 secs] 
34.491: [GC34.491: [DefNew: 447K->63K(448K), 0.0016640 secs] 411279K->411104K(1048512K), 0.0017720 secs] [Times: user=0.00 sys=0.00, real=0.00 secs] 
34.502: [GC34.502: [DefNew: 447K->64K(448K), 0.0010600 secs] 411488K->411261K(1048512K), 0.0011020 secs] [Times: user=0.00 sys=0.00, real=0.00 secs] 
34.513: [GC34.513: [DefNew: 448K->64K(448K), 0.0011040 secs] 411645K->411344K(1048512K), 0.0011620 secs] [Times: user=0.01 sys=0.00, real=0.00 secs] 
34.523: [GC34.523: [DefNew: 448K->63K(448K), 0.0006120 secs] 411728K->411416K(1048512K), 0.0006450 secs] [Times: user=0.00 sys=0.00, real=0.00 secs] 
34.533: [GC34.533: [DefNew: 447K->63K(448K), 0.0006700 secs] 411800K->411513K(1048512K), 0.0007030 secs] [Times: user=0.00 sys=0.00, real=0.00 secs] 
34.543: [GC34.543: [DefNew: 447K->63K(448K), 0.0006260 secs] 411897K->411599K(1048512K), 0.0006630 secs] [Times: user=0.00 sys=0.00, real=0.00 secs] 
34.554: [GC34.554: [DefNew: 447K->64K(448K), 0.0010590 secs] 411983K->411706K(1048512K), 0.0011180 secs] [Times: user=0.00 sys=0.00, real=0.00 secs] 
34.564: [GC34.564: [DefNew: 448K->64K(448K), 0.0008950 secs] 412090K->411832K(1048512K), 0.0009500 secs] [Times: user=0.00 sys=0.00, real=0.00 secs] 
34.574: [GC34.574: [DefNew: 448K->63K(448K), 0.0008370 secs] 412216K->411916K(1048512K), 0.0009180 secs] [Times: user=0.00 sys=0.00, real=0.00 secs] 
34.586: [GC34.586: [DefNew: 447K->63K(448K), 0.0012520 secs] 412300K->412111K(1048512K), 0.0013070 secs] [Times: user=0.00 sys=0.00, real=0.01 secs] 
34.595: [GC34.595: [DefNew: 447K->63K(448K), 0.0011170 secs] 412495K->412248K(1048512K), 0.0011930 secs] [Times: user=0.01 sys=0.00, real=0.00 secs] 
34.607: [GC34.607: [DefNew: 447K->64K(448K), 0.0009880 secs] 412632K->412402K(1048512K), 0.0010390 secs] [Times: user=0.00 sys=0.00, real=0.00 secs] 
34.617: [GC34.617: [DefNew: 448K->63K(448K), 0.0010410 secs] 412786K->412555K(1048512K), 0.0010830 secs] [Times: user=0.00 sys=0.00, real=0.00 secs] 
34.628: [GC34.628: [DefNew: 447K->63K(448K), 0.0011660 secs] 412939K->412647K(1048512K), 0.0012160 secs] [Times: user=0.00 sys=0.00, real=0.00 secs] 
34.638: [GC34.638: [DefNew: 447K->63K(448K), 0.0007220 secs] 413031K->412736K(1048512K), 0.0007610 secs] [Times: user=0.00 sys=0.00, real=0.00 secs] 
34.649: [GC34.649: [DefNew: 447K->63K(448K), 0.0007560 secs] 413120K->412850K(1048512K), 0.0007900 secs] [Times: user=0.00 sys=0.00, real=0.00 secs] 
34.659: [GC34.659: [DefNew: 447K->63K(448K), 0.0007660 secs] 413234K->412940K(1048512K), 0.0008160 secs] [Times: user=0.00 sys=0.00, real=0.00 secs] 
34.670: [GC34.670: [DefNew: 447K->63K(448K), 0.0006020 secs] 413324K->413021K(1048512K), 0.0006360 secs] [Times: user=0.00 sys=0.00, real=0.00 secs] 
34.680: [GC34.680: [DefNew: 447K->63K(448K), 0.0031030 secs] 413405K->413138K(1048512K), 0.0033020 secs] [Times: user=0.00 sys=0.00, real=0.00 secs] 
34.693: [GC34.693: [DefNew: 447K->64K(448K), 0.0018110 secs] 413521K->413332K(1048512K), 0.0019810 secs] [Times: user=0.00 sys=0.00, real=0.00 secs] 
34.704: [GC34.704: [DefNew: 448K->63K(448K), 0.0017600 secs] 413716K->413553K(1048512K), 0.0018310 secs] [Times: user=0.00 sys=0.00, real=0.00 secs] 
34.715: [GC34.715: [DefNew: 447K->64K(448K), 0.0018470 secs] 413937K->413689K(1048512K), 0.0019250 secs] [Times: user=0.01 sys=0.00, real=0.01 secs] 
34.727: [GC34.727: [DefNew: 448K->63K(448K), 0.0013430 secs] 414073K->413799K(1048512K), 0.0014350 secs] [Times: user=0.00 sys=0.00, real=0.00 secs] 
34.738: [GC34.738: [DefNew: 447K->63K(448K), 0.0007140 secs] 414183K->413877K(1048512K), 0.0007570 secs] [Times: user=0.00 sys=0.00, real=0.00 secs] 
34.749: [GC34.749: [DefNew: 447K->63K(448K), 0.0007670 secs] 414261K->414000K(1048512K), 0.0008030 secs] [Times: user=0.00 sys=0.00, real=0.00 secs] 
34.759: [GC34.759: [DefNew: 447K->63K(448K), 0.0007160 secs] 414384K->414072K(1048512K), 0.0007600 secs] [Times: user=0.00 sys=0.00, real=0.00 secs] 
34.768: [GC34.768: [DefNew: 447K->63K(448K), 0.0006290 secs] 414456K->414160K(1048512K), 0.0006620 secs] [Times: user=0.00 sys=0.00, real=0.00 secs] 
34.778: [GC34.778: [DefNew: 447K->63K(448K), 0.0007060 secs] 414544K->414247K(1048512K), 0.0007440 secs] [Times: user=0.00 sys=0.00, real=0.00 secs] 
34.789: [GC34.789: [DefNew: 447K->64K(448K), 0.0006610 secs] 414631K->414337K(1048512K), 0.0007030 secs] [Times: user=0.00 sys=0.00, real=0.00 secs] 
34.800: [GC34.800: [DefNew: 448K->63K(448K), 0.0007010 secs] 414721K->414428K(1048512K), 0.0007360 secs] [Times: user=0.00 sys=0.00, real=0.00 secs] 
34.810: [GC34.810: [DefNew: 447K->63K(448K), 0.0006760 secs] 414812K->414518K(1048512K), 0.0007290 secs] [Times: user=0.01 sys=0.00, real=0.00 secs] 
34.821: [GC34.821: [DefNew: 447K->63K(448K), 0.0006360 secs] 414902K->414595K(1048512K), 0.0006680 secs] [Times: user=0.00 sys=0.00, real=0.00 secs] 
34.832: [GC34.832: [DefNew: 447K->63K(448K), 0.0007330 secs] 414979K->414691K(1048512K), 0.0007700 secs] [Times: user=0.00 sys=0.00, real=0.00 secs] 
34.842: [GC34.843: [DefNew: 447K->63K(448K), 0.0006940 secs] 415075K->414770K(1048512K), 0.0007400 secs] [Times: user=0.00 sys=0.00, real=0.00 secs] 
34.853: [GC34.853: [DefNew: 447K->63K(448K), 0.0006270 secs] 415154K->414862K(1048512K), 0.0006590 secs] [Times: user=0.00 sys=0.00, real=0.00 secs] 
34.864: [GC34.864: [DefNew: 447K->63K(448K), 0.0006440 secs] 415246K->414946K(1048512K), 0.0006890 secs] [Times: user=0.00 sys=0.00, real=0.00 secs] 
34.873: [GC34.873: [DefNew: 447K->64K(448K), 0.0005910 secs] 415330K->415026K(1048512K), 0.0006250 secs] [Times: user=0.00 sys=0.00, real=0.00 secs] 
34.884: [GC34.884: [DefNew: 448K->63K(448K), 0.0011120 secs] 415410K->415119K(1048512K), 0.0011710 secs] [Times: user=0.00 sys=0.00, real=0.00 secs] 
34.895: [GC34.895: [DefNew: 447K->64K(448K), 0.0013490 secs] 415503K->415257K(1048512K), 0.0014210 secs] [Times: user=0.00 sys=0.00, real=0.01 secs] 
34.907: [GC34.907: [DefNew: 447K->63K(448K), 0.0010520 secs] 415641K->415443K(1048512K), 0.0010920 secs] [Times: user=0.00 sys=0.00, real=0.00 secs] 
34.917: [GC34.917: [DefNew: 447K->64K(448K), 0.0009810 secs] 415827K->415590K(1048512K), 0.0010280 secs] [Times: user=0.00 sys=0.00, real=0.00 secs] 
34.929: [GC34.929: [DefNew: 448K->63K(448K), 0.0013020 secs] 415974K->415704K(1048512K), 0.0013550 secs] [Times: user=0.00 sys=0.00, real=0.00 secs] 
34.941: [GC34.941: [DefNew: 447K->63K(448K), 0.0015960 secs] 416088K->415847K(1048512K), 0.0016690 secs] [Times: user=0.00 sys=0.00, real=0.00 secs] 
34.951: [GC34.951: [DefNew: 447K->64K(448K), 0.0013210 secs] 416231K->415969K(1048512K), 0.0013770 secs] [Times: user=0.00 sys=0.00, real=0.00 secs] 
34.963: [GC34.963: [DefNew: 447K->63K(448K), 0.0012830 secs] 416353K->416106K(1048512K), 0.0013360 secs] [Times: user=0.01 sys=0.00, real=0.00 secs] 
34.974: [GC34.974: [DefNew: 447K->64K(448K), 0.0013450 secs] 416490K->416230K(1048512K), 0.0013970 secs] [Times: user=0.00 sys=0.00, real=0.00 secs] 
34.986: [GC34.986: [DefNew: 448K->63K(448K), 0.0013400 secs] 416614K->416373K(1048512K), 0.0013910 secs] [Times: user=0.00 sys=0.00, real=0.01 secs] 
34.997: [GC34.997: [DefNew: 447K->64K(448K), 0.0013520 secs] 416757K->416492K(1048512K), 0.0014030 secs] [Times: user=0.00 sys=0.00, real=0.00 secs] 
35.009: [GC35.009: [DefNew: 448K->64K(448K), 0.0012980 secs] 416876K->416637K(1048512K), 0.0013500 secs] [Times: user=0.00 sys=0.00, real=0.00 secs] 
35.021: [GC35.021: [DefNew: 448K->63K(448K), 0.0013820 secs] 417021K->416769K(1048512K), 0.0014420 secs] [Times: user=0.00 sys=0.00, real=0.00 secs] 
35.032: [GC35.032: [DefNew: 447K->63K(448K), 0.0013770 secs] 417153K->416920K(1048512K), 0.0014330 secs] [Times: user=0.00 sys=0.00, real=0.00 secs] 
35.043: [GC35.043: [DefNew: 447K->64K(448K), 0.0013510 secs] 417304K->417040K(1048512K), 0.0014000 secs] [Times: user=0.00 sys=0.00, real=0.00 secs] 
35.054: [GC35.054: [DefNew: 448K->63K(448K), 0.0011420 secs] 417424K->417172K(1048512K), 0.0012080 secs] [Times: user=0.00 sys=0.00, real=0.00 secs] 
35.064: [GC35.064: [DefNew: 447K->63K(448K), 0.0014020 secs] 417556K->417314K(1048512K), 0.0014820 secs] [Times: user=0.00 sys=0.00, real=0.00 secs] 
35.074: [GC35.074: [DefNew: 447K->64K(448K), 0.0018490 secs] 417698K->417446K(1048512K), 0.0019620 secs] [Times: user=0.00 sys=0.00, real=0.01 secs] 
35.086: [GC35.086: [DefNew: 448K->63K(448K), 0.0023680 secs] 417830K->417694K(1048512K), 0.0025190 secs] [Times: user=0.00 sys=0.00, real=0.01 secs] 
35.098: [GC35.098: [DefNew: 447K->64K(448K), 0.0022290 secs] 418078K->417902K(1048512K), 0.0023280 secs] [Times: user=0.00 sys=0.00, real=0.00 secs] 
35.109: [GC35.110: [DefNew: 448K->63K(448K), 0.0027930 secs] 418286K->418090K(1048512K), 0.0029260 secs] [Times: user=0.00 sys=0.00, real=0.00 secs] 
35.122: [GC35.122: [DefNew: 447K->63K(448K), 0.0009980 secs] 418474K->418243K(1048512K), 0.0010350 secs] [Times: user=0.00 sys=0.00, real=0.00 secs] 
35.133: [GC35.133: [DefNew: 447K->63K(448K), 0.0007930 secs] 418627K->418324K(1048512K), 0.0008370 secs] [Times: user=0.00 sys=0.00, real=0.00 secs] 
35.144: [GC35.144: [DefNew: 447K->64K(448K), 0.0006330 secs] 418708K->418407K(1048512K), 0.0006650 secs] [Times: user=0.00 sys=0.00, real=0.00 secs] 
35.154: [GC35.154: [DefNew: 447K->63K(448K), 0.0006210 secs] 418791K->418486K(1048512K), 0.0006530 secs] [Times: user=0.00 sys=0.00, real=0.00 secs] 
35.165: [GC35.165: [DefNew: 447K->63K(448K), 0.0010460 secs] 418870K->418584K(1048512K), 0.0010980 secs] [Times: user=0.00 sys=0.00, real=0.01 secs] 
35.177: [GC35.177: [DefNew: 447K->63K(448K), 0.0012330 secs] 418968K->418726K(1048512K), 0.0012830 secs] [Times: user=0.00 sys=0.00, real=0.00 secs] 
35.187: [GC35.187: [DefNew: 447K->63K(448K), 0.0014720 secs] 419110K->418874K(1048512K), 0.0015210 secs] [Times: user=0.00 sys=0.00, real=0.00 secs] 
35.199: [GC35.199: [DefNew: 447K->63K(448K), 0.0013290 secs] 419258K->419004K(1048512K), 0.0013810 secs] [Times: user=0.01 sys=0.00, real=0.00 secs] 
35.211: [GC35.211: [DefNew: 447K->64K(448K), 0.0013980 secs] 419388K->419150K(1048512K), 0.0014510 secs] [Times: user=0.00 sys=0.00, real=0.00 secs] 
35.223: [GC35.223: [DefNew: 448K->63K(448K), 0.0013220 secs] 419534K->419272K(1048512K), 0.0013730 secs] [Times: user=0.00 sys=0.00, real=0.00 secs] 
35.234: [GC35.234: [DefNew: 447K->63K(448K), 0.0013920 secs] 419656K->419420K(1048512K), 0.0014510 secs] [Times: user=0.00 sys=0.00, real=0.00 secs] 
35.246: [GC35.246: [DefNew: 447K->63K(448K), 0.0013580 secs] 419804K->419549K(1048512K), 0.0014210 secs] [Times: user=0.00 sys=0.00, real=0.01 secs] 
35.256: [GC35.256: [DefNew: 447K->63K(448K), 0.0012730 secs] 419933K->419720K(1048512K), 0.0013390 secs] [Times: user=0.01 sys=0.00, real=0.01 secs] 
35.267: [GC35.267: [DefNew: 447K->63K(448K), 0.0008370 secs] 420104K->419830K(1048512K), 0.0008770 secs] [Times: user=0.00 sys=0.00, real=0.00 secs] 
35.278: [GC35.278: [DefNew: 447K->63K(448K), 0.0011390 secs] 420214K->419936K(1048512K), 0.0011970 secs] [Times: user=0.00 sys=0.00, real=0.00 secs] 
35.289: [GC35.289: [DefNew: 447K->64K(448K), 0.0012940 secs] 420320K->420064K(1048512K), 0.0013440 secs] [Times: user=0.00 sys=0.00, real=0.00 secs] 
35.300: [GC35.300: [DefNew: 448K->64K(448K), 0.0016180 secs] 420448K->420204K(1048512K), 0.0016810 secs] [Times: user=0.00 sys=0.00, real=0.00 secs] 
35.312: [GC35.312: [DefNew: 447K->63K(448K), 0.0018510 secs] 420587K->420344K(1048512K), 0.0019750 secs] [Times: user=0.00 sys=0.00, real=0.00 secs] 
35.322: [GC35.322: [DefNew: 447K->63K(448K), 0.0010450 secs] 420728K->420567K(1048512K), 0.0010870 secs] [Times: user=0.00 sys=0.00, real=0.00 secs] 
35.332: [GC35.332: [DefNew: 447K->64K(448K), 0.0015810 secs] 420951K->420700K(1048512K), 0.0016480 secs] [Times: user=0.00 sys=0.00, real=0.00 secs] 
35.343: [GC35.343: [DefNew: 447K->63K(448K), 0.0008070 secs] 421084K->420779K(1048512K), 0.0008420 secs] [Times: user=0.00 sys=0.00, real=0.00 secs] 
35.354: [GC35.354: [DefNew: 447K->64K(448K), 0.0006260 secs] 421162K->420862K(1048512K), 0.0006620 secs] [Times: user=0.00 sys=0.00, real=0.00 secs] 
35.363: [GC35.363: [DefNew: 448K->63K(448K), 0.0006770 secs] 421246K->420951K(1048512K), 0.0007210 secs] [Times: user=0.00 sys=0.00, real=0.00 secs] 
35.373: [GC35.373: [DefNew: 447K->64K(448K), 0.0008040 secs] 421335K->421031K(1048512K), 0.0008500 secs] [Times: user=0.00 sys=0.00, real=0.00 secs] 
35.382: [GC35.382: [DefNew: 448K->63K(448K), 0.0005700 secs] 421415K->421112K(1048512K), 0.0006130 secs] [Times: user=0.00 sys=0.00, real=0.00 secs] 
35.392: [GC35.392: [DefNew: 447K->64K(448K), 0.0007280 secs] 421496K->421201K(1048512K), 0.0007760 secs] [Times: user=0.00 sys=0.00, real=0.00 secs] 
35.401: [GC35.401: [DefNew: 448K->64K(448K), 0.0006190 secs] 421585K->421274K(1048512K), 0.0006620 secs] [Times: user=0.01 sys=0.00, real=0.00 secs] 
35.410: [GC35.410: [DefNew: 448K->64K(448K), 0.0006920 secs] 421658K->421357K(1048512K), 0.0007390 secs] [Times: user=0.00 sys=0.00, real=0.00 secs] 
35.419: [GC35.419: [DefNew: 448K->63K(448K), 0.0005800 secs] 421741K->421441K(1048512K), 0.0006130 secs] [Times: user=0.00 sys=0.00, real=0.00 secs] 
35.428: [GC35.428: [DefNew: 447K->63K(448K), 0.0007510 secs] 421825K->421511K(1048512K), 0.0008280 secs] [Times: user=0.00 sys=0.00, real=0.00 secs] 
35.438: [GC35.438: [DefNew: 447K->63K(448K), 0.0006830 secs] 421895K->421600K(1048512K), 0.0007290 secs] [Times: user=0.00 sys=0.00, real=0.00 secs] 
35.448: [GC35.448: [DefNew: 447K->64K(448K), 0.0006890 secs] 421984K->421679K(1048512K), 0.0007440 secs] [Times: user=0.00 sys=0.00, real=0.00 secs] 
35.457: [GC35.457: [DefNew: 447K->63K(448K), 0.0006400 secs] 422063K->421763K(1048512K), 0.0006950 secs] [Times: user=0.00 sys=0.00, real=0.00 secs] 
35.466: [GC35.466: [DefNew: 447K->64K(448K), 0.0006010 secs] 422147K->421848K(1048512K), 0.0006380 secs] [Times: user=0.00 sys=0.00, real=0.00 secs] 
35.476: [GC35.476: [DefNew: 447K->63K(448K), 0.0020890 secs] 422232K->421951K(1048512K), 0.0022220 secs] [Times: user=0.00 sys=0.00, real=0.01 secs] 
35.486: [GC35.486: [DefNew: 447K->63K(448K), 0.0007940 secs] 422335K->422085K(1048512K), 0.0008400 secs] [Times: user=0.01 sys=0.00, real=0.00 secs] 
35.497: [GC35.497: [DefNew: 447K->63K(448K), 0.0012290 secs] 422469K->422200K(1048512K), 0.0012960 secs] [Times: user=0.00 sys=0.00, real=0.00 secs] 
35.505: [GC35.505: [DefNew: 447K->63K(448K), 0.0009450 secs] 422584K->422301K(1048512K), 0.0010090 secs] [Times: user=0.00 sys=0.00, real=0.00 secs] 
35.515: [GC35.515: [DefNew: 447K->63K(448K), 0.0007680 secs] 422685K->422387K(1048512K), 0.0008200 secs] [Times: user=0.00 sys=0.00, real=0.00 secs] 
35.526: [GC35.526: [DefNew: 447K->63K(448K), 0.0028480 secs] 422771K->422653K(1048512K), 0.0029930 secs] [Times: user=0.00 sys=0.00, real=0.01 secs] 
35.538: [GC35.538: [DefNew: 447K->63K(448K), 0.0011790 secs] 423037K->422823K(1048512K), 0.0012370 secs] [Times: user=0.00 sys=0.00, real=0.00 secs] 
35.549: [GC35.549: [DefNew: 447K->64K(448K), 0.0008920 secs] 423207K->422906K(1048512K), 0.0009330 secs] [Times: user=0.00 sys=0.00, real=0.00 secs] 
35.558: [GC35.558: [DefNew: 448K->63K(448K), 0.0006750 secs] 423290K->422995K(1048512K), 0.0007210 secs] [Times: user=0.00 sys=0.00, real=0.00 secs] 
35.568: [GC35.568: [DefNew: 447K->64K(448K), 0.0006820 secs] 423379K->423080K(1048512K), 0.0007430 secs] [Times: user=0.00 sys=0.00, real=0.00 secs] 
35.577: [GC35.577: [DefNew: 448K->63K(448K), 0.0008880 secs] 423464K->423166K(1048512K), 0.0009540 secs] [Times: user=0.00 sys=0.00, real=0.00 secs] 
35.587: [GC35.587: [DefNew: 447K->63K(448K), 0.0007110 secs] 423550K->423242K(1048512K), 0.0007560 secs] [Times: user=0.00 sys=0.00, real=0.00 secs] 
35.597: [GC35.597: [DefNew: 447K->63K(448K), 0.0006800 secs] 423626K->423335K(1048512K), 0.0007250 secs] [Times: user=0.00 sys=0.00, real=0.00 secs] 
35.606: [GC35.606: [DefNew: 447K->63K(448K), 0.0006460 secs] 423719K->423414K(1048512K), 0.0006960 secs] [Times: user=0.00 sys=0.00, real=0.00 secs] 
35.616: [GC35.616: [DefNew: 447K->63K(448K), 0.0006200 secs] 423798K->423505K(1048512K), 0.0006760 secs] [Times: user=0.00 sys=0.00, real=0.01 secs] 
35.625: [GC35.625: [DefNew: 447K->63K(448K), 0.0005790 secs] 423889K->423585K(1048512K), 0.0006220 secs] [Times: user=0.00 sys=0.00, real=0.00 secs] 
35.635: [GC35.635: [DefNew: 447K->63K(448K), 0.0005850 secs] 423968K->423675K(1048512K), 0.0006180 secs] [Times: user=0.00 sys=0.00, real=0.00 secs] 
35.643: [GC35.643: [DefNew: 447K->63K(448K), 0.0006430 secs] 424059K->423747K(1048512K), 0.0006800 secs] [Times: user=0.01 sys=0.00, real=0.00 secs] 
35.652: [GC35.652: [DefNew: 447K->63K(448K), 0.0007110 secs] 424131K->423843K(1048512K), 0.0007610 secs] [Times: user=0.00 sys=0.01, real=0.00 secs] 
35.661: [GC35.661: [DefNew: 447K->63K(448K), 0.0006600 secs] 424227K->423912K(1048512K), 0.0007050 secs] [Times: user=0.00 sys=0.00, real=0.00 secs] 
35.670: [GC35.670: [DefNew: 447K->64K(448K), 0.0007140 secs] 424296K->423979K(1048512K), 0.0007770 secs] [Times: user=0.00 sys=0.00, real=0.00 secs] 
35.680: [GC35.680: [DefNew: 447K->64K(448K), 0.0006940 secs] 424362K->424094K(1048512K), 0.0007630 secs] [Times: user=0.00 sys=0.00, real=0.00 secs] 
35.690: [GC35.690: [DefNew: 448K->64K(448K), 0.0008820 secs] 424478K->424198K(1048512K), 0.0009340 secs] [Times: user=0.00 sys=0.00, real=0.00 secs] 
35.700: [GC35.700: [DefNew: 448K->63K(448K), 0.0022290 secs] 424582K->424378K(1048512K), 0.0022880 secs] [Times: user=0.00 sys=0.00, real=0.00 secs] 
35.711: [GC35.711: [DefNew: 447K->63K(448K), 0.0018520 secs] 424762K->424515K(1048512K), 0.0019240 secs] [Times: user=0.01 sys=0.00, real=0.00 secs] 
35.722: [GC35.722: [DefNew: 447K->63K(448K), 0.0054990 secs] 424898K->424713K(1048512K), 0.0057080 secs] [Times: user=0.00 sys=0.00, real=0.01 secs] 
35.737: [GC35.737: [DefNew: 447K->63K(448K), 0.0030450 secs] 425097K->424913K(1048512K), 0.0031400 secs] [Times: user=0.00 sys=0.00, real=0.00 secs] 
35.750: [GC35.750: [DefNew: 447K->64K(448K), 0.0022540 secs] 425297K->425132K(1048512K), 0.0023780 secs] [Times: user=0.01 sys=0.00, real=0.00 secs] 
35.763: [GC35.763: [DefNew: 448K->63K(448K), 0.0025350 secs] 425516K->425380K(1048512K), 0.0026390 secs] [Times: user=0.00 sys=0.00, real=0.00 secs] 
35.774: [GC35.774: [DefNew: 447K->64K(448K), 0.0010930 secs] 425763K->425552K(1048512K), 0.0011350 secs] [Times: user=0.00 sys=0.00, real=0.00 secs] 
35.785: [GC35.785: [DefNew: 448K->63K(448K), 0.0012220 secs] 425936K->425764K(1048512K), 0.0012820 secs] [Times: user=0.00 sys=0.00, real=0.01 secs] 
35.796: [GC35.796: [DefNew: 447K->63K(448K), 0.0020180 secs] 426148K->425913K(1048512K), 0.0021050 secs] [Times: user=0.01 sys=0.00, real=0.01 secs] 
35.808: [GC35.808: [DefNew: 447K->63K(448K), 0.0007130 secs] 426297K->425995K(1048512K), 0.0007460 secs] [Times: user=0.00 sys=0.00, real=0.00 secs] 
35.819: [GC35.819: [DefNew: 447K->64K(448K), 0.0007000 secs] 426379K->426080K(1048512K), 0.0007390 secs] [Times: user=0.00 sys=0.00, real=0.00 secs] 
35.829: [GC35.829: [DefNew: 447K->64K(448K), 0.0007140 secs] 426464K->426162K(1048512K), 0.0007660 secs] [Times: user=0.00 sys=0.00, real=0.00 secs] 
35.839: [GC35.839: [DefNew: 448K->63K(448K), 0.0005990 secs] 426546K->426244K(1048512K), 0.0006340 secs] [Times: user=0.00 sys=0.00, real=0.00 secs] 
35.849: [GC35.849: [DefNew: 447K->64K(448K), 0.0005680 secs] 426628K->426317K(1048512K), 0.0006000 secs] [Times: user=0.00 sys=0.00, real=0.00 secs] 
35.859: [GC35.859: [DefNew: 448K->63K(448K), 0.0007700 secs] 426701K->426408K(1048512K), 0.0008340 secs] [Times: user=0.00 sys=0.00, real=0.00 secs] 
35.869: [GC35.869: [DefNew: 447K->63K(448K), 0.0006660 secs] 426792K->426495K(1048512K), 0.0007090 secs] [Times: user=0.00 sys=0.00, real=0.00 secs] 
35.877: [GC35.877: [DefNew: 447K->63K(448K), 0.0006730 secs] 426879K->426585K(1048512K), 0.0007190 secs] [Times: user=0.00 sys=0.00, real=0.00 secs] 
35.887: [GC35.887: [DefNew: 447K->63K(448K), 0.0006500 secs] 426969K->426665K(1048512K), 0.0007100 secs] [Times: user=0.00 sys=0.00, real=0.00 secs] 
35.896: [GC35.896: [DefNew: 447K->63K(448K), 0.0005810 secs] 427049K->426746K(1048512K), 0.0006160 secs] [Times: user=0.01 sys=0.00, real=0.00 secs] 
35.906: [GC35.906: [DefNew: 447K->63K(448K), 0.0007590 secs] 427130K->426824K(1048512K), 0.0008140 secs] [Times: user=0.00 sys=0.00, real=0.01 secs] 
35.916: [GC35.916: [DefNew: 447K->64K(448K), 0.0006230 secs] 427208K->426908K(1048512K), 0.0006650 secs] [Times: user=0.00 sys=0.00, real=0.01 secs] 
35.925: [GC35.925: [DefNew: 448K->64K(448K), 0.0006950 secs] 427292K->426988K(1048512K), 0.0007440 secs] [Times: user=0.00 sys=0.00, real=0.00 secs] 
35.934: [GC35.934: [DefNew: 448K->63K(448K), 0.0008180 secs] 427372K->427066K(1048512K), 0.0008760 secs] [Times: user=0.00 sys=0.00, real=0.00 secs] 
35.944: [GC35.944: [DefNew: 447K->63K(448K), 0.0009090 secs] 427450K->427207K(1048512K), 0.0009920 secs] [Times: user=0.00 sys=0.00, real=0.00 secs] 
35.954: [GC35.954: [DefNew: 447K->64K(448K), 0.0019790 secs] 427591K->427383K(1048512K), 0.0022140 secs] [Times: user=0.00 sys=0.00, real=0.01 secs] 
35.964: [GC35.964: [DefNew: 448K->64K(448K), 0.0014310 secs] 427767K->427524K(1048512K), 0.0015110 secs] [Times: user=0.01 sys=0.00, real=0.00 secs] 
35.975: [GC35.975: [DefNew: 448K->63K(448K), 0.0018980 secs] 427908K->427687K(1048512K), 0.0020970 secs] [Times: user=0.00 sys=0.00, real=0.01 secs] 
35.987: [GC35.987: [DefNew: 447K->63K(448K), 0.0010230 secs] 428071K->427836K(1048512K), 0.0010900 secs] [Times: user=0.00 sys=0.00, real=0.00 secs] 
35.997: [GC35.997: [DefNew: 447K->63K(448K), 0.0015140 secs] 428220K->427950K(1048512K), 0.0016030 secs] [Times: user=0.00 sys=0.00, real=0.00 secs] 
36.007: [GC36.007: [DefNew: 447K->63K(448K), 0.0006900 secs] 428334K->428036K(1048512K), 0.0007300 secs] [Times: user=0.00 sys=0.00, real=0.00 secs] 
36.017: [GC36.017: [DefNew: 447K->64K(448K), 0.0006330 secs] 428420K->428122K(1048512K), 0.0006820 secs] [Times: user=0.00 sys=0.00, real=0.00 secs] 
36.027: [GC36.027: [DefNew: 448K->63K(448K), 0.0031160 secs] 428506K->428209K(1048512K), 0.0032690 secs] [Times: user=0.01 sys=0.00, real=0.00 secs] 
36.039: [GC36.039: [DefNew: 447K->63K(448K), 0.0010930 secs] 428593K->428432K(1048512K), 0.0011420 secs] [Times: user=0.00 sys=0.00, real=0.00 secs] 
36.051: [GC36.051: [DefNew: 447K->64K(448K), 0.0025020 secs] 428815K->428655K(1048512K), 0.0025670 secs] [Times: user=0.00 sys=0.00, real=0.00 secs] 
36.062: [GC36.062: [DefNew: 448K->63K(448K), 0.0014970 secs] 429039K->428760K(1048512K), 0.0015670 secs] [Times: user=0.00 sys=0.00, real=0.00 secs] 
36.073: [GC36.073: [DefNew: 447K->63K(448K), 0.0014090 secs] 429144K->428919K(1048512K), 0.0014740 secs] [Times: user=0.00 sys=0.00, real=0.00 secs] 
36.084: [GC36.084: [DefNew: 447K->64K(448K), 0.0020350 secs] 429303K->429088K(1048512K), 0.0022880 secs] [Times: user=0.00 sys=0.00, real=0.01 secs] 
36.096: [GC36.096: [DefNew: 448K->63K(448K), 0.0020300 secs] 429472K->429233K(1048512K), 0.0022810 secs] [Times: user=0.00 sys=0.00, real=0.01 secs] 
36.106: [GC36.106: [DefNew: 447K->63K(448K), 0.0009320 secs] 429617K->429378K(1048512K), 0.0009930 secs] [Times: user=0.00 sys=0.00, real=0.01 secs] 
36.116: [GC36.116: [DefNew: 447K->63K(448K), 0.0013840 secs] 429762K->429578K(1048512K), 0.0014940 secs] [Times: user=0.00 sys=0.00, real=0.01 secs] 
36.127: [GC36.127: [DefNew: 447K->64K(448K), 0.0017250 secs] 429962K->429694K(1048512K), 0.0018810 secs] [Times: user=0.01 sys=0.00, real=0.00 secs] 
36.138: [GC36.138: [DefNew: 448K->63K(448K), 0.0008380 secs] 430078K->429779K(1048512K), 0.0008870 secs] [Times: user=0.00 sys=0.00, real=0.00 secs] 
36.147: [GC36.147: [DefNew: 447K->63K(448K), 0.0007150 secs] 430163K->429875K(1048512K), 0.0007590 secs] [Times: user=0.00 sys=0.00, real=0.00 secs] 
36.157: [GC36.157: [DefNew: 447K->64K(448K), 0.0008250 secs] 430259K->429974K(1048512K), 0.0008770 secs] [Times: user=0.00 sys=0.00, real=0.00 secs] 
36.166: [GC36.166: [DefNew: 448K->63K(448K), 0.0007460 secs] 430358K->430095K(1048512K), 0.0008100 secs] [Times: user=0.00 sys=0.00, real=0.01 secs] 
36.176: [GC36.176: [DefNew: 447K->63K(448K), 0.0008380 secs] 430479K->430215K(1048512K), 0.0008860 secs] [Times: user=0.00 sys=0.00, real=0.01 secs] 
36.184: [GC36.184: [DefNew: 447K->64K(448K), 0.0009570 secs] 430599K->430343K(1048512K), 0.0011260 secs] [Times: user=0.00 sys=0.00, real=0.00 secs] 
36.194: [GC36.194: [DefNew: 448K->63K(448K), 0.0008560 secs] 430727K->430435K(1048512K), 0.0009030 secs] [Times: user=0.00 sys=0.00, real=0.00 secs] 
36.204: [GC36.204: [DefNew: 447K->63K(448K), 0.0007730 secs] 430819K->430508K(1048512K), 0.0008220 secs] [Times: user=0.01 sys=0.00, real=0.00 secs] 
36.213: [GC36.213: [DefNew: 447K->64K(448K), 0.0006310 secs] 430892K->430602K(1048512K), 0.0006790 secs] [Times: user=0.00 sys=0.00, real=0.00 secs] 
36.223: [GC36.223: [DefNew: 448K->63K(448K), 0.0006600 secs] 430986K->430692K(1048512K), 0.0007030 secs] [Times: user=0.00 sys=0.00, real=0.00 secs] 
36.233: [GC36.233: [DefNew: 447K->63K(448K), 0.0011670 secs] 431076K->430802K(1048512K), 0.0012270 secs] [Times: user=0.00 sys=0.00, real=0.00 secs] 
36.243: [GC36.243: [DefNew: 447K->63K(448K), 0.0025840 secs] 431186K->430976K(1048512K), 0.0027020 secs] [Times: user=0.00 sys=0.00, real=0.00 secs] 
36.255: [GC36.255: [DefNew: 447K->64K(448K), 0.0014680 secs] 431360K->431164K(1048512K), 0.0015360 secs] [Times: user=0.00 sys=0.00, real=0.01 secs] 
36.266: [GC36.266: [DefNew: 447K->64K(448K), 0.0023600 secs] 431548K->431357K(1048512K), 0.0024660 secs] [Times: user=0.01 sys=0.00, real=0.01 secs] 
36.278: [GC36.278: [DefNew: 448K->63K(448K), 0.0009170 secs] 431741K->431448K(1048512K), 0.0009540 secs] [Times: user=0.00 sys=0.00, real=0.00 secs] 
36.289: [GC36.289: [DefNew: 447K->63K(448K), 0.0006970 secs] 431832K->431535K(1048512K), 0.0007320 secs] [Times: user=0.00 sys=0.00, real=0.00 secs] 
36.300: [GC36.300: [DefNew: 447K->63K(448K), 0.0013120 secs] 431919K->431654K(1048512K), 0.0013690 secs] [Times: user=0.00 sys=0.00, real=0.00 secs] 
36.312: [GC36.312: [DefNew: 447K->63K(448K), 0.0013690 secs] 432038K->431778K(1048512K), 0.0014200 secs] [Times: user=0.00 sys=0.00, real=0.00 secs] 
36.322: [GC36.322: [DefNew: 447K->63K(448K), 0.0012650 secs] 432162K->431916K(1048512K), 0.0013160 secs] [Times: user=0.00 sys=0.00, real=0.00 secs] 
36.331: [GC36.331: [DefNew: 447K->63K(448K), 0.0007640 secs] 432300K->432007K(1048512K), 0.0007970 secs] [Times: user=0.01 sys=0.00, real=0.00 secs] 
36.341: [GC36.341: [DefNew: 447K->63K(448K), 0.0007490 secs] 432391K->432094K(1048512K), 0.0007990 secs] [Times: user=0.00 sys=0.00, real=0.00 secs] 
36.352: [GC36.352: [DefNew: 447K->63K(448K), 0.0006390 secs] 432478K->432172K(1048512K), 0.0006750 secs] [Times: user=0.00 sys=0.00, real=0.00 secs] 
36.362: [GC36.363: [DefNew: 447K->63K(448K), 0.0006150 secs] 432556K->432268K(1048512K), 0.0006480 secs] [Times: user=0.00 sys=0.00, real=0.00 secs] 
36.373: [GC36.373: [DefNew: 447K->63K(448K), 0.0006270 secs] 432652K->432350K(1048512K), 0.0006610 secs] [Times: user=0.00 sys=0.00, real=0.00 secs] 
36.384: [GC36.384: [DefNew: 447K->63K(448K), 0.0011650 secs] 432734K->432472K(1048512K), 0.0012220 secs] [Times: user=0.00 sys=0.00, real=0.00 secs] 
36.396: [GC36.396: [DefNew: 447K->64K(448K), 0.0012570 secs] 432856K->432606K(1048512K), 0.0013080 secs] [Times: user=0.00 sys=0.00, real=0.01 secs] 
36.407: [GC36.407: [DefNew: 448K->64K(448K), 0.0013280 secs] 432990K->432751K(1048512K), 0.0013790 secs] [Times: user=0.00 sys=0.00, real=0.00 secs] 
36.418: [GC36.418: [DefNew: 447K->64K(448K), 0.0013910 secs] 433135K->432884K(1048512K), 0.0014400 secs] [Times: user=0.00 sys=0.00, real=0.00 secs] 
36.430: [GC36.430: [DefNew: 447K->64K(448K), 0.0014090 secs] 433268K->433025K(1048512K), 0.0014600 secs] [Times: user=0.00 sys=0.00, real=0.00 secs] 
36.442: [GC36.442: [DefNew: 448K->64K(448K), 0.0016950 secs] 433409K->433175K(1048512K), 0.0017850 secs] [Times: user=0.00 sys=0.00, real=0.00 secs] 
36.454: [GC36.454: [DefNew: 448K->63K(448K), 0.0016450 secs] 433559K->433377K(1048512K), 0.0017350 secs] [Times: user=0.00 sys=0.00, real=0.00 secs] 
36.465: [GC36.465: [DefNew: 447K->63K(448K), 0.0015630 secs] 433761K->433497K(1048512K), 0.0016470 secs] [Times: user=0.01 sys=0.00, real=0.01 secs] 
36.477: [GC36.477: [DefNew: 447K->64K(448K), 0.0006610 secs] 433881K->433579K(1048512K), 0.0006940 secs] [Times: user=0.00 sys=0.00, real=0.00 secs] 
36.486: [GC36.486: [DefNew: 448K->64K(448K), 0.0006490 secs] 433963K->433664K(1048512K), 0.0006920 secs] [Times: user=0.00 sys=0.00, real=0.00 secs] 
36.497: [GC36.497: [DefNew: 448K->64K(448K), 0.0010990 secs] 434048K->433752K(1048512K), 0.0011490 secs] [Times: user=0.00 sys=0.00, real=0.00 secs] 
36.509: [GC36.509: [DefNew: 448K->64K(448K), 0.0011990 secs] 434136K->433900K(1048512K), 0.0012510 secs] [Times: user=0.00 sys=0.00, real=0.00 secs] 
36.519: [GC36.520: [DefNew: 448K->63K(448K), 0.0014070 secs] 434284K->434035K(1048512K), 0.0014680 secs] [Times: user=0.00 sys=0.00, real=0.00 secs] 
36.531: [GC36.531: [DefNew: 447K->63K(448K), 0.0013510 secs] 434419K->434169K(1048512K), 0.0014230 secs] [Times: user=0.00 sys=0.00, real=0.00 secs] 
36.543: [GC36.543: [DefNew: 447K->63K(448K), 0.0015200 secs] 434553K->434317K(1048512K), 0.0015810 secs] [Times: user=0.01 sys=0.00, real=0.00 secs] 
36.554: [GC36.554: [DefNew: 447K->63K(448K), 0.0014170 secs] 434701K->434459K(1048512K), 0.0014700 secs] [Times: user=0.00 sys=0.00, real=0.00 secs] 
36.565: [GC36.565: [DefNew: 447K->63K(448K), 0.0014840 secs] 434843K->434608K(1048512K), 0.0015330 secs] [Times: user=0.00 sys=0.00, real=0.01 secs] 
36.577: [GC36.577: [DefNew: 447K->63K(448K), 0.0013560 secs] 434991K->434741K(1048512K), 0.0014060 secs] [Times: user=0.00 sys=0.00, real=0.00 secs] 
36.588: [GC36.588: [DefNew: 447K->63K(448K), 0.0010320 secs] 435125K->434874K(1048512K), 0.0010920 secs] [Times: user=0.00 sys=0.00, real=0.00 secs] 
36.598: [GC36.598: [DefNew: 447K->63K(448K), 0.0007380 secs] 435258K->434965K(1048512K), 0.0007730 secs] [Times: user=0.00 sys=0.00, real=0.00 secs] 
36.607: [GC36.607: [DefNew: 447K->63K(448K), 0.0008720 secs] 435349K->435059K(1048512K), 0.0009200 secs] [Times: user=0.01 sys=0.00, real=0.00 secs] 
36.617: [GC36.617: [DefNew: 447K->63K(448K), 0.0006270 secs] 435443K->435133K(1048512K), 0.0006710 secs] [Times: user=0.00 sys=0.00, real=0.00 secs] 
36.626: [GC36.626: [DefNew: 447K->63K(448K), 0.0005910 secs] 435517K->435214K(1048512K), 0.0006350 secs] [Times: user=0.00 sys=0.00, real=0.01 secs] 
36.635: [GC36.635: [DefNew: 447K->64K(448K), 0.0006620 secs] 435598K->435288K(1048512K), 0.0007070 secs] [Times: user=0.00 sys=0.00, real=0.00 secs] 
36.645: [GC36.645: [DefNew: 448K->63K(448K), 0.0005340 secs] 435672K->435364K(1048512K), 0.0005650 secs] [Times: user=0.00 sys=0.00, real=0.00 secs] 
36.654: [GC36.654: [DefNew: 447K->63K(448K), 0.0032530 secs] 435748K->435461K(1048512K), 0.0034400 secs] [Times: user=0.00 sys=0.00, real=0.01 secs] 
36.668: [GC36.668: [DefNew: 447K->63K(448K), 0.0026060 secs] 435845K->435704K(1048512K), 0.0027040 secs] [Times: user=0.01 sys=0.00, real=0.00 secs] 
36.679: [GC36.679: [DefNew: 447K->63K(448K), 0.0012050 secs] 436088K->435797K(1048512K), 0.0012660 secs] [Times: user=0.00 sys=0.00, real=0.00 secs] 
36.689: [GC36.689: [DefNew: 447K->63K(448K), 0.0007340 secs] 436181K->435889K(1048512K), 0.0007810 secs] [Times: user=0.00 sys=0.00, real=0.00 secs] 
36.699: [GC36.699: [DefNew: 447K->64K(448K), 0.0006570 secs] 436273K->435977K(1048512K), 0.0006960 secs] [Times: user=0.00 sys=0.00, real=0.00 secs] 
36.707: [GC36.707: [DefNew: 448K->64K(448K), 0.0005890 secs] 436361K->436061K(1048512K), 0.0006650 secs] [Times: user=0.00 sys=0.00, real=0.00 secs] 
36.717: [GC36.717: [DefNew: 447K->63K(448K), 0.0006310 secs] 436444K->436155K(1048512K), 0.0006640 secs] [Times: user=0.00 sys=0.00, real=0.00 secs] 
36.726: [GC36.726: [DefNew: 447K->64K(448K), 0.0007290 secs] 436539K->436229K(1048512K), 0.0008120 secs] [Times: user=0.00 sys=0.00, real=0.01 secs] 
36.736: [GC36.736: [DefNew: 448K->63K(448K), 0.0007470 secs] 436613K->436316K(1048512K), 0.0008150 secs] [Times: user=0.00 sys=0.00, real=0.01 secs] 
36.745: [GC36.745: [DefNew: 447K->63K(448K), 0.0006520 secs] 436700K->436389K(1048512K), 0.0006960 secs] [Times: user=0.00 sys=0.00, real=0.00 secs] 
36.755: [GC36.755: [DefNew: 447K->63K(448K), 0.0007120 secs] 436773K->436482K(1048512K), 0.0007590 secs] [Times: user=0.00 sys=0.00, real=0.00 secs] 
36.764: [GC36.764: [DefNew: 447K->64K(448K), 0.0011900 secs] 436866K->436567K(1048512K), 0.0012420 secs] [Times: user=0.01 sys=0.00, real=0.00 secs] 
36.774: [GC36.774: [DefNew: 448K->63K(448K), 0.0008640 secs] 436951K->436655K(1048512K), 0.0009130 secs] [Times: user=0.00 sys=0.00, real=0.00 secs] 
36.784: [GC36.784: [DefNew: 447K->64K(448K), 0.0006290 secs] 437039K->436734K(1048512K), 0.0006730 secs] [Times: user=0.00 sys=0.00, real=0.00 secs] 
36.794: [GC36.794: [DefNew: 447K->64K(448K), 0.0006430 secs] 437117K->436834K(1048512K), 0.0006890 secs] [Times: user=0.00 sys=0.00, real=0.00 secs] 
36.804: [GC36.804: [DefNew: 448K->63K(448K), 0.0006610 secs] 437218K->436908K(1048512K), 0.0007220 secs] [Times: user=0.00 sys=0.00, real=0.00 secs] 
36.812: [GC36.812: [DefNew: 447K->64K(448K), 0.0006720 secs] 437292K->436998K(1048512K), 0.0007150 secs] [Times: user=0.00 sys=0.00, real=0.00 secs] 
36.821: [GC36.821: [DefNew: 448K->64K(448K), 0.0006200 secs] 437382K->437078K(1048512K), 0.0006600 secs] [Times: user=0.00 sys=0.00, real=0.00 secs] 
36.831: [GC36.831: [DefNew: 447K->63K(448K), 0.0007460 secs] 437462K->437164K(1048512K), 0.0007960 secs] [Times: user=0.00 sys=0.00, real=0.00 secs] 
36.841: [GC36.841: [DefNew: 447K->64K(448K), 0.0006630 secs] 437548K->437244K(1048512K), 0.0007150 secs] [Times: user=0.00 sys=0.00, real=0.00 secs] 
36.850: [GC36.850: [DefNew: 447K->64K(448K), 0.0007280 secs] 437628K->437338K(1048512K), 0.0007730 secs] [Times: user=0.00 sys=0.00, real=0.00 secs] 
36.860: [GC36.860: [DefNew: 448K->64K(448K), 0.0012640 secs] 437722K->437431K(1048512K), 0.0013950 secs] [Times: user=0.00 sys=0.01, real=0.00 secs] 
36.873: [GC36.873: [DefNew: 447K->63K(448K), 0.0029520 secs] 437815K->437642K(1048512K), 0.0031340 secs] [Times: user=0.00 sys=0.00, real=0.00 secs] 
36.886: [GC36.886: [DefNew: 447K->64K(448K), 0.0022170 secs] 438026K->437842K(1048512K), 0.0023090 secs] [Times: user=0.00 sys=0.00, real=0.01 secs] 
36.896: [GC36.896: [DefNew: 448K->63K(448K), 0.0009120 secs] 438226K->437932K(1048512K), 0.0009600 secs] [Times: user=0.00 sys=0.00, real=0.01 secs] 
36.905: [GC36.905: [DefNew: 447K->64K(448K), 0.0007960 secs] 438316K->438020K(1048512K), 0.0008420 secs] [Times: user=0.00 sys=0.00, real=0.00 secs] 
36.915: [GC36.915: [DefNew: 448K->63K(448K), 0.0006790 secs] 438404K->438102K(1048512K), 0.0007220 secs] [Times: user=0.01 sys=0.00, real=0.00 secs] 
36.925: [GC36.925: [DefNew: 447K->63K(448K), 0.0006410 secs] 438486K->438191K(1048512K), 0.0006750 secs] [Times: user=0.00 sys=0.00, real=0.00 secs] 
36.934: [GC36.934: [DefNew: 447K->63K(448K), 0.0008820 secs] 438575K->438272K(1048512K), 0.0009510 secs] [Times: user=0.00 sys=0.00, real=0.00 secs] 
36.944: [GC36.944: [DefNew: 447K->63K(448K), 0.0006630 secs] 438656K->438359K(1048512K), 0.0007060 secs] [Times: user=0.00 sys=0.00, real=0.00 secs] 
36.954: [GC36.954: [DefNew: 447K->63K(448K), 0.0006680 secs] 438743K->438430K(1048512K), 0.0007020 secs] [Times: user=0.00 sys=0.00, real=0.00 secs] 
36.963: [GC36.963: [DefNew: 447K->63K(448K), 0.0006910 secs] 438813K->438515K(1048512K), 0.0007450 secs] [Times: user=0.00 sys=0.00, real=0.00 secs] 
36.974: [GC36.974: [DefNew: 447K->64K(448K), 0.0013290 secs] 438899K->438617K(1048512K), 0.0014030 secs] [Times: user=0.00 sys=0.00, real=0.00 secs] 
36.984: [GC36.984: [DefNew: 448K->63K(448K), 0.0008670 secs] 439001K->438695K(1048512K), 0.0009870 secs] [Times: user=0.00 sys=0.00, real=0.00 secs] 
36.993: [GC36.993: [DefNew: 447K->64K(448K), 0.0012970 secs] 439079K->438826K(1048512K), 0.0014100 secs] [Times: user=0.00 sys=0.00, real=0.00 secs] 
37.003: [GC37.003: [DefNew: 448K->64K(448K), 0.0009530 secs] 439210K->438971K(1048512K), 0.0010040 secs] [Times: user=0.00 sys=0.00, real=0.00 secs] 
37.013: [GC37.013: [DefNew: 448K->63K(448K), 0.0010420 secs] 439355K->439065K(1048512K), 0.0010990 secs] [Times: user=0.00 sys=0.00, real=0.00 secs] 
37.024: [GC37.024: [DefNew: 447K->63K(448K), 0.0006540 secs] 439449K->439146K(1048512K), 0.0007030 secs] [Times: user=0.00 sys=0.00, real=0.00 secs] 
37.033: [GC37.033: [DefNew: 447K->64K(448K), 0.0007340 secs] 439530K->439245K(1048512K), 0.0007760 secs] [Times: user=0.00 sys=0.00, real=0.00 secs] 
37.042: [GC37.042: [DefNew: 447K->63K(448K), 0.0006540 secs] 439628K->439324K(1048512K), 0.0006970 secs] [Times: user=0.00 sys=0.00, real=0.00 secs] 
37.052: [GC37.052: [DefNew: 447K->63K(448K), 0.0006520 secs] 439708K->439419K(1048512K), 0.0006930 secs] [Times: user=0.00 sys=0.00, real=0.00 secs] 
37.062: [GC37.062: [DefNew: 447K->63K(448K), 0.0019280 secs] 439803K->439529K(1048512K), 0.0020880 secs] [Times: user=0.00 sys=0.00, real=0.00 secs] 
37.074: [GC37.074: [DefNew: 447K->63K(448K), 0.0010910 secs] 439913K->439707K(1048512K), 0.0011470 secs] [Times: user=0.01 sys=0.00, real=0.00 secs] 
37.083: [GC37.084: [DefNew: 447K->63K(448K), 0.0030540 secs] 440091K->439904K(1048512K), 0.0031350 secs] [Times: user=0.00 sys=0.00, real=0.01 secs] 
37.097: [GC37.097: [DefNew: 447K->63K(448K), 0.0033960 secs] 440288K->440182K(1048512K), 0.0035640 secs] [Times: user=0.00 sys=0.00, real=0.00 secs] 
37.113: [GC37.113: [DefNew: 447K->63K(448K), 0.0025860 secs] 440566K->440426K(1048512K), 0.0026790 secs] [Times: user=0.01 sys=0.00, real=0.00 secs] 
37.125: [GC37.125: [DefNew: 447K->64K(448K), 0.0010260 secs] 440810K->440565K(1048512K), 0.0010720 secs] [Times: user=0.00 sys=0.00, real=0.00 secs] 
37.136: [GC37.136: [DefNew: 448K->63K(448K), 0.0009980 secs] 440949K->440719K(1048512K), 0.0010510 secs] [Times: user=0.00 sys=0.00, real=0.01 secs] 
37.145: [GC37.145: [DefNew: 447K->64K(448K), 0.0007060 secs] 441103K->440804K(1048512K), 0.0007460 secs] [Times: user=0.00 sys=0.01, real=0.00 secs] 
37.154: [GC37.154: [DefNew: 448K->64K(448K), 0.0008380 secs] 441188K->440886K(1048512K), 0.0008920 secs] [Times: user=0.00 sys=0.00, real=0.00 secs] 
37.165: [GC37.165: [DefNew: 447K->63K(448K), 0.0012530 secs] 441270K->440994K(1048512K), 0.0013240 secs] [Times: user=0.00 sys=0.00, real=0.00 secs] 
37.176: [GC37.176: [DefNew: 447K->63K(448K), 0.0028390 secs] 441378K->441244K(1048512K), 0.0029700 secs] [Times: user=0.01 sys=0.00, real=0.01 secs] 
37.189: [GC37.189: [DefNew: 447K->64K(448K), 0.0011300 secs] 441628K->441403K(1048512K), 0.0011730 secs] [Times: user=0.00 sys=0.00, real=0.00 secs] 
37.199: [GC37.200: [DefNew: 447K->63K(448K), 0.0007530 secs] 441786K->441488K(1048512K), 0.0007880 secs] [Times: user=0.00 sys=0.00, real=0.00 secs] 
37.209: [GC37.209: [DefNew: 447K->63K(448K), 0.0006210 secs] 441872K->441581K(1048512K), 0.0006560 secs] [Times: user=0.00 sys=0.00, real=0.00 secs] 
37.219: [GC37.220: [DefNew: 447K->63K(448K), 0.0012200 secs] 441965K->441683K(1048512K), 0.0012940 secs] [Times: user=0.00 sys=0.00, real=0.00 secs] 
37.231: [GC37.231: [DefNew: 447K->63K(448K), 0.0013690 secs] 442067K->441820K(1048512K), 0.0014440 secs] [Times: user=0.00 sys=0.00, real=0.00 secs] 
37.243: [GC37.243: [DefNew: 447K->63K(448K), 0.0014400 secs] 442204K->441967K(1048512K), 0.0014990 secs] [Times: user=0.01 sys=0.00, real=0.00 secs] 
37.255: [GC37.255: [DefNew: 447K->64K(448K), 0.0014340 secs] 442351K->442093K(1048512K), 0.0014860 secs] [Times: user=0.00 sys=0.00, real=0.01 secs] 
37.267: [GC37.267: [DefNew: 448K->64K(448K), 0.0011680 secs] 442477K->442248K(1048512K), 0.0012220 secs] [Times: user=0.00 sys=0.00, real=0.00 secs] 
37.277: [GC37.277: [DefNew: 447K->63K(448K), 0.0007790 secs] 442632K->442353K(1048512K), 0.0008120 secs] [Times: user=0.00 sys=0.00, real=0.00 secs] 
37.287: [GC37.287: [DefNew: 447K->63K(448K), 0.0006950 secs] 442737K->442441K(1048512K), 0.0007290 secs] [Times: user=0.00 sys=0.00, real=0.00 secs] 
37.298: [GC37.298: [DefNew: 447K->63K(448K), 0.0006510 secs] 442825K->442522K(1048512K), 0.0006840 secs] [Times: user=0.00 sys=0.00, real=0.00 secs] 
37.309: [GC37.309: [DefNew: 447K->64K(448K), 0.0010310 secs] 442905K->442622K(1048512K), 0.0010820 secs] [Times: user=0.00 sys=0.00, real=0.00 secs] 
37.320: [GC37.320: [DefNew: 448K->63K(448K), 0.0015260 secs] 443006K->442759K(1048512K), 0.0015950 secs] [Times: user=0.00 sys=0.00, real=0.00 secs] 
37.332: [GC37.332: [DefNew: 447K->63K(448K), 0.0015650 secs] 443143K->442895K(1048512K), 0.0016340 secs] [Times: user=0.00 sys=0.00, real=0.00 secs] 
37.344: [GC37.344: [DefNew: 447K->63K(448K), 0.0013420 secs] 443278K->443034K(1048512K), 0.0013940 secs] [Times: user=0.00 sys=0.00, real=0.00 secs] 
37.356: [GC37.356: [DefNew: 447K->63K(448K), 0.0015080 secs] 443418K->443159K(1048512K), 0.0015710 secs] [Times: user=0.00 sys=0.00, real=0.01 secs] 
37.366: [GC37.366: [DefNew: 447K->63K(448K), 0.0013960 secs] 443543K->443298K(1048512K), 0.0014460 secs] [Times: user=0.00 sys=0.00, real=0.01 secs] 
37.378: [GC37.378: [DefNew: 447K->64K(448K), 0.0013520 secs] 443682K->443420K(1048512K), 0.0014000 secs] [Times: user=0.01 sys=0.00, real=0.00 secs] 
37.388: [GC37.388: [DefNew: 448K->64K(448K), 0.0010030 secs] 443804K->443543K(1048512K), 0.0010500 secs] [Times: user=0.00 sys=0.00, real=0.00 secs] 
37.398: [GC37.398: [DefNew: 448K->63K(448K), 0.0008060 secs] 443927K->443633K(1048512K), 0.0008520 secs] [Times: user=0.00 sys=0.00, real=0.00 secs] 
37.408: [GC37.408: [DefNew: 447K->63K(448K), 0.0008210 secs] 444017K->443730K(1048512K), 0.0008680 secs] [Times: user=0.00 sys=0.00, real=0.00 secs] 
37.418: [GC37.418: [DefNew: 447K->64K(448K), 0.0006760 secs] 444114K->443805K(1048512K), 0.0007140 secs] [Times: user=0.00 sys=0.00, real=0.00 secs] 
37.427: [GC37.427: [DefNew: 447K->63K(448K), 0.0008410 secs] 444188K->443889K(1048512K), 0.0009030 secs] [Times: user=0.00 sys=0.00, real=0.00 secs] 
37.436: [GC37.436: [DefNew: 447K->63K(448K), 0.0006100 secs] 444273K->443967K(1048512K), 0.0006410 secs] [Times: user=0.00 sys=0.00, real=0.01 secs] 
37.446: [GC37.446: [DefNew: 447K->64K(448K), 0.0006870 secs] 444351K->444059K(1048512K), 0.0007310 secs] [Times: user=0.00 sys=0.00, real=0.01 secs] 
37.456: [GC37.456: [DefNew: 448K->63K(448K), 0.0006240 secs] 444443K->444143K(1048512K), 0.0006660 secs] [Times: user=0.00 sys=0.00, real=0.01 secs] 
37.466: [GC37.467: [DefNew: 447K->63K(448K), 0.0007240 secs] 444527K->444236K(1048512K), 0.0007570 secs] [Times: user=0.01 sys=0.00, real=0.00 secs] 
37.477: [GC37.477: [DefNew: 447K->64K(448K), 0.0026980 secs] 444620K->444387K(1048512K), 0.0028500 secs] [Times: user=0.00 sys=0.00, real=0.00 secs] 
37.489: [GC37.489: [DefNew: 447K->63K(448K), 0.0011350 secs] 444771K->444618K(1048512K), 0.0011840 secs] [Times: user=0.00 sys=0.00, real=0.00 secs] 
37.498: [GC37.498: [DefNew: 447K->63K(448K), 0.0009230 secs] 445002K->444712K(1048512K), 0.0009660 secs] [Times: user=0.00 sys=0.00, real=0.00 secs] 
37.508: [GC37.508: [DefNew: 447K->64K(448K), 0.0007680 secs] 445096K->444798K(1048512K), 0.0008280 secs] [Times: user=0.00 sys=0.00, real=0.00 secs] 
37.517: [GC37.517: [DefNew: 448K->63K(448K), 0.0007040 secs] 445182K->444892K(1048512K), 0.0007510 secs] [Times: user=0.00 sys=0.00, real=0.00 secs] 
37.527: [GC37.527: [DefNew: 447K->63K(448K), 0.0007390 secs] 445276K->444985K(1048512K), 0.0007970 secs] [Times: user=0.00 sys=0.00, real=0.00 secs] 
37.536: [GC37.536: [DefNew: 447K->64K(448K), 0.0006200 secs] 445369K->445070K(1048512K), 0.0006700 secs] [Times: user=0.00 sys=0.00, real=0.00 secs] 
37.546: [GC37.546: [DefNew: 448K->64K(448K), 0.0006370 secs] 445454K->445158K(1048512K), 0.0006730 secs] [Times: user=0.00 sys=0.00, real=0.01 secs] 
37.555: [GC37.556: [DefNew: 448K->64K(448K), 0.0007570 secs] 445542K->445250K(1048512K), 0.0008210 secs] [Times: user=0.00 sys=0.00, real=0.01 secs] 
37.565: [GC37.565: [DefNew: 448K->63K(448K), 0.0007100 secs] 445634K->445335K(1048512K), 0.0007560 secs] [Times: user=0.00 sys=0.00, real=0.00 secs] 
37.574: [GC37.574: [DefNew: 447K->63K(448K), 0.0007400 secs] 445719K->445424K(1048512K), 0.0007940 secs] [Times: user=0.00 sys=0.00, real=0.00 secs] 
37.584: [GC37.584: [DefNew: 447K->64K(448K), 0.0006400 secs] 445808K->445499K(1048512K), 0.0006880 secs] [Times: user=0.00 sys=0.00, real=0.00 secs] 
37.593: [GC37.593: [DefNew: 448K->64K(448K), 0.0005890 secs] 445883K->445584K(1048512K), 0.0006230 secs] [Times: user=0.00 sys=0.00, real=0.00 secs] 
37.602: [GC37.602: [DefNew: 447K->64K(448K), 0.0007640 secs] 445968K->445655K(1048512K), 0.0008200 secs] [Times: user=0.00 sys=0.00, real=0.00 secs] 
37.612: [GC37.612: [DefNew: 448K->63K(448K), 0.0006290 secs] 446039K->445741K(1048512K), 0.0006680 secs] [Times: user=0.00 sys=0.00, real=0.00 secs] 
37.622: [GC37.622: [DefNew: 447K->64K(448K), 0.0007260 secs] 446125K->445834K(1048512K), 0.0007700 secs] [Times: user=0.00 sys=0.00, real=0.00 secs] 
37.631: [GC37.631: [DefNew: 448K->64K(448K), 0.0006570 secs] 446218K->445909K(1048512K), 0.0007000 secs] [Times: user=0.01 sys=0.00, real=0.00 secs] 
37.641: [GC37.641: [DefNew: 448K->63K(448K), 0.0006250 secs] 446293K->445993K(1048512K), 0.0006670 secs] [Times: user=0.00 sys=0.00, real=0.00 secs] 
37.651: [GC37.651: [DefNew: 447K->63K(448K), 0.0009370 secs] 446377K->446079K(1048512K), 0.0009930 secs] [Times: user=0.00 sys=0.00, real=0.00 secs] 
37.660: [GC37.660: [DefNew: 447K->64K(448K), 0.0008000 secs] 446463K->446160K(1048512K), 0.0008490 secs] [Times: user=0.00 sys=0.00, real=0.00 secs] 
37.670: [GC37.670: [DefNew: 448K->63K(448K), 0.0006330 secs] 446544K->446242K(1048512K), 0.0006790 secs] [Times: user=0.00 sys=0.00, real=0.00 secs] 
37.678: [GC37.678: [DefNew: 447K->63K(448K), 0.0005980 secs] 446626K->446316K(1048512K), 0.0006380 secs] [Times: user=0.00 sys=0.00, real=0.00 secs] 
37.688: [GC37.688: [DefNew: 447K->63K(448K), 0.0008450 secs] 446700K->446408K(1048512K), 0.0009210 secs] [Times: user=0.00 sys=0.00, real=0.00 secs] 
37.698: [GC37.698: [DefNew: 447K->63K(448K), 0.0022340 secs] 446792K->446643K(1048512K), 0.0024240 secs] [Times: user=0.00 sys=0.00, real=0.00 secs] 
37.710: [GC37.710: [DefNew: 447K->64K(448K), 0.0012660 secs] 447027K->446803K(1048512K), 0.0013880 secs] [Times: user=0.00 sys=0.00, real=0.00 secs] 
37.720: [GC37.720: [DefNew: 447K->63K(448K), 0.0011520 secs] 447186K->446992K(1048512K), 0.0012040 secs] [Times: user=0.00 sys=0.00, real=0.00 secs] 
37.730: [GC37.730: [DefNew: 447K->63K(448K), 0.0010190 secs] 447376K->447081K(1048512K), 0.0010710 secs] [Times: user=0.00 sys=0.00, real=0.00 secs] 
37.739: [GC37.739: [DefNew: 447K->63K(448K), 0.0006780 secs] 447465K->447163K(1048512K), 0.0007230 secs] [Times: user=0.00 sys=0.00, real=0.00 secs] 
37.749: [GC37.749: [DefNew: 447K->63K(448K), 0.0007480 secs] 447547K->447264K(1048512K), 0.0008110 secs] [Times: user=0.00 sys=0.00, real=0.00 secs] 
37.758: [GC37.758: [DefNew: 447K->63K(448K), 0.0006850 secs] 447648K->447354K(1048512K), 0.0007330 secs] [Times: user=0.00 sys=0.00, real=0.00 secs] 
37.768: [GC37.768: [DefNew: 447K->64K(448K), 0.0007700 secs] 447738K->447452K(1048512K), 0.0008180 secs] [Times: user=0.00 sys=0.00, real=0.00 secs] 
37.777: [GC37.777: [DefNew: 448K->63K(448K), 0.0007110 secs] 447836K->447542K(1048512K), 0.0007750 secs] [Times: user=0.00 sys=0.00, real=0.00 secs] 
37.787: [GC37.787: [DefNew: 447K->63K(448K), 0.0006580 secs] 447926K->447624K(1048512K), 0.0006980 secs] [Times: user=0.00 sys=0.00, real=0.00 secs] 
37.797: [GC37.797: [DefNew: 447K->63K(448K), 0.0007070 secs] 448008K->447711K(1048512K), 0.0007790 secs] [Times: user=0.00 sys=0.00, real=0.00 secs] 
37.807: [GC37.807: [DefNew: 447K->63K(448K), 0.0008220 secs] 448095K->447804K(1048512K), 0.0008710 secs] [Times: user=0.00 sys=0.00, real=0.00 secs] 
37.817: [GC37.818: [DefNew: 447K->64K(448K), 0.0020940 secs] 448188K->447920K(1048512K), 0.0021770 secs] [Times: user=0.00 sys=0.00, real=0.00 secs] 
37.828: [GC37.828: [DefNew: 448K->63K(448K), 0.0017810 secs] 448304K->448048K(1048512K), 0.0019440 secs] [Times: user=0.00 sys=0.01, real=0.00 secs] 
37.839: [GC37.839: [DefNew: 447K->64K(448K), 0.0008770 secs] 448432K->448172K(1048512K), 0.0009210 secs] [Times: user=0.00 sys=0.00, real=0.00 secs] 
37.849: [GC37.849: [DefNew: 448K->63K(448K), 0.0006580 secs] 448556K->448251K(1048512K), 0.0006950 secs] [Times: user=0.00 sys=0.00, real=0.00 secs] 
37.858: [GC37.858: [DefNew: 447K->63K(448K), 0.0006640 secs] 448635K->448341K(1048512K), 0.0006980 secs] [Times: user=0.01 sys=0.00, real=0.00 secs] 
37.869: [GC37.869: [DefNew: 447K->63K(448K), 0.0006550 secs] 448725K->448433K(1048512K), 0.0006920 secs] [Times: user=0.00 sys=0.00, real=0.00 secs] 
37.880: [GC37.880: [DefNew: 447K->64K(448K), 0.0006830 secs] 448817K->448520K(1048512K), 0.0007260 secs] [Times: user=0.00 sys=0.00, real=0.00 secs] 
37.889: [GC37.889: [DefNew: 448K->63K(448K), 0.0009660 secs] 448904K->448611K(1048512K), 0.0010240 secs] [Times: user=0.00 sys=0.00, real=0.00 secs] 
37.901: [GC37.901: [DefNew: 447K->63K(448K), 0.0028630 secs] 448995K->448820K(1048512K), 0.0030170 secs] [Times: user=0.00 sys=0.00, real=0.00 secs] 
37.913: [GC37.913: [DefNew: 447K->63K(448K), 0.0019320 secs] 449204K->449044K(1048512K), 0.0020030 secs] [Times: user=0.01 sys=0.00, real=0.00 secs] 
37.925: [GC37.925: [DefNew: 447K->64K(448K), 0.0009700 secs] 449428K->449182K(1048512K), 0.0010030 secs] [Times: user=0.00 sys=0.00, real=0.00 secs] 
37.935: [GC37.935: [DefNew: 448K->63K(448K), 0.0014670 secs] 449566K->449321K(1048512K), 0.0015360 secs] [Times: user=0.00 sys=0.00, real=0.01 secs] 
37.946: [GC37.946: [DefNew: 447K->64K(448K), 0.0013620 secs] 449705K->449466K(1048512K), 0.0014140 secs] [Times: user=0.00 sys=0.00, real=0.01 secs] 
37.957: [GC37.957: [DefNew: 448K->63K(448K), 0.0015130 secs] 449850K->449606K(1048512K), 0.0015640 secs] [Times: user=0.00 sys=0.00, real=0.00 secs] 
37.969: [GC37.969: [DefNew: 447K->63K(448K), 0.0014940 secs] 449990K->449745K(1048512K), 0.0015590 secs] [Times: user=0.00 sys=0.00, real=0.00 secs] 
37.979: [GC37.979: [DefNew: 447K->63K(448K), 0.0014260 secs] 450129K->449870K(1048512K), 0.0014790 secs] [Times: user=0.01 sys=0.00, real=0.00 secs] 
37.991: [GC37.991: [DefNew: 447K->63K(448K), 0.0013120 secs] 450254K->450004K(1048512K), 0.0013640 secs] [Times: user=0.00 sys=0.00, real=0.00 secs] 
38.002: [GC38.002: [DefNew: 447K->64K(448K), 0.0013910 secs] 450388K->450129K(1048512K), 0.0014660 secs] [Times: user=0.00 sys=0.00, real=0.00 secs] 
38.013: [GC38.013: [DefNew: 447K->63K(448K), 0.0013280 secs] 450513K->450277K(1048512K), 0.0013810 secs] [Times: user=0.00 sys=0.00, real=0.00 secs] 
38.025: [GC38.025: [DefNew: 447K->63K(448K), 0.0017440 secs] 450661K->450402K(1048512K), 0.0018080 secs] [Times: user=0.00 sys=0.00, real=0.01 secs] 
38.035: [GC38.035: [DefNew: 447K->63K(448K), 0.0008720 secs] 450786K->450517K(1048512K), 0.0009550 secs] [Times: user=0.01 sys=0.00, real=0.00 secs] 
38.045: [GC38.045: [DefNew: 447K->63K(448K), 0.0007150 secs] 450901K->450607K(1048512K), 0.0007880 secs] [Times: user=0.00 sys=0.00, real=0.00 secs] 
38.055: [GC38.055: [DefNew: 447K->63K(448K), 0.0007130 secs] 450991K->450690K(1048512K), 0.0007660 secs] [Times: user=0.00 sys=0.00, real=0.00 secs] 
38.065: [GC38.065: [DefNew: 447K->63K(448K), 0.0009700 secs] 451074K->450797K(1048512K), 0.0010560 secs] [Times: user=0.00 sys=0.00, real=0.01 secs] 
38.075: [GC38.075: [DefNew: 447K->64K(448K), 0.0014530 secs] 451181K->450918K(1048512K), 0.0015550 secs] [Times: user=0.00 sys=0.00, real=0.01 secs] 
38.086: [GC38.086: [DefNew: 448K->64K(448K), 0.0034090 secs] 451302K->451066K(1048512K), 0.0036330 secs] [Times: user=0.00 sys=0.00, real=0.01 secs] 
38.099: [GC38.099: [DefNew: 448K->63K(448K), 0.0017100 secs] 451450K->451246K(1048512K), 0.0018040 secs] [Times: user=0.00 sys=0.00, real=0.00 secs] 
38.111: [GC38.111: [DefNew: 447K->63K(448K), 0.0013450 secs] 451630K->451414K(1048512K), 0.0013990 secs] [Times: user=0.00 sys=0.00, real=0.00 secs] 
38.122: [GC38.122: [DefNew: 447K->63K(448K), 0.0009360 secs] 451798K->451540K(1048512K), 0.0009720 secs] [Times: user=0.00 sys=0.00, real=0.00 secs] 
38.133: [GC38.133: [DefNew: 447K->64K(448K), 0.0013370 secs] 451924K->451649K(1048512K), 0.0014440 secs] [Times: user=0.00 sys=0.00, real=0.00 secs] 
38.143: [GC38.143: [DefNew: 448K->63K(448K), 0.0008880 secs] 452033K->451804K(1048512K), 0.0009270 secs] [Times: user=0.00 sys=0.00, real=0.00 secs] 
38.153: [GC38.153: [DefNew: 447K->63K(448K), 0.0012650 secs] 452188K->451957K(1048512K), 0.0013390 secs] [Times: user=0.01 sys=0.00, real=0.00 secs] 
38.164: [GC38.164: [DefNew: 447K->64K(448K), 0.0013270 secs] 452340K->452055K(1048512K), 0.0014220 secs] [Times: user=0.00 sys=0.00, real=0.00 secs] 
38.176: [GC38.176: [DefNew: 448K->63K(448K), 0.0007460 secs] 452439K->452136K(1048512K), 0.0007880 secs] [Times: user=0.00 sys=0.00, real=0.01 secs] 
38.187: [GC38.187: [DefNew: 447K->63K(448K), 0.0010850 secs] 452520K->452244K(1048512K), 0.0011380 secs] [Times: user=0.00 sys=0.00, real=0.00 secs] 
38.198: [GC38.198: [DefNew: 447K->63K(448K), 0.0017160 secs] 452628K->452400K(1048512K), 0.0018540 secs] [Times: user=0.00 sys=0.00, real=0.00 secs] 
38.209: [GC38.209: [DefNew: 447K->64K(448K), 0.0015930 secs] 452784K->452633K(1048512K), 0.0016990 secs] [Times: user=0.00 sys=0.00, real=0.00 secs] 
38.220: [GC38.220: [DefNew: 447K->63K(448K), 0.0011030 secs] 453016K->452783K(1048512K), 0.0011380 secs] [Times: user=0.00 sys=0.00, real=0.00 secs] 
38.231: [GC38.231: [DefNew: 447K->63K(448K), 0.0013360 secs] 453167K->452903K(1048512K), 0.0014520 secs] [Times: user=0.00 sys=0.00, real=0.00 secs] 
38.243: [GC38.243: [DefNew: 447K->64K(448K), 0.0013010 secs] 453287K->453043K(1048512K), 0.0013540 secs] [Times: user=0.00 sys=0.00, real=0.00 secs] 
38.254: [GC38.254: [DefNew: 447K->64K(448K), 0.0014660 secs] 453426K->453194K(1048512K), 0.0015220 secs] [Times: user=0.00 sys=0.00, real=0.00 secs] 
38.266: [GC38.266: [DefNew: 448K->63K(448K), 0.0010300 secs] 453578K->453340K(1048512K), 0.0010880 secs] [Times: user=0.00 sys=0.00, real=0.01 secs] 
38.275: [GC38.275: [DefNew: 447K->63K(448K), 0.0007810 secs] 453724K->453441K(1048512K), 0.0008170 secs] [Times: user=0.00 sys=0.00, real=0.00 secs] 
38.285: [GC38.285: [DefNew: 447K->63K(448K), 0.0006410 secs] 453825K->453527K(1048512K), 0.0006740 secs] [Times: user=0.01 sys=0.00, real=0.00 secs] 
38.296: [GC38.296: [DefNew: 447K->63K(448K), 0.0007430 secs] 453911K->453610K(1048512K), 0.0007870 secs] [Times: user=0.00 sys=0.00, real=0.01 secs] 
38.306: [GC38.306: [DefNew: 447K->63K(448K), 0.0006540 secs] 453994K->453694K(1048512K), 0.0006860 secs] [Times: user=0.00 sys=0.00, real=0.01 secs] 
38.317: [GC38.317: [DefNew: 447K->63K(448K), 0.0011400 secs] 454078K->453795K(1048512K), 0.0011880 secs] [Times: user=0.00 sys=0.00, real=0.00 secs] 
38.328: [GC38.328: [DefNew: 447K->63K(448K), 0.0012170 secs] 454179K->453916K(1048512K), 0.0012670 secs] [Times: user=0.00 sys=0.00, real=0.00 secs] 
38.339: [GC38.339: [DefNew: 447K->63K(448K), 0.0014410 secs] 454300K->454071K(1048512K), 0.0014920 secs] [Times: user=0.00 sys=0.00, real=0.00 secs] 
38.351: [GC38.351: [DefNew: 447K->63K(448K), 0.0015190 secs] 454455K->454204K(1048512K), 0.0015800 secs] [Times: user=0.00 sys=0.00, real=0.00 secs] 
38.361: [GC38.361: [DefNew: 447K->64K(448K), 0.0013570 secs] 454588K->454347K(1048512K), 0.0014080 secs] [Times: user=0.00 sys=0.00, real=0.00 secs] 
38.373: [GC38.373: [DefNew: 448K->63K(448K), 0.0013580 secs] 454731K->454478K(1048512K), 0.0014090 secs] [Times: user=0.00 sys=0.00, real=0.00 secs] 
38.384: [GC38.384: [DefNew: 447K->63K(448K), 0.0013290 secs] 454862K->454620K(1048512K), 0.0013800 secs] [Times: user=0.00 sys=0.01, real=0.00 secs] 
38.396: [GC38.396: [DefNew: 447K->63K(448K), 0.0013270 secs] 455004K->454758K(1048512K), 0.0013790 secs] [Times: user=0.00 sys=0.00, real=0.01 secs] 
38.407: [GC38.407: [DefNew: 447K->63K(448K), 0.0017420 secs] 455142K->454888K(1048512K), 0.0018150 secs] [Times: user=0.00 sys=0.00, real=0.00 secs] 
38.418: [GC38.418: [DefNew: 447K->63K(448K), 0.0007690 secs] 455271K->454985K(1048512K), 0.0008080 secs] [Times: user=0.01 sys=0.00, real=0.00 secs] 
38.427: [GC38.427: [DefNew: 447K->63K(448K), 0.0006750 secs] 455369K->455054K(1048512K), 0.0007120 secs] [Times: user=0.00 sys=0.00, real=0.00 secs] 
38.437: [GC38.437: [DefNew: 447K->64K(448K), 0.0007680 secs] 455438K->455137K(1048512K), 0.0008280 secs] [Times: user=0.00 sys=0.00, real=0.00 secs] 
38.448: [GC38.448: [DefNew: 447K->63K(448K), 0.0005890 secs] 455521K->455218K(1048512K), 0.0006240 secs] [Times: user=0.00 sys=0.00, real=0.00 secs] 
38.458: [GC38.458: [DefNew: 447K->64K(448K), 0.0005880 secs] 455602K->455298K(1048512K), 0.0006290 secs] [Times: user=0.00 sys=0.00, real=0.00 secs] 
38.468: [GC38.468: [DefNew: 447K->63K(448K), 0.0007810 secs] 455682K->455415K(1048512K), 0.0008250 secs] [Times: user=0.00 sys=0.00, real=0.00 secs] 
38.477: [GC38.477: [DefNew: 447K->63K(448K), 0.0006690 secs] 455799K->455499K(1048512K), 0.0007320 secs] [Times: user=0.00 sys=0.00, real=0.00 secs] 
38.487: [GC38.487: [DefNew: 447K->64K(448K), 0.0009910 secs] 455883K->455591K(1048512K), 0.0010440 secs] [Times: user=0.00 sys=0.00, real=0.00 secs] 
38.497: [GC38.497: [DefNew: 447K->64K(448K), 0.0010880 secs] 455975K->455736K(1048512K), 0.0011510 secs] [Times: user=0.00 sys=0.00, real=0.00 secs] 
38.510: [GC38.510: [DefNew: 448K->63K(448K), 0.0065440 secs] 456120K->455915K(1048512K), 0.0071760 secs] [Times: user=0.00 sys=0.00, real=0.01 secs] 
38.525: [GC38.525: [DefNew: 447K->64K(448K), 0.0047550 secs] 456299K->456110K(1048512K), 0.0048510 secs] [Times: user=0.00 sys=0.00, real=0.01 secs] 
38.540: [GC38.540: [DefNew: 448K->63K(448K), 0.0013220 secs] 456494K->456351K(1048512K), 0.0013720 secs] [Times: user=0.00 sys=0.00, real=0.00 secs] 
38.550: [GC38.550: [DefNew: 447K->64K(448K), 0.0035970 secs] 456735K->456525K(1048512K), 0.0037870 secs] [Times: user=0.01 sys=0.00, real=0.00 secs] 
38.564: [GC38.564: [DefNew: 448K->64K(448K), 0.0016210 secs] 456909K->456716K(1048512K), 0.0017130 secs] [Times: user=0.00 sys=0.00, real=0.00 secs] 
38.575: [GC38.575: [DefNew: 448K->63K(448K), 0.0009810 secs] 457100K->456844K(1048512K), 0.0010270 secs] [Times: user=0.00 sys=0.00, real=0.01 secs] 
38.585: [GC38.585: [DefNew: 447K->63K(448K), 0.0010400 secs] 457228K->457003K(1048512K), 0.0011080 secs] [Times: user=0.00 sys=0.00, real=0.01 secs] 
38.644: [GC38.644: [DefNew: 447K->63K(448K), 0.0230740 secs] 465579K->465276K(1048512K), 0.0231210 secs] [Times: user=0.02 sys=0.00, real=0.03 secs] 
38.676: [GC38.676: [DefNew: 447K->63K(448K), 0.0006370 secs] 465660K->465344K(1048512K), 0.0006830 secs] [Times: user=0.00 sys=0.00, real=0.01 secs] 
38.685: [GC38.685: [DefNew: 447K->64K(448K), 0.0005460 secs] 465728K->465430K(1048512K), 0.0005830 secs] [Times: user=0.00 sys=0.00, real=0.00 secs] 
38.695: [GC38.695: [DefNew: 448K->63K(448K), 0.0008170 secs] 465814K->465523K(1048512K), 0.0008790 secs] [Times: user=0.00 sys=0.00, real=0.00 secs] 
38.705: [GC38.705: [DefNew: 447K->63K(448K), 0.0007740 secs] 465907K->465619K(1048512K), 0.0008280 secs] [Times: user=0.00 sys=0.00, real=0.00 secs] 
38.715: [GC38.715: [DefNew: 447K->63K(448K), 0.0023350 secs] 466003K->465756K(1048512K), 0.0024940 secs] [Times: user=0.00 sys=0.00, real=0.01 secs] 
38.727: [GC38.727: [DefNew: 447K->63K(448K), 0.0026080 secs] 466140K->465935K(1048512K), 0.0027290 secs] [Times: user=0.00 sys=0.00, real=0.00 secs] 
38.739: [GC38.739: [DefNew: 447K->63K(448K), 0.0013500 secs] 466319K->466117K(1048512K), 0.0014420 secs] [Times: user=0.00 sys=0.00, real=0.00 secs] 
38.749: [GC38.750: [DefNew: 447K->64K(448K), 0.0016360 secs] 466501K->466332K(1048512K), 0.0017070 secs] [Times: user=0.00 sys=0.00, real=0.00 secs] 
38.760: [GC38.761: [DefNew: 448K->64K(448K), 0.0021910 secs] 466716K->466451K(1048512K), 0.0023000 secs] [Times: user=0.00 sys=0.00, real=0.00 secs] 
38.772: [GC38.772: [DefNew: 447K->63K(448K), 0.0007630 secs] 466835K->466556K(1048512K), 0.0008120 secs] [Times: user=0.00 sys=0.00, real=0.00 secs] 
38.781: [GC38.781: [DefNew: 447K->64K(448K), 0.0009190 secs] 466940K->466643K(1048512K), 0.0009770 secs] [Times: user=0.00 sys=0.00, real=0.00 secs] 
38.792: [GC38.792: [DefNew: 448K->63K(448K), 0.0006150 secs] 467027K->466725K(1048512K), 0.0006800 secs] [Times: user=0.00 sys=0.00, real=0.00 secs] 
38.801: [GC38.801: [DefNew: 447K->63K(448K), 0.0007250 secs] 467109K->466804K(1048512K), 0.0007800 secs] [Times: user=0.00 sys=0.00, real=0.00 secs] 
38.809: [GC38.809: [DefNew: 447K->64K(448K), 0.0006090 secs] 467188K->466877K(1048512K), 0.0006570 secs] [Times: user=0.00 sys=0.00, real=0.00 secs] 
38.819: [GC38.819: [DefNew: 448K->63K(448K), 0.0005710 secs] 467261K->466954K(1048512K), 0.0006230 secs] [Times: user=0.00 sys=0.00, real=0.00 secs] 
38.830: [GC38.830: [DefNew: 447K->63K(448K), 0.0009800 secs] 467338K->467054K(1048512K), 0.0010310 secs] [Times: user=0.00 sys=0.00, real=0.00 secs] 
38.841: [GC38.841: [DefNew: 447K->63K(448K), 0.0012330 secs] 467438K->467172K(1048512K), 0.0012880 secs] [Times: user=0.00 sys=0.00, real=0.00 secs] 
38.852: [GC38.852: [DefNew: 447K->63K(448K), 0.0008400 secs] 467556K->467291K(1048512K), 0.0008860 secs] [Times: user=0.00 sys=0.00, real=0.00 secs] 
38.861: [GC38.861: [DefNew: 447K->64K(448K), 0.0009240 secs] 467675K->467375K(1048512K), 0.0009790 secs] [Times: user=0.00 sys=0.00, real=0.00 secs] 
38.871: [GC38.871: [DefNew: 448K->63K(448K), 0.0005970 secs] 467759K->467452K(1048512K), 0.0006640 secs] [Times: user=0.00 sys=0.00, real=0.00 secs] 
38.879: [GC38.879: [DefNew: 447K->64K(448K), 0.0006490 secs] 467836K->467527K(1048512K), 0.0007010 secs] [Times: user=0.00 sys=0.00, real=0.00 secs] 
38.889: [GC38.889: [DefNew: 447K->64K(448K), 0.0007190 secs] 467910K->467610K(1048512K), 0.0007760 secs] [Times: user=0.00 sys=0.00, real=0.00 secs] 
38.899: [GC38.899: [DefNew: 448K->63K(448K), 0.0008660 secs] 467994K->467696K(1048512K), 0.0009160 secs] [Times: user=0.00 sys=0.00, real=0.00 secs] 
38.909: [GC38.909: [DefNew: 447K->63K(448K), 0.0007790 secs] 468079K->467780K(1048512K), 0.0008470 secs] [Times: user=0.00 sys=0.00, real=0.00 secs] 
38.919: [GC38.919: [DefNew: 447K->63K(448K), 0.0006440 secs] 468164K->467869K(1048512K), 0.0006980 secs] [Times: user=0.00 sys=0.00, real=0.00 secs] 
38.928: [GC38.928: [DefNew: 447K->63K(448K), 0.0007740 secs] 468253K->467952K(1048512K), 0.0008270 secs] [Times: user=0.01 sys=0.00, real=0.00 secs] 
38.938: [GC38.938: [DefNew: 447K->63K(448K), 0.0005790 secs] 468336K->468028K(1048512K), 0.0006210 secs] [Times: user=0.00 sys=0.00, real=0.00 secs] 
38.947: [GC38.947: [DefNew: 447K->63K(448K), 0.0005990 secs] 468412K->468117K(1048512K), 0.0006350 secs] [Times: user=0.00 sys=0.00, real=0.00 secs] 
38.955: [GC38.955: [DefNew: 447K->63K(448K), 0.0005990 secs] 468501K->468188K(1048512K), 0.0006360 secs] [Times: user=0.00 sys=0.00, real=0.00 secs] 
38.965: [GC38.965: [DefNew: 447K->63K(448K), 0.0007840 secs] 468572K->468271K(1048512K), 0.0008610 secs] [Times: user=0.00 sys=0.01, real=0.00 secs] 
38.974: [GC38.974: [DefNew: 447K->63K(448K), 0.0006440 secs] 468655K->468364K(1048512K), 0.0006860 secs] [Times: user=0.00 sys=0.00, real=0.00 secs] 
38.983: [GC38.984: [DefNew: 447K->63K(448K), 0.0005600 secs] 468748K->468437K(1048512K), 0.0006330 secs] [Times: user=0.00 sys=0.00, real=0.00 secs] 
38.993: [GC38.993: [DefNew: 447K->63K(448K), 0.0006150 secs] 468821K->468524K(1048512K), 0.0006640 secs] [Times: user=0.00 sys=0.00, real=0.00 secs] 
39.002: [GC39.002: [DefNew: 447K->63K(448K), 0.0005980 secs] 468908K->468601K(1048512K), 0.0006400 secs] [Times: user=0.00 sys=0.00, real=0.00 secs] 
39.012: [GC39.012: [DefNew: 447K->63K(448K), 0.0006290 secs] 468985K->468699K(1048512K), 0.0006660 secs] [Times: user=0.00 sys=0.00, real=0.00 secs] 
39.022: [GC39.022: [DefNew: 447K->63K(448K), 0.0027460 secs] 469083K->468811K(1048512K), 0.0029340 secs] [Times: user=0.01 sys=0.00, real=0.00 secs] 
39.035: [GC39.035: [DefNew: 447K->63K(448K), 0.0018510 secs] 469195K->469021K(1048512K), 0.0019380 secs] [Times: user=0.00 sys=0.00, real=0.01 secs] 
39.047: [GC39.047: [DefNew: 447K->64K(448K), 0.0013440 secs] 469405K->469140K(1048512K), 0.0014090 secs] [Times: user=0.00 sys=0.00, real=0.00 secs] 
39.057: [GC39.057: [DefNew: 448K->63K(448K), 0.0007880 secs] 469524K->469256K(1048512K), 0.0008360 secs] [Times: user=0.00 sys=0.00, real=0.00 secs] 
39.066: [GC39.066: [DefNew: 447K->63K(448K), 0.0006950 secs] 469640K->469362K(1048512K), 0.0007370 secs] [Times: user=0.00 sys=0.00, real=0.01 secs] 
39.076: [GC39.076: [DefNew: 447K->64K(448K), 0.0012050 secs] 469746K->469483K(1048512K), 0.0012650 secs] [Times: user=0.01 sys=0.00, real=0.01 secs] 
39.086: [GC39.086: [DefNew: 447K->63K(448K), 0.0020980 secs] 469867K->469634K(1048512K), 0.0023330 secs] [Times: user=0.00 sys=0.00, real=0.01 secs] 
39.096: [GC39.096: [DefNew: 447K->63K(448K), 0.0016830 secs] 470018K->469761K(1048512K), 0.0017380 secs] [Times: user=0.00 sys=0.00, real=0.01 secs] 
39.107: [GC39.107: [DefNew: 447K->64K(448K), 0.0008620 secs] 470144K->469880K(1048512K), 0.0009100 secs] [Times: user=0.00 sys=0.00, real=0.00 secs] 
39.117: [GC39.117: [DefNew: 448K->64K(448K), 0.0014180 secs] 470264K->470047K(1048512K), 0.0017190 secs] [Times: user=0.00 sys=0.00, real=0.00 secs] 
39.127: [GC39.127: [DefNew: 448K->63K(448K), 0.0011060 secs] 470431K->470145K(1048512K), 0.0011630 secs] [Times: user=0.00 sys=0.00, real=0.00 secs] 
39.137: [GC39.137: [DefNew: 447K->63K(448K), 0.0006240 secs] 470529K->470226K(1048512K), 0.0006720 secs] [Times: user=0.01 sys=0.00, real=0.00 secs] 
39.147: [GC39.147: [DefNew: 447K->64K(448K), 0.0006020 secs] 470610K->470312K(1048512K), 0.0006360 secs] [Times: user=0.00 sys=0.00, real=0.00 secs] 
39.156: [GC39.156: [DefNew: 448K->64K(448K), 0.0008480 secs] 470696K->470378K(1048512K), 0.0008940 secs] [Times: user=0.00 sys=0.00, real=0.01 secs] 
39.166: [GC39.166: [DefNew: 447K->63K(448K), 0.0005770 secs] 470762K->470466K(1048512K), 0.0006190 secs] [Times: user=0.00 sys=0.00, real=0.01 secs] 
39.174: [GC39.174: [DefNew: 447K->64K(448K), 0.0007460 secs] 470850K->470606K(1048512K), 0.0007890 secs] [Times: user=0.00 sys=0.00, real=0.00 secs] 
39.184: [GC39.184: [DefNew: 448K->63K(448K), 0.0006610 secs] 470990K->470694K(1048512K), 0.0007190 secs] [Times: user=0.00 sys=0.00, real=0.00 secs] 
39.194: [GC39.194: [DefNew: 447K->63K(448K), 0.0016620 secs] 471078K->470804K(1048512K), 0.0017830 secs] [Times: user=0.00 sys=0.00, real=0.00 secs] 
39.205: [GC39.205: [DefNew: 447K->63K(448K), 0.0009190 secs] 471188K->470967K(1048512K), 0.0009840 secs] [Times: user=0.00 sys=0.00, real=0.00 secs] 
39.215: [GC39.215: [DefNew: 447K->64K(448K), 0.0018640 secs] 471351K->471086K(1048512K), 0.0019310 secs] [Times: user=0.01 sys=0.00, real=0.01 secs] 
39.225: [GC39.225: [DefNew: 448K->63K(448K), 0.0006540 secs] 471470K->471173K(1048512K), 0.0007060 secs] [Times: user=0.00 sys=0.00, real=0.00 secs] 
39.233: [GC39.234: [DefNew: 447K->64K(448K), 0.0006750 secs] 471557K->471258K(1048512K), 0.0007210 secs] [Times: user=0.00 sys=0.00, real=0.00 secs] 
39.243: [GC39.243: [DefNew: 448K->64K(448K), 0.0006010 secs] 471642K->471330K(1048512K), 0.0006440 secs] [Times: user=0.00 sys=0.00, real=0.00 secs] 
39.252: [GC39.252: [DefNew: 448K->63K(448K), 0.0006130 secs] 471714K->471415K(1048512K), 0.0006550 secs] [Times: user=0.00 sys=0.00, real=0.00 secs] 
39.262: [GC39.262: [DefNew: 447K->63K(448K), 0.0008710 secs] 471799K->471500K(1048512K), 0.0009290 secs] [Times: user=0.00 sys=0.00, real=0.00 secs] 
39.272: [GC39.272: [DefNew: 447K->63K(448K), 0.0007090 secs] 471884K->471621K(1048512K), 0.0007560 secs] [Times: user=0.00 sys=0.00, real=0.00 secs] 
39.283: [GC39.283: [DefNew: 447K->63K(448K), 0.0016250 secs] 472005K->471745K(1048512K), 0.0017090 secs] [Times: user=0.00 sys=0.00, real=0.00 secs] 
39.294: [GC39.294: [DefNew: 447K->63K(448K), 0.0013480 secs] 472129K->471857K(1048512K), 0.0014020 secs] [Times: user=0.01 sys=0.00, real=0.00 secs] 
39.306: [GC39.306: [DefNew: 447K->64K(448K), 0.0016230 secs] 472241K->471984K(1048512K), 0.0017350 secs] [Times: user=0.00 sys=0.00, real=0.01 secs] 
39.317: [GC39.317: [DefNew: 448K->63K(448K), 0.0008110 secs] 472368K->472092K(1048512K), 0.0008650 secs] [Times: user=0.00 sys=0.00, real=0.00 secs] 
39.326: [GC39.327: [DefNew: 447K->63K(448K), 0.0017940 secs] 472476K->472219K(1048512K), 0.0019890 secs] [Times: user=0.00 sys=0.00, real=0.00 secs] 
39.339: [GC39.339: [DefNew: 447K->63K(448K), 0.0019400 secs] 472603K->472421K(1048512K), 0.0020860 secs] [Times: user=0.00 sys=0.00, real=0.00 secs] 
39.351: [GC39.351: [DefNew: 447K->64K(448K), 0.0014590 secs] 472805K->472556K(1048512K), 0.0015300 secs] [Times: user=0.00 sys=0.00, real=0.00 secs] 
39.362: [GC39.362: [DefNew: 447K->64K(448K), 0.0006770 secs] 472940K->472631K(1048512K), 0.0007140 secs] [Times: user=0.00 sys=0.00, real=0.00 secs] 
39.373: [GC39.373: [DefNew: 448K->63K(448K), 0.0006180 secs] 473015K->472714K(1048512K), 0.0006550 secs] [Times: user=0.00 sys=0.00, real=0.00 secs] 
39.383: [GC39.383: [DefNew: 447K->64K(448K), 0.0009530 secs] 473098K->472791K(1048512K), 0.0010010 secs] [Times: user=0.00 sys=0.00, real=0.00 secs] 
39.393: [GC39.393: [DefNew: 448K->64K(448K), 0.0011830 secs] 473175K->472920K(1048512K), 0.0012320 secs] [Times: user=0.00 sys=0.00, real=0.00 secs] 
39.404: [GC39.404: [DefNew: 447K->63K(448K), 0.0011790 secs] 473304K->473042K(1048512K), 0.0012310 secs] [Times: user=0.00 sys=0.00, real=0.00 secs] 
39.415: [GC39.416: [DefNew: 447K->64K(448K), 0.0013140 secs] 473426K->473172K(1048512K), 0.0013660 secs] [Times: user=0.01 sys=0.00, real=0.01 secs] 
39.426: [GC39.426: [DefNew: 448K->63K(448K), 0.0014530 secs] 473556K->473299K(1048512K), 0.0015370 secs] [Times: user=0.00 sys=0.00, real=0.01 secs] 
39.438: [GC39.438: [DefNew: 447K->63K(448K), 0.0014060 secs] 473683K->473445K(1048512K), 0.0014590 secs] [Times: user=0.00 sys=0.00, real=0.00 secs] 
39.449: [GC39.449: [DefNew: 447K->64K(448K), 0.0012180 secs] 473829K->473558K(1048512K), 0.0012770 secs] [Times: user=0.00 sys=0.00, real=0.00 secs] 
39.460: [GC39.460: [DefNew: 447K->63K(448K), 0.0012900 secs] 473942K->473698K(1048512K), 0.0013450 secs] [Times: user=0.00 sys=0.00, real=0.00 secs] 
39.470: [GC39.470: [DefNew: 447K->63K(448K), 0.0014110 secs] 474082K->473818K(1048512K), 0.0014710 secs] [Times: user=0.00 sys=0.00, real=0.00 secs] 
39.481: [GC39.481: [DefNew: 447K->64K(448K), 0.0012700 secs] 474202K->473942K(1048512K), 0.0013690 secs] [Times: user=0.01 sys=0.00, real=0.00 secs] 
39.493: [GC39.493: [DefNew: 448K->63K(448K), 0.0013290 secs] 474326K->474078K(1048512K), 0.0013960 secs] [Times: user=0.00 sys=0.00, real=0.00 secs] 
39.504: [GC39.505: [DefNew: 447K->64K(448K), 0.0013290 secs] 474462K->474195K(1048512K), 0.0013790 secs] [Times: user=0.00 sys=0.00, real=0.00 secs] 
39.516: [GC39.516: [DefNew: 448K->63K(448K), 0.0013080 secs] 474579K->474334K(1048512K), 0.0013590 secs] [Times: user=0.00 sys=0.00, real=0.01 secs] 
39.528: [GC39.528: [DefNew: 447K->63K(448K), 0.0011960 secs] 474718K->474445K(1048512K), 0.0012490 secs] [Times: user=0.00 sys=0.00, real=0.00 secs] 
39.538: [GC39.538: [DefNew: 447K->64K(448K), 0.0024440 secs] 474829K->474626K(1048512K), 0.0026280 secs] [Times: user=0.01 sys=0.01, real=0.00 secs] 
39.551: [GC39.551: [DefNew: 448K->63K(448K), 0.0014450 secs] 475010K->474745K(1048512K), 0.0015310 secs] [Times: user=0.00 sys=0.00, real=0.00 secs] 
39.562: [GC39.562: [DefNew: 447K->63K(448K), 0.0007260 secs] 475129K->474831K(1048512K), 0.0007660 secs] [Times: user=0.00 sys=0.00, real=0.00 secs] 
39.573: [GC39.573: [DefNew: 447K->63K(448K), 0.0005950 secs] 475215K->474913K(1048512K), 0.0006300 secs] [Times: user=0.00 sys=0.00, real=0.00 secs] 
39.584: [GC39.584: [DefNew: 447K->63K(448K), 0.0005880 secs] 475297K->475000K(1048512K), 0.0006190 secs] [Times: user=0.00 sys=0.00, real=0.00 secs] 
39.594: [GC39.594: [DefNew: 447K->63K(448K), 0.0005560 secs] 475384K->475071K(1048512K), 0.0005880 secs] [Times: user=0.00 sys=0.00, real=0.00 secs] 
39.605: [GC39.605: [DefNew: 447K->63K(448K), 0.0010610 secs] 475455K->475196K(1048512K), 0.0011100 secs] [Times: user=0.00 sys=0.00, real=0.00 secs] 
39.616: [GC39.616: [DefNew: 447K->63K(448K), 0.0013080 secs] 475580K->475313K(1048512K), 0.0013610 secs] [Times: user=0.01 sys=0.00, real=0.01 secs] 
39.626: [GC39.626: [DefNew: 447K->63K(448K), 0.0012450 secs] 475697K->475449K(1048512K), 0.0013660 secs] [Times: user=0.00 sys=0.00, real=0.01 secs] 
39.638: [GC39.638: [DefNew: 447K->63K(448K), 0.0013210 secs] 475833K->475567K(1048512K), 0.0013720 secs] [Times: user=0.00 sys=0.00, real=0.00 secs] 
39.649: [GC39.649: [DefNew: 447K->63K(448K), 0.0014250 secs] 475951K->475700K(1048512K), 0.0014900 secs] [Times: user=0.00 sys=0.00, real=0.00 secs] 
39.661: [GC39.661: [DefNew: 447K->64K(448K), 0.0011560 secs] 476084K->475816K(1048512K), 0.0012070 secs] [Times: user=0.00 sys=0.00, real=0.00 secs] 
39.673: [GC39.673: [DefNew: 448K->63K(448K), 0.0012780 secs] 476200K->475934K(1048512K), 0.0013510 secs] [Times: user=0.00 sys=0.00, real=0.00 secs] 
39.684: [GC39.684: [DefNew: 447K->63K(448K), 0.0020470 secs] 476318K->476114K(1048512K), 0.0021640 secs] [Times: user=0.01 sys=0.00, real=0.00 secs] 
39.696: [GC39.696: [DefNew: 447K->63K(448K), 0.0011260 secs] 476498K->476238K(1048512K), 0.0012130 secs] [Times: user=0.00 sys=0.00, real=0.01 secs] 
39.705: [GC39.705: [DefNew: 447K->63K(448K), 0.0012620 secs] 476622K->476350K(1048512K), 0.0013240 secs] [Times: user=0.00 sys=0.00, real=0.01 secs] 
39.717: [GC39.717: [DefNew: 447K->63K(448K), 0.0011230 secs] 476734K->476459K(1048512K), 0.0011770 secs] [Times: user=0.00 sys=0.00, real=0.00 secs] 
39.728: [GC39.728: [DefNew: 447K->63K(448K), 0.0011360 secs] 476843K->476591K(1048512K), 0.0011860 secs] [Times: user=0.00 sys=0.00, real=0.00 secs] 
39.739: [GC39.740: [DefNew: 447K->63K(448K), 0.0012620 secs] 476975K->476704K(1048512K), 0.0013380 secs] [Times: user=0.00 sys=0.00, real=0.00 secs] 
39.751: [GC39.751: [DefNew: 447K->63K(448K), 0.0022040 secs] 477088K->476889K(1048512K), 0.0023410 secs] [Times: user=0.00 sys=0.00, real=0.00 secs] 
39.763: [GC39.763: [DefNew: 447K->64K(448K), 0.0010120 secs] 477273K->476967K(1048512K), 0.0010600 secs] [Times: user=0.00 sys=0.00, real=0.00 secs] 
39.774: [GC39.774: [DefNew: 448K->63K(448K), 0.0006150 secs] 477351K->477069K(1048512K), 0.0006460 secs] [Times: user=0.00 sys=0.00, real=0.00 secs] 
39.784: [GC39.784: [DefNew: 447K->63K(448K), 0.0006640 secs] 477453K->477150K(1048512K), 0.0006980 secs] [Times: user=0.00 sys=0.00, real=0.00 secs] 
39.794: [GC39.794: [DefNew: 447K->63K(448K), 0.0005680 secs] 477534K->477219K(1048512K), 0.0006040 secs] [Times: user=0.00 sys=0.00, real=0.00 secs] 
39.804: [GC39.804: [DefNew: 447K->63K(448K), 0.0009870 secs] 477603K->477307K(1048512K), 0.0010350 secs] [Times: user=0.00 sys=0.00, real=0.00 secs] 
39.815: [GC39.816: [DefNew: 447K->63K(448K), 0.0013080 secs] 477691K->477454K(1048512K), 0.0013730 secs] [Times: user=0.01 sys=0.00, real=0.01 secs] 
39.827: [GC39.827: [DefNew: 447K->63K(448K), 0.0011970 secs] 477838K->477569K(1048512K), 0.0012570 secs] [Times: user=0.00 sys=0.00, real=0.00 secs] 
39.839: [GC39.839: [DefNew: 447K->64K(448K), 0.0012290 secs] 477953K->477710K(1048512K), 0.0012840 secs] [Times: user=0.00 sys=0.00, real=0.00 secs] 
39.850: [GC39.850: [DefNew: 448K->63K(448K), 0.0014290 secs] 478094K->477830K(1048512K), 0.0014940 secs] [Times: user=0.00 sys=0.00, real=0.00 secs] 
39.861: [GC39.861: [DefNew: 447K->63K(448K), 0.0012520 secs] 478214K->477970K(1048512K), 0.0013050 secs] [Times: user=0.00 sys=0.00, real=0.00 secs] 
39.872: [GC39.872: [DefNew: 447K->63K(448K), 0.0012670 secs] 478354K->478085K(1048512K), 0.0013310 secs] [Times: user=0.00 sys=0.00, real=0.00 secs] 
39.884: [GC39.884: [DefNew: 447K->63K(448K), 0.0012620 secs] 478469K->478217K(1048512K), 0.0013100 secs] [Times: user=0.01 sys=0.00, real=0.00 secs] 
39.895: [GC39.895: [DefNew: 447K->63K(448K), 0.0012210 secs] 478601K->478320K(1048512K), 0.0012790 secs] [Times: user=0.00 sys=0.00, real=0.00 secs] 
39.906: [GC39.907: [DefNew: 447K->63K(448K), 0.0011710 secs] 478704K->478430K(1048512K), 0.0012200 secs] [Times: user=0.00 sys=0.00, real=0.00 secs] 
39.918: [GC39.918: [DefNew: 447K->63K(448K), 0.0013830 secs] 478813K->478564K(1048512K), 0.0014440 secs] [Times: user=0.00 sys=0.00, real=0.00 secs] 
39.930: [GC39.930: [DefNew: 447K->64K(448K), 0.0013780 secs] 478947K->478696K(1048512K), 0.0014280 secs] [Times: user=0.00 sys=0.00, real=0.00 secs] 
39.942: [GC39.942: [DefNew: 448K->64K(448K), 0.0011750 secs] 479080K->478805K(1048512K), 0.0012400 secs] [Times: user=0.00 sys=0.00, real=0.00 secs] 
39.951: [GC39.952: [DefNew: 448K->63K(448K), 0.0018480 secs] 479189K->478935K(1048512K), 0.0019500 secs] [Times: user=0.00 sys=0.00, real=0.00 secs] 
39.963: [GC39.963: [DefNew: 447K->64K(448K), 0.0012950 secs] 479319K->479093K(1048512K), 0.0013840 secs] [Times: user=0.00 sys=0.00, real=0.00 secs] 
39.974: [GC39.974: [DefNew: 448K->63K(448K), 0.0008230 secs] 479477K->479210K(1048512K), 0.0008580 secs] [Times: user=0.00 sys=0.00, real=0.00 secs] 
39.985: [GC39.985: [DefNew: 447K->63K(448K), 0.0006600 secs] 479593K->479301K(1048512K), 0.0006950 secs] [Times: user=0.00 sys=0.00, real=0.00 secs] 
39.995: [GC39.995: [DefNew: 447K->63K(448K), 0.0010410 secs] 479685K->479389K(1048512K), 0.0010900 secs] [Times: user=0.00 sys=0.00, real=0.01 secs] 
40.006: [GC40.006: [DefNew: 447K->64K(448K), 0.0006270 secs] 479773K->479475K(1048512K), 0.0006910 secs] [Times: user=0.00 sys=0.00, real=0.01 secs] 
40.016: [GC40.016: [DefNew: 448K->63K(448K), 0.0007020 secs] 479859K->479558K(1048512K), 0.0007460 secs] [Times: user=0.00 sys=0.00, real=0.00 secs] 
40.027: [GC40.027: [DefNew: 447K->63K(448K), 0.0009600 secs] 479942K->479629K(1048512K), 0.0010090 secs] [Times: user=0.01 sys=0.00, real=0.00 secs] 
40.038: [GC40.038: [DefNew: 447K->63K(448K), 0.0010660 secs] 480013K->479755K(1048512K), 0.0011170 secs] [Times: user=0.00 sys=0.00, real=0.00 secs] 
40.048: [GC40.048: [DefNew: 447K->64K(448K), 0.0013040 secs] 480139K->479863K(1048512K), 0.0013670 secs] [Times: user=0.00 sys=0.00, real=0.00 secs] 
40.058: [GC40.058: [DefNew: 448K->63K(448K), 0.0012580 secs] 480247K->479992K(1048512K), 0.0013070 secs] [Times: user=0.00 sys=0.00, real=0.00 secs] 
40.068: [GC40.068: [DefNew: 447K->63K(448K), 0.0017990 secs] 480376K->480088K(1048512K), 0.0019000 secs] [Times: user=0.00 sys=0.00, real=0.00 secs] 
40.079: [GC40.079: [DefNew: 447K->63K(448K), 0.0009930 secs] 480472K->480232K(1048512K), 0.0010450 secs] [Times: user=0.00 sys=0.01, real=0.00 secs] 
40.089: [GC40.089: [DefNew: 447K->64K(448K), 0.0025360 secs] 480616K->480363K(1048512K), 0.0026920 secs] [Times: user=0.00 sys=0.00, real=0.00 secs] 
40.102: [GC40.102: [DefNew: 448K->64K(448K), 0.0026070 secs] 480747K->480580K(1048512K), 0.0027640 secs] [Times: user=0.00 sys=0.00, real=0.00 secs] 
40.115: [GC40.115: [DefNew: 447K->64K(448K), 0.0019380 secs] 480964K->480752K(1048512K), 0.0020400 secs] [Times: user=0.00 sys=0.00, real=0.01 secs] 
40.125: [GC40.125: [DefNew: 448K->63K(448K), 0.0007990 secs] 481136K->480852K(1048512K), 0.0008320 secs] [Times: user=0.00 sys=0.00, real=0.00 secs] 
40.136: [GC40.136: [DefNew: 447K->64K(448K), 0.0016800 secs] 481236K->480981K(1048512K), 0.0018100 secs] [Times: user=0.01 sys=0.00, real=0.01 secs] 
40.148: [GC40.148: [DefNew: 448K->63K(448K), 0.0010480 secs] 481365K->481084K(1048512K), 0.0011050 secs] [Times: user=0.00 sys=0.00, real=0.00 secs] 
40.159: [GC40.159: [DefNew: 447K->63K(448K), 0.0025100 secs] 481468K->481231K(1048512K), 0.0026800 secs] [Times: user=0.00 sys=0.00, real=0.00 secs] 
40.171: [GC40.171: [DefNew: 447K->64K(448K), 0.0018180 secs] 481615K->481393K(1048512K), 0.0018930 secs] [Times: user=0.00 sys=0.00, real=0.00 secs] 
40.183: [GC40.183: [DefNew: 448K->63K(448K), 0.0008170 secs] 481777K->481484K(1048512K), 0.0008620 secs] [Times: user=0.00 sys=0.00, real=0.00 secs] 
40.194: [GC40.194: [DefNew: 447K->64K(448K), 0.0006600 secs] 481868K->481560K(1048512K), 0.0006930 secs] [Times: user=0.00 sys=0.00, real=0.00 secs] 
40.203: [GC40.203: [DefNew: 447K->63K(448K), 0.0005990 secs] 481944K->481646K(1048512K), 0.0006350 secs] [Times: user=0.00 sys=0.00, real=0.00 secs] 
40.214: [GC40.214: [DefNew: 447K->63K(448K), 0.0006800 secs] 482030K->481732K(1048512K), 0.0007130 secs] [Times: user=0.00 sys=0.00, real=0.00 secs] 
40.224: [GC40.224: [DefNew: 447K->63K(448K), 0.0005650 secs] 482116K->481813K(1048512K), 0.0005990 secs] [Times: user=0.00 sys=0.00, real=0.00 secs] 
40.234: [GC40.234: [DefNew: 447K->63K(448K), 0.0005940 secs] 482197K->481892K(1048512K), 0.0006300 secs] [Times: user=0.00 sys=0.00, real=0.00 secs] 
40.245: [GC40.245: [DefNew: 447K->63K(448K), 0.0011200 secs] 482276K->481969K(1048512K), 0.0011840 secs] [Times: user=0.00 sys=0.00, real=0.00 secs] 
40.256: [GC40.256: [DefNew: 447K->64K(448K), 0.0012500 secs] 482353K->482109K(1048512K), 0.0013000 secs] [Times: user=0.00 sys=0.00, real=0.01 secs] 
40.267: [GC40.267: [DefNew: 448K->64K(448K), 0.0008490 secs] 482493K->482228K(1048512K), 0.0008910 secs] [Times: user=0.00 sys=0.00, real=0.00 secs] 
40.278: [GC40.278: [DefNew: 447K->64K(448K), 0.0008310 secs] 482611K->482326K(1048512K), 0.0008760 secs] [Times: user=0.01 sys=0.00, real=0.00 secs] 
40.289: [GC40.289: [DefNew: 448K->63K(448K), 0.0006790 secs] 482710K->482416K(1048512K), 0.0007130 secs] [Times: user=0.00 sys=0.00, real=0.00 secs] 
40.300: [GC40.300: [DefNew: 447K->63K(448K), 0.0005940 secs] 482800K->482493K(1048512K), 0.0006290 secs] [Times: user=0.00 sys=0.00, real=0.00 secs] 
40.309: [GC40.309: [DefNew: 447K->64K(448K), 0.0010340 secs] 482877K->482592K(1048512K), 0.0010850 secs] [Times: user=0.00 sys=0.00, real=0.00 secs] 
40.320: [GC40.320: [DefNew: 448K->64K(448K), 0.0013040 secs] 482976K->482737K(1048512K), 0.0013540 secs] [Times: user=0.00 sys=0.00, real=0.00 secs] 
40.331: [GC40.331: [DefNew: 448K->64K(448K), 0.0012430 secs] 483121K->482859K(1048512K), 0.0013100 secs] [Times: user=0.00 sys=0.00, real=0.00 secs] 
40.342: [GC40.342: [DefNew: 448K->63K(448K), 0.0012730 secs] 483243K->482994K(1048512K), 0.0013370 secs] [Times: user=0.00 sys=0.01, real=0.00 secs] 
40.354: [GC40.354: [DefNew: 447K->63K(448K), 0.0013970 secs] 483378K->483116K(1048512K), 0.0014570 secs] [Times: user=0.01 sys=0.00, real=0.00 secs] 
40.365: [GC40.365: [DefNew: 447K->63K(448K), 0.0026520 secs] 483500K->483249K(1048512K), 0.0027920 secs] [Times: user=0.00 sys=0.00, real=0.01 secs] 
40.377: [GC40.377: [DefNew: 447K->64K(448K), 0.0008290 secs] 483633K->483401K(1048512K), 0.0008670 secs] [Times: user=0.00 sys=0.00, real=0.00 secs] 
40.387: [GC40.387: [DefNew: 448K->64K(448K), 0.0008750 secs] 483785K->483544K(1048512K), 0.0009090 secs] [Times: user=0.00 sys=0.00, real=0.00 secs] 
40.398: [GC40.398: [DefNew: 447K->64K(448K), 0.0008500 secs] 483928K->483629K(1048512K), 0.0009060 secs] [Times: user=0.00 sys=0.00, real=0.00 secs] 
40.409: [GC40.409: [DefNew: 448K->63K(448K), 0.0006640 secs] 484013K->483704K(1048512K), 0.0007190 secs] [Times: user=0.00 sys=0.00, real=0.00 secs] 
40.419: [GC40.419: [DefNew: 447K->63K(448K), 0.0011290 secs] 484088K->483823K(1048512K), 0.0011780 secs] [Times: user=0.00 sys=0.00, real=0.00 secs] 
40.430: [GC40.430: [DefNew: 447K->64K(448K), 0.0012730 secs] 484207K->483940K(1048512K), 0.0013360 secs] [Times: user=0.00 sys=0.00, real=0.00 secs] 
40.442: [GC40.442: [DefNew: 448K->63K(448K), 0.0011920 secs] 484324K->484064K(1048512K), 0.0012450 secs] [Times: user=0.00 sys=0.00, real=0.00 secs] 
40.452: [GC40.452: [DefNew: 447K->63K(448K), 0.0013560 secs] 484448K->484184K(1048512K), 0.0014090 secs] [Times: user=0.00 sys=0.00, real=0.00 secs] 
40.463: [GC40.463: [DefNew: 447K->64K(448K), 0.0013200 secs] 484568K->484327K(1048512K), 0.0013720 secs] [Times: user=0.00 sys=0.00, real=0.00 secs] 
40.475: [GC40.475: [DefNew: 448K->63K(448K), 0.0013150 secs] 484711K->484447K(1048512K), 0.0013650 secs] [Times: user=0.00 sys=0.00, real=0.00 secs] 
40.486: [GC40.486: [DefNew: 447K->63K(448K), 0.0013010 secs] 484831K->484575K(1048512K), 0.0013600 secs] [Times: user=0.01 sys=0.00, real=0.01 secs] 
40.497: [GC40.498: [DefNew: 447K->64K(448K), 0.0012500 secs] 484959K->484704K(1048512K), 0.0013010 secs] [Times: user=0.00 sys=0.00, real=0.00 secs] 
40.509: [GC40.509: [DefNew: 447K->64K(448K), 0.0013320 secs] 485088K->484828K(1048512K), 0.0013950 secs] [Times: user=0.00 sys=0.00, real=0.00 secs] 
40.519: [GC40.519: [DefNew: 448K->63K(448K), 0.0011640 secs] 485212K->484945K(1048512K), 0.0012180 secs] [Times: user=0.00 sys=0.00, real=0.00 secs] 
40.530: [GC40.530: [DefNew: 447K->63K(448K), 0.0012640 secs] 485329K->485072K(1048512K), 0.0013240 secs] [Times: user=0.00 sys=0.00, real=0.00 secs] 
40.542: [GC40.542: [DefNew: 447K->63K(448K), 0.0012680 secs] 485456K->485199K(1048512K), 0.0013310 secs] [Times: user=0.00 sys=0.00, real=0.00 secs] 
40.553: [GC40.553: [DefNew: 447K->63K(448K), 0.0012490 secs] 485583K->485327K(1048512K), 0.0013010 secs] [Times: user=0.01 sys=0.00, real=0.00 secs] 
40.564: [GC40.564: [DefNew: 447K->63K(448K), 0.0014150 secs] 485711K->485444K(1048512K), 0.0014980 secs] [Times: user=0.00 sys=0.00, real=0.00 secs] 
40.576: [GC40.576: [DefNew: 447K->63K(448K), 0.0026080 secs] 485828K->485623K(1048512K), 0.0027410 secs] [Times: user=0.00 sys=0.00, real=0.01 secs] 
40.587: [GC40.587: [DefNew: 447K->63K(448K), 0.0010190 secs] 486007K->485776K(1048512K), 0.0011040 secs] [Times: user=0.00 sys=0.00, real=0.00 secs] 
40.598: [GC40.598: [DefNew: 447K->63K(448K), 0.0007480 secs] 486160K->485863K(1048512K), 0.0007840 secs] [Times: user=0.00 sys=0.00, real=0.00 secs] 
40.609: [GC40.609: [DefNew: 447K->64K(448K), 0.0006370 secs] 486247K->485941K(1048512K), 0.0006790 secs] [Times: user=0.00 sys=0.00, real=0.00 secs] 
40.619: [GC40.619: [DefNew: 448K->63K(448K), 0.0010580 secs] 486325K->486020K(1048512K), 0.0011150 secs] [Times: user=0.01 sys=0.00, real=0.00 secs] 
40.631: [GC40.631: [DefNew: 447K->64K(448K), 0.0006180 secs] 486404K->486101K(1048512K), 0.0006600 secs] [Times: user=0.00 sys=0.00, real=0.00 secs] 
40.641: [GC40.641: [DefNew: 448K->63K(448K), 0.0009920 secs] 486485K->486197K(1048512K), 0.0010450 secs] [Times: user=0.00 sys=0.00, real=0.00 secs] 
40.653: [GC40.653: [DefNew: 447K->63K(448K), 0.0012240 secs] 486581K->486327K(1048512K), 0.0012810 secs] [Times: user=0.00 sys=0.00, real=0.00 secs] 
40.664: [GC40.664: [DefNew: 447K->63K(448K), 0.0011770 secs] 486711K->486444K(1048512K), 0.0012290 secs] [Times: user=0.00 sys=0.00, real=0.00 secs] 
40.676: [GC40.676: [DefNew: 447K->64K(448K), 0.0011970 secs] 486828K->486579K(1048512K), 0.0012490 secs] [Times: user=0.00 sys=0.00, real=0.01 secs] 
40.687: [GC40.687: [DefNew: 448K->63K(448K), 0.0012400 secs] 486963K->486687K(1048512K), 0.0013030 secs] [Times: user=0.00 sys=0.00, real=0.00 secs] 
40.697: [GC40.697: [DefNew: 447K->64K(448K), 0.0012350 secs] 487070K->486807K(1048512K), 0.0012840 secs] [Times: user=0.00 sys=0.00, real=0.00 secs] 
40.709: [GC40.709: [DefNew: 448K->63K(448K), 0.0012840 secs] 487191K->486934K(1048512K), 0.0013490 secs] [Times: user=0.00 sys=0.00, real=0.00 secs] 
40.720: [GC40.720: [DefNew: 447K->63K(448K), 0.0012360 secs] 487318K->487051K(1048512K), 0.0012870 secs] [Times: user=0.00 sys=0.00, real=0.00 secs] 
40.731: [GC40.731: [DefNew: 447K->64K(448K), 0.0011930 secs] 487435K->487162K(1048512K), 0.0012670 secs] [Times: user=0.00 sys=0.00, real=0.00 secs] 
40.743: [GC40.743: [DefNew: 448K->63K(448K), 0.0011320 secs] 487546K->487284K(1048512K), 0.0011930 secs] [Times: user=0.00 sys=0.00, real=0.00 secs] 
40.755: [GC40.755: [DefNew: 447K->64K(448K), 0.0012180 secs] 487668K->487394K(1048512K), 0.0012690 secs] [Times: user=0.00 sys=0.00, real=0.00 secs] 
40.766: [GC40.766: [DefNew: 448K->64K(448K), 0.0011890 secs] 487778K->487527K(1048512K), 0.0012510 secs] [Times: user=0.00 sys=0.00, real=0.01 secs] 
40.776: [GC40.776: [DefNew: 448K->64K(448K), 0.0011730 secs] 487911K->487654K(1048512K), 0.0012450 secs] [Times: user=0.00 sys=0.00, real=0.01 secs] 
40.787: [GC40.787: [DefNew: 448K->64K(448K), 0.0018590 secs] 488038K->487877K(1048512K), 0.0019990 secs] [Times: user=0.00 sys=0.00, real=0.00 secs] 
40.799: [GC40.799: [DefNew: 447K->63K(448K), 0.0011440 secs] 488261K->487968K(1048512K), 0.0011990 secs] [Times: user=0.00 sys=0.00, real=0.00 secs] 
40.809: [GC40.809: [DefNew: 447K->63K(448K), 0.0006360 secs] 488352K->488050K(1048512K), 0.0006760 secs] [Times: user=0.00 sys=0.00, real=0.00 secs] 
40.820: [GC40.820: [DefNew: 447K->64K(448K), 0.0006730 secs] 488434K->488123K(1048512K), 0.0007080 secs] [Times: user=0.00 sys=0.00, real=0.00 secs] 
40.830: [GC40.830: [DefNew: 448K->63K(448K), 0.0006150 secs] 488507K->488204K(1048512K), 0.0006490 secs] [Times: user=0.01 sys=0.00, real=0.00 secs] 
40.841: [GC40.841: [DefNew: 447K->64K(448K), 0.0006230 secs] 488588K->488286K(1048512K), 0.0006670 secs] [Times: user=0.00 sys=0.00, real=0.00 secs] 
40.852: [GC40.852: [DefNew: 448K->64K(448K), 0.0013830 secs] 488670K->488393K(1048512K), 0.0014460 secs] [Times: user=0.00 sys=0.00, real=0.00 secs] 
40.864: [GC40.864: [DefNew: 447K->63K(448K), 0.0011230 secs] 488777K->488513K(1048512K), 0.0011840 secs] [Times: user=0.00 sys=0.00, real=0.00 secs] 
40.874: [GC40.874: [DefNew: 447K->63K(448K), 0.0012810 secs] 488897K->488638K(1048512K), 0.0013320 secs] [Times: user=0.00 sys=0.00, real=0.00 secs] 
40.885: [GC40.885: [DefNew: 447K->63K(448K), 0.0012890 secs] 489022K->488751K(1048512K), 0.0013400 secs] [Times: user=0.00 sys=0.00, real=0.01 secs] 
40.897: [GC40.897: [DefNew: 447K->63K(448K), 0.0011910 secs] 489135K->488865K(1048512K), 0.0012410 secs] [Times: user=0.00 sys=0.00, real=0.00 secs] 
40.908: [GC40.908: [DefNew: 447K->63K(448K), 0.0012980 secs] 489249K->488988K(1048512K), 0.0013640 secs] [Times: user=0.00 sys=0.00, real=0.00 secs] 
40.920: [GC40.920: [DefNew: 447K->63K(448K), 0.0012360 secs] 489372K->489116K(1048512K), 0.0012870 secs] [Times: user=0.00 sys=0.00, real=0.00 secs] 
40.931: [GC40.931: [DefNew: 447K->64K(448K), 0.0013090 secs] 489500K->489231K(1048512K), 0.0013720 secs] [Times: user=0.00 sys=0.00, real=0.00 secs] 
40.943: [GC40.943: [DefNew: 448K->63K(448K), 0.0011730 secs] 489615K->489356K(1048512K), 0.0012220 secs] [Times: user=0.00 sys=0.00, real=0.00 secs] 
40.954: [GC40.954: [DefNew: 447K->64K(448K), 0.0012860 secs] 489740K->489475K(1048512K), 0.0013480 secs] [Times: user=0.00 sys=0.00, real=0.00 secs] 
40.964: [GC40.964: [DefNew: 448K->63K(448K), 0.0011920 secs] 489859K->489602K(1048512K), 0.0012440 secs] [Times: user=0.01 sys=0.00, real=0.00 secs] 
40.976: [GC40.976: [DefNew: 447K->63K(448K), 0.0013150 secs] 489986K->489729K(1048512K), 0.0013860 secs] [Times: user=0.00 sys=0.00, real=0.01 secs] 
40.988: [GC40.988: [DefNew: 447K->64K(448K), 0.0013950 secs] 490113K->489925K(1048512K), 0.0014710 secs] [Times: user=0.00 sys=0.00, real=0.00 secs] 
40.999: [GC40.999: [DefNew: 448K->63K(448K), 0.0018450 secs] 490309K->490030K(1048512K), 0.0019330 secs] [Times: user=0.00 sys=0.00, real=0.00 secs] 
41.011: [GC41.011: [DefNew: 447K->63K(448K), 0.0006870 secs] 490414K->490112K(1048512K), 0.0007210 secs] [Times: user=0.00 sys=0.00, real=0.00 secs] 
41.021: [GC41.021: [DefNew: 447K->64K(448K), 0.0006340 secs] 490496K->490185K(1048512K), 0.0006750 secs] [Times: user=0.00 sys=0.00, real=0.00 secs] 
41.032: [GC41.032: [DefNew: 448K->63K(448K), 0.0005800 secs] 490569K->490257K(1048512K), 0.0006190 secs] [Times: user=0.00 sys=0.00, real=0.00 secs] 
41.043: [GC41.043: [DefNew: 447K->63K(448K), 0.0006890 secs] 490641K->490344K(1048512K), 0.0007240 secs] [Times: user=0.01 sys=0.00, real=0.00 secs] 
41.053: [GC41.053: [DefNew: 447K->63K(448K), 0.0006180 secs] 490728K->490420K(1048512K), 0.0006510 secs] [Times: user=0.00 sys=0.00, real=0.00 secs] 
41.062: [GC41.062: [DefNew: 447K->64K(448K), 0.0007620 secs] 490804K->490505K(1048512K), 0.0008190 secs] [Times: user=0.00 sys=0.00, real=0.00 secs] 
41.073: [GC41.073: [DefNew: 448K->63K(448K), 0.0018420 secs] 490889K->490663K(1048512K), 0.0019640 secs] [Times: user=0.00 sys=0.00, real=0.00 secs] 
41.084: [GC41.084: [DefNew: 447K->63K(448K), 0.0010860 secs] 491047K->490785K(1048512K), 0.0011410 secs] [Times: user=0.00 sys=0.00, real=0.00 secs] 
41.095: [GC41.095: [DefNew: 447K->64K(448K), 0.0031550 secs] 491169K->491022K(1048512K), 0.0035050 secs] [Times: user=0.01 sys=0.00, real=0.01 secs] 
41.108: [GC41.108: [DefNew: 448K->63K(448K), 0.0023350 secs] 491406K->491195K(1048512K), 0.0024320 secs] [Times: user=0.00 sys=0.00, real=0.00 secs] 
41.120: [GC41.120: [DefNew: 447K->64K(448K), 0.0008520 secs] 491579K->491314K(1048512K), 0.0008860 secs] [Times: user=0.00 sys=0.00, real=0.00 secs] 
41.131: [GC41.131: [DefNew: 448K->63K(448K), 0.0007970 secs] 491698K->491393K(1048512K), 0.0008930 secs] [Times: user=0.00 sys=0.00, real=0.00 secs] 
41.141: [GC41.141: [DefNew: 447K->63K(448K), 0.0006830 secs] 491777K->491503K(1048512K), 0.0007140 secs] [Times: user=0.00 sys=0.00, real=0.00 secs] 
41.151: [GC41.151: [DefNew: 447K->63K(448K), 0.0009970 secs] 491887K->491623K(1048512K), 0.0010820 secs] [Times: user=0.00 sys=0.00, real=0.00 secs] 
41.162: [GC41.162: [DefNew: 447K->63K(448K), 0.0008710 secs] 492007K->491716K(1048512K), 0.0009410 secs] [Times: user=0.00 sys=0.00, real=0.00 secs] 
41.173: [GC41.173: [DefNew: 447K->63K(448K), 0.0006930 secs] 492100K->491817K(1048512K), 0.0007320 secs] [Times: user=0.00 sys=0.00, real=0.00 secs] 
41.184: [GC41.184: [DefNew: 447K->64K(448K), 0.0007120 secs] 492201K->491905K(1048512K), 0.0007470 secs] [Times: user=0.00 sys=0.00, real=0.00 secs] 
41.194: [GC41.194: [DefNew: 448K->63K(448K), 0.0026440 secs] 492289K->492111K(1048512K), 0.0027800 secs] [Times: user=0.00 sys=0.00, real=0.01 secs] 
41.206: [GC41.206: [DefNew: 447K->63K(448K), 0.0009110 secs] 492495K->492255K(1048512K), 0.0009450 secs] [Times: user=0.00 sys=0.00, real=0.00 secs] 
41.217: [GC41.217: [DefNew: 447K->63K(448K), 0.0007160 secs] 492639K->492322K(1048512K), 0.0007510 secs] [Times: user=0.00 sys=0.00, real=0.00 secs] 
41.226: [GC41.226: [DefNew: 447K->63K(448K), 0.0005880 secs] 492706K->492405K(1048512K), 0.0006290 secs] [Times: user=0.00 sys=0.00, real=0.01 secs] 
41.236: [GC41.236: [DefNew: 447K->63K(448K), 0.0005920 secs] 492789K->492484K(1048512K), 0.0006280 secs] [Times: user=0.00 sys=0.00, real=0.00 secs] 
41.247: [GC41.247: [DefNew: 447K->64K(448K), 0.0010530 secs] 492868K->492580K(1048512K), 0.0011000 secs] [Times: user=0.01 sys=0.00, real=0.00 secs] 
41.258: [GC41.258: [DefNew: 448K->63K(448K), 0.0012930 secs] 492964K->492703K(1048512K), 0.0013510 secs] [Times: user=0.00 sys=0.00, real=0.00 secs] 
41.269: [GC41.269: [DefNew: 447K->63K(448K), 0.0011600 secs] 493087K->492827K(1048512K), 0.0012260 secs] [Times: user=0.00 sys=0.00, real=0.00 secs] 
41.280: [GC41.280: [DefNew: 447K->63K(448K), 0.0006430 secs] 493211K->492923K(1048512K), 0.0006800 secs] [Times: user=0.00 sys=0.00, real=0.00 secs] 
41.290: [GC41.290: [DefNew: 447K->64K(448K), 0.0007730 secs] 493307K->492994K(1048512K), 0.0008280 secs] [Times: user=0.00 sys=0.00, real=0.00 secs] 
41.301: [GC41.301: [DefNew: 448K->63K(448K), 0.0006060 secs] 493378K->493081K(1048512K), 0.0006410 secs] [Times: user=0.00 sys=0.00, real=0.00 secs] 
41.312: [GC41.312: [DefNew: 447K->63K(448K), 0.0005800 secs] 493465K->493145K(1048512K), 0.0006140 secs] [Times: user=0.00 sys=0.00, real=0.00 secs] 
41.323: [GC41.323: [DefNew: 447K->64K(448K), 0.0009520 secs] 493529K->493242K(1048512K), 0.0010010 secs] [Times: user=0.00 sys=0.00, real=0.00 secs] 
41.333: [GC41.333: [DefNew: 448K->63K(448K), 0.0011340 secs] 493626K->493368K(1048512K), 0.0011940 secs] [Times: user=0.01 sys=0.00, real=0.00 secs] 
41.344: [GC41.344: [DefNew: 447K->64K(448K), 0.0012590 secs] 493752K->493474K(1048512K), 0.0013220 secs] [Times: user=0.00 sys=0.00, real=0.00 secs] 
41.355: [GC41.355: [DefNew: 448K->63K(448K), 0.0012050 secs] 493858K->493607K(1048512K), 0.0012550 secs] [Times: user=0.00 sys=0.00, real=0.00 secs] 
41.367: [GC41.367: [DefNew: 447K->64K(448K), 0.0012640 secs] 493991K->493738K(1048512K), 0.0013160 secs] [Times: user=0.00 sys=0.00, real=0.00 secs] 
41.378: [GC41.378: [DefNew: 447K->64K(448K), 0.0013190 secs] 494122K->493868K(1048512K), 0.0013800 secs] [Times: user=0.00 sys=0.00, real=0.00 secs] 
41.389: [GC41.389: [DefNew: 447K->63K(448K), 0.0012860 secs] 494252K->493984K(1048512K), 0.0013380 secs] [Times: user=0.00 sys=0.00, real=0.00 secs] 
41.400: [GC41.400: [DefNew: 447K->64K(448K), 0.0024320 secs] 494368K->494163K(1048512K), 0.0025580 secs] [Times: user=0.00 sys=0.00, real=0.00 secs] 
41.412: [GC41.412: [DefNew: 447K->63K(448K), 0.0011320 secs] 494547K->494257K(1048512K), 0.0012420 secs] [Times: user=0.00 sys=0.00, real=0.00 secs] 
41.422: [GC41.422: [DefNew: 447K->63K(448K), 0.0009260 secs] 494641K->494397K(1048512K), 0.0009740 secs] [Times: user=0.00 sys=0.00, real=0.00 secs] 
41.432: [GC41.432: [DefNew: 447K->63K(448K), 0.0008440 secs] 494781K->494496K(1048512K), 0.0009000 secs] [Times: user=0.00 sys=0.00, real=0.00 secs] 
41.442: [GC41.442: [DefNew: 447K->63K(448K), 0.0007600 secs] 494880K->494581K(1048512K), 0.0008180 secs] [Times: user=0.00 sys=0.00, real=0.00 secs] 
41.452: [GC41.452: [DefNew: 447K->64K(448K), 0.0006050 secs] 494964K->494667K(1048512K), 0.0006580 secs] [Times: user=0.00 sys=0.00, real=0.00 secs] 
41.462: [GC41.462: [DefNew: 448K->63K(448K), 0.0006020 secs] 495051K->494743K(1048512K), 0.0006440 secs] [Times: user=0.00 sys=0.00, real=0.00 secs] 
41.472: [GC41.472: [DefNew: 447K->64K(448K), 0.0006430 secs] 495127K->494827K(1048512K), 0.0006970 secs] [Times: user=0.01 sys=0.00, real=0.00 secs] 
41.482: [GC41.482: [DefNew: 448K->63K(448K), 0.0007230 secs] 495211K->494906K(1048512K), 0.0007770 secs] [Times: user=0.00 sys=0.00, real=0.00 secs] 
41.492: [GC41.492: [DefNew: 447K->63K(448K), 0.0006590 secs] 495290K->494988K(1048512K), 0.0007040 secs] [Times: user=0.00 sys=0.00, real=0.00 secs] 
41.501: [GC41.502: [DefNew: 447K->64K(448K), 0.0006880 secs] 495372K->495069K(1048512K), 0.0007330 secs] [Times: user=0.00 sys=0.00, real=0.00 secs] 
41.510: [GC41.510: [DefNew: 447K->63K(448K), 0.0005970 secs] 495453K->495155K(1048512K), 0.0006340 secs] [Times: user=0.00 sys=0.00, real=0.00 secs] 
41.520: [GC41.520: [DefNew: 447K->64K(448K), 0.0006970 secs] 495539K->495238K(1048512K), 0.0007370 secs] [Times: user=0.00 sys=0.00, real=0.00 secs] 
41.529: [GC41.530: [DefNew: 448K->64K(448K), 0.0006050 secs] 495622K->495323K(1048512K), 0.0006550 secs] [Times: user=0.00 sys=0.00, real=0.00 secs] 
41.539: [GC41.539: [DefNew: 448K->64K(448K), 0.0005770 secs] 495707K->495408K(1048512K), 0.0006100 secs] [Times: user=0.00 sys=0.00, real=0.00 secs] 
41.549: [GC41.549: [DefNew: 448K->64K(448K), 0.0005870 secs] 495792K->495488K(1048512K), 0.0006250 secs] [Times: user=0.00 sys=0.00, real=0.00 secs] 
41.559: [GC41.559: [DefNew: 448K->64K(448K), 0.0006170 secs] 495872K->495562K(1048512K), 0.0006540 secs] [Times: user=0.00 sys=0.00, real=0.00 secs] 
41.568: [GC41.568: [DefNew: 448K->63K(448K), 0.0008210 secs] 495946K->495633K(1048512K), 0.0008810 secs] [Times: user=0.00 sys=0.00, real=0.00 secs] 
41.578: [GC41.578: [DefNew: 447K->63K(448K), 0.0005870 secs] 496017K->495724K(1048512K), 0.0006270 secs] [Times: user=0.00 sys=0.00, real=0.00 secs] 
41.587: [GC41.587: [DefNew: 447K->64K(448K), 0.0006150 secs] 496108K->495807K(1048512K), 0.0006550 secs] [Times: user=0.00 sys=0.00, real=0.00 secs] 
41.597: [GC41.597: [DefNew: 448K->63K(448K), 0.0006740 secs] 496191K->495888K(1048512K), 0.0007310 secs] [Times: user=0.00 sys=0.00, real=0.00 secs] 
41.607: [GC41.608: [DefNew: 447K->63K(448K), 0.0008590 secs] 496272K->496077K(1048512K), 0.0008980 secs] [Times: user=0.00 sys=0.00, real=0.00 secs] 
41.618: [GC41.618: [DefNew: 447K->63K(448K), 0.0018800 secs] 496461K->496256K(1048512K), 0.0019820 secs] [Times: user=0.00 sys=0.00, real=0.00 secs] 
41.630: [GC41.630: [DefNew: 447K->63K(448K), 0.0008980 secs] 496640K->496352K(1048512K), 0.0009440 secs] [Times: user=0.00 sys=0.00, real=0.00 secs] 
41.640: [GC41.640: [DefNew: 447K->63K(448K), 0.0005850 secs] 496736K->496431K(1048512K), 0.0006200 secs] [Times: user=0.00 sys=0.00, real=0.00 secs] 
41.649: [GC41.649: [DefNew: 447K->64K(448K), 0.0006660 secs] 496815K->496515K(1048512K), 0.0007050 secs] [Times: user=0.00 sys=0.00, real=0.00 secs] 
41.659: [GC41.659: [DefNew: 448K->63K(448K), 0.0006790 secs] 496899K->496587K(1048512K), 0.0007320 secs] [Times: user=0.01 sys=0.00, real=0.00 secs] 
41.668: [GC41.668: [DefNew: 447K->63K(448K), 0.0007020 secs] 496971K->496686K(1048512K), 0.0007400 secs] [Times: user=0.00 sys=0.00, real=0.00 secs] 
41.678: [GC41.678: [DefNew: 447K->63K(448K), 0.0006390 secs] 497070K->496774K(1048512K), 0.0006810 secs] [Times: user=0.00 sys=0.00, real=0.00 secs] 
41.687: [GC41.687: [DefNew: 447K->64K(448K), 0.0006270 secs] 497157K->496871K(1048512K), 0.0006670 secs] [Times: user=0.00 sys=0.00, real=0.00 secs] 
41.697: [GC41.697: [DefNew: 448K->64K(448K), 0.0006110 secs] 497255K->496945K(1048512K), 0.0006560 secs] [Times: user=0.00 sys=0.00, real=0.00 secs] 
41.707: [GC41.707: [DefNew: 447K->63K(448K), 0.0005700 secs] 497329K->497014K(1048512K), 0.0006090 secs] [Times: user=0.00 sys=0.00, real=0.00 secs] 
41.717: [GC41.717: [DefNew: 447K->63K(448K), 0.0005820 secs] 497398K->497105K(1048512K), 0.0006200 secs] [Times: user=0.00 sys=0.00, real=0.00 secs] 
41.727: [GC41.727: [DefNew: 447K->63K(448K), 0.0010630 secs] 497489K->497173K(1048512K), 0.0011040 secs] [Times: user=0.00 sys=0.00, real=0.00 secs] 
41.738: [GC41.738: [DefNew: 447K->63K(448K), 0.0006140 secs] 497557K->497258K(1048512K), 0.0006440 secs] [Times: user=0.00 sys=0.00, real=0.00 secs] 
41.749: [GC41.749: [DefNew: 447K->64K(448K), 0.0011320 secs] 497642K->497351K(1048512K), 0.0011960 secs] [Times: user=0.00 sys=0.00, real=0.00 secs] 
41.759: [GC41.759: [DefNew: 447K->64K(448K), 0.0011100 secs] 497735K->497473K(1048512K), 0.0011600 secs] [Times: user=0.00 sys=0.00, real=0.00 secs] 
41.770: [GC41.770: [DefNew: 448K->63K(448K), 0.0012360 secs] 497857K->497578K(1048512K), 0.0012870 secs] [Times: user=0.00 sys=0.00, real=0.00 secs] 
41.781: [GC41.781: [DefNew: 447K->63K(448K), 0.0011770 secs] 497962K->497708K(1048512K), 0.0012280 secs] [Times: user=0.00 sys=0.00, real=0.00 secs] 
41.793: [GC41.793: [DefNew: 447K->64K(448K), 0.0011840 secs] 498092K->497821K(1048512K), 0.0012330 secs] [Times: user=0.00 sys=0.00, real=0.00 secs] 
41.804: [GC41.804: [DefNew: 448K->63K(448K), 0.0012680 secs] 498205K->497941K(1048512K), 0.0013280 secs] [Times: user=0.00 sys=0.00, real=0.00 secs] 
41.815: [GC41.816: [DefNew: 447K->64K(448K), 0.0023390 secs] 498325K->498149K(1048512K), 0.0024710 secs] [Times: user=0.01 sys=0.00, real=0.01 secs] 
41.828: [GC41.828: [DefNew: 448K->63K(448K), 0.0009170 secs] 498533K->498242K(1048512K), 0.0009500 secs] [Times: user=0.00 sys=0.00, real=0.00 secs] 
41.839: [GC41.839: [DefNew: 447K->63K(448K), 0.0006450 secs] 498626K->498323K(1048512K), 0.0006780 secs] [Times: user=0.00 sys=0.01, real=0.00 secs] 
41.849: [GC41.849: [DefNew: 447K->64K(448K), 0.0006740 secs] 498707K->498398K(1048512K), 0.0007080 secs] [Times: user=0.00 sys=0.00, real=0.00 secs] 
41.859: [GC41.859: [DefNew: 448K->64K(448K), 0.0005980 secs] 498782K->498485K(1048512K), 0.0006370 secs] [Times: user=0.00 sys=0.00, real=0.00 secs] 
41.870: [GC41.870: [DefNew: 448K->63K(448K), 0.0006520 secs] 498869K->498554K(1048512K), 0.0006870 secs] [Times: user=0.00 sys=0.00, real=0.00 secs] 
41.880: [GC41.880: [DefNew: 447K->63K(448K), 0.0005800 secs] 498938K->498634K(1048512K), 0.0006130 secs] [Times: user=0.00 sys=0.00, real=0.00 secs] 
41.891: [GC41.891: [DefNew: 447K->64K(448K), 0.0005810 secs] 499018K->498711K(1048512K), 0.0006170 secs] [Times: user=0.00 sys=0.00, real=0.00 secs] 
41.902: [GC41.902: [DefNew: 448K->64K(448K), 0.0005840 secs] 499095K->498791K(1048512K), 0.0006180 secs] [Times: user=0.00 sys=0.00, real=0.00 secs] 
41.912: [GC41.912: [DefNew: 448K->64K(448K), 0.0005820 secs] 499175K->498867K(1048512K), 0.0006170 secs] [Times: user=0.01 sys=0.00, real=0.00 secs] 
41.923: [GC41.923: [DefNew: 448K->64K(448K), 0.0005810 secs] 499251K->498947K(1048512K), 0.0006250 secs] [Times: user=0.00 sys=0.00, real=0.00 secs] 
41.934: [GC41.934: [DefNew: 448K->63K(448K), 0.0009550 secs] 499331K->499021K(1048512K), 0.0010100 secs] [Times: user=0.00 sys=0.00, real=0.00 secs] 
41.945: [GC41.945: [DefNew: 447K->64K(448K), 0.0011640 secs] 499405K->499151K(1048512K), 0.0012140 secs] [Times: user=0.00 sys=0.00, real=0.00 secs] 
41.956: [GC41.957: [DefNew: 447K->63K(448K), 0.0012850 secs] 499535K->499268K(1048512K), 0.0013460 secs] [Times: user=0.00 sys=0.00, real=0.00 secs] 
41.967: [GC41.967: [DefNew: 447K->63K(448K), 0.0015990 secs] 499652K->499422K(1048512K), 0.0016720 secs] [Times: user=0.00 sys=0.00, real=0.00 secs] 
41.979: [GC41.979: [DefNew: 447K->63K(448K), 0.0013750 secs] 499806K->499537K(1048512K), 0.0014350 secs] [Times: user=0.00 sys=0.00, real=0.00 secs] 
41.991: [GC41.991: [DefNew: 447K->64K(448K), 0.0012230 secs] 499921K->499664K(1048512K), 0.0012870 secs] [Times: user=0.00 sys=0.00, real=0.00 secs] 
42.002: [GC42.002: [DefNew: 448K->63K(448K), 0.0011080 secs] 500048K->499767K(1048512K), 0.0011700 secs] [Times: user=0.00 sys=0.00, real=0.00 secs] 
42.013: [GC42.013: [DefNew: 447K->64K(448K), 0.0013420 secs] 500151K->499893K(1048512K), 0.0014210 secs] [Times: user=0.00 sys=0.00, real=0.00 secs] 
42.025: [GC42.025: [DefNew: 448K->63K(448K), 0.0010350 secs] 500277K->500109K(1048512K), 0.0010740 secs] [Times: user=0.00 sys=0.00, real=0.00 secs] 
42.036: [GC42.036: [DefNew: 447K->64K(448K), 0.0011520 secs] 500493K->500243K(1048512K), 0.0012160 secs] [Times: user=0.00 sys=0.00, real=0.01 secs] 
42.046: [GC42.046: [DefNew: 448K->64K(448K), 0.0006600 secs] 500627K->500330K(1048512K), 0.0007010 secs] [Times: user=0.00 sys=0.00, real=0.01 secs] 
42.057: [GC42.057: [DefNew: 448K->63K(448K), 0.0006580 secs] 500714K->500416K(1048512K), 0.0006910 secs] [Times: user=0.00 sys=0.00, real=0.00 secs] 
42.067: [GC42.067: [DefNew: 447K->64K(448K), 0.0009290 secs] 500800K->500499K(1048512K), 0.0010370 secs] [Times: user=0.00 sys=0.00, real=0.00 secs] 
42.078: [GC42.078: [DefNew: 448K->63K(448K), 0.0024040 secs] 500883K->500611K(1048512K), 0.0025760 secs] [Times: user=0.00 sys=0.00, real=0.00 secs] 
42.089: [GC42.089: [DefNew: 447K->63K(448K), 0.0021760 secs] 500995K->500774K(1048512K), 0.0022870 secs] [Times: user=0.00 sys=0.00, real=0.00 secs] 
42.101: [GC42.101: [DefNew: 447K->63K(448K), 0.0024670 secs] 501157K->500933K(1048512K), 0.0026230 secs] [Times: user=0.01 sys=0.00, real=0.00 secs] 
42.113: [GC42.113: [DefNew: 447K->63K(448K), 0.0033190 secs] 501317K->501195K(1048512K), 0.0034430 secs] [Times: user=0.00 sys=0.01, real=0.00 secs] 
42.128: [GC42.128: [DefNew: 447K->63K(448K), 0.0016950 secs] 501579K->501365K(1048512K), 0.0018040 secs] [Times: user=0.00 sys=0.00, real=0.00 secs] 
42.139: [GC42.139: [DefNew: 447K->63K(448K), 0.0008740 secs] 501749K->501519K(1048512K), 0.0009280 secs] [Times: user=0.00 sys=0.00, real=0.00 secs] 
42.149: [GC42.149: [DefNew: 447K->63K(448K), 0.0007520 secs] 501903K->501601K(1048512K), 0.0007870 secs] [Times: user=0.01 sys=0.00, real=0.00 secs] 
42.160: [GC42.160: [DefNew: 447K->63K(448K), 0.0006770 secs] 501985K->501710K(1048512K), 0.0007160 secs] [Times: user=0.00 sys=0.00, real=0.00 secs] 
42.169: [GC42.169: [DefNew: 447K->63K(448K), 0.0007160 secs] 502094K->501825K(1048512K), 0.0007620 secs] [Times: user=0.00 sys=0.00, real=0.00 secs] 
42.179: [GC42.179: [DefNew: 447K->63K(448K), 0.0011650 secs] 502209K->501923K(1048512K), 0.0012140 secs] [Times: user=0.00 sys=0.00, real=0.00 secs] 
42.190: [GC42.190: [DefNew: 447K->64K(448K), 0.0013550 secs] 502307K->502037K(1048512K), 0.0014180 secs] [Times: user=0.00 sys=0.00, real=0.00 secs] 
42.202: [GC42.202: [DefNew: 447K->64K(448K), 0.0012440 secs] 502421K->502153K(1048512K), 0.0013220 secs] [Times: user=0.00 sys=0.00, real=0.00 secs] 
42.214: [GC42.214: [DefNew: 448K->63K(448K), 0.0013380 secs] 502537K->502280K(1048512K), 0.0014020 secs] [Times: user=0.00 sys=0.00, real=0.00 secs] 
42.225: [GC42.225: [DefNew: 447K->64K(448K), 0.0025660 secs] 502664K->502428K(1048512K), 0.0027510 secs] [Times: user=0.00 sys=0.00, real=0.01 secs] 
42.238: [GC42.238: [DefNew: 448K->63K(448K), 0.0015740 secs] 502812K->502620K(1048512K), 0.0016460 secs] [Times: user=0.00 sys=0.00, real=0.00 secs] 
42.250: [GC42.250: [DefNew: 447K->63K(448K), 0.0016660 secs] 503004K->502712K(1048512K), 0.0017340 secs] [Times: user=0.00 sys=0.00, real=0.00 secs] 
42.261: [GC42.261: [DefNew: 447K->64K(448K), 0.0006910 secs] 503096K->502800K(1048512K), 0.0007380 secs] [Times: user=0.00 sys=0.00, real=0.00 secs] 
42.272: [GC42.272: [DefNew: 448K->64K(448K), 0.0006420 secs] 503184K->502883K(1048512K), 0.0006870 secs] [Times: user=0.00 sys=0.00, real=0.00 secs] 
42.281: [GC42.281: [DefNew: 447K->64K(448K), 0.0005770 secs] 503267K->502960K(1048512K), 0.0006240 secs] [Times: user=0.00 sys=0.00, real=0.00 secs] 
42.291: [GC42.291: [DefNew: 448K->63K(448K), 0.0010250 secs] 503344K->503048K(1048512K), 0.0010690 secs] [Times: user=0.01 sys=0.00, real=0.00 secs] 
42.301: [GC42.301: [DefNew: 447K->63K(448K), 0.0006400 secs] 503431K->503118K(1048512K), 0.0006760 secs] [Times: user=0.00 sys=0.00, real=0.00 secs] 
42.312: [GC42.312: [DefNew: 447K->63K(448K), 0.0006030 secs] 503502K->503194K(1048512K), 0.0006350 secs] [Times: user=0.00 sys=0.00, real=0.00 secs] 
42.323: [GC42.323: [DefNew: 447K->63K(448K), 0.0006210 secs] 503578K->503279K(1048512K), 0.0006630 secs] [Times: user=0.00 sys=0.00, real=0.00 secs] 
42.334: [GC42.334: [DefNew: 447K->64K(448K), 0.0007210 secs] 503663K->503365K(1048512K), 0.0007720 secs] [Times: user=0.00 sys=0.00, real=0.00 secs] 
42.345: [GC42.345: [DefNew: 448K->64K(448K), 0.0011140 secs] 503749K->503471K(1048512K), 0.0011630 secs] [Times: user=0.00 sys=0.00, real=0.00 secs] 
42.356: [GC42.356: [DefNew: 447K->63K(448K), 0.0011100 secs] 503855K->503577K(1048512K), 0.0011620 secs] [Times: user=0.00 sys=0.00, real=0.01 secs] 
42.367: [GC42.367: [DefNew: 447K->64K(448K), 0.0012040 secs] 503961K->503710K(1048512K), 0.0012540 secs] [Times: user=0.00 sys=0.00, real=0.00 secs] 
42.379: [GC42.379: [DefNew: 448K->63K(448K), 0.0011840 secs] 504094K->503823K(1048512K), 0.0012440 secs] [Times: user=0.01 sys=0.00, real=0.00 secs] 
42.389: [GC42.389: [DefNew: 447K->63K(448K), 0.0013180 secs] 504207K->503941K(1048512K), 0.0013800 secs] [Times: user=0.00 sys=0.00, real=0.00 secs] 
42.401: [GC42.401: [DefNew: 447K->64K(448K), 0.0012300 secs] 504324K->504053K(1048512K), 0.0012800 secs] [Times: user=0.00 sys=0.00, real=0.00 secs] 
42.413: [GC42.413: [DefNew: 448K->63K(448K), 0.0013290 secs] 504437K->504185K(1048512K), 0.0013830 secs] [Times: user=0.00 sys=0.00, real=0.00 secs] 
42.424: [GC42.424: [DefNew: 447K->63K(448K), 0.0011780 secs] 504569K->504307K(1048512K), 0.0012290 secs] [Times: user=0.00 sys=0.00, real=0.00 secs] 
42.436: [GC42.436: [DefNew: 447K->63K(448K), 0.0022780 secs] 504691K->504475K(1048512K), 0.0024580 secs] [Times: user=0.01 sys=0.00, real=0.01 secs] 
42.448: [GC42.448: [DefNew: 447K->63K(448K), 0.0017900 secs] 504859K->504605K(1048512K), 0.0018790 secs] [Times: user=0.00 sys=0.00, real=0.00 secs] 
42.460: [GC42.460: [DefNew: 447K->63K(448K), 0.0007710 secs] 504989K->504708K(1048512K), 0.0008060 secs] [Times: user=0.00 sys=0.00, real=0.00 secs] 
42.471: [GC42.471: [DefNew: 447K->63K(448K), 0.0006480 secs] 505092K->504777K(1048512K), 0.0006910 secs] [Times: user=0.00 sys=0.00, real=0.00 secs] 
42.480: [GC42.480: [DefNew: 447K->63K(448K), 0.0006010 secs] 505161K->504859K(1048512K), 0.0006390 secs] [Times: user=0.00 sys=0.00, real=0.00 secs] 
42.490: [GC42.490: [DefNew: 447K->63K(448K), 0.0007250 secs] 505243K->504950K(1048512K), 0.0007750 secs] [Times: user=0.00 sys=0.00, real=0.00 secs] 
42.501: [GC42.501: [DefNew: 447K->63K(448K), 0.0007540 secs] 505334K->505034K(1048512K), 0.0007970 secs] [Times: user=0.00 sys=0.00, real=0.00 secs] 
42.511: [GC42.512: [DefNew: 447K->63K(448K), 0.0009850 secs] 505418K->505125K(1048512K), 0.0010380 secs] [Times: user=0.00 sys=0.00, real=0.00 secs] 
42.523: [GC42.523: [DefNew: 447K->64K(448K), 0.0012880 secs] 505509K->505263K(1048512K), 0.0013510 secs] [Times: user=0.00 sys=0.00, real=0.00 secs] 
42.534: [GC42.534: [DefNew: 448K->64K(448K), 0.0014060 secs] 505647K->505401K(1048512K), 0.0014610 secs] [Times: user=0.00 sys=0.00, real=0.00 secs] 
42.546: [GC42.546: [DefNew: 447K->64K(448K), 0.0013080 secs] 505785K->505525K(1048512K), 0.0013700 secs] [Times: user=0.00 sys=0.00, real=0.01 secs] 
42.556: [GC42.556: [DefNew: 448K->64K(448K), 0.0014200 secs] 505909K->505648K(1048512K), 0.0014820 secs] [Times: user=0.00 sys=0.00, real=0.01 secs] 
42.567: [GC42.567: [DefNew: 448K->63K(448K), 0.0012990 secs] 506032K->505779K(1048512K), 0.0013470 secs] [Times: user=0.00 sys=0.00, real=0.00 secs] 
42.579: [GC42.579: [DefNew: 447K->64K(448K), 0.0013340 secs] 506163K->505899K(1048512K), 0.0013840 secs] [Times: user=0.01 sys=0.00, real=0.00 secs] 
42.589: [GC42.589: [DefNew: 448K->63K(448K), 0.0007080 secs] 506283K->506005K(1048512K), 0.0007430 secs] [Times: user=0.00 sys=0.00, real=0.00 secs] 
42.600: [GC42.600: [DefNew: 447K->63K(448K), 0.0007340 secs] 506389K->506086K(1048512K), 0.0007720 secs] [Times: user=0.00 sys=0.00, real=0.00 secs] 
42.611: [GC42.611: [DefNew: 447K->63K(448K), 0.0011840 secs] 506469K->506195K(1048512K), 0.0012440 secs] [Times: user=0.00 sys=0.00, real=0.00 secs] 
42.622: [GC42.622: [DefNew: 447K->63K(448K), 0.0012040 secs] 506579K->506310K(1048512K), 0.0012530 secs] [Times: user=0.00 sys=0.00, real=0.00 secs] 
42.632: [GC42.632: [DefNew: 447K->63K(448K), 0.0013890 secs] 506694K->506470K(1048512K), 0.0014580 secs] [Times: user=0.00 sys=0.00, real=0.00 secs] 
42.644: [GC42.644: [DefNew: 447K->63K(448K), 0.0022520 secs] 506854K->506633K(1048512K), 0.0023440 secs] [Times: user=0.01 sys=0.00, real=0.00 secs] 
42.655: [GC42.655: [DefNew: 447K->63K(448K), 0.0010270 secs] 507017K->506796K(1048512K), 0.0010750 secs] [Times: user=0.00 sys=0.00, real=0.01 secs] 
42.666: [GC42.666: [DefNew: 447K->63K(448K), 0.0013320 secs] 507180K->506880K(1048512K), 0.0013880 secs] [Times: user=0.00 sys=0.00, real=0.01 secs] 
42.677: [GC42.677: [DefNew: 447K->63K(448K), 0.0010300 secs] 507264K->506967K(1048512K), 0.0010780 secs] [Times: user=0.00 sys=0.00, real=0.00 secs] 
42.689: [GC42.689: [DefNew: 447K->63K(448K), 0.0013520 secs] 507351K->507111K(1048512K), 0.0014040 secs] [Times: user=0.00 sys=0.00, real=0.00 secs] 
42.699: [GC42.699: [DefNew: 447K->63K(448K), 0.0015710 secs] 507495K->507254K(1048512K), 0.0016340 secs] [Times: user=0.00 sys=0.00, real=0.00 secs] 
42.711: [GC42.711: [DefNew: 447K->63K(448K), 0.0013100 secs] 507638K->507382K(1048512K), 0.0013620 secs] [Times: user=0.00 sys=0.00, real=0.00 secs] 
42.722: [GC42.722: [DefNew: 447K->63K(448K), 0.0013060 secs] 507766K->507524K(1048512K), 0.0013580 secs] [Times: user=0.00 sys=0.00, real=0.00 secs] 
42.734: [GC42.734: [DefNew: 447K->63K(448K), 0.0012690 secs] 507908K->507645K(1048512K), 0.0013230 secs] [Times: user=0.00 sys=0.00, real=0.00 secs] 
42.745: [GC42.745: [DefNew: 447K->63K(448K), 0.0013160 secs] 508029K->507772K(1048512K), 0.0013660 secs] [Times: user=0.00 sys=0.00, real=0.01 secs] 
42.757: [GC42.757: [DefNew: 447K->64K(448K), 0.0012160 secs] 508156K->507888K(1048512K), 0.0012660 secs] [Times: user=0.00 sys=0.00, real=0.00 secs] 
42.768: [GC42.768: [DefNew: 448K->64K(448K), 0.0011510 secs] 508272K->508004K(1048512K), 0.0012000 secs] [Times: user=0.01 sys=0.00, real=0.00 secs] 
42.779: [GC42.779: [DefNew: 448K->63K(448K), 0.0014190 secs] 508388K->508112K(1048512K), 0.0014800 secs] [Times: user=0.00 sys=0.00, real=0.00 secs] 
42.789: [GC42.789: [DefNew: 447K->64K(448K), 0.0012960 secs] 508496K->508247K(1048512K), 0.0013460 secs] [Times: user=0.00 sys=0.00, real=0.00 secs] 
42.801: [GC42.801: [DefNew: 448K->64K(448K), 0.0012340 secs] 508631K->508367K(1048512K), 0.0012860 secs] [Times: user=0.00 sys=0.00, real=0.00 secs] 
42.812: [GC42.812: [DefNew: 448K->64K(448K), 0.0013010 secs] 508751K->508500K(1048512K), 0.0013510 secs] [Times: user=0.00 sys=0.00, real=0.00 secs] 
42.824: [GC42.824: [DefNew: 448K->63K(448K), 0.0012550 secs] 508884K->508607K(1048512K), 0.0013060 secs] [Times: user=0.00 sys=0.00, real=0.00 secs] 
42.836: [GC42.836: [DefNew: 447K->63K(448K), 0.0012600 secs] 508991K->508738K(1048512K), 0.0013230 secs] [Times: user=0.01 sys=0.00, real=0.01 secs] 
42.847: [GC42.847: [DefNew: 447K->64K(448K), 0.0019570 secs] 509121K->508865K(1048512K), 0.0021240 secs] [Times: user=0.00 sys=0.00, real=0.00 secs] 
42.859: [GC42.859: [DefNew: 448K->63K(448K), 0.0010160 secs] 509249K->509059K(1048512K), 0.0010700 secs] [Times: user=0.00 sys=0.00, real=0.00 secs] 
42.868: [GC42.868: [DefNew: 447K->63K(448K), 0.0013040 secs] 509443K->509160K(1048512K), 0.0013670 secs] [Times: user=0.00 sys=0.00, real=0.00 secs] 
42.879: [GC42.879: [DefNew: 447K->63K(448K), 0.0006510 secs] 509544K->509233K(1048512K), 0.0006850 secs] [Times: user=0.00 sys=0.00, real=0.00 secs] 
42.890: [GC42.890: [DefNew: 447K->63K(448K), 0.0006310 secs] 509617K->509322K(1048512K), 0.0006630 secs] [Times: user=0.00 sys=0.00, real=0.00 secs] 
42.900: [GC42.900: [DefNew: 447K->64K(448K), 0.0006440 secs] 509706K->509412K(1048512K), 0.0006800 secs] [Times: user=0.00 sys=0.00, real=0.00 secs] 
42.911: [GC42.911: [DefNew: 448K->63K(448K), 0.0011800 secs] 509796K->509512K(1048512K), 0.0012420 secs] [Times: user=0.01 sys=0.00, real=0.00 secs] 
42.923: [GC42.923: [DefNew: 447K->63K(448K), 0.0013430 secs] 509896K->509644K(1048512K), 0.0014060 secs] [Times: user=0.00 sys=0.00, real=0.00 secs] 
42.934: [GC42.934: [DefNew: 447K->64K(448K), 0.0013040 secs] 510028K->509752K(1048512K), 0.0013560 secs] [Times: user=0.00 sys=0.00, real=0.00 secs] 
42.946: [GC42.946: [DefNew: 447K->63K(448K), 0.0013360 secs] 510135K->509886K(1048512K), 0.0013920 secs] [Times: user=0.00 sys=0.01, real=0.01 secs] 
42.958: [GC42.958: [DefNew: 447K->63K(448K), 0.0012180 secs] 510270K->510004K(1048512K), 0.0012680 secs] [Times: user=0.00 sys=0.00, real=0.00 secs] 
42.968: [GC42.968: [DefNew: 447K->63K(448K), 0.0013120 secs] 510388K->510123K(1048512K), 0.0013640 secs] [Times: user=0.00 sys=0.00, real=0.00 secs] 
42.979: [GC42.979: [DefNew: 447K->63K(448K), 0.0011850 secs] 510507K->510240K(1048512K), 0.0012370 secs] [Times: user=0.00 sys=0.00, real=0.00 secs] 
42.991: [GC42.991: [DefNew: 447K->63K(448K), 0.0011790 secs] 510624K->510366K(1048512K), 0.0012330 secs] [Times: user=0.00 sys=0.00, real=0.00 secs] 
43.003: [GC43.003: [DefNew: 447K->63K(448K), 0.0012620 secs] 510750K->510476K(1048512K), 0.0013280 secs] [Times: user=0.00 sys=0.00, real=0.00 secs] 
43.014: [GC43.014: [DefNew: 447K->63K(448K), 0.0013060 secs] 510860K->510615K(1048512K), 0.0013600 secs] [Times: user=0.00 sys=0.00, real=0.00 secs] 
43.026: [GC43.026: [DefNew: 447K->63K(448K), 0.0014710 secs] 510999K->510734K(1048512K), 0.0015320 secs] [Times: user=0.00 sys=0.00, real=0.01 secs] 
43.038: [GC43.038: [DefNew: 447K->64K(448K), 0.0013670 secs] 511118K->510870K(1048512K), 0.0014200 secs] [Times: user=0.01 sys=0.00, real=0.00 secs] 
43.048: [GC43.048: [DefNew: 448K->63K(448K), 0.0012730 secs] 511254K->511000K(1048512K), 0.0013230 secs] [Times: user=0.00 sys=0.00, real=0.00 secs] 
43.060: [GC43.060: [DefNew: 447K->63K(448K), 0.0013980 secs] 511384K->511133K(1048512K), 0.0014640 secs] [Times: user=0.00 sys=0.00, real=0.00 secs] 
43.071: [GC43.071: [DefNew: 447K->63K(448K), 0.0016270 secs] 511517K->511256K(1048512K), 0.0017060 secs] [Times: user=0.00 sys=0.00, real=0.00 secs] 
43.082: [GC43.082: [DefNew: 447K->63K(448K), 0.0019800 secs] 511640K->511399K(1048512K), 0.0020770 secs] [Times: user=0.00 sys=0.00, real=0.00 secs] 
43.093: [GC43.093: [DefNew: 447K->63K(448K), 0.0020670 secs] 511783K->511535K(1048512K), 0.0021820 secs] [Times: user=0.01 sys=0.00, real=0.00 secs] 
43.105: [GC43.105: [DefNew: 447K->63K(448K), 0.0030120 secs] 511919K->511701K(1048512K), 0.0031970 secs] [Times: user=0.00 sys=0.00, real=0.01 secs] 
43.118: [GC43.119: [DefNew: 447K->64K(448K), 0.0044610 secs] 512085K->511934K(1048512K), 0.0046370 secs] [Times: user=0.00 sys=0.00, real=0.00 secs] 
43.132: [GC43.132: [DefNew: 448K->63K(448K), 0.0041600 secs] 512318K->512116K(1048512K), 0.0044550 secs] [Times: user=0.00 sys=0.00, real=0.01 secs] 
43.146: [GC43.146: [DefNew: 447K->63K(448K), 0.0020270 secs] 512500K->512288K(1048512K), 0.0021290 secs] [Times: user=0.00 sys=0.00, real=0.00 secs] 
43.158: [GC43.158: [DefNew: 447K->63K(448K), 0.0021620 secs] 512671K->512467K(1048512K), 0.0022950 secs] [Times: user=0.00 sys=0.01, real=0.00 secs] 
43.170: [GC43.170: [DefNew: 447K->64K(448K), 0.0020350 secs] 512851K->512636K(1048512K), 0.0021590 secs] [Times: user=0.00 sys=0.00, real=0.00 secs] 
43.182: [GC43.182: [DefNew: 448K->63K(448K), 0.0019720 secs] 513020K->512770K(1048512K), 0.0021450 secs] [Times: user=0.00 sys=0.00, real=0.00 secs] 
43.193: [GC43.193: [DefNew: 447K->64K(448K), 0.0008880 secs] 513154K->512851K(1048512K), 0.0009440 secs] [Times: user=0.00 sys=0.00, real=0.00 secs] 
43.202: [GC43.202: [DefNew: 448K->63K(448K), 0.0008350 secs] 513235K->512956K(1048512K), 0.0008940 secs] [Times: user=0.00 sys=0.00, real=0.00 secs] 
43.212: [GC43.212: [DefNew: 447K->63K(448K), 0.0006270 secs] 513340K->513038K(1048512K), 0.0006700 secs] [Times: user=0.00 sys=0.00, real=0.00 secs] 
43.222: [GC43.222: [DefNew: 447K->64K(448K), 0.0005930 secs] 513422K->513119K(1048512K), 0.0006290 secs] [Times: user=0.00 sys=0.00, real=0.00 secs] 
43.233: [GC43.233: [DefNew: 448K->63K(448K), 0.0008950 secs] 513503K->513191K(1048512K), 0.0009730 secs] [Times: user=0.01 sys=0.00, real=0.00 secs] 
43.244: [GC43.244: [DefNew: 447K->63K(448K), 0.0006630 secs] 513575K->513282K(1048512K), 0.0007020 secs] [Times: user=0.00 sys=0.00, real=0.00 secs] 
43.254: [GC43.254: [DefNew: 447K->63K(448K), 0.0006080 secs] 513666K->513367K(1048512K), 0.0006410 secs] [Times: user=0.00 sys=0.00, real=0.00 secs] 
43.264: [GC43.264: [DefNew: 447K->63K(448K), 0.0006090 secs] 513750K->513451K(1048512K), 0.0006460 secs] [Times: user=0.00 sys=0.00, real=0.00 secs] 
43.274: [GC43.274: [DefNew: 447K->63K(448K), 0.0007640 secs] 513835K->513530K(1048512K), 0.0008230 secs] [Times: user=0.00 sys=0.00, real=0.00 secs] 
43.284: [GC43.284: [DefNew: 447K->64K(448K), 0.0006370 secs] 513914K->513616K(1048512K), 0.0006670 secs] [Times: user=0.00 sys=0.00, real=0.00 secs] 
43.294: [GC43.294: [DefNew: 448K->63K(448K), 0.0006050 secs] 514000K->513686K(1048512K), 0.0006380 secs] [Times: user=0.00 sys=0.00, real=0.00 secs] 
43.305: [GC43.305: [DefNew: 447K->63K(448K), 0.0009670 secs] 514070K->513770K(1048512K), 0.0010180 secs] [Times: user=0.00 sys=0.00, real=0.00 secs] 
43.314: [GC43.314: [DefNew: 447K->63K(448K), 0.0011930 secs] 514154K->513900K(1048512K), 0.0012550 secs] [Times: user=0.00 sys=0.00, real=0.00 secs] 
43.325: [GC43.325: [DefNew: 447K->64K(448K), 0.0013210 secs] 514284K->514026K(1048512K), 0.0013720 secs] [Times: user=0.01 sys=0.00, real=0.00 secs] 
43.336: [GC43.336: [DefNew: 448K->64K(448K), 0.0013610 secs] 514410K->514151K(1048512K), 0.0014120 secs] [Times: user=0.00 sys=0.00, real=0.01 secs] 
43.348: [GC43.348: [DefNew: 448K->64K(448K), 0.0012860 secs] 514535K->514270K(1048512K), 0.0013350 secs] [Times: user=0.00 sys=0.00, real=0.00 secs] 
43.359: [GC43.359: [DefNew: 448K->63K(448K), 0.0013770 secs] 514654K->514390K(1048512K), 0.0014500 secs] [Times: user=0.00 sys=0.00, real=0.00 secs] 
43.370: [GC43.370: [DefNew: 447K->63K(448K), 0.0019900 secs] 514774K->514544K(1048512K), 0.0020630 secs] [Times: user=0.00 sys=0.00, real=0.00 secs] 
43.382: [GC43.382: [DefNew: 447K->64K(448K), 0.0013840 secs] 514928K->514619K(1048512K), 0.0014840 secs] [Times: user=0.01 sys=0.00, real=0.00 secs] 
43.393: [GC43.393: [DefNew: 448K->63K(448K), 0.0006820 secs] 515003K->514713K(1048512K), 0.0007240 secs] [Times: user=0.00 sys=0.00, real=0.00 secs] 
43.403: [GC43.403: [DefNew: 447K->63K(448K), 0.0005780 secs] 515097K->514786K(1048512K), 0.0006120 secs] [Times: user=0.00 sys=0.00, real=0.00 secs] 
43.413: [GC43.413: [DefNew: 447K->64K(448K), 0.0006030 secs] 515170K->514863K(1048512K), 0.0006340 secs] [Times: user=0.00 sys=0.00, real=0.00 secs] 
43.423: [GC43.423: [DefNew: 447K->64K(448K), 0.0006090 secs] 515246K->514939K(1048512K), 0.0006420 secs] [Times: user=0.00 sys=0.00, real=0.00 secs] 
43.434: [GC43.434: [DefNew: 448K->63K(448K), 0.0006450 secs] 515323K->515026K(1048512K), 0.0006840 secs] [Times: user=0.00 sys=0.00, real=0.00 secs] 
43.444: [GC43.444: [DefNew: 447K->64K(448K), 0.0006450 secs] 515410K->515099K(1048512K), 0.0006790 secs] [Times: user=0.00 sys=0.00, real=0.00 secs] 
43.454: [GC43.454: [DefNew: 448K->63K(448K), 0.0006880 secs] 515483K->515188K(1048512K), 0.0007360 secs] [Times: user=0.00 sys=0.00, real=0.00 secs] 
43.464: [GC43.464: [DefNew: 447K->64K(448K), 0.0006420 secs] 515572K->515265K(1048512K), 0.0006860 secs] [Times: user=0.00 sys=0.00, real=0.00 secs] 
43.474: [GC43.474: [DefNew: 448K->63K(448K), 0.0006520 secs] 515649K->515352K(1048512K), 0.0006870 secs] [Times: user=0.00 sys=0.00, real=0.00 secs] 
43.485: [GC43.485: [DefNew: 447K->63K(448K), 0.0009410 secs] 515736K->515442K(1048512K), 0.0010060 secs] [Times: user=0.00 sys=0.00, real=0.00 secs] 
43.495: [GC43.495: [DefNew: 447K->63K(448K), 0.0005890 secs] 515826K->515517K(1048512K), 0.0006310 secs] [Times: user=0.00 sys=0.00, real=0.00 secs] 
43.505: [GC43.505: [DefNew: 447K->63K(448K), 0.0007950 secs] 515901K->515605K(1048512K), 0.0008540 secs] [Times: user=0.00 sys=0.00, real=0.00 secs] 
43.514: [GC43.514: [DefNew: 447K->63K(448K), 0.0006380 secs] 515989K->515690K(1048512K), 0.0006760 secs] [Times: user=0.00 sys=0.00, real=0.00 secs] 
43.522: [GC43.522: [DefNew: 447K->63K(448K), 0.0008240 secs] 516074K->515776K(1048512K), 0.0008780 secs] [Times: user=0.00 sys=0.00, real=0.00 secs] 
43.532: [GC43.532: [DefNew: 447K->64K(448K), 0.0009790 secs] 516160K->515881K(1048512K), 0.0010440 secs] [Times: user=0.00 sys=0.00, real=0.00 secs] 
43.543: [GC43.543: [DefNew: 447K->63K(448K), 0.0007360 secs] 516265K->515986K(1048512K), 0.0007840 secs] [Times: user=0.00 sys=0.00, real=0.00 secs] 
43.552: [GC43.552: [DefNew: 447K->64K(448K), 0.0007270 secs] 516370K->516076K(1048512K), 0.0007850 secs] [Times: user=0.00 sys=0.00, real=0.00 secs] 
43.563: [GC43.564: [DefNew: 448K->63K(448K), 0.0009430 secs] 516460K->516169K(1048512K), 0.0010210 secs] [Times: user=0.00 sys=0.00, real=0.00 secs] 
43.574: [GC43.574: [DefNew: 447K->63K(448K), 0.0006410 secs] 516553K->516254K(1048512K), 0.0006940 secs] [Times: user=0.00 sys=0.00, real=0.00 secs] 
43.584: [GC43.584: [DefNew: 447K->63K(448K), 0.0009490 secs] 516637K->516342K(1048512K), 0.0010020 secs] [Times: user=0.00 sys=0.00, real=0.00 secs] 
43.593: [GC43.593: [DefNew: 447K->63K(448K), 0.0006180 secs] 516726K->516423K(1048512K), 0.0006560 secs] [Times: user=0.00 sys=0.00, real=0.00 secs] 
43.603: [GC43.603: [DefNew: 447K->63K(448K), 0.0006590 secs] 516807K->516505K(1048512K), 0.0007070 secs] [Times: user=0.00 sys=0.00, real=0.00 secs] 
43.613: [GC43.613: [DefNew: 447K->63K(448K), 0.0005970 secs] 516889K->516586K(1048512K), 0.0006310 secs] [Times: user=0.00 sys=0.00, real=0.00 secs] 
43.623: [GC43.623: [DefNew: 447K->64K(448K), 0.0006680 secs] 516970K->516668K(1048512K), 0.0007130 secs] [Times: user=0.00 sys=0.00, real=0.00 secs] 
43.632: [GC43.632: [DefNew: 448K->64K(448K), 0.0007150 secs] 517052K->516739K(1048512K), 0.0007650 secs] [Times: user=0.00 sys=0.00, real=0.00 secs] 
43.642: [GC43.642: [DefNew: 448K->64K(448K), 0.0006620 secs] 517123K->516824K(1048512K), 0.0007040 secs] [Times: user=0.00 sys=0.00, real=0.00 secs] 
43.652: [GC43.652: [DefNew: 448K->63K(448K), 0.0008050 secs] 517208K->516912K(1048512K), 0.0008700 secs] [Times: user=0.00 sys=0.00, real=0.00 secs] 
43.661: [GC43.661: [DefNew: 447K->64K(448K), 0.0007180 secs] 517296K->516988K(1048512K), 0.0007650 secs] [Times: user=0.00 sys=0.00, real=0.00 secs] 
43.673: [GC43.673: [DefNew: 448K->63K(448K), 0.0023340 secs] 517372K->517158K(1048512K), 0.0024290 secs] [Times: user=0.00 sys=0.00, real=0.00 secs] 
43.684: [GC43.684: [DefNew: 447K->64K(448K), 0.0024890 secs] 517541K->517280K(1048512K), 0.0026360 secs] [Times: user=0.00 sys=0.00, real=0.01 secs] 
43.694: [GC43.694: [DefNew: 448K->64K(448K), 0.0007910 secs] 517664K->517377K(1048512K), 0.0008460 secs] [Times: user=0.00 sys=0.00, real=0.00 secs] 
43.704: [GC43.704: [DefNew: 448K->64K(448K), 0.0009520 secs] 517761K->517461K(1048512K), 0.0010000 secs] [Times: user=0.00 sys=0.00, real=0.00 secs] 
43.715: [GC43.715: [DefNew: 448K->64K(448K), 0.0009420 secs] 517845K->517561K(1048512K), 0.0010040 secs] [Times: user=0.00 sys=0.00, real=0.00 secs] 
43.733: [GC43.733: [DefNew: 447K->63K(448K), 0.0012270 secs] 517945K->517681K(1048512K), 0.0013050 secs] [Times: user=0.01 sys=0.00, real=0.00 secs] 
43.745: [GC43.745: [DefNew: 447K->63K(448K), 0.0011960 secs] 518065K->517830K(1048512K), 0.0012490 secs] [Times: user=0.00 sys=0.00, real=0.00 secs] 
43.757: [GC43.757: [DefNew: 447K->63K(448K), 0.0015790 secs] 518214K->518010K(1048512K), 0.0016450 secs] [Times: user=0.00 sys=0.00, real=0.00 secs] 
43.769: [GC43.769: [DefNew: 447K->63K(448K), 0.0011630 secs] 518394K->518138K(1048512K), 0.0012320 secs] [Times: user=0.00 sys=0.00, real=0.00 secs] 
43.780: [GC43.780: [DefNew: 447K->64K(448K), 0.0034690 secs] 518522K->518252K(1048512K), 0.0035780 secs] [Times: user=0.00 sys=0.00, real=0.00 secs] 
43.792: [GC43.792: [DefNew: 447K->64K(448K), 0.0010530 secs] 518636K->518397K(1048512K), 0.0011020 secs] [Times: user=0.01 sys=0.00, real=0.00 secs] 
43.801: [GC43.801: [DefNew: 448K->64K(448K), 0.0008480 secs] 518781K->518484K(1048512K), 0.0009050 secs] [Times: user=0.00 sys=0.00, real=0.00 secs] 
43.811: [GC43.811: [DefNew: 448K->63K(448K), 0.0007660 secs] 518868K->518582K(1048512K), 0.0008350 secs] [Times: user=0.00 sys=0.00, real=0.00 secs] 
43.820: [GC43.820: [DefNew: 447K->63K(448K), 0.0006220 secs] 518966K->518652K(1048512K), 0.0006650 secs] [Times: user=0.00 sys=0.00, real=0.00 secs] 
43.830: [GC43.830: [DefNew: 447K->64K(448K), 0.0005610 secs] 519036K->518735K(1048512K), 0.0005930 secs] [Times: user=0.00 sys=0.00, real=0.00 secs] 
43.839: [GC43.839: [DefNew: 447K->64K(448K), 0.0007860 secs] 519119K->518810K(1048512K), 0.0008490 secs] [Times: user=0.00 sys=0.00, real=0.00 secs] 
43.849: [GC43.849: [DefNew: 448K->63K(448K), 0.0006570 secs] 519194K->518890K(1048512K), 0.0007030 secs] [Times: user=0.00 sys=0.00, real=0.00 secs] 
43.858: [GC43.859: [DefNew: 447K->63K(448K), 0.0006640 secs] 519274K->518980K(1048512K), 0.0007280 secs] [Times: user=0.00 sys=0.00, real=0.00 secs] 
43.868: [GC43.868: [DefNew: 447K->64K(448K), 0.0006870 secs] 519364K->519063K(1048512K), 0.0007310 secs] [Times: user=0.00 sys=0.00, real=0.00 secs] 
43.878: [GC43.878: [DefNew: 448K->63K(448K), 0.0028000 secs] 519447K->519162K(1048512K), 0.0029550 secs] [Times: user=0.01 sys=0.00, real=0.00 secs] 
43.890: [GC43.890: [DefNew: 447K->63K(448K), 0.0022050 secs] 519546K->519384K(1048512K), 0.0022850 secs] [Times: user=0.00 sys=0.00, real=0.00 secs] 
43.900: [GC43.901: [DefNew: 447K->63K(448K), 0.0010180 secs] 519768K->519474K(1048512K), 0.0010630 secs] [Times: user=0.00 sys=0.00, real=0.00 secs] 
43.910: [GC43.910: [DefNew: 447K->63K(448K), 0.0006890 secs] 519858K->519567K(1048512K), 0.0007260 secs] [Times: user=0.00 sys=0.00, real=0.00 secs] 
43.919: [GC43.919: [DefNew: 447K->63K(448K), 0.0007800 secs] 519951K->519652K(1048512K), 0.0008530 secs] [Times: user=0.00 sys=0.00, real=0.00 secs] 
43.929: [GC43.929: [DefNew: 447K->64K(448K), 0.0006070 secs] 520036K->519733K(1048512K), 0.0006550 secs] [Times: user=0.00 sys=0.00, real=0.00 secs] 
43.938: [GC43.938: [DefNew: 448K->63K(448K), 0.0005690 secs] 520117K->519803K(1048512K), 0.0006110 secs] [Times: user=0.00 sys=0.00, real=0.00 secs] 
43.949: [GC43.949: [DefNew: 447K->63K(448K), 0.0005230 secs] 520186K->519879K(1048512K), 0.0005560 secs] [Times: user=0.00 sys=0.00, real=0.00 secs] 
43.958: [GC43.958: [DefNew: 447K->63K(448K), 0.0005400 secs] 520263K->519949K(1048512K), 0.0005750 secs] [Times: user=0.00 sys=0.00, real=0.00 secs] 
43.967: [GC43.967: [DefNew: 447K->64K(448K), 0.0009130 secs] 520333K->520039K(1048512K), 0.0009670 secs] [Times: user=0.00 sys=0.00, real=0.00 secs] 
43.977: [GC43.977: [DefNew: 448K->63K(448K), 0.0006940 secs] 520423K->520118K(1048512K), 0.0007400 secs] [Times: user=0.00 sys=0.00, real=0.00 secs] 
43.985: [GC43.985: [DefNew: 447K->63K(448K), 0.0007050 secs] 520501K->520213K(1048512K), 0.0007600 secs] [Times: user=0.00 sys=0.00, real=0.00 secs] 
43.995: [GC43.995: [DefNew: 447K->63K(448K), 0.0006850 secs] 520597K->520296K(1048512K), 0.0007300 secs] [Times: user=0.00 sys=0.00, real=0.00 secs] 
44.004: [GC44.004: [DefNew: 447K->63K(448K), 0.0006460 secs] 520680K->520388K(1048512K), 0.0006870 secs] [Times: user=0.00 sys=0.00, real=0.00 secs] 
44.014: [GC44.014: [DefNew: 447K->63K(448K), 0.0006450 secs] 520772K->520472K(1048512K), 0.0006920 secs] [Times: user=0.00 sys=0.00, real=0.00 secs] 
44.024: [GC44.024: [DefNew: 447K->63K(448K), 0.0007610 secs] 520855K->520592K(1048512K), 0.0008020 secs] [Times: user=0.00 sys=0.00, real=0.00 secs] 
44.033: [GC44.033: [DefNew: 447K->63K(448K), 0.0007410 secs] 520976K->520673K(1048512K), 0.0008010 secs] [Times: user=0.00 sys=0.00, real=0.00 secs] 
44.043: [GC44.043: [DefNew: 447K->63K(448K), 0.0007550 secs] 521057K->520791K(1048512K), 0.0008060 secs] [Times: user=0.00 sys=0.00, real=0.00 secs] 
44.053: [GC44.053: [DefNew: 447K->63K(448K), 0.0010160 secs] 521175K->520935K(1048512K), 0.0010650 secs] [Times: user=0.00 sys=0.00, real=0.00 secs] 
44.063: [GC44.063: [DefNew: 447K->63K(448K), 0.0007800 secs] 521319K->521020K(1048512K), 0.0008220 secs] [Times: user=0.00 sys=0.00, real=0.00 secs] 
44.072: [GC44.072: [DefNew: 447K->64K(448K), 0.0008120 secs] 521404K->521099K(1048512K), 0.0008750 secs] [Times: user=0.00 sys=0.00, real=0.00 secs] 
44.098: [GC44.098: [DefNew: 448K->63K(448K), 0.0022700 secs] 521483K->521257K(1048512K), 0.0023820 secs] [Times: user=0.00 sys=0.00, real=0.00 secs] 
44.110: [GC44.110: [DefNew: 447K->63K(448K), 0.0020770 secs] 521641K->521446K(1048512K), 0.0021840 secs] [Times: user=0.00 sys=0.00, real=0.00 secs] 
44.122: [GC44.122: [DefNew: 447K->63K(448K), 0.0033300 secs] 521830K->521594K(1048512K), 0.0037270 secs] [Times: user=0.01 sys=0.00, real=0.00 secs] 
44.135: [GC44.135: [DefNew: 447K->63K(448K), 0.0028190 secs] 521978K->521771K(1048512K), 0.0029620 secs] [Times: user=0.00 sys=0.00, real=0.01 secs] 
44.148: [GC44.148: [DefNew: 447K->64K(448K), 0.0018210 secs] 522155K->521936K(1048512K), 0.0019040 secs] [Times: user=0.00 sys=0.01, real=0.00 secs] 
44.160: [GC44.160: [DefNew: 448K->63K(448K), 0.0013540 secs] 522320K->522117K(1048512K), 0.0014370 secs] [Times: user=0.01 sys=0.00, real=0.00 secs] 
44.169: [GC44.169: [DefNew: 447K->63K(448K), 0.0012340 secs] 522501K->522272K(1048512K), 0.0012990 secs] [Times: user=0.00 sys=0.00, real=0.00 secs] 
44.179: [GC44.179: [DefNew: 447K->63K(448K), 0.0007900 secs] 522656K->522373K(1048512K), 0.0008560 secs] [Times: user=0.00 sys=0.00, real=0.00 secs] 
44.189: [GC44.189: [DefNew: 447K->63K(448K), 0.0013810 secs] 522757K->522493K(1048512K), 0.0014580 secs] [Times: user=0.00 sys=0.00, real=0.00 secs] 
44.200: [GC44.200: [DefNew: 447K->63K(448K), 0.0022660 secs] 522877K->522629K(1048512K), 0.0023960 secs] [Times: user=0.00 sys=0.00, real=0.00 secs] 
44.211: [GC44.211: [DefNew: 447K->63K(448K), 0.0009040 secs] 523013K->522718K(1048512K), 0.0009660 secs] [Times: user=0.00 sys=0.00, real=0.00 secs] 
44.221: [GC44.221: [DefNew: 447K->64K(448K), 0.0009390 secs] 523102K->522801K(1048512K), 0.0009940 secs] [Times: user=0.01 sys=0.00, real=0.00 secs] 
44.231: [GC44.231: [DefNew: 448K->63K(448K), 0.0006310 secs] 523185K->522902K(1048512K), 0.0006700 secs] [Times: user=0.00 sys=0.00, real=0.00 secs] 
44.241: [GC44.241: [DefNew: 447K->64K(448K), 0.0006930 secs] 523286K->522994K(1048512K), 0.0007410 secs] [Times: user=0.00 sys=0.00, real=0.00 secs] 
44.249: [GC44.250: [DefNew: 447K->63K(448K), 0.0007780 secs] 523377K->523083K(1048512K), 0.0008440 secs] [Times: user=0.00 sys=0.00, real=0.00 secs] 
44.260: [GC44.260: [DefNew: 447K->63K(448K), 0.0010390 secs] 523467K->523242K(1048512K), 0.0010940 secs] [Times: user=0.00 sys=0.00, real=0.00 secs] 
44.270: [GC44.270: [DefNew: 447K->63K(448K), 0.0013790 secs] 523626K->523388K(1048512K), 0.0014400 secs] [Times: user=0.00 sys=0.00, real=0.00 secs] 
44.284: [GC44.284: [DefNew: 447K->64K(448K), 0.0010130 secs] 523772K->523506K(1048512K), 0.0010870 secs] [Times: user=0.00 sys=0.00, real=0.00 secs] 
44.294: [GC44.294: [DefNew: 448K->64K(448K), 0.0009370 secs] 523890K->523608K(1048512K), 0.0009900 secs] [Times: user=0.00 sys=0.00, real=0.00 secs] 
44.304: [GC44.304: [DefNew: 447K->63K(448K), 0.0007720 secs] 523991K->523711K(1048512K), 0.0008280 secs] [Times: user=0.01 sys=0.00, real=0.00 secs] 
44.313: [GC44.313: [DefNew: 447K->64K(448K), 0.0006870 secs] 524095K->523801K(1048512K), 0.0007320 secs] [Times: user=0.00 sys=0.00, real=0.00 secs] 
44.323: [GC44.323: [DefNew: 448K->64K(448K), 0.0008950 secs] 524185K->523916K(1048512K), 0.0009630 secs] [Times: user=0.00 sys=0.00, real=0.00 secs] 
44.331: [GC44.331: [DefNew: 447K->63K(448K), 0.0008450 secs] 524300K->524002K(1048512K), 0.0009080 secs] [Times: user=0.00 sys=0.00, real=0.00 secs] 
44.341: [GC44.341: [DefNew: 447K->63K(448K), 0.0010700 secs] 524386K->524110K(1048512K), 0.0011340 secs] [Times: user=0.00 sys=0.00, real=0.00 secs] 
44.353: [GC44.353: [DefNew: 447K->64K(448K), 0.0020770 secs] 524494K->524232K(1048512K), 0.0023150 secs] [Times: user=0.00 sys=0.00, real=0.00 secs] 
44.365: [GC44.365: [DefNew: 448K->64K(448K), 0.0033930 secs] 524616K->524367K(1048512K), 0.0035140 secs] [Times: user=0.01 sys=0.00, real=0.01 secs] 
44.378: [GC44.378: [DefNew: 447K->63K(448K), 0.0011370 secs] 524751K->524485K(1048512K), 0.0012200 secs] [Times: user=0.00 sys=0.00, real=0.00 secs] 
44.395: [GC44.395: [DefNew: 447K->63K(448K), 0.0031700 secs] 524869K->524644K(1048512K), 0.0033330 secs] [Times: user=0.00 sys=0.00, real=0.01 secs] 
44.410: [GC44.410: [DefNew: 447K->63K(448K), 0.0014620 secs] 525028K->524845K(1048512K), 0.0015280 secs] [Times: user=0.00 sys=0.00, real=0.00 secs] 
44.420: [GC44.420: [DefNew: 447K->64K(448K), 0.0015770 secs] 525229K->524956K(1048512K), 0.0017810 secs] [Times: user=0.00 sys=0.00, real=0.00 secs] 
44.431: [GC44.431: [DefNew: 448K->63K(448K), 0.0015490 secs] 525340K->525051K(1048512K), 0.0017050 secs] [Times: user=0.00 sys=0.00, real=0.00 secs] 
44.442: [GC44.442: [DefNew: 447K->63K(448K), 0.0010190 secs] 525435K->525205K(1048512K), 0.0010760 secs] [Times: user=0.00 sys=0.00, real=0.00 secs] 
44.452: [GC44.452: [DefNew: 447K->64K(448K), 0.0010010 secs] 525589K->525278K(1048512K), 0.0010860 secs] [Times: user=0.00 sys=0.00, real=0.00 secs] 
44.462: [GC44.462: [DefNew: 447K->64K(448K), 0.0007060 secs] 525661K->525364K(1048512K), 0.0007510 secs] [Times: user=0.00 sys=0.00, real=0.00 secs] 
44.472: [GC44.472: [DefNew: 448K->63K(448K), 0.0007510 secs] 525748K->525440K(1048512K), 0.0008430 secs] [Times: user=0.00 sys=0.00, real=0.00 secs] 
44.481: [GC44.481: [DefNew: 447K->63K(448K), 0.0006330 secs] 525824K->525522K(1048512K), 0.0007050 secs] [Times: user=0.00 sys=0.00, real=0.00 secs] 
44.492: [GC44.492: [DefNew: 447K->63K(448K), 0.0005960 secs] 525906K->525602K(1048512K), 0.0006330 secs] [Times: user=0.00 sys=0.00, real=0.00 secs] 
44.502: [GC44.502: [DefNew: 447K->63K(448K), 0.0006300 secs] 525986K->525676K(1048512K), 0.0006830 secs] [Times: user=0.00 sys=0.00, real=0.00 secs] 
44.513: [GC44.513: [DefNew: 447K->64K(448K), 0.0006250 secs] 526060K->525757K(1048512K), 0.0006590 secs] [Times: user=0.00 sys=0.00, real=0.00 secs] 
44.522: [GC44.522: [DefNew: 448K->63K(448K), 0.0007370 secs] 526141K->525838K(1048512K), 0.0008000 secs] [Times: user=0.00 sys=0.00, real=0.00 secs] 
44.531: [GC44.531: [DefNew: 447K->63K(448K), 0.0005930 secs] 526222K->525915K(1048512K), 0.0006270 secs] [Times: user=0.00 sys=0.00, real=0.00 secs] 
44.540: [GC44.540: [DefNew: 447K->64K(448K), 0.0008020 secs] 526299K->525990K(1048512K), 0.0008580 secs] [Times: user=0.00 sys=0.00, real=0.00 secs] 
44.550: [GC44.550: [DefNew: 447K->63K(448K), 0.0006300 secs] 526374K->526062K(1048512K), 0.0006730 secs] [Times: user=0.00 sys=0.00, real=0.00 secs] 
44.559: [GC44.559: [DefNew: 447K->63K(448K), 0.0007050 secs] 526446K->526149K(1048512K), 0.0007470 secs] [Times: user=0.00 sys=0.00, real=0.00 secs] 
44.569: [GC44.569: [DefNew: 447K->63K(448K), 0.0006300 secs] 526533K->526223K(1048512K), 0.0006800 secs] [Times: user=0.00 sys=0.00, real=0.00 secs] 
44.578: [GC44.578: [DefNew: 447K->64K(448K), 0.0006400 secs] 526607K->526311K(1048512K), 0.0006730 secs] [Times: user=0.00 sys=0.00, real=0.00 secs] 
44.587: [GC44.587: [DefNew: 448K->63K(448K), 0.0007610 secs] 526695K->526386K(1048512K), 0.0008160 secs] [Times: user=0.00 sys=0.00, real=0.00 secs] 
44.599: [GC44.599: [DefNew: 447K->63K(448K), 0.0014060 secs] 526770K->526592K(1048512K), 0.0014920 secs] [Times: user=0.01 sys=0.00, real=0.00 secs] 
44.610: [GC44.610: [DefNew: 447K->64K(448K), 0.0011310 secs] 526975K->526749K(1048512K), 0.0011870 secs] [Times: user=0.00 sys=0.00, real=0.00 secs] 
44.618: [GC44.619: [DefNew: 447K->63K(448K), 0.0007510 secs] 527132K->526838K(1048512K), 0.0008070 secs] [Times: user=0.00 sys=0.00, real=0.00 secs] 
44.628: [GC44.629: [DefNew: 447K->63K(448K), 0.0007600 secs] 527222K->526916K(1048512K), 0.0008110 secs] [Times: user=0.00 sys=0.00, real=0.00 secs] 
44.638: [GC44.638: [DefNew: 447K->64K(448K), 0.0006550 secs] 527300K->527001K(1048512K), 0.0007000 secs] [Times: user=0.00 sys=0.00, real=0.00 secs] 
44.648: [GC44.648: [DefNew: 448K->63K(448K), 0.0005810 secs] 527385K->527075K(1048512K), 0.0006250 secs] [Times: user=0.00 sys=0.00, real=0.00 secs] 
44.658: [GC44.658: [DefNew: 447K->64K(448K), 0.0005720 secs] 527459K->527160K(1048512K), 0.0006040 secs] [Times: user=0.00 sys=0.00, real=0.00 secs] 
44.667: [GC44.667: [DefNew: 448K->64K(448K), 0.0009570 secs] 527544K->527243K(1048512K), 0.0010090 secs] [Times: user=0.00 sys=0.00, real=0.00 secs] 
44.677: [GC44.678: [DefNew: 448K->64K(448K), 0.0008590 secs] 527627K->527326K(1048512K), 0.0009280 secs] [Times: user=0.00 sys=0.00, real=0.00 secs] 
44.689: [GC44.689: [DefNew: 448K->63K(448K), 0.0018980 secs] 527710K->527541K(1048512K), 0.0020220 secs] [Times: user=0.00 sys=0.00, real=0.00 secs] 
44.700: [GC44.700: [DefNew: 447K->63K(448K), 0.0017800 secs] 527925K->527658K(1048512K), 0.0018960 secs] [Times: user=0.00 sys=0.00, real=0.00 secs] 
44.710: [GC44.710: [DefNew: 447K->63K(448K), 0.0008390 secs] 528042K->527792K(1048512K), 0.0008840 secs] [Times: user=0.00 sys=0.00, real=0.00 secs] 
44.720: [GC44.720: [DefNew: 447K->64K(448K), 0.0007980 secs] 528176K->527884K(1048512K), 0.0008800 secs] [Times: user=0.00 sys=0.00, real=0.00 secs] 
44.730: [GC44.730: [DefNew: 448K->63K(448K), 0.0006000 secs] 528268K->527958K(1048512K), 0.0006370 secs] [Times: user=0.00 sys=0.00, real=0.00 secs] 
44.739: [GC44.739: [DefNew: 447K->64K(448K), 0.0006780 secs] 528342K->528044K(1048512K), 0.0007210 secs] [Times: user=0.00 sys=0.00, real=0.00 secs] 
44.750: [GC44.750: [DefNew: 448K->63K(448K), 0.0006050 secs] 528428K->528113K(1048512K), 0.0006390 secs] [Times: user=0.01 sys=0.00, real=0.00 secs] 
44.760: [GC44.760: [DefNew: 447K->64K(448K), 0.0009550 secs] 528497K->528206K(1048512K), 0.0010060 secs] [Times: user=0.00 sys=0.00, real=0.00 secs] 
44.771: [GC44.771: [DefNew: 448K->64K(448K), 0.0012800 secs] 528590K->528336K(1048512K), 0.0013610 secs] [Times: user=0.00 sys=0.00, real=0.00 secs] 
44.783: [GC44.783: [DefNew: 448K->63K(448K), 0.0012950 secs] 528720K->528468K(1048512K), 0.0013520 secs] [Times: user=0.00 sys=0.00, real=0.00 secs] 
44.794: [GC44.794: [DefNew: 447K->63K(448K), 0.0015080 secs] 528852K->528576K(1048512K), 0.0015840 secs] [Times: user=0.00 sys=0.00, real=0.00 secs] 
44.804: [GC44.804: [DefNew: 447K->64K(448K), 0.0031390 secs] 528960K->528786K(1048512K), 0.0033210 secs] [Times: user=0.01 sys=0.01, real=0.01 secs] 
44.817: [GC44.817: [DefNew: 448K->63K(448K), 0.0018370 secs] 529170K->528904K(1048512K), 0.0019400 secs] [Times: user=0.00 sys=0.00, real=0.00 secs] 
44.828: [GC44.828: [DefNew: 447K->63K(448K), 0.0007190 secs] 529288K->528994K(1048512K), 0.0007620 secs] [Times: user=0.00 sys=0.00, real=0.00 secs] 
44.839: [GC44.839: [DefNew: 447K->64K(448K), 0.0010660 secs] 529378K->529070K(1048512K), 0.0011160 secs] [Times: user=0.00 sys=0.00, real=0.00 secs] 
44.851: [GC44.851: [DefNew: 447K->64K(448K), 0.0012660 secs] 529454K->529200K(1048512K), 0.0013550 secs] [Times: user=0.00 sys=0.00, real=0.00 secs] 
44.862: [GC44.862: [DefNew: 448K->63K(448K), 0.0012750 secs] 529584K->529334K(1048512K), 0.0013260 secs] [Times: user=0.00 sys=0.00, real=0.00 secs] 
44.873: [GC44.873: [DefNew: 447K->63K(448K), 0.0013410 secs] 529718K->529464K(1048512K), 0.0013970 secs] [Times: user=0.01 sys=0.00, real=0.00 secs] 
44.884: [GC44.884: [DefNew: 447K->63K(448K), 0.0012930 secs] 529848K->529600K(1048512K), 0.0013500 secs] [Times: user=0.00 sys=0.00, real=0.00 secs] 
44.896: [GC44.896: [DefNew: 447K->63K(448K), 0.0013420 secs] 529984K->529725K(1048512K), 0.0013910 secs] [Times: user=0.00 sys=0.00, real=0.01 secs] 
44.907: [GC44.907: [DefNew: 447K->64K(448K), 0.0013380 secs] 530109K->529858K(1048512K), 0.0014010 secs] [Times: user=0.00 sys=0.00, real=0.00 secs] 
44.919: [GC44.919: [DefNew: 448K->63K(448K), 0.0013770 secs] 530242K->529997K(1048512K), 0.0014310 secs] [Times: user=0.00 sys=0.00, real=0.00 secs] 
44.931: [GC44.931: [DefNew: 447K->64K(448K), 0.0014670 secs] 530381K->530133K(1048512K), 0.0015270 secs] [Times: user=0.01 sys=0.00, real=0.00 secs] 
44.942: [GC44.942: [DefNew: 448K->63K(448K), 0.0013520 secs] 530517K->530269K(1048512K), 0.0014060 secs] [Times: user=0.00 sys=0.00, real=0.00 secs] 
44.953: [GC44.953: [DefNew: 447K->63K(448K), 0.0014180 secs] 530653K->530405K(1048512K), 0.0014920 secs] [Times: user=0.00 sys=0.00, real=0.00 secs] 
44.965: [GC44.965: [DefNew: 447K->63K(448K), 0.0013240 secs] 530789K->530525K(1048512K), 0.0013720 secs] [Times: user=0.00 sys=0.00, real=0.01 secs] 
44.977: [GC44.977: [DefNew: 447K->63K(448K), 0.0014310 secs] 530909K->530670K(1048512K), 0.0014830 secs] [Times: user=0.00 sys=0.00, real=0.00 secs] 
44.989: [GC44.989: [DefNew: 447K->63K(448K), 0.0012940 secs] 531054K->530784K(1048512K), 0.0013480 secs] [Times: user=0.00 sys=0.00, real=0.00 secs] 
45.000: [GC45.000: [DefNew: 447K->64K(448K), 0.0011810 secs] 531168K->530896K(1048512K), 0.0012360 secs] [Times: user=0.01 sys=0.00, real=0.00 secs] 
45.011: [GC45.011: [DefNew: 448K->63K(448K), 0.0018950 secs] 531280K->531064K(1048512K), 0.0019990 secs] [Times: user=0.00 sys=0.00, real=0.00 secs] 
45.021: [GC45.021: [DefNew: 447K->63K(448K), 0.0016010 secs] 531448K->531233K(1048512K), 0.0016730 secs] [Times: user=0.00 sys=0.00, real=0.00 secs] 
45.033: [GC45.033: [DefNew: 447K->63K(448K), 0.0009050 secs] 531617K->531319K(1048512K), 0.0009510 secs] [Times: user=0.00 sys=0.00, real=0.00 secs] 
45.044: [GC45.044: [DefNew: 447K->64K(448K), 0.0006830 secs] 531703K->531392K(1048512K), 0.0007150 secs] [Times: user=0.00 sys=0.00, real=0.00 secs] 
45.055: [GC45.055: [DefNew: 447K->64K(448K), 0.0006180 secs] 531775K->531485K(1048512K), 0.0006570 secs] [Times: user=0.00 sys=0.00, real=0.00 secs] 
45.066: [GC45.066: [DefNew: 447K->63K(448K), 0.0011850 secs] 531869K->531581K(1048512K), 0.0012490 secs] [Times: user=0.01 sys=0.00, real=0.01 secs] 
45.077: [GC45.077: [DefNew: 447K->63K(448K), 0.0013260 secs] 531965K->531708K(1048512K), 0.0014010 secs] [Times: user=0.00 sys=0.00, real=0.00 secs] 
45.088: [GC45.088: [DefNew: 447K->63K(448K), 0.0022620 secs] 532092K->531832K(1048512K), 0.0024200 secs] [Times: user=0.00 sys=0.00, real=0.00 secs] 
45.099: [GC45.099: [DefNew: 447K->63K(448K), 0.0022730 secs] 532216K->531958K(1048512K), 0.0023430 secs] [Times: user=0.00 sys=0.00, real=0.00 secs] 
45.111: [GC45.111: [DefNew: 447K->63K(448K), 0.0026610 secs] 532342K->532175K(1048512K), 0.0028300 secs] [Times: user=0.01 sys=0.00, real=0.00 secs] 
45.123: [GC45.123: [DefNew: 447K->63K(448K), 0.0019180 secs] 532559K->532343K(1048512K), 0.0020250 secs] [Times: user=0.00 sys=0.00, real=0.00 secs] 
45.135: [GC45.135: [DefNew: 447K->63K(448K), 0.0020380 secs] 532727K->532462K(1048512K), 0.0022640 secs] [Times: user=0.00 sys=0.00, real=0.01 secs] 
45.147: [GC45.147: [DefNew: 447K->63K(448K), 0.0007590 secs] 532846K->532546K(1048512K), 0.0007950 secs] [Times: user=0.00 sys=0.00, real=0.00 secs] 
45.158: [GC45.158: [DefNew: 447K->63K(448K), 0.0011720 secs] 532930K->532659K(1048512K), 0.0012220 secs] [Times: user=0.00 sys=0.00, real=0.00 secs] 
45.168: [GC45.168: [DefNew: 447K->64K(448K), 0.0014970 secs] 533043K->532792K(1048512K), 0.0015980 secs] [Times: user=0.01 sys=0.00, real=0.00 secs] 
45.180: [GC45.180: [DefNew: 448K->63K(448K), 0.0012950 secs] 533176K->532902K(1048512K), 0.0013580 secs] [Times: user=0.00 sys=0.00, real=0.00 secs] 
45.192: [GC45.192: [DefNew: 447K->63K(448K), 0.0013220 secs] 533286K->533044K(1048512K), 0.0013820 secs] [Times: user=0.00 sys=0.00, real=0.00 secs] 
45.203: [GC45.203: [DefNew: 447K->63K(448K), 0.0013950 secs] 533428K->533161K(1048512K), 0.0014490 secs] [Times: user=0.00 sys=0.00, real=0.00 secs] 
45.215: [GC45.215: [DefNew: 447K->63K(448K), 0.0012140 secs] 533545K->533288K(1048512K), 0.0012650 secs] [Times: user=0.00 sys=0.00, real=0.00 secs] 
45.226: [GC45.226: [DefNew: 447K->63K(448K), 0.0013870 secs] 533672K->533414K(1048512K), 0.0014400 secs] [Times: user=0.01 sys=0.00, real=0.01 secs] 
45.238: [GC45.238: [DefNew: 447K->63K(448K), 0.0013270 secs] 533798K->533547K(1048512K), 0.0013900 secs] [Times: user=0.00 sys=0.00, real=0.00 secs] 
45.249: [GC45.249: [DefNew: 447K->63K(448K), 0.0013660 secs] 533931K->533658K(1048512K), 0.0014280 secs] [Times: user=0.00 sys=0.00, real=0.00 secs] 
45.259: [GC45.259: [DefNew: 447K->63K(448K), 0.0012450 secs] 534042K->533793K(1048512K), 0.0013220 secs] [Times: user=0.00 sys=0.00, real=0.00 secs] 
45.270: [GC45.270: [DefNew: 447K->63K(448K), 0.0013110 secs] 534177K->533906K(1048512K), 0.0013600 secs] [Times: user=0.00 sys=0.00, real=0.00 secs] 
45.281: [GC45.281: [DefNew: 447K->64K(448K), 0.0008700 secs] 534290K->534029K(1048512K), 0.0009240 secs] [Times: user=0.00 sys=0.00, real=0.00 secs] 
45.292: [GC45.292: [DefNew: 448K->64K(448K), 0.0007150 secs] 534413K->534105K(1048512K), 0.0007590 secs] [Times: user=0.00 sys=0.00, real=0.00 secs] 
45.302: [GC45.302: [DefNew: 447K->63K(448K), 0.0006950 secs] 534489K->534193K(1048512K), 0.0007510 secs] [Times: user=0.00 sys=0.00, real=0.00 secs] 
45.312: [GC45.312: [DefNew: 447K->64K(448K), 0.0024700 secs] 534577K->534362K(1048512K), 0.0025610 secs] [Times: user=0.00 sys=0.00, real=0.00 secs] 
45.325: [GC45.325: [DefNew: 448K->63K(448K), 0.0009560 secs] 534746K->534503K(1048512K), 0.0009900 secs] [Times: user=0.00 sys=0.01, real=0.00 secs] 
45.335: [GC45.335: [DefNew: 447K->63K(448K), 0.0012120 secs] 534887K->534612K(1048512K), 0.0012630 secs] [Times: user=0.00 sys=0.00, real=0.00 secs] 
45.345: [GC45.345: [DefNew: 447K->63K(448K), 0.0012600 secs] 534996K->534739K(1048512K), 0.0013180 secs] [Times: user=0.00 sys=0.00, real=0.00 secs] 
45.356: [GC45.356: [DefNew: 447K->63K(448K), 0.0014140 secs] 535123K->534864K(1048512K), 0.0014690 secs] [Times: user=0.01 sys=0.00, real=0.01 secs] 
45.368: [GC45.368: [DefNew: 447K->63K(448K), 0.0015380 secs] 535248K->535005K(1048512K), 0.0016030 secs] [Times: user=0.00 sys=0.00, real=0.00 secs] 
45.379: [GC45.379: [DefNew: 447K->63K(448K), 0.0015640 secs] 535389K->535139K(1048512K), 0.0016270 secs] [Times: user=0.00 sys=0.00, real=0.00 secs] 
45.391: [GC45.391: [DefNew: 447K->63K(448K), 0.0014450 secs] 535523K->535284K(1048512K), 0.0015130 secs] [Times: user=0.00 sys=0.00, real=0.00 secs] 
45.402: [GC45.403: [DefNew: 447K->64K(448K), 0.0013360 secs] 535668K->535399K(1048512K), 0.0014020 secs] [Times: user=0.00 sys=0.00, real=0.00 secs] 
45.413: [GC45.413: [DefNew: 448K->63K(448K), 0.0013810 secs] 535783K->535536K(1048512K), 0.0014340 secs] [Times: user=0.01 sys=0.00, real=0.00 secs] 
45.424: [GC45.424: [DefNew: 447K->63K(448K), 0.0013810 secs] 535920K->535652K(1048512K), 0.0014450 secs] [Times: user=0.00 sys=0.00, real=0.00 secs] 
45.435: [GC45.435: [DefNew: 447K->64K(448K), 0.0013550 secs] 536036K->535794K(1048512K), 0.0014060 secs] [Times: user=0.00 sys=0.00, real=0.01 secs] 
45.447: [GC45.447: [DefNew: 448K->63K(448K), 0.0012550 secs] 536178K->535914K(1048512K), 0.0013090 secs] [Times: user=0.00 sys=0.00, real=0.00 secs] 
45.458: [GC45.458: [DefNew: 447K->63K(448K), 0.0013830 secs] 536298K->536061K(1048512K), 0.0014350 secs] [Times: user=0.00 sys=0.00, real=0.00 secs] 
45.470: [GC45.470: [DefNew: 447K->64K(448K), 0.0012880 secs] 536445K->536174K(1048512K), 0.0013410 secs] [Times: user=0.00 sys=0.00, real=0.00 secs] 
45.480: [GC45.480: [DefNew: 447K->63K(448K), 0.0014450 secs] 536557K->536317K(1048512K), 0.0015080 secs] [Times: user=0.01 sys=0.00, real=0.00 secs] 
45.491: [GC45.491: [DefNew: 447K->63K(448K), 0.0015820 secs] 536701K->536427K(1048512K), 0.0016490 secs] [Times: user=0.00 sys=0.00, real=0.00 secs] 
45.503: [GC45.503: [DefNew: 447K->64K(448K), 0.0013180 secs] 536811K->536540K(1048512K), 0.0013810 secs] [Times: user=0.00 sys=0.00, real=0.00 secs] 
45.515: [GC45.515: [DefNew: 448K->63K(448K), 0.0013180 secs] 536924K->536681K(1048512K), 0.0013670 secs] [Times: user=0.00 sys=0.00, real=0.00 secs] 
45.526: [GC45.526: [DefNew: 447K->63K(448K), 0.0023530 secs] 537065K->536824K(1048512K), 0.0025100 secs] [Times: user=0.00 sys=0.00, real=0.01 secs] 
45.538: [GC45.538: [DefNew: 447K->63K(448K), 0.0013200 secs] 537208K->536968K(1048512K), 0.0014060 secs] [Times: user=0.00 sys=0.00, real=0.00 secs] 
45.548: [GC45.548: [DefNew: 447K->63K(448K), 0.0007390 secs] 537352K->537046K(1048512K), 0.0007720 secs] [Times: user=0.00 sys=0.00, real=0.00 secs] 
45.559: [GC45.559: [DefNew: 447K->63K(448K), 0.0009660 secs] 537430K->537125K(1048512K), 0.0010080 secs] [Times: user=0.00 sys=0.00, real=0.00 secs] 
45.570: [GC45.570: [DefNew: 447K->63K(448K), 0.0006150 secs] 537509K->537197K(1048512K), 0.0006470 secs] [Times: user=0.00 sys=0.00, real=0.00 secs] 
45.579: [GC45.579: [DefNew: 447K->63K(448K), 0.0006150 secs] 537581K->537276K(1048512K), 0.0006470 secs] [Times: user=0.00 sys=0.00, real=0.00 secs] 
45.589: [GC45.589: [DefNew: 447K->63K(448K), 0.0010760 secs] 537660K->537370K(1048512K), 0.0011250 secs] [Times: user=0.00 sys=0.00, real=0.00 secs] 
45.601: [GC45.601: [DefNew: 447K->63K(448K), 0.0013490 secs] 537754K->537502K(1048512K), 0.0014010 secs] [Times: user=0.00 sys=0.00, real=0.00 secs] 
45.613: [GC45.613: [DefNew: 447K->64K(448K), 0.0013320 secs] 537886K->537623K(1048512K), 0.0013820 secs] [Times: user=0.01 sys=0.00, real=0.00 secs] 
45.624: [GC45.624: [DefNew: 448K->63K(448K), 0.0012990 secs] 538007K->537760K(1048512K), 0.0013520 secs] [Times: user=0.00 sys=0.00, real=0.00 secs] 
45.636: [GC45.636: [DefNew: 447K->64K(448K), 0.0014050 secs] 538143K->537887K(1048512K), 0.0014550 secs] [Times: user=0.00 sys=0.00, real=0.01 secs] 
45.647: [GC45.647: [DefNew: 448K->63K(448K), 0.0014860 secs] 538271K->538024K(1048512K), 0.0015490 secs] [Times: user=0.00 sys=0.00, real=0.00 secs] 
45.658: [GC45.658: [DefNew: 447K->63K(448K), 0.0013460 secs] 538408K->538146K(1048512K), 0.0013990 secs] [Times: user=0.00 sys=0.00, real=0.00 secs] 
45.670: [GC45.670: [DefNew: 447K->63K(448K), 0.0013280 secs] 538530K->538273K(1048512K), 0.0013810 secs] [Times: user=0.00 sys=0.00, real=0.00 secs] 
45.681: [GC45.681: [DefNew: 447K->64K(448K), 0.0012950 secs] 538657K->538415K(1048512K), 0.0013480 secs] [Times: user=0.00 sys=0.00, real=0.00 secs] 
45.693: [GC45.693: [DefNew: 448K->63K(448K), 0.0013950 secs] 538799K->538548K(1048512K), 0.0014560 secs] [Times: user=0.00 sys=0.00, real=0.00 secs] 
45.705: [GC45.705: [DefNew: 447K->63K(448K), 0.0013480 secs] 538932K->538673K(1048512K), 0.0013990 secs] [Times: user=0.00 sys=0.00, real=0.00 secs] 
45.717: [GC45.717: [DefNew: 447K->63K(448K), 0.0013170 secs] 539057K->538795K(1048512K), 0.0013670 secs] [Times: user=0.00 sys=0.00, real=0.00 secs] 
45.726: [GC45.726: [DefNew: 447K->63K(448K), 0.0027770 secs] 539179K->538915K(1048512K), 0.0029140 secs] [Times: user=0.00 sys=0.00, real=0.00 secs] 
45.739: [GC45.739: [DefNew: 447K->64K(448K), 0.0015830 secs] 539299K->539091K(1048512K), 0.0016560 secs] [Times: user=0.00 sys=0.00, real=0.00 secs] 
45.751: [GC45.751: [DefNew: 447K->63K(448K), 0.0009310 secs] 539475K->539185K(1048512K), 0.0009800 secs] [Times: user=0.00 sys=0.00, real=0.00 secs] 
45.762: [GC45.762: [DefNew: 447K->64K(448K), 0.0010480 secs] 539569K->539272K(1048512K), 0.0011000 secs] [Times: user=0.00 sys=0.00, real=0.00 secs] 
45.773: [GC45.773: [DefNew: 448K->64K(448K), 0.0011880 secs] 539656K->539410K(1048512K), 0.0012400 secs] [Times: user=0.00 sys=0.00, real=0.00 secs] 
45.784: [GC45.784: [DefNew: 448K->63K(448K), 0.0013290 secs] 539794K->539523K(1048512K), 0.0013790 secs] [Times: user=0.00 sys=0.00, real=0.00 secs] 
45.796: [GC45.796: [DefNew: 447K->63K(448K), 0.0013760 secs] 539907K->539663K(1048512K), 0.0014320 secs] [Times: user=0.00 sys=0.00, real=0.01 secs] 
45.806: [GC45.806: [DefNew: 447K->63K(448K), 0.0014560 secs] 540047K->539785K(1048512K), 0.0015170 secs] [Times: user=0.00 sys=0.00, real=0.01 secs] 
45.818: [GC45.818: [DefNew: 447K->63K(448K), 0.0013820 secs] 540169K->539919K(1048512K), 0.0014320 secs] [Times: user=0.00 sys=0.00, real=0.00 secs] 
45.830: [GC45.830: [DefNew: 447K->63K(448K), 0.0014680 secs] 540303K->540040K(1048512K), 0.0015350 secs] [Times: user=0.00 sys=0.00, real=0.00 secs] 
45.842: [GC45.842: [DefNew: 447K->64K(448K), 0.0012520 secs] 540423K->540169K(1048512K), 0.0013040 secs] [Times: user=0.00 sys=0.00, real=0.00 secs] 
45.853: [GC45.853: [DefNew: 448K->64K(448K), 0.0013300 secs] 540553K->540299K(1048512K), 0.0013930 secs] [Times: user=0.00 sys=0.00, real=0.00 secs] 
45.865: [GC45.865: [DefNew: 447K->63K(448K), 0.0013350 secs] 540682K->540422K(1048512K), 0.0013840 secs] [Times: user=0.01 sys=0.00, real=0.01 secs] 
45.877: [GC45.877: [DefNew: 447K->63K(448K), 0.0013080 secs] 540806K->540542K(1048512K), 0.0013690 secs] [Times: user=0.00 sys=0.00, real=0.00 secs] 
45.888: [GC45.888: [DefNew: 447K->63K(448K), 0.0012160 secs] 540926K->540671K(1048512K), 0.0012680 secs] [Times: user=0.00 sys=0.00, real=0.00 secs] 
45.899: [GC45.899: [DefNew: 447K->63K(448K), 0.0013310 secs] 541055K->540793K(1048512K), 0.0013820 secs] [Times: user=0.00 sys=0.00, real=0.00 secs] 
45.910: [GC45.910: [DefNew: 447K->63K(448K), 0.0013930 secs] 541177K->540920K(1048512K), 0.0014620 secs] [Times: user=0.00 sys=0.00, real=0.00 secs] 
45.922: [GC45.922: [DefNew: 447K->63K(448K), 0.0012450 secs] 541304K->541050K(1048512K), 0.0012970 secs] [Times: user=0.00 sys=0.00, real=0.00 secs] 
45.933: [GC45.933: [DefNew: 447K->63K(448K), 0.0024500 secs] 541434K->541208K(1048512K), 0.0025740 secs] [Times: user=0.00 sys=0.00, real=0.00 secs] 
45.946: [GC45.946: [DefNew: 447K->63K(448K), 0.0008610 secs] 541592K->541349K(1048512K), 0.0008940 secs] [Times: user=0.00 sys=0.00, real=0.01 secs] 
45.956: [GC45.956: [DefNew: 447K->64K(448K), 0.0007540 secs] 541733K->541458K(1048512K), 0.0007870 secs] [Times: user=0.00 sys=0.00, real=0.00 secs] 
45.967: [GC45.967: [DefNew: 448K->63K(448K), 0.0007000 secs] 541842K->541530K(1048512K), 0.0007370 secs] [Times: user=0.00 sys=0.00, real=0.00 secs] 
45.977: [GC45.977: [DefNew: 447K->63K(448K), 0.0011460 secs] 541914K->541635K(1048512K), 0.0011960 secs] [Times: user=0.00 sys=0.00, real=0.00 secs] 
45.988: [GC45.988: [DefNew: 447K->64K(448K), 0.0012640 secs] 542019K->541756K(1048512K), 0.0013160 secs] [Times: user=0.00 sys=0.00, real=0.00 secs] 
45.999: [GC45.999: [DefNew: 448K->64K(448K), 0.0012840 secs] 542140K->541882K(1048512K), 0.0013360 secs] [Times: user=0.00 sys=0.00, real=0.00 secs] 
46.011: [GC46.011: [DefNew: 448K->63K(448K), 0.0013370 secs] 542266K->542005K(1048512K), 0.0013970 secs] [Times: user=0.00 sys=0.00, real=0.00 secs] 
46.022: [GC46.022: [DefNew: 447K->63K(448K), 0.0012460 secs] 542389K->542132K(1048512K), 0.0013080 secs] [Times: user=0.00 sys=0.00, real=0.00 secs] 
46.034: [GC46.034: [DefNew: 447K->63K(448K), 0.0014410 secs] 542516K->542283K(1048512K), 0.0014930 secs] [Times: user=0.00 sys=0.00, real=0.00 secs] 
46.045: [GC46.045: [DefNew: 447K->63K(448K), 0.0010860 secs] 542667K->542399K(1048512K), 0.0011550 secs] [Times: user=0.00 sys=0.00, real=0.01 secs] 
46.056: [GC46.056: [DefNew: 447K->63K(448K), 0.0007220 secs] 542783K->542485K(1048512K), 0.0007760 secs] [Times: user=0.00 sys=0.00, real=0.01 secs] 
46.066: [GC46.066: [DefNew: 447K->64K(448K), 0.0007620 secs] 542869K->542560K(1048512K), 0.0008140 secs] [Times: user=0.01 sys=0.00, real=0.01 secs] 
46.075: [GC46.075: [DefNew: 447K->63K(448K), 0.0006820 secs] 542944K->542641K(1048512K), 0.0007170 secs] [Times: user=0.00 sys=0.00, real=0.00 secs] 
46.085: [GC46.085: [DefNew: 447K->63K(448K), 0.0009360 secs] 543025K->542725K(1048512K), 0.0010030 secs] [Times: user=0.00 sys=0.00, real=0.00 secs] 
46.095: [GC46.095: [DefNew: 447K->64K(448K), 0.0025770 secs] 543109K->542931K(1048512K), 0.0026740 secs] [Times: user=0.00 sys=0.00, real=0.01 secs] 
46.107: [GC46.107: [DefNew: 448K->63K(448K), 0.0031910 secs] 543315K->543101K(1048512K), 0.0033790 secs] [Times: user=0.00 sys=0.00, real=0.00 secs] 
46.120: [GC46.120: [DefNew: 447K->64K(448K), 0.0022760 secs] 543485K->543303K(1048512K), 0.0023820 secs] [Times: user=0.00 sys=0.00, real=0.00 secs] 
46.132: [GC46.132: [DefNew: 447K->64K(448K), 0.0029350 secs] 543686K->543512K(1048512K), 0.0031200 secs] [Times: user=0.00 sys=0.00, real=0.00 secs] 
46.144: [GC46.144: [DefNew: 448K->63K(448K), 0.0025810 secs] 543896K->543729K(1048512K), 0.0027430 secs] [Times: user=0.00 sys=0.00, real=0.01 secs] 
46.156: [GC46.156: [DefNew: 447K->63K(448K), 0.0015210 secs] 544113K->543894K(1048512K), 0.0015850 secs] [Times: user=0.00 sys=0.00, real=0.01 secs] 
46.168: [GC46.168: [DefNew: 447K->63K(448K), 0.0008450 secs] 544278K->543987K(1048512K), 0.0008810 secs] [Times: user=0.00 sys=0.00, real=0.00 secs] 
46.179: [GC46.179: [DefNew: 447K->63K(448K), 0.0006270 secs] 544371K->544057K(1048512K), 0.0006610 secs] [Times: user=0.00 sys=0.00, real=0.00 secs] 
46.189: [GC46.189: [DefNew: 447K->63K(448K), 0.0011300 secs] 544441K->544158K(1048512K), 0.0011940 secs] [Times: user=0.00 sys=0.00, real=0.00 secs] 
46.200: [GC46.200: [DefNew: 447K->63K(448K), 0.0014450 secs] 544542K->544304K(1048512K), 0.0015010 secs] [Times: user=0.00 sys=0.00, real=0.00 secs] 
46.211: [GC46.211: [DefNew: 447K->64K(448K), 0.0013590 secs] 544688K->544433K(1048512K), 0.0014160 secs] [Times: user=0.00 sys=0.00, real=0.00 secs] 
46.222: [GC46.222: [DefNew: 448K->64K(448K), 0.0012490 secs] 544817K->544558K(1048512K), 0.0013030 secs] [Times: user=0.01 sys=0.00, real=0.00 secs] 
46.234: [GC46.234: [DefNew: 448K->63K(448K), 0.0013080 secs] 544942K->544690K(1048512K), 0.0013670 secs] [Times: user=0.00 sys=0.00, real=0.00 secs] 
46.246: [GC46.246: [DefNew: 447K->63K(448K), 0.0013880 secs] 545074K->544820K(1048512K), 0.0014390 secs] [Times: user=0.00 sys=0.00, real=0.01 secs] 
46.257: [GC46.257: [DefNew: 447K->63K(448K), 0.0013990 secs] 545204K->544947K(1048512K), 0.0014600 secs] [Times: user=0.00 sys=0.00, real=0.00 secs] 
46.269: [GC46.269: [DefNew: 447K->63K(448K), 0.0014280 secs] 545331K->545086K(1048512K), 0.0014910 secs] [Times: user=0.00 sys=0.00, real=0.00 secs] 
46.280: [GC46.280: [DefNew: 447K->63K(448K), 0.0010280 secs] 545470K->545212K(1048512K), 0.0011040 secs] [Times: user=0.00 sys=0.00, real=0.00 secs] 
46.289: [GC46.290: [DefNew: 447K->64K(448K), 0.0006720 secs] 545596K->545291K(1048512K), 0.0007100 secs] [Times: user=0.00 sys=0.00, real=0.00 secs] 
46.300: [GC46.300: [DefNew: 448K->63K(448K), 0.0007160 secs] 545675K->545363K(1048512K), 0.0007690 secs] [Times: user=0.00 sys=0.00, real=0.00 secs] 
46.311: [GC46.311: [DefNew: 447K->64K(448K), 0.0006220 secs] 545747K->545458K(1048512K), 0.0006680 secs] [Times: user=0.00 sys=0.00, real=0.00 secs] 
46.322: [GC46.322: [DefNew: 448K->63K(448K), 0.0006270 secs] 545842K->545540K(1048512K), 0.0006650 secs] [Times: user=0.00 sys=0.00, real=0.00 secs] 
46.333: [GC46.333: [DefNew: 447K->64K(448K), 0.0006690 secs] 545924K->545620K(1048512K), 0.0007100 secs] [Times: user=0.00 sys=0.00, real=0.00 secs] 
46.343: [GC46.343: [DefNew: 448K->64K(448K), 0.0020710 secs] 546004K->545758K(1048512K), 0.0022250 secs] [Times: user=0.00 sys=0.00, real=0.00 secs] 
46.355: [GC46.355: [DefNew: 448K->64K(448K), 0.0014540 secs] 546142K->545899K(1048512K), 0.0015180 secs] [Times: user=0.00 sys=0.00, real=0.01 secs] 
46.365: [GC46.365: [DefNew: 448K->63K(448K), 0.0007350 secs] 546283K->545977K(1048512K), 0.0007680 secs] [Times: user=0.01 sys=0.00, real=0.00 secs] 
46.375: [GC46.375: [DefNew: 447K->63K(448K), 0.0006270 secs] 546361K->546053K(1048512K), 0.0006600 secs] [Times: user=0.00 sys=0.00, real=0.00 secs] 
46.386: [GC46.386: [DefNew: 447K->64K(448K), 0.0007620 secs] 546437K->546147K(1048512K), 0.0008080 secs] [Times: user=0.00 sys=0.01, real=0.01 secs] 
46.397: [GC46.397: [DefNew: 448K->64K(448K), 0.0011160 secs] 546531K->546247K(1048512K), 0.0011670 secs] [Times: user=0.00 sys=0.00, real=0.00 secs] 
46.408: [GC46.408: [DefNew: 448K->63K(448K), 0.0011650 secs] 546631K->546365K(1048512K), 0.0012160 secs] [Times: user=0.00 sys=0.00, real=0.00 secs] 
46.419: [GC46.419: [DefNew: 447K->63K(448K), 0.0014210 secs] 546749K->546480K(1048512K), 0.0014900 secs] [Times: user=0.00 sys=0.00, real=0.00 secs] 
46.431: [GC46.431: [DefNew: 447K->64K(448K), 0.0012950 secs] 546864K->546628K(1048512K), 0.0013460 secs] [Times: user=0.00 sys=0.00, real=0.00 secs] 
46.442: [GC46.442: [DefNew: 448K->64K(448K), 0.0013700 secs] 547012K->546742K(1048512K), 0.0014220 secs] [Times: user=0.01 sys=0.00, real=0.00 secs] 
46.454: [GC46.454: [DefNew: 448K->63K(448K), 0.0012640 secs] 547126K->546877K(1048512K), 0.0013160 secs] [Times: user=0.00 sys=0.00, real=0.00 secs] 
46.465: [GC46.465: [DefNew: 447K->64K(448K), 0.0012540 secs] 547261K->546978K(1048512K), 0.0013040 secs] [Times: user=0.00 sys=0.00, real=0.00 secs] 
46.475: [GC46.475: [DefNew: 448K->64K(448K), 0.0013800 secs] 547362K->547114K(1048512K), 0.0014450 secs] [Times: user=0.00 sys=0.00, real=0.00 secs] 
46.486: [GC46.486: [DefNew: 448K->63K(448K), 0.0012550 secs] 547498K->547237K(1048512K), 0.0013060 secs] [Times: user=0.00 sys=0.00, real=0.00 secs] 
46.498: [GC46.498: [DefNew: 447K->63K(448K), 0.0013780 secs] 547621K->547353K(1048512K), 0.0014340 secs] [Times: user=0.01 sys=0.00, real=0.00 secs] 
46.509: [GC46.509: [DefNew: 447K->63K(448K), 0.0012760 secs] 547737K->547489K(1048512K), 0.0013300 secs] [Times: user=0.00 sys=0.00, real=0.00 secs] 
46.521: [GC46.521: [DefNew: 447K->63K(448K), 0.0013140 secs] 547873K->547601K(1048512K), 0.0013640 secs] [Times: user=0.00 sys=0.00, real=0.00 secs] 
46.532: [GC46.532: [DefNew: 447K->64K(448K), 0.0013000 secs] 547985K->547724K(1048512K), 0.0013690 secs] [Times: user=0.00 sys=0.00, real=0.00 secs] 
46.543: [GC46.543: [DefNew: 448K->63K(448K), 0.0012810 secs] 548108K->547840K(1048512K), 0.0013520 secs] [Times: user=0.00 sys=0.00, real=0.00 secs] 
46.554: [GC46.554: [DefNew: 447K->63K(448K), 0.0013330 secs] 548224K->547968K(1048512K), 0.0013950 secs] [Times: user=0.00 sys=0.00, real=0.00 secs] 
46.566: [GC46.566: [DefNew: 447K->63K(448K), 0.0019530 secs] 548352K->548191K(1048512K), 0.0020370 secs] [Times: user=0.00 sys=0.00, real=0.01 secs] 
46.577: [GC46.577: [DefNew: 447K->64K(448K), 0.0009810 secs] 548575K->548314K(1048512K), 0.0010150 secs] [Times: user=0.00 sys=0.00, real=0.00 secs] 
46.588: [GC46.588: [DefNew: 447K->63K(448K), 0.0006670 secs] 548697K->548389K(1048512K), 0.0007040 secs] [Times: user=0.00 sys=0.00, real=0.00 secs] 
46.599: [GC46.599: [DefNew: 447K->63K(448K), 0.0011160 secs] 548773K->548493K(1048512K), 0.0011760 secs] [Times: user=0.00 sys=0.00, real=0.00 secs] 
46.610: [GC46.610: [DefNew: 447K->64K(448K), 0.0015400 secs] 548877K->548616K(1048512K), 0.0016070 secs] [Times: user=0.00 sys=0.00, real=0.00 secs] 
46.622: [GC46.622: [DefNew: 448K->63K(448K), 0.0013290 secs] 549000K->548739K(1048512K), 0.0013810 secs] [Times: user=0.00 sys=0.00, real=0.00 secs] 
46.634: [GC46.634: [DefNew: 447K->64K(448K), 0.0013390 secs] 549123K->548862K(1048512K), 0.0013940 secs] [Times: user=0.00 sys=0.00, real=0.00 secs] 
46.644: [GC46.644: [DefNew: 448K->63K(448K), 0.0012930 secs] 549246K->548989K(1048512K), 0.0013440 secs] [Times: user=0.00 sys=0.00, real=0.00 secs] 
46.656: [GC46.656: [DefNew: 447K->63K(448K), 0.0013870 secs] 549373K->549124K(1048512K), 0.0014360 secs] [Times: user=0.00 sys=0.00, real=0.01 secs] 
46.667: [GC46.667: [DefNew: 447K->63K(448K), 0.0012790 secs] 549508K->549245K(1048512K), 0.0013300 secs] [Times: user=0.00 sys=0.00, real=0.00 secs] 
46.679: [GC46.679: [DefNew: 447K->63K(448K), 0.0012920 secs] 549629K->549382K(1048512K), 0.0013430 secs] [Times: user=0.00 sys=0.00, real=0.00 secs] 
46.691: [GC46.691: [DefNew: 447K->63K(448K), 0.0013790 secs] 549766K->549496K(1048512K), 0.0014410 secs] [Times: user=0.01 sys=0.00, real=0.00 secs] 
46.702: [GC46.702: [DefNew: 447K->64K(448K), 0.0012620 secs] 549880K->549627K(1048512K), 0.0013190 secs] [Times: user=0.00 sys=0.00, real=0.00 secs] 
46.714: [GC46.714: [DefNew: 448K->64K(448K), 0.0014180 secs] 550011K->549741K(1048512K), 0.0014820 secs] [Times: user=0.00 sys=0.00, real=0.00 secs] 
46.726: [GC46.726: [DefNew: 448K->64K(448K), 0.0012310 secs] 550125K->549867K(1048512K), 0.0012830 secs] [Times: user=0.00 sys=0.00, real=0.01 secs] 
46.736: [GC46.736: [DefNew: 448K->63K(448K), 0.0013090 secs] 550251K->549980K(1048512K), 0.0013650 secs] [Times: user=0.00 sys=0.00, real=0.01 secs] 
46.748: [GC46.748: [DefNew: 447K->64K(448K), 0.0014040 secs] 550364K->550123K(1048512K), 0.0014540 secs] [Times: user=0.00 sys=0.00, real=0.00 secs] 
46.759: [GC46.759: [DefNew: 448K->64K(448K), 0.0013540 secs] 550507K->550232K(1048512K), 0.0014210 secs] [Times: user=0.01 sys=0.00, real=0.00 secs] 
46.771: [GC46.771: [DefNew: 447K->64K(448K), 0.0021610 secs] 550616K->550463K(1048512K), 0.0022480 secs] [Times: user=0.00 sys=0.00, real=0.00 secs] 
46.782: [GC46.782: [DefNew: 447K->63K(448K), 0.0011640 secs] 550847K->550590K(1048512K), 0.0012170 secs] [Times: user=0.00 sys=0.00, real=0.00 secs] 
46.792: [GC46.792: [DefNew: 447K->63K(448K), 0.0007830 secs] 550974K->550702K(1048512K), 0.0008210 secs] [Times: user=0.00 sys=0.00, real=0.00 secs] 
46.803: [GC46.803: [DefNew: 447K->64K(448K), 0.0012900 secs] 551086K->550800K(1048512K), 0.0013450 secs] [Times: user=0.00 sys=0.00, real=0.00 secs] 
46.813: [GC46.813: [DefNew: 448K->63K(448K), 0.0012430 secs] 551184K->550913K(1048512K), 0.0012970 secs] [Times: user=0.01 sys=0.00, real=0.00 secs] 
46.825: [GC46.825: [DefNew: 447K->63K(448K), 0.0013800 secs] 551297K->551050K(1048512K), 0.0014330 secs] [Times: user=0.00 sys=0.00, real=0.00 secs] 
46.836: [GC46.836: [DefNew: 447K->63K(448K), 0.0014160 secs] 551434K->551174K(1048512K), 0.0014770 secs] [Times: user=0.00 sys=0.00, real=0.01 secs] 
46.848: [GC46.848: [DefNew: 447K->63K(448K), 0.0013590 secs] 551558K->551304K(1048512K), 0.0014110 secs] [Times: user=0.00 sys=0.00, real=0.00 secs] 
46.860: [GC46.860: [DefNew: 447K->63K(448K), 0.0012310 secs] 551688K->551419K(1048512K), 0.0012790 secs] [Times: user=0.00 sys=0.00, real=0.00 secs] 
46.871: [GC46.871: [DefNew: 447K->63K(448K), 0.0013940 secs] 551803K->551556K(1048512K), 0.0014480 secs] [Times: user=0.00 sys=0.00, real=0.00 secs] 
46.883: [GC46.883: [DefNew: 447K->63K(448K), 0.0012940 secs] 551940K->551674K(1048512K), 0.0013490 secs] [Times: user=0.00 sys=0.00, real=0.00 secs] 
46.894: [GC46.894: [DefNew: 447K->64K(448K), 0.0014370 secs] 552058K->551797K(1048512K), 0.0014980 secs] [Times: user=0.00 sys=0.00, real=0.00 secs] 
46.905: [GC46.905: [DefNew: 448K->63K(448K), 0.0013240 secs] 552181K->551912K(1048512K), 0.0013860 secs] [Times: user=0.00 sys=0.00, real=0.01 secs] 
46.917: [GC46.917: [DefNew: 447K->64K(448K), 0.0013660 secs] 552296K->552052K(1048512K), 0.0014170 secs] [Times: user=0.00 sys=0.00, real=0.00 secs] 
46.928: [GC46.928: [DefNew: 448K->63K(448K), 0.0013080 secs] 552436K->552172K(1048512K), 0.0013620 secs] [Times: user=0.00 sys=0.01, real=0.00 secs] 
46.940: [GC46.940: [DefNew: 447K->64K(448K), 0.0012500 secs] 552556K->552303K(1048512K), 0.0012980 secs] [Times: user=0.01 sys=0.00, real=0.00 secs] 
46.952: [GC46.952: [DefNew: 448K->63K(448K), 0.0012700 secs] 552687K->552423K(1048512K), 0.0013280 secs] [Times: user=0.00 sys=0.00, real=0.00 secs] 
46.963: [GC46.963: [DefNew: 447K->63K(448K), 0.0012830 secs] 552807K->552550K(1048512K), 0.0013370 secs] [Times: user=0.00 sys=0.00, real=0.00 secs] 
46.975: [GC46.975: [DefNew: 447K->64K(448K), 0.0016780 secs] 552934K->552679K(1048512K), 0.0017950 secs] [Times: user=0.00 sys=0.00, real=0.01 secs] 
46.985: [GC46.985: [DefNew: 447K->63K(448K), 0.0015650 secs] 553063K->552875K(1048512K), 0.0017080 secs] [Times: user=0.00 sys=0.00, real=0.01 secs] 
46.996: [GC46.996: [DefNew: 447K->63K(448K), 0.0008260 secs] 553259K->552971K(1048512K), 0.0008640 secs] [Times: user=0.00 sys=0.00, real=0.01 secs] 
47.007: [GC47.007: [DefNew: 447K->63K(448K), 0.0006720 secs] 553355K->553062K(1048512K), 0.0007040 secs] [Times: user=0.00 sys=0.00, real=0.00 secs] 
47.017: [GC47.017: [DefNew: 447K->63K(448K), 0.0012460 secs] 553446K->553159K(1048512K), 0.0013150 secs] [Times: user=0.00 sys=0.00, real=0.00 secs] 
47.029: [GC47.029: [DefNew: 447K->63K(448K), 0.0012420 secs] 553543K->553280K(1048512K), 0.0012920 secs] [Times: user=0.00 sys=0.00, real=0.00 secs] 
47.041: [GC47.041: [DefNew: 447K->64K(448K), 0.0014860 secs] 553664K->553395K(1048512K), 0.0015610 secs] [Times: user=0.00 sys=0.00, real=0.00 secs] 
47.052: [GC47.052: [DefNew: 448K->63K(448K), 0.0013650 secs] 553779K->553529K(1048512K), 0.0014270 secs] [Times: user=0.00 sys=0.00, real=0.00 secs] 
47.064: [GC47.064: [DefNew: 447K->64K(448K), 0.0012290 secs] 553913K->553636K(1048512K), 0.0012830 secs] [Times: user=0.00 sys=0.00, real=0.00 secs] 
47.074: [GC47.074: [DefNew: 448K->64K(448K), 0.0012980 secs] 554020K->553771K(1048512K), 0.0013490 secs] [Times: user=0.00 sys=0.00, real=0.00 secs] 
47.085: [GC47.085: [DefNew: 448K->63K(448K), 0.0010250 secs] 554155K->553905K(1048512K), 0.0010850 secs] [Times: user=0.00 sys=0.00, real=0.00 secs] 
47.096: [GC47.096: [DefNew: 447K->63K(448K), 0.0012160 secs] 554289K->554028K(1048512K), 0.0012930 secs] [Times: user=0.00 sys=0.00, real=0.01 secs] 
47.106: [GC47.106: [DefNew: 447K->64K(448K), 0.0015410 secs] 554412K->554169K(1048512K), 0.0016310 secs] [Times: user=0.00 sys=0.00, real=0.00 secs] 
47.119: [GC47.119: [DefNew: 448K->63K(448K), 0.0027020 secs] 554553K->554370K(1048512K), 0.0028790 secs] [Times: user=0.01 sys=0.00, real=0.00 secs] 
47.132: [GC47.132: [DefNew: 447K->64K(448K), 0.0017060 secs] 554754K->554513K(1048512K), 0.0017700 secs] [Times: user=0.00 sys=0.00, real=0.00 secs] 
47.144: [GC47.144: [DefNew: 447K->63K(448K), 0.0007910 secs] 554897K->554627K(1048512K), 0.0008280 secs] [Times: user=0.00 sys=0.00, real=0.00 secs] 
47.152: [GC47.152: [DefNew: 447K->64K(448K), 0.0009960 secs] 555011K->554725K(1048512K), 0.0010490 secs] [Times: user=0.00 sys=0.00, real=0.00 secs] 
47.163: [GC47.163: [DefNew: 447K->63K(448K), 0.0006690 secs] 555109K->554807K(1048512K), 0.0007050 secs] [Times: user=0.00 sys=0.00, real=0.00 secs] 
47.173: [GC47.173: [DefNew: 447K->63K(448K), 0.0006740 secs] 555191K->554892K(1048512K), 0.0007380 secs] [Times: user=0.00 sys=0.00, real=0.00 secs] 
47.184: [GC47.184: [DefNew: 447K->64K(448K), 0.0006550 secs] 555276K->554976K(1048512K), 0.0007300 secs] [Times: user=0.00 sys=0.00, real=0.00 secs] 
47.195: [GC47.195: [DefNew: 448K->64K(448K), 0.0006280 secs] 555360K->555046K(1048512K), 0.0006630 secs] [Times: user=0.00 sys=0.00, real=0.00 secs] 
47.206: [GC47.206: [DefNew: 447K->63K(448K), 0.0006090 secs] 555430K->555121K(1048512K), 0.0006400 secs] [Times: user=0.00 sys=0.00, real=0.01 secs] 
47.216: [GC47.216: [DefNew: 447K->64K(448K), 0.0006550 secs] 555504K->555202K(1048512K), 0.0006970 secs] [Times: user=0.00 sys=0.00, real=0.01 secs] 
47.227: [GC47.227: [DefNew: 447K->64K(448K), 0.0006840 secs] 555586K->555282K(1048512K), 0.0007320 secs] [Times: user=0.00 sys=0.00, real=0.00 secs] 
47.238: [GC47.238: [DefNew: 448K->63K(448K), 0.0011470 secs] 555666K->555361K(1048512K), 0.0012030 secs] [Times: user=0.00 sys=0.00, real=0.00 secs] 
47.249: [GC47.249: [DefNew: 447K->64K(448K), 0.0006510 secs] 555745K->555446K(1048512K), 0.0006930 secs] [Times: user=0.00 sys=0.00, real=0.00 secs] 
47.259: [GC47.259: [DefNew: 448K->64K(448K), 0.0010470 secs] 555830K->555544K(1048512K), 0.0011180 secs] [Times: user=0.00 sys=0.00, real=0.00 secs] 
47.269: [GC47.269: [DefNew: 447K->63K(448K), 0.0012740 secs] 555928K->555659K(1048512K), 0.0013240 secs] [Times: user=0.00 sys=0.00, real=0.00 secs] 
47.281: [GC47.281: [DefNew: 447K->63K(448K), 0.0034670 secs] 556043K->555847K(1048512K), 0.0036760 secs] [Times: user=0.01 sys=0.00, real=0.00 secs] 
47.295: [GC47.295: [DefNew: 447K->63K(448K), 0.0009810 secs] 556231K->556002K(1048512K), 0.0010200 secs] [Times: user=0.00 sys=0.00, real=0.00 secs] 
47.306: [GC47.306: [DefNew: 447K->64K(448K), 0.0007670 secs] 556386K->556095K(1048512K), 0.0008040 secs] [Times: user=0.00 sys=0.00, real=0.01 secs] 
47.316: [GC47.316: [DefNew: 448K->63K(448K), 0.0006740 secs] 556479K->556164K(1048512K), 0.0007080 secs] [Times: user=0.00 sys=0.00, real=0.01 secs] 
47.327: [GC47.327: [DefNew: 447K->63K(448K), 0.0005660 secs] 556548K->556242K(1048512K), 0.0006080 secs] [Times: user=0.00 sys=0.00, real=0.00 secs] 
47.337: [GC47.337: [DefNew: 447K->63K(448K), 0.0006650 secs] 556626K->556309K(1048512K), 0.0007000 secs] [Times: user=0.00 sys=0.00, real=0.00 secs] 
47.348: [GC47.348: [DefNew: 447K->63K(448K), 0.0010090 secs] 556693K->556385K(1048512K), 0.0010620 secs] [Times: user=0.00 sys=0.00, real=0.00 secs] 
47.359: [GC47.359: [DefNew: 447K->63K(448K), 0.0012370 secs] 556769K->556503K(1048512K), 0.0013020 secs] [Times: user=0.00 sys=0.00, real=0.00 secs] 
47.370: [GC47.370: [DefNew: 447K->63K(448K), 0.0012770 secs] 556887K->556628K(1048512K), 0.0013290 secs] [Times: user=0.00 sys=0.00, real=0.00 secs] 
47.381: [GC47.381: [DefNew: 447K->64K(448K), 0.0012650 secs] 557012K->556754K(1048512K), 0.0013370 secs] [Times: user=0.00 sys=0.00, real=0.00 secs] 
47.393: [GC47.393: [DefNew: 448K->63K(448K), 0.0012630 secs] 557138K->556879K(1048512K), 0.0013140 secs] [Times: user=0.00 sys=0.00, real=0.00 secs] 
47.404: [GC47.404: [DefNew: 447K->63K(448K), 0.0014160 secs] 557263K->557006K(1048512K), 0.0014720 secs] [Times: user=0.00 sys=0.00, real=0.00 secs] 
47.416: [GC47.416: [DefNew: 447K->64K(448K), 0.0013250 secs] 557390K->557123K(1048512K), 0.0013860 secs] [Times: user=0.00 sys=0.00, real=0.01 secs] 
47.428: [GC47.428: [DefNew: 448K->63K(448K), 0.0012590 secs] 557507K->557252K(1048512K), 0.0013160 secs] [Times: user=0.01 sys=0.00, real=0.00 secs] 
47.439: [GC47.439: [DefNew: 447K->63K(448K), 0.0012770 secs] 557636K->557362K(1048512K), 0.0013370 secs] [Times: user=0.00 sys=0.00, real=0.00 secs] 
47.450: [GC47.450: [DefNew: 447K->63K(448K), 0.0012910 secs] 557745K->557486K(1048512K), 0.0013390 secs] [Times: user=0.00 sys=0.00, real=0.00 secs] 
47.462: [GC47.462: [DefNew: 447K->63K(448K), 0.0012850 secs] 557870K->557621K(1048512K), 0.0013500 secs] [Times: user=0.00 sys=0.00, real=0.00 secs] 
47.473: [GC47.473: [DefNew: 447K->64K(448K), 0.0012940 secs] 558005K->557737K(1048512K), 0.0013470 secs] [Times: user=0.00 sys=0.01, real=0.00 secs] 
47.484: [GC47.484: [DefNew: 448K->63K(448K), 0.0012950 secs] 558121K->557853K(1048512K), 0.0013440 secs] [Times: user=0.00 sys=0.00, real=0.00 secs] 
47.496: [GC47.496: [DefNew: 447K->64K(448K), 0.0012430 secs] 558237K->557982K(1048512K), 0.0012960 secs] [Times: user=0.01 sys=0.00, real=0.01 secs] 
47.508: [GC47.508: [DefNew: 447K->63K(448K), 0.0012490 secs] 558366K->558106K(1048512K), 0.0013020 secs] [Times: user=0.00 sys=0.00, real=0.00 secs] 
47.519: [GC47.519: [DefNew: 447K->63K(448K), 0.0012720 secs] 558490K->558223K(1048512K), 0.0013340 secs] [Times: user=0.00 sys=0.00, real=0.00 secs] 
47.531: [GC47.531: [DefNew: 447K->63K(448K), 0.0013640 secs] 558607K->558360K(1048512K), 0.0014140 secs] [Times: user=0.00 sys=0.00, real=0.00 secs] 
47.541: [GC47.541: [DefNew: 447K->64K(448K), 0.0013960 secs] 558744K->558488K(1048512K), 0.0014690 secs] [Times: user=0.00 sys=0.00, real=0.00 secs] 
47.553: [GC47.553: [DefNew: 448K->63K(448K), 0.0012940 secs] 558872K->558611K(1048512K), 0.0013480 secs] [Times: user=0.01 sys=0.00, real=0.00 secs] 
47.565: [GC47.565: [DefNew: 447K->63K(448K), 0.0013470 secs] 558995K->558733K(1048512K), 0.0014000 secs] [Times: user=0.00 sys=0.00, real=0.00 secs] 
47.576: [GC47.576: [DefNew: 447K->63K(448K), 0.0013470 secs] 559117K->558861K(1048512K), 0.0013980 secs] [Times: user=0.00 sys=0.00, real=0.01 secs] 
47.587: [GC47.587: [DefNew: 447K->63K(448K), 0.0019250 secs] 559245K->558988K(1048512K), 0.0019840 secs] [Times: user=0.00 sys=0.00, real=0.00 secs] 
47.599: [GC47.599: [DefNew: 447K->63K(448K), 0.0019380 secs] 559372K->559194K(1048512K), 0.0020360 secs] [Times: user=0.00 sys=0.00, real=0.00 secs] 
47.610: [GC47.610: [DefNew: 447K->64K(448K), 0.0016720 secs] 559578K->559340K(1048512K), 0.0017310 secs] [Times: user=0.01 sys=0.00, real=0.00 secs] 
47.621: [GC47.621: [DefNew: 448K->64K(448K), 0.0014340 secs] 559724K->559463K(1048512K), 0.0014880 secs] [Times: user=0.00 sys=0.00, real=0.00 secs] 
47.633: [GC47.633: [DefNew: 448K->63K(448K), 0.0012340 secs] 559847K->559586K(1048512K), 0.0012880 secs] [Times: user=0.00 sys=0.00, real=0.00 secs] 
47.644: [GC47.644: [DefNew: 447K->64K(448K), 0.0013470 secs] 559970K->559705K(1048512K), 0.0013980 secs] [Times: user=0.00 sys=0.00, real=0.00 secs] 
47.656: [GC47.656: [DefNew: 448K->64K(448K), 0.0016180 secs] 560089K->559879K(1048512K), 0.0016750 secs] [Times: user=0.00 sys=0.00, real=0.01 secs] 
47.668: [GC47.668: [DefNew: 448K->64K(448K), 0.0015000 secs] 560263K->559993K(1048512K), 0.0015540 secs] [Times: user=0.01 sys=0.00, real=0.00 secs] 
47.679: [GC47.680: [DefNew: 448K->63K(448K), 0.0014000 secs] 560377K->560131K(1048512K), 0.0014510 secs] [Times: user=0.00 sys=0.00, real=0.00 secs] 
47.691: [GC47.691: [DefNew: 447K->64K(448K), 0.0014020 secs] 560514K->560245K(1048512K), 0.0014710 secs] [Times: user=0.00 sys=0.00, real=0.00 secs] 
47.702: [GC47.702: [DefNew: 448K->63K(448K), 0.0013300 secs] 560629K->560379K(1048512K), 0.0013940 secs] [Times: user=0.00 sys=0.00, real=0.00 secs] 
47.713: [GC47.713: [DefNew: 447K->63K(448K), 0.0013180 secs] 560763K->560500K(1048512K), 0.0013710 secs] [Times: user=0.00 sys=0.00, real=0.00 secs] 
47.725: [GC47.725: [DefNew: 447K->63K(448K), 0.0014360 secs] 560884K->560625K(1048512K), 0.0014920 secs] [Times: user=0.00 sys=0.00, real=0.01 secs] 
47.737: [GC47.737: [DefNew: 447K->64K(448K), 0.0013090 secs] 561009K->560738K(1048512K), 0.0013580 secs] [Times: user=0.00 sys=0.00, real=0.00 secs] 
47.749: [GC47.749: [DefNew: 447K->63K(448K), 0.0013650 secs] 561122K->560863K(1048512K), 0.0014190 secs] [Times: user=0.00 sys=0.00, real=0.00 secs] 
47.760: [GC47.760: [DefNew: 447K->63K(448K), 0.0013480 secs] 561247K->560966K(1048512K), 0.0014180 secs] [Times: user=0.00 sys=0.00, real=0.00 secs] 
47.772: [GC47.772: [DefNew: 447K->63K(448K), 0.0014590 secs] 561350K->561119K(1048512K), 0.0015210 secs] [Times: user=0.00 sys=0.00, real=0.00 secs] 
47.784: [GC47.784: [DefNew: 447K->64K(448K), 0.0013030 secs] 561503K->561224K(1048512K), 0.0013570 secs] [Times: user=0.00 sys=0.00, real=0.00 secs] 
47.795: [GC47.795: [DefNew: 448K->63K(448K), 0.0013220 secs] 561608K->561352K(1048512K), 0.0013720 secs] [Times: user=0.01 sys=0.00, real=0.00 secs] 
47.806: [GC47.806: [DefNew: 447K->63K(448K), 0.0014340 secs] 561736K->561503K(1048512K), 0.0014950 secs] [Times: user=0.00 sys=0.00, real=0.01 secs] 
47.818: [GC47.818: [DefNew: 447K->63K(448K), 0.0014420 secs] 561887K->561627K(1048512K), 0.0014950 secs] [Times: user=0.00 sys=0.00, real=0.00 secs] 
47.829: [GC47.829: [DefNew: 447K->63K(448K), 0.0014000 secs] 562010K->561757K(1048512K), 0.0014640 secs] [Times: user=0.00 sys=0.00, real=0.00 secs] 
47.841: [GC47.841: [DefNew: 447K->63K(448K), 0.0012150 secs] 562141K->561864K(1048512K), 0.0012700 secs] [Times: user=0.00 sys=0.00, real=0.00 secs] 
47.853: [GC47.853: [DefNew: 447K->64K(448K), 0.0015140 secs] 562248K->561992K(1048512K), 0.0015860 secs] [Times: user=0.00 sys=0.00, real=0.00 secs] 
47.864: [GC47.865: [DefNew: 448K->63K(448K), 0.0007490 secs] 562376K->562079K(1048512K), 0.0007840 secs] [Times: user=0.00 sys=0.00, real=0.00 secs] 
47.875: [GC47.875: [DefNew: 447K->63K(448K), 0.0011610 secs] 562463K->562174K(1048512K), 0.0012140 secs] [Times: user=0.00 sys=0.00, real=0.01 secs] 
47.885: [GC47.885: [DefNew: 447K->63K(448K), 0.0014360 secs] 562558K->562305K(1048512K), 0.0015070 secs] [Times: user=0.00 sys=0.00, real=0.01 secs] 
47.897: [GC47.897: [DefNew: 447K->63K(448K), 0.0022610 secs] 562689K->562472K(1048512K), 0.0024450 secs] [Times: user=0.00 sys=0.00, real=0.00 secs] 
47.910: [GC47.910: [DefNew: 447K->64K(448K), 0.0015600 secs] 562856K->562637K(1048512K), 0.0016410 secs] [Times: user=0.00 sys=0.00, real=0.00 secs] 
47.921: [GC47.921: [DefNew: 447K->64K(448K), 0.0007860 secs] 563021K->562717K(1048512K), 0.0008200 secs] [Times: user=0.00 sys=0.00, real=0.00 secs] 
47.932: [GC47.932: [DefNew: 448K->64K(448K), 0.0005960 secs] 563101K->562792K(1048512K), 0.0006430 secs] [Times: user=0.00 sys=0.00, real=0.00 secs] 
47.942: [GC47.942: [DefNew: 448K->63K(448K), 0.0010890 secs] 563176K->562896K(1048512K), 0.0011450 secs] [Times: user=0.00 sys=0.00, real=0.00 secs] 
47.954: [GC47.954: [DefNew: 447K->64K(448K), 0.0012190 secs] 563280K->563009K(1048512K), 0.0012690 secs] [Times: user=0.00 sys=0.00, real=0.00 secs] 
47.965: [GC47.965: [DefNew: 447K->63K(448K), 0.0014990 secs] 563392K->563139K(1048512K), 0.0015630 secs] [Times: user=0.00 sys=0.00, real=0.00 secs] 
47.975: [GC47.975: [DefNew: 447K->63K(448K), 0.0014280 secs] 563523K->563261K(1048512K), 0.0014810 secs] [Times: user=0.00 sys=0.00, real=0.01 secs] 
47.987: [GC47.987: [DefNew: 447K->63K(448K), 0.0014330 secs] 563645K->563393K(1048512K), 0.0014900 secs] [Times: user=0.01 sys=0.00, real=0.00 secs] 
47.998: [GC47.998: [DefNew: 447K->63K(448K), 0.0013860 secs] 563777K->563523K(1048512K), 0.0014370 secs] [Times: user=0.00 sys=0.00, real=0.00 secs] 
48.010: [GC48.010: [DefNew: 447K->64K(448K), 0.0013350 secs] 563907K->563653K(1048512K), 0.0013990 secs] [Times: user=0.00 sys=0.00, real=0.00 secs] 
48.021: [GC48.021: [DefNew: 448K->63K(448K), 0.0013210 secs] 564037K->563772K(1048512K), 0.0013860 secs] [Times: user=0.00 sys=0.00, real=0.00 secs] 
48.033: [GC48.033: [DefNew: 447K->64K(448K), 0.0012540 secs] 564156K->563901K(1048512K), 0.0013060 secs] [Times: user=0.00 sys=0.01, real=0.00 secs] 
48.044: [GC48.044: [DefNew: 448K->64K(448K), 0.0013190 secs] 564285K->564010K(1048512K), 0.0013810 secs] [Times: user=0.00 sys=0.00, real=0.00 secs] 
48.054: [GC48.054: [DefNew: 448K->63K(448K), 0.0012570 secs] 564394K->564149K(1048512K), 0.0013120 secs] [Times: user=0.00 sys=0.00, real=0.00 secs] 
48.066: [GC48.066: [DefNew: 447K->63K(448K), 0.0015160 secs] 564533K->564282K(1048512K), 0.0015750 secs] [Times: user=0.00 sys=0.00, real=0.01 secs] 
48.078: [GC48.078: [DefNew: 447K->64K(448K), 0.0014320 secs] 564666K->564417K(1048512K), 0.0014830 secs] [Times: user=0.00 sys=0.00, real=0.00 secs] 
48.089: [GC48.089: [DefNew: 448K->63K(448K), 0.0011440 secs] 564801K->564542K(1048512K), 0.0012620 secs] [Times: user=0.00 sys=0.00, real=0.00 secs] 
48.099: [GC48.099: [DefNew: 447K->63K(448K), 0.0020310 secs] 564926K->564722K(1048512K), 0.0021460 secs] [Times: user=0.00 sys=0.00, real=0.00 secs] 
48.112: [GC48.112: [DefNew: 447K->63K(448K), 0.0026350 secs] 565106K->564941K(1048512K), 0.0027940 secs] [Times: user=0.00 sys=0.00, real=0.00 secs] 
48.123: [GC48.123: [DefNew: 447K->64K(448K), 0.0036260 secs] 565325K->565098K(1048512K), 0.0037860 secs] [Times: user=0.00 sys=0.00, real=0.01 secs] 
48.136: [GC48.136: [DefNew: 448K->63K(448K), 0.0013170 secs] 565482K->565272K(1048512K), 0.0014010 secs] [Times: user=0.00 sys=0.00, real=0.01 secs] 
48.147: [GC48.147: [DefNew: 447K->63K(448K), 0.0051290 secs] 565656K->565446K(1048512K), 0.0052410 secs] [Times: user=0.01 sys=0.00, real=0.00 secs] 
48.163: [GC48.163: [DefNew: 447K->63K(448K), 0.0015180 secs] 565830K->565639K(1048512K), 0.0016050 secs] [Times: user=0.00 sys=0.00, real=0.00 secs] 
48.174: [GC48.174: [DefNew: 447K->63K(448K), 0.0009450 secs] 566023K->565740K(1048512K), 0.0009830 secs] [Times: user=0.00 sys=0.00, real=0.00 secs] 
48.185: [GC48.185: [DefNew: 447K->64K(448K), 0.0006290 secs] 566124K->565817K(1048512K), 0.0006640 secs] [Times: user=0.00 sys=0.00, real=0.00 secs] 
48.195: [GC48.195: [DefNew: 448K->64K(448K), 0.0006710 secs] 566201K->565898K(1048512K), 0.0007180 secs] [Times: user=0.00 sys=0.00, real=0.00 secs] 
48.206: [GC48.206: [DefNew: 448K->63K(448K), 0.0007100 secs] 566282K->565980K(1048512K), 0.0007480 secs] [Times: user=0.00 sys=0.00, real=0.01 secs] 
48.215: [GC48.215: [DefNew: 447K->64K(448K), 0.0006020 secs] 566364K->566058K(1048512K), 0.0006400 secs] [Times: user=0.00 sys=0.00, real=0.00 secs] 
48.226: [GC48.226: [DefNew: 448K->64K(448K), 0.0006090 secs] 566442K->566135K(1048512K), 0.0006450 secs] [Times: user=0.00 sys=0.00, real=0.01 secs] 
48.236: [GC48.236: [DefNew: 448K->63K(448K), 0.0006440 secs] 566519K->566212K(1048512K), 0.0006850 secs] [Times: user=0.00 sys=0.00, real=0.00 secs] 
48.247: [GC48.247: [DefNew: 447K->63K(448K), 0.0006550 secs] 566596K->566297K(1048512K), 0.0006890 secs] [Times: user=0.00 sys=0.00, real=0.00 secs] 
48.258: [GC48.258: [DefNew: 447K->64K(448K), 0.0006460 secs] 566681K->566374K(1048512K), 0.0006790 secs] [Times: user=0.00 sys=0.00, real=0.00 secs] 
48.268: [GC48.268: [DefNew: 447K->64K(448K), 0.0011160 secs] 566758K->566488K(1048512K), 0.0011890 secs] [Times: user=0.00 sys=0.00, real=0.00 secs] 
48.279: [GC48.279: [DefNew: 447K->64K(448K), 0.0012850 secs] 566872K->566604K(1048512K), 0.0013380 secs] [Times: user=0.00 sys=0.00, real=0.00 secs] 
48.290: [GC48.290: [DefNew: 448K->64K(448K), 0.0008190 secs] 566988K->566718K(1048512K), 0.0008630 secs] [Times: user=0.00 sys=0.01, real=0.00 secs] 
48.300: [GC48.300: [DefNew: 447K->64K(448K), 0.0007730 secs] 567101K->566801K(1048512K), 0.0008340 secs] [Times: user=0.00 sys=0.00, real=0.00 secs] 
48.309: [GC48.309: [DefNew: 448K->63K(448K), 0.0012520 secs] 567185K->566991K(1048512K), 0.0013150 secs] [Times: user=0.00 sys=0.00, real=0.00 secs] 
48.320: [GC48.320: [DefNew: 447K->63K(448K), 0.0013330 secs] 567375K->567098K(1048512K), 0.0014220 secs] [Times: user=0.00 sys=0.00, real=0.00 secs] 
48.331: [GC48.331: [DefNew: 447K->63K(448K), 0.0010860 secs] 567482K->567192K(1048512K), 0.0011540 secs] [Times: user=0.00 sys=0.00, real=0.00 secs] 
48.342: [GC48.342: [DefNew: 447K->63K(448K), 0.0011570 secs] 567576K->567296K(1048512K), 0.0012150 secs] [Times: user=0.00 sys=0.00, real=0.00 secs] 
48.353: [GC48.354: [DefNew: 447K->63K(448K), 0.0012800 secs] 567680K->567433K(1048512K), 0.0013440 secs] [Times: user=0.00 sys=0.00, real=0.00 secs] 
48.364: [GC48.364: [DefNew: 447K->63K(448K), 0.0012630 secs] 567817K->567553K(1048512K), 0.0013100 secs] [Times: user=0.00 sys=0.00, real=0.00 secs] 
48.376: [GC48.376: [DefNew: 447K->63K(448K), 0.0013210 secs] 567937K->567676K(1048512K), 0.0013710 secs] [Times: user=0.00 sys=0.00, real=0.01 secs] 
48.386: [GC48.386: [DefNew: 447K->63K(448K), 0.0013890 secs] 568060K->567805K(1048512K), 0.0014430 secs] [Times: user=0.00 sys=0.00, real=0.01 secs] 
48.397: [GC48.397: [DefNew: 447K->64K(448K), 0.0013260 secs] 568189K->567922K(1048512K), 0.0013770 secs] [Times: user=0.00 sys=0.00, real=0.00 secs] 
48.409: [GC48.409: [DefNew: 448K->64K(448K), 0.0013750 secs] 568306K->568055K(1048512K), 0.0014310 secs] [Times: user=0.00 sys=0.00, real=0.00 secs] 
48.420: [GC48.420: [DefNew: 448K->63K(448K), 0.0012380 secs] 568439K->568170K(1048512K), 0.0012880 secs] [Times: user=0.00 sys=0.00, real=0.00 secs] 
48.431: [GC48.432: [DefNew: 447K->63K(448K), 0.0012500 secs] 568554K->568285K(1048512K), 0.0013050 secs] [Times: user=0.01 sys=0.00, real=0.00 secs] 
48.443: [GC48.443: [DefNew: 447K->63K(448K), 0.0012860 secs] 568669K->568398K(1048512K), 0.0013470 secs] [Times: user=0.00 sys=0.00, real=0.00 secs] 
48.454: [GC48.454: [DefNew: 447K->63K(448K), 0.0013240 secs] 568782K->568532K(1048512K), 0.0013740 secs] [Times: user=0.00 sys=0.00, real=0.00 secs] 
48.465: [GC48.465: [DefNew: 447K->64K(448K), 0.0012340 secs] 568916K->568643K(1048512K), 0.0012840 secs] [Times: user=0.00 sys=0.00, real=0.01 secs] 
48.475: [GC48.476: [DefNew: 448K->63K(448K), 0.0013060 secs] 569027K->568782K(1048512K), 0.0013570 secs] [Times: user=0.00 sys=0.00, real=0.01 secs] 
48.487: [GC48.487: [DefNew: 447K->63K(448K), 0.0013990 secs] 569166K->568905K(1048512K), 0.0014490 secs] [Times: user=0.00 sys=0.00, real=0.00 secs] 
48.499: [GC48.499: [DefNew: 447K->64K(448K), 0.0014290 secs] 569289K->569038K(1048512K), 0.0015300 secs] [Times: user=0.00 sys=0.00, real=0.00 secs] 
48.510: [GC48.510: [DefNew: 448K->63K(448K), 0.0026870 secs] 569422K->569245K(1048512K), 0.0028310 secs] [Times: user=0.00 sys=0.00, real=0.00 secs] 
48.523: [GC48.523: [DefNew: 447K->63K(448K), 0.0013240 secs] 569629K->569365K(1048512K), 0.0013950 secs] [Times: user=0.00 sys=0.00, real=0.00 secs] 
48.534: [GC48.534: [DefNew: 447K->64K(448K), 0.0007770 secs] 569749K->569448K(1048512K), 0.0008140 secs] [Times: user=0.00 sys=0.00, real=0.00 secs] 
48.545: [GC48.545: [DefNew: 448K->64K(448K), 0.0006820 secs] 569832K->569531K(1048512K), 0.0007170 secs] [Times: user=0.00 sys=0.00, real=0.00 secs] 
48.555: [GC48.555: [DefNew: 448K->63K(448K), 0.0006490 secs] 569915K->569609K(1048512K), 0.0006940 secs] [Times: user=0.01 sys=0.00, real=0.00 secs] 
48.565: [GC48.565: [DefNew: 447K->63K(448K), 0.0006160 secs] 569993K->569696K(1048512K), 0.0006480 secs] [Times: user=0.00 sys=0.00, real=0.00 secs] 
48.575: [GC48.575: [DefNew: 447K->63K(448K), 0.0006600 secs] 570080K->569778K(1048512K), 0.0006930 secs] [Times: user=0.00 sys=0.00, real=0.00 secs] 
48.586: [GC48.586: [DefNew: 447K->63K(448K), 0.0013330 secs] 570162K->569898K(1048512K), 0.0014010 secs] [Times: user=0.00 sys=0.00, real=0.01 secs] 
48.597: [GC48.598: [DefNew: 447K->63K(448K), 0.0013610 secs] 570282K->570027K(1048512K), 0.0014100 secs] [Times: user=0.00 sys=0.00, real=0.00 secs] 
48.609: [GC48.609: [DefNew: 447K->63K(448K), 0.0014640 secs] 570410K->570152K(1048512K), 0.0015290 secs] [Times: user=0.00 sys=0.00, real=0.00 secs] 
48.621: [GC48.621: [DefNew: 447K->64K(448K), 0.0013310 secs] 570536K->570269K(1048512K), 0.0013820 secs] [Times: user=0.00 sys=0.00, real=0.00 secs] 
48.633: [GC48.633: [DefNew: 448K->64K(448K), 0.0013880 secs] 570653K->570411K(1048512K), 0.0014390 secs] [Times: user=0.00 sys=0.00, real=0.00 secs] 
48.645: [GC48.645: [DefNew: 448K->64K(448K), 0.0013370 secs] 570795K->570525K(1048512K), 0.0013870 secs] [Times: user=0.00 sys=0.00, real=0.00 secs] 
48.656: [GC48.656: [DefNew: 448K->64K(448K), 0.0012480 secs] 570909K->570656K(1048512K), 0.0012990 secs] [Times: user=0.00 sys=0.00, real=0.00 secs] 
48.666: [GC48.666: [DefNew: 448K->63K(448K), 0.0013120 secs] 571040K->570765K(1048512K), 0.0013750 secs] [Times: user=0.00 sys=0.00, real=0.01 secs] 
48.678: [GC48.678: [DefNew: 447K->63K(448K), 0.0013290 secs] 571149K->570894K(1048512K), 0.0013790 secs] [Times: user=0.00 sys=0.00, real=0.00 secs] 
48.690: [GC48.690: [DefNew: 447K->64K(448K), 0.0014310 secs] 571278K->571016K(1048512K), 0.0014920 secs] [Times: user=0.01 sys=0.00, real=0.00 secs] 
48.701: [GC48.701: [DefNew: 448K->63K(448K), 0.0013540 secs] 571400K->571154K(1048512K), 0.0014440 secs] [Times: user=0.00 sys=0.00, real=0.00 secs] 
48.713: [GC48.713: [DefNew: 447K->63K(448K), 0.0016760 secs] 571537K->571267K(1048512K), 0.0017880 secs] [Times: user=0.00 sys=0.00, real=0.00 secs] 
48.725: [GC48.725: [DefNew: 447K->63K(448K), 0.0011420 secs] 571651K->571509K(1048512K), 0.0011840 secs] [Times: user=0.00 sys=0.00, real=0.00 secs] 
48.734: [GC48.734: [DefNew: 447K->63K(448K), 0.0018190 secs] 571893K->571601K(1048512K), 0.0018870 secs] [Times: user=0.00 sys=0.00, real=0.00 secs] 
48.746: [GC48.746: [DefNew: 447K->63K(448K), 0.0007490 secs] 571985K->571689K(1048512K), 0.0007930 secs] [Times: user=0.00 sys=0.00, real=0.01 secs] 
48.757: [GC48.757: [DefNew: 447K->63K(448K), 0.0012920 secs] 572073K->571798K(1048512K), 0.0013480 secs] [Times: user=0.00 sys=0.00, real=0.00 secs] 
48.768: [GC48.768: [DefNew: 447K->64K(448K), 0.0013520 secs] 572182K->571914K(1048512K), 0.0014050 secs] [Times: user=0.00 sys=0.00, real=0.00 secs] 
48.780: [GC48.780: [DefNew: 448K->63K(448K), 0.0013420 secs] 572298K->572038K(1048512K), 0.0013970 secs] [Times: user=0.00 sys=0.00, real=0.00 secs] 
48.791: [GC48.791: [DefNew: 447K->64K(448K), 0.0013320 secs] 572422K->572155K(1048512K), 0.0013850 secs] [Times: user=0.00 sys=0.00, real=0.00 secs] 
48.803: [GC48.803: [DefNew: 448K->64K(448K), 0.0014340 secs] 572539K->572286K(1048512K), 0.0014870 secs] [Times: user=0.00 sys=0.00, real=0.00 secs] 
48.815: [GC48.815: [DefNew: 448K->63K(448K), 0.0012640 secs] 572670K->572406K(1048512K), 0.0013160 secs] [Times: user=0.01 sys=0.00, real=0.00 secs] 
48.826: [GC48.826: [DefNew: 447K->64K(448K), 0.0012980 secs] 572790K->572551K(1048512K), 0.0013510 secs] [Times: user=0.00 sys=0.00, real=0.01 secs] 
48.836: [GC48.836: [DefNew: 448K->64K(448K), 0.0013790 secs] 572935K->572670K(1048512K), 0.0014300 secs] [Times: user=0.00 sys=0.00, real=0.01 secs] 
48.848: [GC48.848: [DefNew: 448K->64K(448K), 0.0012700 secs] 573054K->572801K(1048512K), 0.0013220 secs] [Times: user=0.00 sys=0.00, real=0.00 secs] 
48.859: [GC48.859: [DefNew: 448K->64K(448K), 0.0012970 secs] 573185K->572924K(1048512K), 0.0013510 secs] [Times: user=0.00 sys=0.00, real=0.00 secs] 
48.871: [GC48.871: [DefNew: 448K->63K(448K), 0.0012600 secs] 573308K->573050K(1048512K), 0.0013230 secs] [Times: user=0.00 sys=0.00, real=0.00 secs] 
48.883: [GC48.883: [DefNew: 447K->63K(448K), 0.0013240 secs] 573434K->573169K(1048512K), 0.0013760 secs] [Times: user=0.00 sys=0.00, real=0.00 secs] 
48.894: [GC48.894: [DefNew: 447K->63K(448K), 0.0014070 secs] 573553K->573301K(1048512K), 0.0014590 secs] [Times: user=0.00 sys=0.00, real=0.00 secs] 
48.906: [GC48.906: [DefNew: 447K->63K(448K), 0.0013370 secs] 573684K->573422K(1048512K), 0.0014020 secs] [Times: user=0.00 sys=0.00, real=0.01 secs] 
48.917: [GC48.917: [DefNew: 447K->63K(448K), 0.0014230 secs] 573806K->573553K(1048512K), 0.0014950 secs] [Times: user=0.00 sys=0.00, real=0.00 secs] 
48.928: [GC48.928: [DefNew: 447K->64K(448K), 0.0016050 secs] 573937K->573753K(1048512K), 0.0016910 secs] [Times: user=0.00 sys=0.00, real=0.00 secs] 
48.939: [GC48.939: [DefNew: 448K->63K(448K), 0.0013470 secs] 574137K->573878K(1048512K), 0.0014070 secs] [Times: user=0.01 sys=0.00, real=0.00 secs] 
48.951: [GC48.951: [DefNew: 447K->63K(448K), 0.0007330 secs] 574262K->573953K(1048512K), 0.0007790 secs] [Times: user=0.00 sys=0.00, real=0.00 secs] 
48.961: [GC48.961: [DefNew: 447K->64K(448K), 0.0006250 secs] 574337K->574035K(1048512K), 0.0006620 secs] [Times: user=0.00 sys=0.00, real=0.00 secs] 
48.972: [GC48.972: [DefNew: 448K->63K(448K), 0.0006090 secs] 574419K->574114K(1048512K), 0.0006460 secs] [Times: user=0.00 sys=0.00, real=0.00 secs] 
48.983: [GC48.983: [DefNew: 447K->63K(448K), 0.0010970 secs] 574498K->574204K(1048512K), 0.0011470 secs] [Times: user=0.00 sys=0.00, real=0.00 secs] 
48.994: [GC48.994: [DefNew: 447K->64K(448K), 0.0013790 secs] 574588K->574354K(1048512K), 0.0014300 secs] [Times: user=0.00 sys=0.00, real=0.00 secs] 
49.005: [GC49.005: [DefNew: 448K->63K(448K), 0.0013670 secs] 574738K->574484K(1048512K), 0.0014200 secs] [Times: user=0.00 sys=0.00, real=0.00 secs] 
49.016: [GC49.016: [DefNew: 447K->64K(448K), 0.0008030 secs] 574868K->574566K(1048512K), 0.0008520 secs] [Times: user=0.01 sys=0.00, real=0.01 secs] 
49.027: [GC49.027: [DefNew: 448K->63K(448K), 0.0006230 secs] 574950K->574652K(1048512K), 0.0006560 secs] [Times: user=0.00 sys=0.00, real=0.00 secs] 
49.038: [GC49.038: [DefNew: 447K->63K(448K), 0.0005980 secs] 575035K->574725K(1048512K), 0.0006340 secs] [Times: user=0.00 sys=0.00, real=0.00 secs] 
49.049: [GC49.049: [DefNew: 447K->64K(448K), 0.0006380 secs] 575109K->574804K(1048512K), 0.0006790 secs] [Times: user=0.00 sys=0.00, real=0.00 secs] 
49.060: [GC49.060: [DefNew: 448K->64K(448K), 0.0006830 secs] 575188K->574887K(1048512K), 0.0007410 secs] [Times: user=0.00 sys=0.00, real=0.00 secs] 
49.070: [GC49.070: [DefNew: 447K->63K(448K), 0.0006720 secs] 575271K->574971K(1048512K), 0.0007050 secs] [Times: user=0.00 sys=0.00, real=0.00 secs] 
49.081: [GC49.081: [DefNew: 447K->64K(448K), 0.0006650 secs] 575355K->575045K(1048512K), 0.0007060 secs] [Times: user=0.00 sys=0.00, real=0.00 secs] 
49.090: [GC49.090: [DefNew: 448K->63K(448K), 0.0007330 secs] 575429K->575137K(1048512K), 0.0007850 secs] [Times: user=0.00 sys=0.00, real=0.00 secs] 
49.100: [GC49.100: [DefNew: 447K->63K(448K), 0.0009610 secs] 575521K->575300K(1048512K), 0.0010250 secs] [Times: user=0.00 sys=0.00, real=0.00 secs] 
49.111: [GC49.111: [DefNew: 447K->63K(448K), 0.0019070 secs] 575684K->575477K(1048512K), 0.0020180 secs] [Times: user=0.00 sys=0.00, real=0.00 secs] 
49.123: [GC49.123: [DefNew: 447K->63K(448K), 0.0025400 secs] 575861K->575677K(1048512K), 0.0030430 secs] [Times: user=0.00 sys=0.00, real=0.00 secs] 
49.138: [GC49.138: [DefNew: 447K->63K(448K), 0.0039790 secs] 576061K->575972K(1048512K), 0.0041360 secs] [Times: user=0.01 sys=0.00, real=0.00 secs] 
49.150: [GC49.151: [DefNew: 447K->63K(448K), 0.0040590 secs] 576356K->576196K(1048512K), 0.0042770 secs] [Times: user=0.00 sys=0.00, real=0.00 secs] 
49.164: [GC49.164: [DefNew: 447K->63K(448K), 0.0010870 secs] 576580K->576345K(1048512K), 0.0011230 secs] [Times: user=0.00 sys=0.00, real=0.00 secs] 
49.175: [GC49.175: [DefNew: 447K->64K(448K), 0.0007870 secs] 576728K->576431K(1048512K), 0.0008210 secs] [Times: user=0.00 sys=0.00, real=0.00 secs] 
49.186: [GC49.186: [DefNew: 448K->63K(448K), 0.0011200 secs] 576815K->576512K(1048512K), 0.0011730 secs] [Times: user=0.00 sys=0.00, real=0.01 secs] 
49.197: [GC49.197: [DefNew: 447K->63K(448K), 0.0013480 secs] 576896K->576645K(1048512K), 0.0014090 secs] [Times: user=0.00 sys=0.00, real=0.00 secs] 
49.208: [GC49.208: [DefNew: 447K->64K(448K), 0.0012970 secs] 577029K->576767K(1048512K), 0.0013530 secs] [Times: user=0.00 sys=0.00, real=0.00 secs] 
49.219: [GC49.219: [DefNew: 448K->64K(448K), 0.0014400 secs] 577151K->576902K(1048512K), 0.0014940 secs] [Times: user=0.00 sys=0.00, real=0.00 secs] 
49.230: [GC49.230: [DefNew: 448K->63K(448K), 0.0014890 secs] 577286K->577034K(1048512K), 0.0015420 secs] [Times: user=0.00 sys=0.00, real=0.00 secs] 
49.242: [GC49.242: [DefNew: 447K->63K(448K), 0.0014010 secs] 577418K->577173K(1048512K), 0.0014650 secs] [Times: user=0.00 sys=0.00, real=0.00 secs] 
49.254: [GC49.254: [DefNew: 447K->64K(448K), 0.0012620 secs] 577557K->577288K(1048512K), 0.0013140 secs] [Times: user=0.01 sys=0.00, real=0.00 secs] 
49.265: [GC49.265: [DefNew: 448K->63K(448K), 0.0013500 secs] 577672K->577419K(1048512K), 0.0014130 secs] [Times: user=0.00 sys=0.00, real=0.01 secs] 
49.277: [GC49.277: [DefNew: 447K->63K(448K), 0.0013370 secs] 577803K->577536K(1048512K), 0.0013880 secs] [Times: user=0.00 sys=0.00, real=0.00 secs] 
49.287: [GC49.287: [DefNew: 447K->63K(448K), 0.0017680 secs] 577920K->577677K(1048512K), 0.0018820 secs] [Times: user=0.00 sys=0.00, real=0.00 secs] 
49.298: [GC49.298: [DefNew: 447K->63K(448K), 0.0007120 secs] 578061K->577768K(1048512K), 0.0007510 secs] [Times: user=0.00 sys=0.00, real=0.00 secs] 
49.308: [GC49.308: [DefNew: 447K->63K(448K), 0.0007350 secs] 578151K->577859K(1048512K), 0.0007770 secs] [Times: user=0.00 sys=0.00, real=0.00 secs] 
49.318: [GC49.318: [DefNew: 447K->64K(448K), 0.0006020 secs] 578243K->577932K(1048512K), 0.0006400 secs] [Times: user=0.00 sys=0.00, real=0.00 secs] 
49.328: [GC49.328: [DefNew: 448K->63K(448K), 0.0006190 secs] 578316K->578010K(1048512K), 0.0006540 secs] [Times: user=0.00 sys=0.00, real=0.00 secs] 
49.339: [GC49.339: [DefNew: 447K->64K(448K), 0.0022950 secs] 578394K->578130K(1048512K), 0.0024370 secs] [Times: user=0.00 sys=0.00, real=0.00 secs] 
49.351: [GC49.351: [DefNew: 448K->63K(448K), 0.0014960 secs] 578514K->578261K(1048512K), 0.0015660 secs] [Times: user=0.00 sys=0.00, real=0.00 secs] 
49.362: [GC49.362: [DefNew: 447K->63K(448K), 0.0008050 secs] 578645K->578359K(1048512K), 0.0008470 secs] [Times: user=0.00 sys=0.00, real=0.00 secs] 
49.373: [GC49.373: [DefNew: 447K->64K(448K), 0.0006870 secs] 578743K->578437K(1048512K), 0.0007250 secs] [Times: user=0.00 sys=0.00, real=0.00 secs] 
49.384: [GC49.384: [DefNew: 448K->64K(448K), 0.0006000 secs] 578821K->578513K(1048512K), 0.0006350 secs] [Times: user=0.00 sys=0.00, real=0.00 secs] 
49.393: [GC49.393: [DefNew: 448K->64K(448K), 0.0006080 secs] 578897K->578595K(1048512K), 0.0006430 secs] [Times: user=0.00 sys=0.00, real=0.00 secs] 
49.403: [GC49.403: [DefNew: 448K->63K(448K), 0.0006960 secs] 578979K->578670K(1048512K), 0.0007330 secs] [Times: user=0.01 sys=0.00, real=0.00 secs] 
49.414: [GC49.414: [DefNew: 447K->64K(448K), 0.0006640 secs] 579054K->578760K(1048512K), 0.0006970 secs] [Times: user=0.00 sys=0.00, real=0.00 secs] 
49.425: [GC49.425: [DefNew: 448K->63K(448K), 0.0006100 secs] 579144K->578837K(1048512K), 0.0006530 secs] [Times: user=0.00 sys=0.01, real=0.00 secs] 
49.435: [GC49.435: [DefNew: 447K->64K(448K), 0.0006370 secs] 579221K->578910K(1048512K), 0.0006700 secs] [Times: user=0.00 sys=0.00, real=0.00 secs] 
49.446: [GC49.446: [DefNew: 448K->63K(448K), 0.0006680 secs] 579294K->578983K(1048512K), 0.0007000 secs] [Times: user=0.00 sys=0.00, real=0.01 secs] 
49.457: [GC49.457: [DefNew: 447K->64K(448K), 0.0006180 secs] 579367K->579077K(1048512K), 0.0006600 secs] [Times: user=0.00 sys=0.00, real=0.00 secs] 
49.467: [GC49.467: [DefNew: 447K->64K(448K), 0.0006960 secs] 579461K->579165K(1048512K), 0.0007310 secs] [Times: user=0.00 sys=0.00, real=0.00 secs] 
49.478: [GC49.478: [DefNew: 448K->63K(448K), 0.0006070 secs] 579549K->579238K(1048512K), 0.0006410 secs] [Times: user=0.00 sys=0.00, real=0.00 secs] 
49.489: [GC49.489: [DefNew: 447K->63K(448K), 0.0011000 secs] 579622K->579339K(1048512K), 0.0011520 secs] [Times: user=0.00 sys=0.00, real=0.00 secs] 
49.499: [GC49.499: [DefNew: 447K->64K(448K), 0.0012790 secs] 579723K->579469K(1048512K), 0.0013420 secs] [Times: user=0.01 sys=0.00, real=0.00 secs] 
49.510: [GC49.510: [DefNew: 447K->63K(448K), 0.0013440 secs] 579852K->579589K(1048512K), 0.0014100 secs] [Times: user=0.00 sys=0.00, real=0.00 secs] 
49.522: [GC49.522: [DefNew: 447K->63K(448K), 0.0012770 secs] 579973K->579719K(1048512K), 0.0013320 secs] [Times: user=0.00 sys=0.00, real=0.00 secs] 
49.534: [GC49.534: [DefNew: 447K->64K(448K), 0.0014510 secs] 580103K->579846K(1048512K), 0.0015130 secs] [Times: user=0.00 sys=0.00, real=0.00 secs] 
49.546: [GC49.546: [DefNew: 448K->63K(448K), 0.0012700 secs] 580230K->579970K(1048512K), 0.0013230 secs] [Times: user=0.00 sys=0.00, real=0.01 secs] 
49.557: [GC49.557: [DefNew: 447K->64K(448K), 0.0015560 secs] 580354K->580101K(1048512K), 0.0016270 secs] [Times: user=0.01 sys=0.00, real=0.00 secs] 
49.569: [GC49.569: [DefNew: 448K->64K(448K), 0.0012410 secs] 580485K->580215K(1048512K), 0.0012950 secs] [Times: user=0.00 sys=0.00, real=0.00 secs] 
49.581: [GC49.581: [DefNew: 448K->63K(448K), 0.0012680 secs] 580599K->580335K(1048512K), 0.0013220 secs] [Times: user=0.00 sys=0.00, real=0.00 secs] 
49.591: [GC49.591: [DefNew: 447K->64K(448K), 0.0011940 secs] 580719K->580454K(1048512K), 0.0012470 secs] [Times: user=0.00 sys=0.00, real=0.00 secs] 
49.602: [GC49.603: [DefNew: 448K->63K(448K), 0.0012230 secs] 580838K->580572K(1048512K), 0.0012770 secs] [Times: user=0.00 sys=0.00, real=0.00 secs] 
49.614: [GC49.614: [DefNew: 447K->63K(448K), 0.0013680 secs] 580956K->580686K(1048512K), 0.0014290 secs] [Times: user=0.00 sys=0.00, real=0.00 secs] 
49.625: [GC49.626: [DefNew: 447K->64K(448K), 0.0013360 secs] 581069K->580814K(1048512K), 0.0013870 secs] [Times: user=0.01 sys=0.00, real=0.01 secs] 
49.637: [GC49.637: [DefNew: 448K->64K(448K), 0.0013900 secs] 581198K->580945K(1048512K), 0.0014540 secs] [Times: user=0.00 sys=0.00, real=0.00 secs] 
49.649: [GC49.649: [DefNew: 448K->64K(448K), 0.0023810 secs] 581329K->581114K(1048512K), 0.0025160 secs] [Times: user=0.00 sys=0.00, real=0.00 secs] 
49.661: [GC49.661: [DefNew: 448K->64K(448K), 0.0018450 secs] 581498K->581274K(1048512K), 0.0019110 secs] [Times: user=0.00 sys=0.00, real=0.00 secs] 
49.671: [GC49.672: [DefNew: 448K->63K(448K), 0.0014640 secs] 581658K->581406K(1048512K), 0.0015300 secs] [Times: user=0.00 sys=0.00, real=0.00 secs] 
49.683: [GC49.683: [DefNew: 447K->64K(448K), 0.0024500 secs] 581790K->581538K(1048512K), 0.0025740 secs] [Times: user=0.00 sys=0.00, real=0.00 secs] 
49.696: [GC49.696: [DefNew: 448K->64K(448K), 0.0009910 secs] 581922K->581719K(1048512K), 0.0010260 secs] [Times: user=0.00 sys=0.00, real=0.01 secs] 
49.706: [GC49.706: [DefNew: 448K->63K(448K), 0.0013800 secs] 582103K->581832K(1048512K), 0.0014600 secs] [Times: user=0.00 sys=0.00, real=0.00 secs] 
49.718: [GC49.718: [DefNew: 447K->64K(448K), 0.0007700 secs] 582216K->581910K(1048512K), 0.0008290 secs] [Times: user=0.00 sys=0.00, real=0.00 secs] 
49.728: [GC49.728: [DefNew: 448K->63K(448K), 0.0006790 secs] 582294K->582003K(1048512K), 0.0007250 secs] [Times: user=0.00 sys=0.00, real=0.00 secs] 
49.738: [GC49.738: [DefNew: 447K->64K(448K), 0.0006730 secs] 582386K->582086K(1048512K), 0.0007200 secs] [Times: user=0.00 sys=0.00, real=0.00 secs] 
49.747: [GC49.747: [DefNew: 448K->64K(448K), 0.0007120 secs] 582470K->582181K(1048512K), 0.0007540 secs] [Times: user=0.01 sys=0.00, real=0.00 secs] 
49.755: [GC49.755: [DefNew: 448K->63K(448K), 0.0006810 secs] 582565K->582252K(1048512K), 0.0007280 secs] [Times: user=0.00 sys=0.00, real=0.00 secs] 
49.765: [GC49.765: [DefNew: 447K->63K(448K), 0.0008680 secs] 582636K->582339K(1048512K), 0.0009150 secs] [Times: user=0.00 sys=0.00, real=0.00 secs] 
49.774: [GC49.775: [DefNew: 447K->64K(448K), 0.0006920 secs] 582723K->582412K(1048512K), 0.0007660 secs] [Times: user=0.00 sys=0.00, real=0.00 secs] 
49.784: [GC49.784: [DefNew: 448K->64K(448K), 0.0006210 secs] 582796K->582497K(1048512K), 0.0006630 secs] [Times: user=0.00 sys=0.00, real=0.00 secs] 
49.794: [GC49.794: [DefNew: 448K->63K(448K), 0.0007080 secs] 582881K->582583K(1048512K), 0.0007660 secs] [Times: user=0.00 sys=0.00, real=0.00 secs] 
49.803: [GC49.803: [DefNew: 447K->64K(448K), 0.0011570 secs] 582967K->582664K(1048512K), 0.0013010 secs] [Times: user=0.00 sys=0.00, real=0.00 secs] 
49.814: [GC49.814: [DefNew: 447K->64K(448K), 0.0008410 secs] 583048K->582819K(1048512K), 0.0008950 secs] [Times: user=0.00 sys=0.00, real=0.00 secs] 
49.825: [GC49.825: [DefNew: 448K->63K(448K), 0.0019610 secs] 583203K->583027K(1048512K), 0.0020860 secs] [Times: user=0.01 sys=0.00, real=0.01 secs] 
49.835: [GC49.835: [DefNew: 447K->63K(448K), 0.0024940 secs] 583411K->583190K(1048512K), 0.0026430 secs] [Times: user=0.00 sys=0.00, real=0.01 secs] 
49.852: [GC49.852: [DefNew: 447K->63K(448K), 0.0064610 secs] 583574K->583379K(1048512K), 0.0066360 secs] [Times: user=0.00 sys=0.00, real=0.01 secs] 
49.870: [GC49.870: [DefNew: 447K->64K(448K), 0.0037490 secs] 583763K->583642K(1048512K), 0.0039180 secs] [Times: user=0.01 sys=0.00, real=0.00 secs] 
49.884: [GC49.884: [DefNew: 448K->64K(448K), 0.0025970 secs] 584026K->583824K(1048512K), 0.0026980 secs] [Times: user=0.00 sys=0.00, real=0.00 secs] 
49.896: [GC49.896: [DefNew: 448K->63K(448K), 0.0023460 secs] 584208K->583986K(1048512K), 0.0024160 secs] [Times: user=0.00 sys=0.00, real=0.01 secs] 
49.906: [GC49.906: [DefNew: 447K->63K(448K), 0.0013860 secs] 584370K->584165K(1048512K), 0.0014880 secs] [Times: user=0.01 sys=0.00, real=0.00 secs] 
49.917: [GC49.917: [DefNew: 447K->63K(448K), 0.0025710 secs] 584549K->584278K(1048512K), 0.0026990 secs] [Times: user=0.00 sys=0.00, real=0.00 secs] 
49.929: [GC49.929: [DefNew: 447K->64K(448K), 0.0007240 secs] 584662K->584384K(1048512K), 0.0007660 secs] [Times: user=0.00 sys=0.00, real=0.00 secs] 
49.938: [GC49.939: [DefNew: 448K->63K(448K), 0.0009280 secs] 584768K->584530K(1048512K), 0.0009790 secs] [Times: user=0.00 sys=0.00, real=0.00 secs] 
49.948: [GC49.948: [DefNew: 447K->63K(448K), 0.0010920 secs] 584914K->584617K(1048512K), 0.0011490 secs] [Times: user=0.00 sys=0.00, real=0.00 secs] 
49.959: [GC49.959: [DefNew: 447K->63K(448K), 0.0021590 secs] 585001K->584741K(1048512K), 0.0022320 secs] [Times: user=0.00 sys=0.00, real=0.00 secs] 
49.970: [GC49.970: [DefNew: 447K->63K(448K), 0.0018580 secs] 585125K->584856K(1048512K), 0.0019310 secs] [Times: user=0.00 sys=0.00, real=0.00 secs] 
49.981: [GC49.981: [DefNew: 447K->64K(448K), 0.0010620 secs] 585240K->584960K(1048512K), 0.0011440 secs] [Times: user=0.00 sys=0.01, real=0.00 secs] 
49.990: [GC49.990: [DefNew: 447K->63K(448K), 0.0015370 secs] 585344K->585087K(1048512K), 0.0016830 secs] [Times: user=0.00 sys=0.00, real=0.00 secs] 
50.001: [GC50.001: [DefNew: 447K->63K(448K), 0.0024110 secs] 585471K->585212K(1048512K), 0.0025800 secs] [Times: user=0.00 sys=0.00, real=0.00 secs] 
50.013: [GC50.013: [DefNew: 447K->63K(448K), 0.0009580 secs] 585596K->585355K(1048512K), 0.0010450 secs] [Times: user=0.00 sys=0.00, real=0.00 secs] 
50.023: [GC50.023: [DefNew: 447K->63K(448K), 0.0021320 secs] 585739K->585504K(1048512K), 0.0022760 secs] [Times: user=0.00 sys=0.00, real=0.00 secs] 
50.035: [GC50.035: [DefNew: 447K->63K(448K), 0.0022600 secs] 585888K->585641K(1048512K), 0.0023630 secs] [Times: user=0.00 sys=0.00, real=0.01 secs] 
50.046: [GC50.046: [DefNew: 447K->63K(448K), 0.0016310 secs] 586025K->585804K(1048512K), 0.0017480 secs] [Times: user=0.00 sys=0.00, real=0.01 secs] 
50.059: [GC50.059: [DefNew: 447K->63K(448K), 0.0034840 secs] 586188K->585986K(1048512K), 0.0036470 secs] [Times: user=0.01 sys=0.00, real=0.00 secs] 
50.071: [GC50.071: [DefNew: 447K->63K(448K), 0.0037900 secs] 586370K->586195K(1048512K), 0.0039360 secs] [Times: user=0.00 sys=0.00, real=0.00 secs] 
50.084: [GC50.084: [DefNew: 447K->63K(448K), 0.0013800 secs] 586579K->586322K(1048512K), 0.0014430 secs] [Times: user=0.00 sys=0.00, real=0.00 secs] 
50.095: [GC50.095: [DefNew: 447K->63K(448K), 0.0015390 secs] 586706K->586512K(1048512K), 0.0016100 secs] [Times: user=0.00 sys=0.00, real=0.01 secs] 
50.106: [GC50.106: [DefNew: 447K->64K(448K), 0.0016390 secs] 586895K->586684K(1048512K), 0.0017290 secs] [Times: user=0.01 sys=0.00, real=0.01 secs] 
50.117: [GC50.117: [DefNew: 448K->63K(448K), 0.0015050 secs] 587068K->586825K(1048512K), 0.0015630 secs] [Times: user=0.00 sys=0.00, real=0.00 secs] 
50.129: [GC50.129: [DefNew: 447K->63K(448K), 0.0012970 secs] 587209K->587008K(1048512K), 0.0013830 secs] [Times: user=0.00 sys=0.00, real=0.00 secs] 
50.138: [GC50.138: [DefNew: 447K->63K(448K), 0.0040200 secs] 587392K->587156K(1048512K), 0.0041770 secs] [Times: user=0.00 sys=0.00, real=0.00 secs] 
50.152: [GC50.152: [DefNew: 447K->63K(448K), 0.0017450 secs] 587540K->587289K(1048512K), 0.0018230 secs] [Times: user=0.01 sys=0.00, real=0.00 secs] 
50.163: [GC50.163: [DefNew: 447K->63K(448K), 0.0008750 secs] 587673K->587382K(1048512K), 0.0009150 secs] [Times: user=0.00 sys=0.00, real=0.00 secs] 
50.174: [GC50.174: [DefNew: 447K->63K(448K), 0.0008610 secs] 587766K->587494K(1048512K), 0.0009210 secs] [Times: user=0.00 sys=0.00, real=0.00 secs] 
50.184: [GC50.184: [DefNew: 447K->64K(448K), 0.0012650 secs] 587878K->587596K(1048512K), 0.0013940 secs] [Times: user=0.00 sys=0.00, real=0.00 secs] 
50.195: [GC50.195: [DefNew: 448K->63K(448K), 0.0012590 secs] 587980K->587716K(1048512K), 0.0013320 secs] [Times: user=0.00 sys=0.00, real=0.01 secs] 
50.206: [GC50.206: [DefNew: 447K->63K(448K), 0.0019450 secs] 588100K->587838K(1048512K), 0.0021140 secs] [Times: user=0.00 sys=0.00, real=0.01 secs] 
50.218: [GC50.218: [DefNew: 447K->63K(448K), 0.0012290 secs] 588222K->587941K(1048512K), 0.0012870 secs] [Times: user=0.01 sys=0.00, real=0.00 secs] 
50.227: [GC50.227: [DefNew: 447K->63K(448K), 0.0008440 secs] 588325K->588050K(1048512K), 0.0008880 secs] [Times: user=0.00 sys=0.00, real=0.00 secs] 
50.238: [GC50.238: [DefNew: 447K->63K(448K), 0.0007340 secs] 588434K->588121K(1048512K), 0.0007700 secs] [Times: user=0.00 sys=0.00, real=0.00 secs] 
50.248: [GC50.248: [DefNew: 447K->63K(448K), 0.0007030 secs] 588505K->588212K(1048512K), 0.0007550 secs] [Times: user=0.00 sys=0.00, real=0.00 secs] 
50.259: [GC50.259: [DefNew: 447K->63K(448K), 0.0032370 secs] 588595K->588421K(1048512K), 0.0033430 secs] [Times: user=0.00 sys=0.00, real=0.00 secs] 
50.272: [GC50.272: [DefNew: 447K->63K(448K), 0.0026620 secs] 588805K->588553K(1048512K), 0.0028110 secs] [Times: user=0.01 sys=0.00, real=0.00 secs] 
50.284: [GC50.284: [DefNew: 447K->63K(448K), 0.0007750 secs] 588937K->588639K(1048512K), 0.0008210 secs] [Times: user=0.00 sys=0.00, real=0.00 secs] 
50.293: [GC50.293: [DefNew: 447K->63K(448K), 0.0008930 secs] 589023K->588736K(1048512K), 0.0009520 secs] [Times: user=0.00 sys=0.00, real=0.00 secs] 
50.302: [GC50.302: [DefNew: 447K->63K(448K), 0.0007860 secs] 589120K->588819K(1048512K), 0.0008290 secs] [Times: user=0.00 sys=0.00, real=0.00 secs] 
50.311: [GC50.311: [DefNew: 447K->64K(448K), 0.0007110 secs] 589203K->588916K(1048512K), 0.0007700 secs] [Times: user=0.00 sys=0.00, real=0.00 secs] 
50.321: [GC50.321: [DefNew: 448K->63K(448K), 0.0007750 secs] 589300K->589007K(1048512K), 0.0008240 secs] [Times: user=0.00 sys=0.00, real=0.00 secs] 
50.332: [GC50.332: [DefNew: 447K->63K(448K), 0.0006980 secs] 589391K->589089K(1048512K), 0.0007490 secs] [Times: user=0.00 sys=0.00, real=0.00 secs] 
50.343: [GC50.343: [DefNew: 447K->63K(448K), 0.0012550 secs] 589473K->589225K(1048512K), 0.0013310 secs] [Times: user=0.00 sys=0.00, real=0.00 secs] 
50.354: [GC50.354: [DefNew: 447K->64K(448K), 0.0013430 secs] 589609K->589348K(1048512K), 0.0013980 secs] [Times: user=0.00 sys=0.00, real=0.00 secs] 
50.366: [GC50.366: [DefNew: 448K->63K(448K), 0.0013270 secs] 589732K->589480K(1048512K), 0.0013900 secs] [Times: user=0.00 sys=0.00, real=0.01 secs] 
50.376: [GC50.376: [DefNew: 447K->64K(448K), 0.0013430 secs] 589864K->589587K(1048512K), 0.0013950 secs] [Times: user=0.00 sys=0.00, real=0.01 secs] 
50.388: [GC50.388: [DefNew: 448K->63K(448K), 0.0013050 secs] 589971K->589709K(1048512K), 0.0013550 secs] [Times: user=0.00 sys=0.00, real=0.00 secs] 
50.400: [GC50.400: [DefNew: 447K->63K(448K), 0.0014500 secs] 590093K->589847K(1048512K), 0.0015030 secs] [Times: user=0.00 sys=0.00, real=0.00 secs] 
50.412: [GC50.412: [DefNew: 447K->63K(448K), 0.0012410 secs] 590231K->589960K(1048512K), 0.0012940 secs] [Times: user=0.01 sys=0.00, real=0.00 secs] 
50.423: [GC50.423: [DefNew: 447K->63K(448K), 0.0012620 secs] 590344K->590096K(1048512K), 0.0013160 secs] [Times: user=0.00 sys=0.00, real=0.00 secs] 
50.435: [GC50.435: [DefNew: 447K->63K(448K), 0.0014120 secs] 590480K->590223K(1048512K), 0.0014730 secs] [Times: user=0.00 sys=0.00, real=0.00 secs] 
50.446: [GC50.446: [DefNew: 447K->63K(448K), 0.0014530 secs] 590606K->590367K(1048512K), 0.0015170 secs] [Times: user=0.00 sys=0.00, real=0.00 secs] 
50.457: [GC50.457: [DefNew: 447K->63K(448K), 0.0013290 secs] 590751K->590478K(1048512K), 0.0013800 secs] [Times: user=0.00 sys=0.00, real=0.00 secs] 
50.468: [GC50.468: [DefNew: 447K->63K(448K), 0.0023630 secs] 590862K->590638K(1048512K), 0.0024940 secs] [Times: user=0.01 sys=0.00, real=0.00 secs] 
50.481: [GC50.481: [DefNew: 447K->63K(448K), 0.0018870 secs] 591022K->590834K(1048512K), 0.0019500 secs] [Times: user=0.00 sys=0.00, real=0.00 secs] 
50.493: [GC50.493: [DefNew: 447K->63K(448K), 0.0009380 secs] 591218K->590918K(1048512K), 0.0009800 secs] [Times: user=0.00 sys=0.00, real=0.00 secs] 
50.504: [GC50.504: [DefNew: 447K->64K(448K), 0.0006940 secs] 591302K->590996K(1048512K), 0.0007290 secs] [Times: user=0.00 sys=0.00, real=0.00 secs] 
50.514: [GC50.514: [DefNew: 447K->63K(448K), 0.0006160 secs] 591380K->591081K(1048512K), 0.0006510 secs] [Times: user=0.00 sys=0.00, real=0.00 secs] 
50.525: [GC50.525: [DefNew: 447K->64K(448K), 0.0006870 secs] 591465K->591159K(1048512K), 0.0007210 secs] [Times: user=0.00 sys=0.00, real=0.00 secs] 
50.535: [GC50.535: [DefNew: 448K->63K(448K), 0.0006660 secs] 591543K->591235K(1048512K), 0.0007110 secs] [Times: user=0.00 sys=0.00, real=0.00 secs] 
50.544: [GC50.544: [DefNew: 447K->64K(448K), 0.0006820 secs] 591619K->591308K(1048512K), 0.0007190 secs] [Times: user=0.00 sys=0.00, real=0.00 secs] 
50.555: [GC50.555: [DefNew: 447K->63K(448K), 0.0006700 secs] 591692K->591387K(1048512K), 0.0007150 secs] [Times: user=0.01 sys=0.00, real=0.00 secs] 
50.566: [GC50.566: [DefNew: 447K->63K(448K), 0.0006500 secs] 591771K->591464K(1048512K), 0.0006840 secs] [Times: user=0.00 sys=0.00, real=0.01 secs] 
50.576: [GC50.576: [DefNew: 447K->64K(448K), 0.0006430 secs] 591848K->591540K(1048512K), 0.0006760 secs] [Times: user=0.00 sys=0.00, real=0.01 secs] 
50.587: [GC50.587: [DefNew: 447K->63K(448K), 0.0006470 secs] 591924K->591619K(1048512K), 0.0006780 secs] [Times: user=0.00 sys=0.00, real=0.00 secs] 
50.598: [GC50.598: [DefNew: 447K->63K(448K), 0.0013860 secs] 592003K->591710K(1048512K), 0.0014550 secs] [Times: user=0.00 sys=0.00, real=0.00 secs] 
50.609: [GC50.609: [DefNew: 447K->63K(448K), 0.0012040 secs] 592094K->591839K(1048512K), 0.0012580 secs] [Times: user=0.00 sys=0.00, real=0.00 secs] 
50.620: [GC50.620: [DefNew: 447K->64K(448K), 0.0013030 secs] 592222K->591967K(1048512K), 0.0013580 secs] [Times: user=0.00 sys=0.00, real=0.00 secs] 
50.632: [GC50.632: [DefNew: 448K->63K(448K), 0.0012790 secs] 592351K->592081K(1048512K), 0.0013360 secs] [Times: user=0.01 sys=0.00, real=0.00 secs] 
50.642: [GC50.642: [DefNew: 447K->64K(448K), 0.0012540 secs] 592465K->592212K(1048512K), 0.0013070 secs] [Times: user=0.00 sys=0.00, real=0.00 secs] 
50.653: [GC50.654: [DefNew: 448K->64K(448K), 0.0016250 secs] 592596K->592323K(1048512K), 0.0017090 secs] [Times: user=0.00 sys=0.00, real=0.00 secs] 
50.666: [GC50.666: [DefNew: 448K->63K(448K), 0.0013540 secs] 592707K->592467K(1048512K), 0.0014200 secs] [Times: user=0.00 sys=0.00, real=0.01 secs] 
50.676: [GC50.676: [DefNew: 447K->63K(448K), 0.0029470 secs] 592851K->592638K(1048512K), 0.0031800 secs] [Times: user=0.00 sys=0.00, real=0.01 secs] 
50.689: [GC50.689: [DefNew: 447K->63K(448K), 0.0011630 secs] 593022K->592770K(1048512K), 0.0012260 secs] [Times: user=0.00 sys=0.00, real=0.00 secs] 
50.701: [GC50.701: [DefNew: 447K->64K(448K), 0.0007740 secs] 593154K->592884K(1048512K), 0.0008090 secs] [Times: user=0.00 sys=0.00, real=0.00 secs] 
50.711: [GC50.711: [DefNew: 448K->63K(448K), 0.0007700 secs] 593268K->592961K(1048512K), 0.0008250 secs] [Times: user=0.00 sys=0.00, real=0.00 secs] 
50.720: [GC50.720: [DefNew: 447K->64K(448K), 0.0006480 secs] 593345K->593050K(1048512K), 0.0006820 secs] [Times: user=0.00 sys=0.00, real=0.00 secs] 
50.730: [GC50.730: [DefNew: 448K->63K(448K), 0.0010140 secs] 593434K->593131K(1048512K), 0.0010660 secs] [Times: user=0.00 sys=0.00, real=0.00 secs] 
50.741: [GC50.741: [DefNew: 447K->63K(448K), 0.0016140 secs] 593515K->593262K(1048512K), 0.0016830 secs] [Times: user=0.00 sys=0.00, real=0.00 secs] 
50.753: [GC50.753: [DefNew: 447K->64K(448K), 0.0012830 secs] 593646K->593381K(1048512K), 0.0013350 secs] [Times: user=0.00 sys=0.00, real=0.00 secs] 
50.765: [GC50.765: [DefNew: 448K->63K(448K), 0.0013690 secs] 593765K->593516K(1048512K), 0.0014250 secs] [Times: user=0.00 sys=0.00, real=0.00 secs] 
50.776: [GC50.776: [DefNew: 447K->63K(448K), 0.0012900 secs] 593899K->593639K(1048512K), 0.0013420 secs] [Times: user=0.00 sys=0.00, real=0.01 secs] 
50.787: [GC50.787: [DefNew: 447K->63K(448K), 0.0015130 secs] 594023K->593783K(1048512K), 0.0015760 secs] [Times: user=0.00 sys=0.01, real=0.00 secs] 
50.799: [GC50.799: [DefNew: 447K->63K(448K), 0.0012610 secs] 594167K->593891K(1048512K), 0.0013170 secs] [Times: user=0.00 sys=0.00, real=0.00 secs] 
50.809: [GC50.809: [DefNew: 447K->63K(448K), 0.0013020 secs] 594275K->594024K(1048512K), 0.0013660 secs] [Times: user=0.00 sys=0.00, real=0.00 secs] 
50.820: [GC50.820: [DefNew: 447K->63K(448K), 0.0013880 secs] 594408K->594138K(1048512K), 0.0014370 secs] [Times: user=0.01 sys=0.00, real=0.00 secs] 
50.831: [GC50.831: [DefNew: 447K->64K(448K), 0.0013860 secs] 594522K->594281K(1048512K), 0.0014600 secs] [Times: user=0.00 sys=0.00, real=0.00 secs] 
50.843: [GC50.843: [DefNew: 448K->64K(448K), 0.0013770 secs] 594665K->594399K(1048512K), 0.0014310 secs] [Times: user=0.00 sys=0.00, real=0.00 secs] 
50.854: [GC50.854: [DefNew: 448K->63K(448K), 0.0014200 secs] 594783K->594538K(1048512K), 0.0014830 secs] [Times: user=0.00 sys=0.00, real=0.00 secs] 
50.865: [GC50.866: [DefNew: 447K->64K(448K), 0.0014160 secs] 594922K->594658K(1048512K), 0.0014650 secs] [Times: user=0.00 sys=0.00, real=0.01 secs] 
50.877: [GC50.877: [DefNew: 448K->63K(448K), 0.0032100 secs] 595042K->594837K(1048512K), 0.0035090 secs] [Times: user=0.01 sys=0.00, real=0.00 secs] 
50.889: [GC50.889: [DefNew: 447K->63K(448K), 0.0009370 secs] 595221K->594964K(1048512K), 0.0009890 secs] [Times: user=0.00 sys=0.00, real=0.00 secs] 
50.900: [GC50.900: [DefNew: 447K->63K(448K), 0.0008460 secs] 595347K->595087K(1048512K), 0.0008790 secs] [Times: user=0.00 sys=0.00, real=0.00 secs] 
50.910: [GC50.910: [DefNew: 447K->63K(448K), 0.0007990 secs] 595471K->595166K(1048512K), 0.0008370 secs] [Times: user=0.00 sys=0.00, real=0.00 secs] 
50.921: [GC50.921: [DefNew: 447K->63K(448K), 0.0006520 secs] 595550K->595244K(1048512K), 0.0006820 secs] [Times: user=0.00 sys=0.00, real=0.00 secs] 
50.932: [GC50.932: [DefNew: 447K->64K(448K), 0.0006260 secs] 595627K->595327K(1048512K), 0.0006620 secs] [Times: user=0.00 sys=0.00, real=0.00 secs] 
50.942: [GC50.942: [DefNew: 447K->63K(448K), 0.0007890 secs] 595711K->595413K(1048512K), 0.0008470 secs] [Times: user=0.00 sys=0.00, real=0.00 secs] 
50.952: [GC50.953: [DefNew: 447K->63K(448K), 0.0006510 secs] 595797K->595485K(1048512K), 0.0006900 secs] [Times: user=0.00 sys=0.00, real=0.00 secs] 
50.962: [GC50.962: [DefNew: 447K->63K(448K), 0.0006040 secs] 595869K->595574K(1048512K), 0.0006370 secs] [Times: user=0.01 sys=0.00, real=0.00 secs] 
50.973: [GC50.973: [DefNew: 447K->63K(448K), 0.0009190 secs] 595958K->595660K(1048512K), 0.0009770 secs] [Times: user=0.00 sys=0.00, real=0.00 secs] 
50.984: [GC50.984: [DefNew: 447K->63K(448K), 0.0006880 secs] 596044K->595744K(1048512K), 0.0007220 secs] [Times: user=0.00 sys=0.00, real=0.00 secs] 
50.995: [GC50.995: [DefNew: 447K->63K(448K), 0.0006920 secs] 596128K->595829K(1048512K), 0.0007350 secs] [Times: user=0.00 sys=0.00, real=0.00 secs] 
51.004: [GC51.004: [DefNew: 447K->63K(448K), 0.0006050 secs] 596213K->595900K(1048512K), 0.0006410 secs] [Times: user=0.00 sys=0.00, real=0.00 secs] 
51.014: [GC51.014: [DefNew: 447K->63K(448K), 0.0006390 secs] 596284K->595980K(1048512K), 0.0006910 secs] [Times: user=0.00 sys=0.00, real=0.00 secs] 
51.025: [GC51.025: [DefNew: 447K->63K(448K), 0.0006740 secs] 596364K->596065K(1048512K), 0.0007170 secs] [Times: user=0.00 sys=0.00, real=0.00 secs] 
51.036: [GC51.036: [DefNew: 447K->63K(448K), 0.0006650 secs] 596449K->596145K(1048512K), 0.0006980 secs] [Times: user=0.00 sys=0.00, real=0.01 secs] 
51.046: [GC51.046: [DefNew: 447K->63K(448K), 0.0005950 secs] 596529K->596214K(1048512K), 0.0006310 secs] [Times: user=0.00 sys=0.00, real=0.01 secs] 
51.057: [GC51.057: [DefNew: 447K->63K(448K), 0.0012540 secs] 596598K->596336K(1048512K), 0.0013050 secs] [Times: user=0.01 sys=0.00, real=0.00 secs] 
51.068: [GC51.068: [DefNew: 447K->63K(448K), 0.0015380 secs] 596720K->596459K(1048512K), 0.0016060 secs] [Times: user=0.00 sys=0.00, real=0.00 secs] 
51.080: [GC51.080: [DefNew: 447K->63K(448K), 0.0014480 secs] 596843K->596597K(1048512K), 0.0015220 secs] [Times: user=0.00 sys=0.00, real=0.00 secs] 
51.089: [GC51.089: [DefNew: 447K->64K(448K), 0.0021490 secs] 596981K->596794K(1048512K), 0.0022500 secs] [Times: user=0.00 sys=0.00, real=0.00 secs] 
51.101: [GC51.101: [DefNew: 448K->64K(448K), 0.0017270 secs] 597178K->596965K(1048512K), 0.0018010 secs] [Times: user=0.00 sys=0.00, real=0.00 secs] 
51.112: [GC51.112: [DefNew: 448K->64K(448K), 0.0023920 secs] 597349K->597144K(1048512K), 0.0024650 secs] [Times: user=0.01 sys=0.00, real=0.00 secs] 
51.124: [GC51.124: [DefNew: 448K->63K(448K), 0.0019870 secs] 597528K->597314K(1048512K), 0.0020440 secs] [Times: user=0.00 sys=0.00, real=0.01 secs] 
51.136: [GC51.136: [DefNew: 447K->63K(448K), 0.0027780 secs] 597698K->597506K(1048512K), 0.0029770 secs] [Times: user=0.00 sys=0.00, real=0.01 secs] 
51.151: [GC51.151: [DefNew: 447K->63K(448K), 0.0039220 secs] 597890K->597752K(1048512K), 0.0041380 secs] [Times: user=0.01 sys=0.00, real=0.00 secs] 
51.168: [GC51.168: [DefNew: 447K->64K(448K), 0.0029320 secs] 598136K->598004K(1048512K), 0.0030260 secs] [Times: user=0.00 sys=0.00, real=0.00 secs] 
51.180: [GC51.180: [DefNew: 448K->64K(448K), 0.0009960 secs] 598388K->598139K(1048512K), 0.0010500 secs] [Times: user=0.00 sys=0.00, real=0.00 secs] 
51.191: [GC51.191: [DefNew: 448K->63K(448K), 0.0007100 secs] 598523K->598225K(1048512K), 0.0007530 secs] [Times: user=0.00 sys=0.00, real=0.00 secs] 
51.200: [GC51.200: [DefNew: 447K->63K(448K), 0.0006520 secs] 598609K->598303K(1048512K), 0.0007040 secs] [Times: user=0.01 sys=0.00, real=0.00 secs] 
51.211: [GC51.211: [DefNew: 447K->63K(448K), 0.0007420 secs] 598687K->598388K(1048512K), 0.0007820 secs] [Times: user=0.00 sys=0.00, real=0.00 secs] 
51.222: [GC51.222: [DefNew: 447K->63K(448K), 0.0006580 secs] 598772K->598464K(1048512K), 0.0007150 secs] [Times: user=0.00 sys=0.00, real=0.00 secs] 
51.231: [GC51.231: [DefNew: 447K->64K(448K), 0.0006480 secs] 598848K->598537K(1048512K), 0.0006820 secs] [Times: user=0.00 sys=0.00, real=0.00 secs] 
51.242: [GC51.242: [DefNew: 448K->64K(448K), 0.0011250 secs] 598921K->598648K(1048512K), 0.0011830 secs] [Times: user=0.00 sys=0.00, real=0.00 secs] 
51.254: [GC51.254: [DefNew: 447K->63K(448K), 0.0013340 secs] 599031K->598768K(1048512K), 0.0013860 secs] [Times: user=0.00 sys=0.00, real=0.00 secs] 
51.266: [GC51.266: [DefNew: 447K->64K(448K), 0.0012860 secs] 599152K->598890K(1048512K), 0.0013480 secs] [Times: user=0.00 sys=0.00, real=0.01 secs] 
51.277: [GC51.277: [DefNew: 448K->64K(448K), 0.0015870 secs] 599274K->599028K(1048512K), 0.0016450 secs] [Times: user=0.01 sys=0.00, real=0.00 secs] 
51.289: [GC51.289: [DefNew: 447K->64K(448K), 0.0027390 secs] 599412K->599158K(1048512K), 0.0028720 secs] [Times: user=0.00 sys=0.00, real=0.00 secs] 
51.302: [GC51.302: [DefNew: 448K->64K(448K), 0.0011490 secs] 599542K->599338K(1048512K), 0.0012020 secs] [Times: user=0.00 sys=0.00, real=0.00 secs] 
51.313: [GC51.313: [DefNew: 448K->63K(448K), 0.0009470 secs] 599722K->599462K(1048512K), 0.0009810 secs] [Times: user=0.00 sys=0.00, real=0.00 secs] 
51.322: [GC51.322: [DefNew: 447K->63K(448K), 0.0007090 secs] 599846K->599532K(1048512K), 0.0007500 secs] [Times: user=0.00 sys=0.00, real=0.00 secs] 
51.333: [GC51.333: [DefNew: 447K->63K(448K), 0.0011550 secs] 599916K->599630K(1048512K), 0.0012180 secs] [Times: user=0.00 sys=0.00, real=0.00 secs] 
51.345: [GC51.345: [DefNew: 447K->63K(448K), 0.0013030 secs] 600014K->599750K(1048512K), 0.0013540 secs] [Times: user=0.01 sys=0.00, real=0.00 secs] 
51.356: [GC51.356: [DefNew: 447K->64K(448K), 0.0014320 secs] 600134K->599895K(1048512K), 0.0014850 secs] [Times: user=0.00 sys=0.00, real=0.01 secs] 
51.368: [GC51.368: [DefNew: 448K->63K(448K), 0.0014380 secs] 600279K->600009K(1048512K), 0.0014980 secs] [Times: user=0.00 sys=0.00, real=0.00 secs] 
51.379: [GC51.379: [DefNew: 447K->63K(448K), 0.0012990 secs] 600392K->600144K(1048512K), 0.0013500 secs] [Times: user=0.00 sys=0.00, real=0.00 secs] 
51.391: [GC51.391: [DefNew: 447K->63K(448K), 0.0014040 secs] 600528K->600272K(1048512K), 0.0014610 secs] [Times: user=0.00 sys=0.00, real=0.00 secs] 
51.403: [GC51.403: [DefNew: 447K->63K(448K), 0.0013710 secs] 600656K->600409K(1048512K), 0.0014250 secs] [Times: user=0.01 sys=0.00, real=0.00 secs] 
51.413: [GC51.413: [DefNew: 447K->63K(448K), 0.0014870 secs] 600793K->600537K(1048512K), 0.0015390 secs] [Times: user=0.00 sys=0.00, real=0.00 secs] 
51.425: [GC51.425: [DefNew: 447K->63K(448K), 0.0014780 secs] 600921K->600670K(1048512K), 0.0015410 secs] [Times: user=0.00 sys=0.00, real=0.01 secs] 
51.437: [GC51.437: [DefNew: 447K->64K(448K), 0.0014020 secs] 601054K->600782K(1048512K), 0.0014520 secs] [Times: user=0.00 sys=0.00, real=0.00 secs] 
51.449: [GC51.449: [DefNew: 448K->64K(448K), 0.0015260 secs] 601166K->600922K(1048512K), 0.0015910 secs] [Times: user=0.00 sys=0.00, real=0.00 secs] 
51.461: [GC51.461: [DefNew: 448K->63K(448K), 0.0013540 secs] 601306K->601042K(1048512K), 0.0014200 secs] [Times: user=0.00 sys=0.00, real=0.00 secs] 
51.473: [GC51.473: [DefNew: 447K->64K(448K), 0.0013420 secs] 601426K->601183K(1048512K), 0.0013970 secs] [Times: user=0.00 sys=0.00, real=0.00 secs] 
51.485: [GC51.485: [DefNew: 447K->63K(448K), 0.0014360 secs] 601567K->601310K(1048512K), 0.0014990 secs] [Times: user=0.00 sys=0.00, real=0.00 secs] 
51.495: [GC51.495: [DefNew: 447K->64K(448K), 0.0018050 secs] 601694K->601441K(1048512K), 0.0018900 secs] [Times: user=0.00 sys=0.00, real=0.01 secs] 
51.507: [GC51.507: [DefNew: 448K->63K(448K), 0.0014040 secs] 601825K->601682K(1048512K), 0.0014810 secs] [Times: user=0.00 sys=0.00, real=0.00 secs] 
51.517: [GC51.517: [DefNew: 447K->63K(448K), 0.0009840 secs] 602066K->601803K(1048512K), 0.0010200 secs] [Times: user=0.00 sys=0.00, real=0.00 secs] 
51.527: [GC51.527: [DefNew: 447K->64K(448K), 0.0011770 secs] 602187K->601898K(1048512K), 0.0012340 secs] [Times: user=0.00 sys=0.00, real=0.00 secs] 
51.537: [GC51.537: [DefNew: 448K->63K(448K), 0.0009370 secs] 602282K->601986K(1048512K), 0.0009910 secs] [Times: user=0.00 sys=0.00, real=0.00 secs] 
51.547: [GC51.547: [DefNew: 447K->63K(448K), 0.0017880 secs] 602370K->602103K(1048512K), 0.0018910 secs] [Times: user=0.00 sys=0.00, real=0.00 secs] 
51.557: [GC51.557: [DefNew: 447K->63K(448K), 0.0016820 secs] 602487K->602228K(1048512K), 0.0017860 secs] [Times: user=0.00 sys=0.00, real=0.00 secs] 
51.567: [GC51.567: [DefNew: 447K->63K(448K), 0.0016500 secs] 602612K->602432K(1048512K), 0.0017410 secs] [Times: user=0.00 sys=0.00, real=0.00 secs] 
51.579: [GC51.579: [DefNew: 447K->64K(448K), 0.0028180 secs] 602816K->602589K(1048512K), 0.0030340 secs] [Times: user=0.01 sys=0.00, real=0.00 secs] 
51.591: [GC51.591: [DefNew: 448K->63K(448K), 0.0022460 secs] 602973K->602683K(1048512K), 0.0026610 secs] [Times: user=0.00 sys=0.00, real=0.00 secs] 
51.603: [GC51.603: [DefNew: 447K->63K(448K), 0.0014730 secs] 603067K->602802K(1048512K), 0.0015400 secs] [Times: user=0.00 sys=0.00, real=0.00 secs] 
51.613: [GC51.613: [DefNew: 447K->64K(448K), 0.0015410 secs] 603186K->602916K(1048512K), 0.0016340 secs] [Times: user=0.00 sys=0.00, real=0.00 secs] 
51.623: [GC51.623: [DefNew: 447K->63K(448K), 0.0021300 secs] 603300K->603041K(1048512K), 0.0022220 secs] [Times: user=0.01 sys=0.00, real=0.00 secs] 
51.635: [GC51.635: [DefNew: 447K->64K(448K), 0.0016060 secs] 603425K->603194K(1048512K), 0.0017040 secs] [Times: user=0.00 sys=0.00, real=0.01 secs] 
51.646: [GC51.646: [DefNew: 448K->63K(448K), 0.0026940 secs] 603578K->603333K(1048512K), 0.0028210 secs] [Times: user=0.00 sys=0.00, real=0.01 secs] 
51.658: [GC51.658: [DefNew: 447K->63K(448K), 0.0027840 secs] 603717K->603468K(1048512K), 0.0028720 secs] [Times: user=0.00 sys=0.00, real=0.00 secs] 
51.670: [GC51.670: [DefNew: 447K->64K(448K), 0.0024590 secs] 603852K->603626K(1048512K), 0.0026100 secs] [Times: user=0.01 sys=0.00, real=0.00 secs] 
51.683: [GC51.683: [DefNew: 447K->63K(448K), 0.0011960 secs] 604010K->603833K(1048512K), 0.0012620 secs] [Times: user=0.00 sys=0.00, real=0.00 secs] 
51.693: [GC51.693: [DefNew: 447K->63K(448K), 0.0018990 secs] 604217K->603999K(1048512K), 0.0019990 secs] [Times: user=0.00 sys=0.00, real=0.00 secs] 
51.705: [GC51.705: [DefNew: 447K->63K(448K), 0.0015920 secs] 604383K->604107K(1048512K), 0.0016590 secs] [Times: user=0.00 sys=0.00, real=0.00 secs] 
51.717: [GC51.718: [DefNew: 447K->63K(448K), 0.0028860 secs] 604491K->604278K(1048512K), 0.0030280 secs] [Times: user=0.01 sys=0.00, real=0.00 secs] 
51.729: [GC51.729: [DefNew: 447K->64K(448K), 0.0021790 secs] 604662K->604456K(1048512K), 0.0022670 secs] [Times: user=0.00 sys=0.00, real=0.00 secs] 
51.740: [GC51.740: [DefNew: 448K->63K(448K), 0.0009540 secs] 604840K->604559K(1048512K), 0.0010040 secs] [Times: user=0.00 sys=0.00, real=0.00 secs] 
51.750: [GC51.750: [DefNew: 447K->63K(448K), 0.0007650 secs] 604943K->604651K(1048512K), 0.0008180 secs] [Times: user=0.00 sys=0.00, real=0.00 secs] 
51.759: [GC51.759: [DefNew: 447K->63K(448K), 0.0007850 secs] 605035K->604759K(1048512K), 0.0008750 secs] [Times: user=0.00 sys=0.00, real=0.00 secs] 
51.769: [GC51.769: [DefNew: 447K->64K(448K), 0.0009480 secs] 605143K->604841K(1048512K), 0.0009970 secs] [Times: user=0.00 sys=0.00, real=0.00 secs] 
51.779: [GC51.779: [DefNew: 447K->63K(448K), 0.0006790 secs] 605225K->604922K(1048512K), 0.0007270 secs] [Times: user=0.01 sys=0.00, real=0.00 secs] 
51.788: [GC51.788: [DefNew: 447K->64K(448K), 0.0007020 secs] 605306K->604988K(1048512K), 0.0007480 secs] [Times: user=0.00 sys=0.00, real=0.00 secs] 
51.798: [GC51.798: [DefNew: 448K->64K(448K), 0.0006080 secs] 605372K->605078K(1048512K), 0.0006580 secs] [Times: user=0.00 sys=0.00, real=0.00 secs] 
51.807: [GC51.807: [DefNew: 448K->63K(448K), 0.0006730 secs] 605462K->605165K(1048512K), 0.0007060 secs] [Times: user=0.00 sys=0.00, real=0.00 secs] 
51.816: [GC51.816: [DefNew: 447K->64K(448K), 0.0007040 secs] 605549K->605249K(1048512K), 0.0007490 secs] [Times: user=0.00 sys=0.00, real=0.01 secs] 
51.825: [GC51.825: [DefNew: 448K->64K(448K), 0.0007960 secs] 605633K->605328K(1048512K), 0.0008760 secs] [Times: user=0.00 sys=0.00, real=0.00 secs] 
51.835: [GC51.835: [DefNew: 448K->63K(448K), 0.0007820 secs] 605712K->605433K(1048512K), 0.0008550 secs] [Times: user=0.00 sys=0.00, real=0.00 secs] 
51.845: [GC51.845: [DefNew: 447K->63K(448K), 0.0007080 secs] 605817K->605513K(1048512K), 0.0007510 secs] [Times: user=0.00 sys=0.00, real=0.00 secs] 
51.855: [GC51.855: [DefNew: 447K->64K(448K), 0.0014720 secs] 605897K->605657K(1048512K), 0.0015590 secs] [Times: user=0.00 sys=0.00, real=0.01 secs] 
51.866: [GC51.866: [DefNew: 448K->63K(448K), 0.0010310 secs] 606041K->605824K(1048512K), 0.0010780 secs] [Times: user=0.01 sys=0.00, real=0.01 secs] 
51.876: [GC51.876: [DefNew: 447K->63K(448K), 0.0008450 secs] 606208K->605908K(1048512K), 0.0009040 secs] [Times: user=0.00 sys=0.00, real=0.01 secs] 
51.886: [GC51.886: [DefNew: 447K->64K(448K), 0.0006420 secs] 606292K->605984K(1048512K), 0.0006890 secs] [Times: user=0.00 sys=0.00, real=0.01 secs] 
51.895: [GC51.895: [DefNew: 447K->63K(448K), 0.0006650 secs] 606368K->606066K(1048512K), 0.0007010 secs] [Times: user=0.00 sys=0.00, real=0.00 secs] 
51.905: [GC51.905: [DefNew: 447K->64K(448K), 0.0006290 secs] 606450K->606138K(1048512K), 0.0006730 secs] [Times: user=0.00 sys=0.00, real=0.00 secs] 
51.915: [GC51.916: [DefNew: 447K->63K(448K), 0.0026550 secs] 606521K->606297K(1048512K), 0.0029280 secs] [Times: user=0.00 sys=0.01, real=0.01 secs] 
51.928: [GC51.928: [DefNew: 447K->63K(448K), 0.0019740 secs] 606681K->606453K(1048512K), 0.0020920 secs] [Times: user=0.01 sys=0.00, real=0.00 secs] 
51.939: [GC51.939: [DefNew: 447K->63K(448K), 0.0007870 secs] 606837K->606535K(1048512K), 0.0008390 secs] [Times: user=0.00 sys=0.00, real=0.00 secs] 
51.949: [GC51.949: [DefNew: 447K->64K(448K), 0.0006820 secs] 606919K->606632K(1048512K), 0.0007240 secs] [Times: user=0.00 sys=0.00, real=0.00 secs] 
51.958: [GC51.958: [DefNew: 448K->63K(448K), 0.0021400 secs] 607016K->606721K(1048512K), 0.0023080 secs] [Times: user=0.00 sys=0.00, real=0.00 secs] 
51.970: [GC51.970: [DefNew: 447K->63K(448K), 0.0017220 secs] 607105K->606841K(1048512K), 0.0018340 secs] [Times: user=0.00 sys=0.00, real=0.00 secs] 
51.980: [GC51.980: [DefNew: 447K->64K(448K), 0.0025150 secs] 607225K->607070K(1048512K), 0.0025720 secs] [Times: user=0.01 sys=0.00, real=0.00 secs] 
51.993: [GC51.993: [DefNew: 448K->63K(448K), 0.0025090 secs] 607454K->607251K(1048512K), 0.0026060 secs] [Times: user=0.00 sys=0.00, real=0.00 secs] 
52.005: [GC52.005: [DefNew: 447K->63K(448K), 0.0018970 secs] 607635K->607411K(1048512K), 0.0019990 secs] [Times: user=0.00 sys=0.00, real=0.01 secs] 
52.017: [GC52.017: [DefNew: 447K->63K(448K), 0.0015470 secs] 607795K->607623K(1048512K), 0.0016140 secs] [Times: user=0.00 sys=0.00, real=0.00 secs] 
52.028: [GC52.028: [DefNew: 447K->64K(448K), 0.0025340 secs] 608006K->607776K(1048512K), 0.0027020 secs] [Times: user=0.01 sys=0.00, real=0.00 secs] 
52.039: [GC52.039: [DefNew: 448K->63K(448K), 0.0020680 secs] 608160K->607936K(1048512K), 0.0021810 secs] [Times: user=0.00 sys=0.00, real=0.00 secs] 
52.051: [GC52.051: [DefNew: 447K->64K(448K), 0.0012910 secs] 608320K->608159K(1048512K), 0.0013450 secs] [Times: user=0.00 sys=0.00, real=0.00 secs] 
52.063: [GC52.063: [DefNew: 447K->64K(448K), 0.0035560 secs] 608543K->608333K(1048512K), 0.0036730 secs] [Times: user=0.00 sys=0.00, real=0.00 secs] 
52.075: [GC52.075: [DefNew: 448K->63K(448K), 0.0027590 secs] 608717K->608470K(1048512K), 0.0029100 secs] [Times: user=0.01 sys=0.00, real=0.01 secs] 
52.088: [GC52.088: [DefNew: 447K->63K(448K), 0.0016600 secs] 608854K->608619K(1048512K), 0.0017580 secs] [Times: user=0.00 sys=0.00, real=0.00 secs] 
52.100: [GC52.100: [DefNew: 447K->63K(448K), 0.0015610 secs] 609003K->608787K(1048512K), 0.0016830 secs] [Times: user=0.00 sys=0.00, real=0.00 secs] 
52.110: [GC52.110: [DefNew: 447K->63K(448K), 0.0020500 secs] 609171K->608962K(1048512K), 0.0021550 secs] [Times: user=0.00 sys=0.00, real=0.00 secs] 
52.122: [GC52.122: [DefNew: 447K->64K(448K), 0.0044450 secs] 609346K->609153K(1048512K), 0.0047480 secs] [Times: user=0.00 sys=0.00, real=0.01 secs] 
52.137: [GC52.137: [DefNew: 448K->64K(448K), 0.0029440 secs] 609537K->609388K(1048512K), 0.0030850 secs] [Times: user=0.00 sys=0.00, real=0.00 secs] 
52.148: [GC52.148: [DefNew: 448K->63K(448K), 0.0024780 secs] 609772K->609533K(1048512K), 0.0025950 secs] [Times: user=0.01 sys=0.00, real=0.00 secs] 
52.161: [GC52.161: [DefNew: 447K->64K(448K), 0.0019540 secs] 609917K->609722K(1048512K), 0.0020380 secs] [Times: user=0.00 sys=0.00, real=0.00 secs] 
52.171: [GC52.171: [DefNew: 448K->63K(448K), 0.0031310 secs] 610106K->609912K(1048512K), 0.0032880 secs] [Times: user=0.00 sys=0.00, real=0.00 secs] 
52.185: [GC52.185: [DefNew: 447K->63K(448K), 0.0035910 secs] 610296K->610134K(1048512K), 0.0037240 secs] [Times: user=0.01 sys=0.00, real=0.01 secs] 
52.198: [GC52.199: [DefNew: 447K->63K(448K), 0.0027580 secs] 610518K->610356K(1048512K), 0.0028880 secs] [Times: user=0.00 sys=0.00, real=0.00 secs] 
52.211: [GC52.211: [DefNew: 447K->64K(448K), 0.0013960 secs] 610740K->610557K(1048512K), 0.0014720 secs] [Times: user=0.00 sys=0.00, real=0.00 secs] 
52.223: [GC52.223: [DefNew: 448K->64K(448K), 0.0011250 secs] 610941K->610690K(1048512K), 0.0011770 secs] [Times: user=0.00 sys=0.00, real=0.00 secs] 
52.234: [GC52.234: [DefNew: 448K->63K(448K), 0.0013030 secs] 611074K->610788K(1048512K), 0.0013620 secs] [Times: user=0.01 sys=0.00, real=0.00 secs] 
52.244: [GC52.244: [DefNew: 447K->63K(448K), 0.0007370 secs] 611172K->610863K(1048512K), 0.0007740 secs] [Times: user=0.00 sys=0.00, real=0.00 secs] 
52.255: [GC52.255: [DefNew: 447K->64K(448K), 0.0006570 secs] 611247K->610947K(1048512K), 0.0006990 secs] [Times: user=0.00 sys=0.00, real=0.00 secs] 
52.266: [GC52.266: [DefNew: 448K->63K(448K), 0.0006860 secs] 611331K->611038K(1048512K), 0.0007280 secs] [Times: user=0.00 sys=0.00, real=0.01 secs] 
52.276: [GC52.276: [DefNew: 447K->64K(448K), 0.0007740 secs] 611422K->611123K(1048512K), 0.0008100 secs] [Times: user=0.00 sys=0.00, real=0.00 secs] 
52.287: [GC52.287: [DefNew: 447K->64K(448K), 0.0006650 secs] 611507K->611205K(1048512K), 0.0006990 secs] [Times: user=0.00 sys=0.00, real=0.00 secs] 
52.297: [GC52.297: [DefNew: 448K->64K(448K), 0.0009750 secs] 611589K->611305K(1048512K), 0.0010310 secs] [Times: user=0.00 sys=0.00, real=0.00 secs] 
52.308: [GC52.308: [DefNew: 448K->64K(448K), 0.0011180 secs] 611689K->611402K(1048512K), 0.0011720 secs] [Times: user=0.00 sys=0.00, real=0.00 secs] 
52.319: [GC52.319: [DefNew: 448K->64K(448K), 0.0014530 secs] 611786K->611544K(1048512K), 0.0015220 secs] [Times: user=0.01 sys=0.00, real=0.00 secs] 
52.331: [GC52.331: [DefNew: 448K->64K(448K), 0.0009510 secs] 611928K->611723K(1048512K), 0.0009880 secs] [Times: user=0.00 sys=0.00, real=0.00 secs] 
52.340: [GC52.340: [DefNew: 448K->64K(448K), 0.0019600 secs] 612107K->611835K(1048512K), 0.0020540 secs] [Times: user=0.00 sys=0.00, real=0.00 secs] 
52.352: [GC52.352: [DefNew: 448K->63K(448K), 0.0008090 secs] 612219K->611926K(1048512K), 0.0008540 secs] [Times: user=0.00 sys=0.00, real=0.00 secs] 
52.363: [GC52.363: [DefNew: 447K->64K(448K), 0.0006970 secs] 612310K->612010K(1048512K), 0.0007310 secs] [Times: user=0.00 sys=0.00, real=0.00 secs] 
52.373: [GC52.373: [DefNew: 448K->63K(448K), 0.0007800 secs] 612394K->612103K(1048512K), 0.0008230 secs] [Times: user=0.00 sys=0.00, real=0.00 secs] 
52.384: [GC52.384: [DefNew: 447K->63K(448K), 0.0007170 secs] 612487K->612192K(1048512K), 0.0007480 secs] [Times: user=0.00 sys=0.00, real=0.00 secs] 
52.395: [GC52.395: [DefNew: 447K->63K(448K), 0.0007000 secs] 612576K->612280K(1048512K), 0.0007340 secs] [Times: user=0.00 sys=0.00, real=0.00 secs] 
52.406: [GC52.406: [DefNew: 447K->63K(448K), 0.0006740 secs] 612664K->612364K(1048512K), 0.0007310 secs] [Times: user=0.00 sys=0.00, real=0.01 secs] 
52.417: [GC52.417: [DefNew: 447K->64K(448K), 0.0011580 secs] 612748K->612461K(1048512K), 0.0012080 secs] [Times: user=0.00 sys=0.00, real=0.00 secs] 
52.426: [GC52.426: [DefNew: 448K->64K(448K), 0.0013250 secs] 612845K->612583K(1048512K), 0.0013780 secs] [Times: user=0.00 sys=0.00, real=0.00 secs] 
52.438: [GC52.438: [DefNew: 448K->63K(448K), 0.0014120 secs] 612967K->612708K(1048512K), 0.0014770 secs] [Times: user=0.00 sys=0.00, real=0.00 secs] 
52.450: [GC52.450: [DefNew: 447K->63K(448K), 0.0014370 secs] 613092K->612849K(1048512K), 0.0014880 secs] [Times: user=0.00 sys=0.00, real=0.00 secs] 
52.462: [GC52.462: [DefNew: 447K->64K(448K), 0.0014880 secs] 613233K->612972K(1048512K), 0.0015600 secs] [Times: user=0.01 sys=0.00, real=0.00 secs] 
52.474: [GC52.474: [DefNew: 448K->63K(448K), 0.0013270 secs] 613356K->613104K(1048512K), 0.0013810 secs] [Times: user=0.00 sys=0.00, real=0.00 secs] 
52.485: [GC52.485: [DefNew: 447K->63K(448K), 0.0012820 secs] 613488K->613226K(1048512K), 0.0013330 secs] [Times: user=0.00 sys=0.00, real=0.01 secs] 
52.497: [GC52.497: [DefNew: 447K->64K(448K), 0.0013450 secs] 613610K->613365K(1048512K), 0.0013990 secs] [Times: user=0.00 sys=0.00, real=0.00 secs] 
52.508: [GC52.508: [DefNew: 448K->63K(448K), 0.0014380 secs] 613749K->613483K(1048512K), 0.0014900 secs] [Times: user=0.00 sys=0.00, real=0.00 secs] 
52.519: [GC52.519: [DefNew: 447K->64K(448K), 0.0014850 secs] 613867K->613635K(1048512K), 0.0015370 secs] [Times: user=0.01 sys=0.00, real=0.00 secs] 
52.531: [GC52.531: [DefNew: 448K->63K(448K), 0.0025190 secs] 614019K->613800K(1048512K), 0.0026460 secs] [Times: user=0.00 sys=0.00, real=0.00 secs] 
52.543: [GC52.543: [DefNew: 447K->63K(448K), 0.0015910 secs] 614184K->613932K(1048512K), 0.0016740 secs] [Times: user=0.00 sys=0.00, real=0.00 secs] 
52.555: [GC52.555: [DefNew: 447K->64K(448K), 0.0013300 secs] 614316K->614033K(1048512K), 0.0013950 secs] [Times: user=0.00 sys=0.00, real=0.00 secs] 
52.566: [GC52.566: [DefNew: 447K->63K(448K), 0.0012660 secs] 614416K->614170K(1048512K), 0.0013170 secs] [Times: user=0.00 sys=0.00, real=0.01 secs] 
52.576: [GC52.576: [DefNew: 447K->63K(448K), 0.0015410 secs] 614554K->614306K(1048512K), 0.0015970 secs] [Times: user=0.01 sys=0.00, real=0.00 secs] 
52.588: [GC52.589: [DefNew: 447K->63K(448K), 0.0014030 secs] 614690K->614453K(1048512K), 0.0014550 secs] [Times: user=0.00 sys=0.00, real=0.00 secs] 
52.600: [GC52.600: [DefNew: 447K->63K(448K), 0.0014560 secs] 614837K->614583K(1048512K), 0.0015060 secs] [Times: user=0.00 sys=0.00, real=0.00 secs] 
52.612: [GC52.612: [DefNew: 447K->64K(448K), 0.0015030 secs] 614967K->614735K(1048512K), 0.0015570 secs] [Times: user=0.00 sys=0.00, real=0.00 secs] 
52.624: [GC52.624: [DefNew: 448K->63K(448K), 0.0014510 secs] 615119K->614867K(1048512K), 0.0015030 secs] [Times: user=0.00 sys=0.00, real=0.00 secs] 
52.636: [GC52.636: [DefNew: 447K->64K(448K), 0.0013530 secs] 615251K->614988K(1048512K), 0.0014040 secs] [Times: user=0.01 sys=0.00, real=0.01 secs] 
52.647: [GC52.647: [DefNew: 447K->63K(448K), 0.0013730 secs] 615372K->615137K(1048512K), 0.0014250 secs] [Times: user=0.00 sys=0.00, real=0.00 secs] 
52.659: [GC52.659: [DefNew: 447K->63K(448K), 0.0014140 secs] 615521K->615260K(1048512K), 0.0014650 secs] [Times: user=0.00 sys=0.01, real=0.00 secs] 
52.670: [GC52.670: [DefNew: 447K->63K(448K), 0.0014600 secs] 615644K->615410K(1048512K), 0.0015110 secs] [Times: user=0.00 sys=0.00, real=0.00 secs] 
52.682: [GC52.682: [DefNew: 447K->63K(448K), 0.0014580 secs] 615794K->615534K(1048512K), 0.0015090 secs] [Times: user=0.00 sys=0.00, real=0.00 secs] 
52.694: [GC52.694: [DefNew: 447K->63K(448K), 0.0014130 secs] 615917K->615680K(1048512K), 0.0014680 secs] [Times: user=0.01 sys=0.00, real=0.00 secs] 
52.705: [GC52.705: [DefNew: 447K->64K(448K), 0.0014880 secs] 616063K->615809K(1048512K), 0.0015380 secs] [Times: user=0.00 sys=0.00, real=0.01 secs] 
52.716: [GC52.716: [DefNew: 448K->64K(448K), 0.0014700 secs] 616193K->615940K(1048512K), 0.0015360 secs] [Times: user=0.00 sys=0.00, real=0.01 secs] 
52.727: [GC52.728: [DefNew: 447K->63K(448K), 0.0021470 secs] 616324K->616076K(1048512K), 0.0022580 secs] [Times: user=0.00 sys=0.00, real=0.00 secs] 
52.740: [GC52.740: [DefNew: 447K->63K(448K), 0.0016020 secs] 616460K->616275K(1048512K), 0.0016990 secs] [Times: user=0.00 sys=0.00, real=0.00 secs] 
52.752: [GC52.752: [DefNew: 447K->63K(448K), 0.0016090 secs] 616659K->616412K(1048512K), 0.0016650 secs] [Times: user=0.00 sys=0.00, real=0.00 secs] 
52.763: [GC52.763: [DefNew: 447K->63K(448K), 0.0016000 secs] 616796K->616540K(1048512K), 0.0016710 secs] [Times: user=0.00 sys=0.00, real=0.00 secs] 
52.775: [GC52.775: [DefNew: 447K->63K(448K), 0.0012330 secs] 616924K->616678K(1048512K), 0.0012970 secs] [Times: user=0.00 sys=0.00, real=0.01 secs] 
52.784: [GC52.784: [DefNew: 447K->64K(448K), 0.0008850 secs] 617062K->616768K(1048512K), 0.0009320 secs] [Times: user=0.00 sys=0.00, real=0.00 secs] 
52.794: [GC52.794: [DefNew: 448K->64K(448K), 0.0008650 secs] 617152K->616894K(1048512K), 0.0009300 secs] [Times: user=0.00 sys=0.00, real=0.00 secs] 
52.804: [GC52.805: [DefNew: 448K->63K(448K), 0.0012550 secs] 617278K->617072K(1048512K), 0.0013150 secs] [Times: user=0.00 sys=0.00, real=0.00 secs] 
52.816: [GC52.816: [DefNew: 447K->63K(448K), 0.0016710 secs] 617456K->617266K(1048512K), 0.0017790 secs] [Times: user=0.00 sys=0.00, real=0.01 secs] 
52.827: [GC52.827: [DefNew: 447K->64K(448K), 0.0027670 secs] 617650K->617437K(1048512K), 0.0028510 secs] [Times: user=0.00 sys=0.00, real=0.00 secs] 
52.839: [GC52.839: [DefNew: 447K->63K(448K), 0.0009370 secs] 617820K->617531K(1048512K), 0.0010140 secs] [Times: user=0.00 sys=0.00, real=0.00 secs] 
52.848: [GC52.848: [DefNew: 447K->63K(448K), 0.0010030 secs] 617915K->617712K(1048512K), 0.0010470 secs] [Times: user=0.00 sys=0.00, real=0.00 secs] 
52.858: [GC52.858: [DefNew: 447K->64K(448K), 0.0012300 secs] 618095K->617817K(1048512K), 0.0012810 secs] [Times: user=0.00 sys=0.00, real=0.00 secs] 
52.869: [GC52.869: [DefNew: 448K->63K(448K), 0.0009010 secs] 618201K->617963K(1048512K), 0.0009510 secs] [Times: user=0.00 sys=0.00, real=0.00 secs] 
52.879: [GC52.879: [DefNew: 447K->63K(448K), 0.0010960 secs] 618347K->618164K(1048512K), 0.0012170 secs] [Times: user=0.00 sys=0.00, real=0.00 secs] 
52.889: [GC52.889: [DefNew: 447K->64K(448K), 0.0012270 secs] 618548K->618287K(1048512K), 0.0012740 secs] [Times: user=0.00 sys=0.00, real=0.00 secs] 
52.899: [GC52.899: [DefNew: 448K->64K(448K), 0.0010390 secs] 618671K->618434K(1048512K), 0.0010910 secs] [Times: user=0.00 sys=0.00, real=0.00 secs] 
52.908: [GC52.908: [DefNew: 447K->63K(448K), 0.0013820 secs] 618817K->618543K(1048512K), 0.0014530 secs] [Times: user=0.00 sys=0.00, real=0.00 secs] 
52.920: [GC52.920: [DefNew: 447K->64K(448K), 0.0009600 secs] 618927K->618681K(1048512K), 0.0010300 secs] [Times: user=0.00 sys=0.00, real=0.00 secs] 
52.930: [GC52.930: [DefNew: 448K->63K(448K), 0.0031110 secs] 619065K->618878K(1048512K), 0.0032020 secs] [Times: user=0.00 sys=0.01, real=0.00 secs] 
52.944: [GC52.944: [DefNew: 447K->64K(448K), 0.0057870 secs] 619262K->619059K(1048512K), 0.0061550 secs] [Times: user=0.00 sys=0.00, real=0.01 secs] 
52.959: [GC52.959: [DefNew: 448K->63K(448K), 0.0029650 secs] 619443K->619289K(1048512K), 0.0031200 secs] [Times: user=0.01 sys=0.00, real=0.00 secs] 
52.973: [GC52.973: [DefNew: 447K->63K(448K), 0.0034840 secs] 619673K->619498K(1048512K), 0.0035980 secs] [Times: user=0.00 sys=0.00, real=0.01 secs] 
52.987: [GC52.987: [DefNew: 447K->64K(448K), 0.0011900 secs] 619882K->619668K(1048512K), 0.0012410 secs] [Times: user=0.00 sys=0.00, real=0.00 secs] 
52.997: [GC52.998: [DefNew: 448K->64K(448K), 0.0021860 secs] 620052K->619841K(1048512K), 0.0023260 secs] [Times: user=0.01 sys=0.00, real=0.00 secs] 
53.009: [GC53.009: [DefNew: 448K->64K(448K), 0.0024150 secs] 620225K->619975K(1048512K), 0.0025430 secs] [Times: user=0.00 sys=0.00, real=0.00 secs] 
53.020: [GC53.020: [DefNew: 447K->64K(448K), 0.0009270 secs] 620359K->620098K(1048512K), 0.0009640 secs] [Times: user=0.00 sys=0.00, real=0.00 secs] 
53.031: [GC53.031: [DefNew: 448K->63K(448K), 0.0016620 secs] 620482K->620223K(1048512K), 0.0018040 secs] [Times: user=0.00 sys=0.00, real=0.00 secs] 
53.043: [GC53.043: [DefNew: 447K->63K(448K), 0.0014930 secs] 620607K->620318K(1048512K), 0.0015680 secs] [Times: user=0.00 sys=0.00, real=0.00 secs] 
53.054: [GC53.054: [DefNew: 447K->63K(448K), 0.0007600 secs] 620702K->620407K(1048512K), 0.0007960 secs] [Times: user=0.00 sys=0.00, real=0.00 secs] 
53.065: [GC53.065: [DefNew: 447K->64K(448K), 0.0006610 secs] 620791K->620498K(1048512K), 0.0006970 secs] [Times: user=0.00 sys=0.00, real=0.00 secs] 
53.075: [GC53.075: [DefNew: 448K->64K(448K), 0.0007180 secs] 620882K->620572K(1048512K), 0.0007530 secs] [Times: user=0.00 sys=0.00, real=0.00 secs] 
53.086: [GC53.086: [DefNew: 448K->63K(448K), 0.0007470 secs] 620956K->620660K(1048512K), 0.0007820 secs] [Times: user=0.00 sys=0.00, real=0.00 secs] 
53.097: [GC53.097: [DefNew: 447K->64K(448K), 0.0006320 secs] 621043K->620738K(1048512K), 0.0006680 secs] [Times: user=0.00 sys=0.00, real=0.00 secs] 
53.105: [GC53.105: [DefNew: 448K->64K(448K), 0.0010080 secs] 621122K->620836K(1048512K), 0.0010610 secs] [Times: user=0.00 sys=0.00, real=0.01 secs] 
53.116: [GC53.116: [DefNew: 448K->63K(448K), 0.0015020 secs] 621220K->620989K(1048512K), 0.0015960 secs] [Times: user=0.00 sys=0.00, real=0.00 secs] 
53.127: [GC53.127: [DefNew: 447K->64K(448K), 0.0018780 secs] 621373K->621127K(1048512K), 0.0019670 secs] [Times: user=0.00 sys=0.00, real=0.00 secs] 
53.138: [GC53.139: [DefNew: 448K->63K(448K), 0.0036030 secs] 621511K->621311K(1048512K), 0.0037640 secs] [Times: user=0.00 sys=0.00, real=0.00 secs] 
53.153: [GC53.153: [DefNew: 447K->63K(448K), 0.0046840 secs] 621695K->621516K(1048512K), 0.0048480 secs] [Times: user=0.00 sys=0.01, real=0.01 secs] 
53.167: [GC53.167: [DefNew: 447K->63K(448K), 0.0020000 secs] 621900K->621751K(1048512K), 0.0020810 secs] [Times: user=0.01 sys=0.00, real=0.00 secs] 
53.179: [GC53.179: [DefNew: 447K->63K(448K), 0.0023210 secs] 622135K->621959K(1048512K), 0.0024210 secs] [Times: user=0.00 sys=0.00, real=0.00 secs] 
53.191: [GC53.191: [DefNew: 447K->63K(448K), 0.0016750 secs] 622343K->622057K(1048512K), 0.0017730 secs] [Times: user=0.00 sys=0.00, real=0.00 secs] 
53.202: [GC53.202: [DefNew: 447K->63K(448K), 0.0007230 secs] 622441K->622147K(1048512K), 0.0007550 secs] [Times: user=0.00 sys=0.00, real=0.00 secs] 
53.213: [GC53.213: [DefNew: 447K->63K(448K), 0.0007830 secs] 622531K->622269K(1048512K), 0.0009210 secs] [Times: user=0.00 sys=0.00, real=0.00 secs] 
53.223: [GC53.223: [DefNew: 447K->63K(448K), 0.0007180 secs] 622653K->622353K(1048512K), 0.0007540 secs] [Times: user=0.00 sys=0.00, real=0.00 secs] 
53.233: [GC53.233: [DefNew: 447K->64K(448K), 0.0006430 secs] 622737K->622440K(1048512K), 0.0006760 secs] [Times: user=0.01 sys=0.00, real=0.00 secs] 
53.243: [GC53.243: [DefNew: 447K->63K(448K), 0.0009640 secs] 622824K->622524K(1048512K), 0.0010220 secs] [Times: user=0.00 sys=0.00, real=0.00 secs] 
53.252: [GC53.252: [DefNew: 447K->64K(448K), 0.0006400 secs] 622908K->622602K(1048512K), 0.0006750 secs] [Times: user=0.00 sys=0.00, real=0.00 secs] 
53.263: [GC53.263: [DefNew: 448K->64K(448K), 0.0006600 secs] 622986K->622684K(1048512K), 0.0006970 secs] [Times: user=0.00 sys=0.00, real=0.00 secs] 
53.273: [GC53.274: [DefNew: 448K->63K(448K), 0.0010390 secs] 623068K->622773K(1048512K), 0.0010920 secs] [Times: user=0.00 sys=0.00, real=0.00 secs] 
53.284: [GC53.284: [DefNew: 447K->63K(448K), 0.0012890 secs] 623157K->622909K(1048512K), 0.0013870 secs] [Times: user=0.00 sys=0.00, real=0.00 secs] 
53.295: [GC53.295: [DefNew: 447K->63K(448K), 0.0016010 secs] 623293K->623038K(1048512K), 0.0016790 secs] [Times: user=0.00 sys=0.00, real=0.01 secs] 
53.306: [GC53.306: [DefNew: 447K->63K(448K), 0.0007390 secs] 623422K->623138K(1048512K), 0.0007770 secs] [Times: user=0.01 sys=0.00, real=0.01 secs] 
53.316: [GC53.316: [DefNew: 447K->63K(448K), 0.0006810 secs] 623521K->623223K(1048512K), 0.0007130 secs] [Times: user=0.00 sys=0.00, real=0.01 secs] 
53.327: [GC53.327: [DefNew: 447K->63K(448K), 0.0006670 secs] 623607K->623301K(1048512K), 0.0007090 secs] [Times: user=0.00 sys=0.00, real=0.00 secs] 
53.335: [GC53.335: [DefNew: 447K->63K(448K), 0.0006140 secs] 623685K->623383K(1048512K), 0.0006500 secs] [Times: user=0.00 sys=0.00, real=0.00 secs] 
53.346: [GC53.346: [DefNew: 447K->64K(448K), 0.0008240 secs] 623767K->623458K(1048512K), 0.0009180 secs] [Times: user=0.00 sys=0.00, real=0.01 secs] 
53.356: [GC53.356: [DefNew: 448K->64K(448K), 0.0023020 secs] 623842K->623700K(1048512K), 0.0024190 secs] [Times: user=0.00 sys=0.00, real=0.01 secs] 
53.368: [GC53.369: [DefNew: 447K->64K(448K), 0.0010850 secs] 624084K->623837K(1048512K), 0.0011200 secs] [Times: user=0.00 sys=0.00, real=0.00 secs] 
53.379: [GC53.379: [DefNew: 448K->63K(448K), 0.0013530 secs] 624221K->623934K(1048512K), 0.0014290 secs] [Times: user=0.01 sys=0.00, real=0.00 secs] 
53.390: [GC53.390: [DefNew: 447K->64K(448K), 0.0012450 secs] 624318K->624067K(1048512K), 0.0012950 secs] [Times: user=0.00 sys=0.00, real=0.00 secs] 
53.400: [GC53.400: [DefNew: 448K->63K(448K), 0.0014360 secs] 624451K->624194K(1048512K), 0.0014860 secs] [Times: user=0.00 sys=0.00, real=0.00 secs] 
53.411: [GC53.411: [DefNew: 447K->64K(448K), 0.0014080 secs] 624577K->624318K(1048512K), 0.0014800 secs] [Times: user=0.00 sys=0.00, real=0.00 secs] 
53.423: [GC53.423: [DefNew: 448K->64K(448K), 0.0013070 secs] 624702K->624434K(1048512K), 0.0013610 secs] [Times: user=0.00 sys=0.00, real=0.00 secs] 
53.434: [GC53.434: [DefNew: 448K->63K(448K), 0.0016710 secs] 624818K->624584K(1048512K), 0.0017380 secs] [Times: user=0.01 sys=0.00, real=0.00 secs] 
53.446: [GC53.446: [DefNew: 447K->63K(448K), 0.0013670 secs] 624968K->624708K(1048512K), 0.0014170 secs] [Times: user=0.00 sys=0.00, real=0.00 secs] 
53.458: [GC53.458: [DefNew: 447K->63K(448K), 0.0017020 secs] 625092K->624854K(1048512K), 0.0017680 secs] [Times: user=0.00 sys=0.00, real=0.00 secs] 
53.469: [GC53.469: [DefNew: 447K->64K(448K), 0.0013680 secs] 625238K->624978K(1048512K), 0.0014220 secs] [Times: user=0.00 sys=0.00, real=0.00 secs] 
53.480: [GC53.480: [DefNew: 448K->63K(448K), 0.0013180 secs] 625362K->625119K(1048512K), 0.0013820 secs] [Times: user=0.00 sys=0.00, real=0.00 secs] 
53.491: [GC53.491: [DefNew: 447K->63K(448K), 0.0013830 secs] 625503K->625254K(1048512K), 0.0014410 secs] [Times: user=0.00 sys=0.00, real=0.00 secs] 
53.503: [GC53.503: [DefNew: 447K->63K(448K), 0.0013080 secs] 625638K->625373K(1048512K), 0.0013650 secs] [Times: user=0.00 sys=0.00, real=0.00 secs] 
53.514: [GC53.514: [DefNew: 447K->64K(448K), 0.0016090 secs] 625757K->625504K(1048512K), 0.0016760 secs] [Times: user=0.00 sys=0.00, real=0.00 secs] 
53.526: [GC53.526: [DefNew: 448K->63K(448K), 0.0013690 secs] 625888K->625640K(1048512K), 0.0014310 secs] [Times: user=0.00 sys=0.00, real=0.01 secs] 
53.538: [GC53.538: [DefNew: 447K->63K(448K), 0.0016980 secs] 626023K->625784K(1048512K), 0.0017670 secs] [Times: user=0.00 sys=0.00, real=0.00 secs] 
53.548: [GC53.548: [DefNew: 447K->63K(448K), 0.0014330 secs] 626168K->625907K(1048512K), 0.0014870 secs] [Times: user=0.00 sys=0.00, real=0.00 secs] 
53.559: [GC53.559: [DefNew: 447K->63K(448K), 0.0033370 secs] 626291K->626067K(1048512K), 0.0034910 secs] [Times: user=0.01 sys=0.00, real=0.00 secs] 
53.572: [GC53.572: [DefNew: 447K->64K(448K), 0.0009120 secs] 626451K->626210K(1048512K), 0.0009510 secs] [Times: user=0.00 sys=0.00, real=0.00 secs] 
53.582: [GC53.582: [DefNew: 448K->64K(448K), 0.0008830 secs] 626594K->626327K(1048512K), 0.0009150 secs] [Times: user=0.00 sys=0.00, real=0.00 secs] 
53.593: [GC53.593: [DefNew: 448K->63K(448K), 0.0007620 secs] 626711K->626406K(1048512K), 0.0007990 secs] [Times: user=0.00 sys=0.00, real=0.00 secs] 
53.604: [GC53.604: [DefNew: 447K->63K(448K), 0.0007390 secs] 626790K->626500K(1048512K), 0.0007750 secs] [Times: user=0.00 sys=0.00, real=0.00 secs] 
53.614: [GC53.614: [DefNew: 447K->63K(448K), 0.0006390 secs] 626884K->626578K(1048512K), 0.0006750 secs] [Times: user=0.00 sys=0.00, real=0.00 secs] 
53.623: [GC53.623: [DefNew: 447K->64K(448K), 0.0006730 secs] 626961K->626659K(1048512K), 0.0007070 secs] [Times: user=0.00 sys=0.00, real=0.00 secs] 
53.634: [GC53.634: [DefNew: 448K->63K(448K), 0.0008830 secs] 627043K->626738K(1048512K), 0.0009280 secs] [Times: user=0.00 sys=0.00, real=0.00 secs] 
53.645: [GC53.645: [DefNew: 447K->63K(448K), 0.0006600 secs] 627122K->626822K(1048512K), 0.0006960 secs] [Times: user=0.00 sys=0.00, real=0.00 secs] 
53.655: [GC53.655: [DefNew: 447K->64K(448K), 0.0007540 secs] 627206K->626912K(1048512K), 0.0007890 secs] [Times: user=0.00 sys=0.00, real=0.00 secs] 
53.666: [GC53.666: [DefNew: 448K->64K(448K), 0.0007770 secs] 627296K->626988K(1048512K), 0.0008230 secs] [Times: user=0.00 sys=0.00, real=0.01 secs] 
53.676: [GC53.676: [DefNew: 448K->64K(448K), 0.0006250 secs] 627372K->627065K(1048512K), 0.0006620 secs] [Times: user=0.00 sys=0.00, real=0.01 secs] 
53.687: [GC53.687: [DefNew: 448K->63K(448K), 0.0006550 secs] 627449K->627142K(1048512K), 0.0006990 secs] [Times: user=0.00 sys=0.00, real=0.00 secs] 
53.698: [GC53.698: [DefNew: 447K->63K(448K), 0.0011350 secs] 627526K->627234K(1048512K), 0.0011870 secs] [Times: user=0.00 sys=0.00, real=0.00 secs] 
53.709: [GC53.709: [DefNew: 447K->63K(448K), 0.0012820 secs] 627618K->627365K(1048512K), 0.0013330 secs] [Times: user=0.00 sys=0.00, real=0.00 secs] 
53.720: [GC53.721: [DefNew: 447K->64K(448K), 0.0014640 secs] 627749K->627482K(1048512K), 0.0015240 secs] [Times: user=0.01 sys=0.01, real=0.00 secs] 
53.731: [GC53.731: [DefNew: 448K->63K(448K), 0.0013260 secs] 627866K->627620K(1048512K), 0.0013780 secs] [Times: user=0.00 sys=0.00, real=0.00 secs] 
53.743: [GC53.743: [DefNew: 447K->63K(448K), 0.0012980 secs] 628004K->627735K(1048512K), 0.0013530 secs] [Times: user=0.00 sys=0.00, real=0.00 secs] 
53.754: [GC53.754: [DefNew: 447K->63K(448K), 0.0012770 secs] 628119K->627866K(1048512K), 0.0013290 secs] [Times: user=0.00 sys=0.00, real=0.00 secs] 
53.765: [GC53.765: [DefNew: 447K->63K(448K), 0.0014820 secs] 628250K->627990K(1048512K), 0.0015610 secs] [Times: user=0.00 sys=0.00, real=0.01 secs] 
53.777: [GC53.777: [DefNew: 447K->64K(448K), 0.0023210 secs] 628374K->628206K(1048512K), 0.0024250 secs] [Times: user=0.01 sys=0.00, real=0.00 secs] 
53.789: [GC53.789: [DefNew: 448K->64K(448K), 0.0009000 secs] 628590K->628315K(1048512K), 0.0009350 secs] [Times: user=0.00 sys=0.00, real=0.00 secs] 
53.800: [GC53.800: [DefNew: 448K->63K(448K), 0.0008540 secs] 628699K->628432K(1048512K), 0.0008900 secs] [Times: user=0.00 sys=0.00, real=0.00 secs] 
53.809: [GC53.809: [DefNew: 447K->63K(448K), 0.0007820 secs] 628816K->628523K(1048512K), 0.0008280 secs] [Times: user=0.00 sys=0.00, real=0.00 secs] 
53.819: [GC53.819: [DefNew: 447K->63K(448K), 0.0006480 secs] 628907K->628599K(1048512K), 0.0006810 secs] [Times: user=0.00 sys=0.00, real=0.00 secs] 
53.830: [GC53.830: [DefNew: 447K->63K(448K), 0.0006850 secs] 628983K->628684K(1048512K), 0.0007180 secs] [Times: user=0.00 sys=0.00, real=0.00 secs] 
53.841: [GC53.841: [DefNew: 447K->64K(448K), 0.0006870 secs] 629068K->628768K(1048512K), 0.0007210 secs] [Times: user=0.00 sys=0.00, real=0.00 secs] 
53.852: [GC53.852: [DefNew: 448K->63K(448K), 0.0006740 secs] 629152K->628853K(1048512K), 0.0007220 secs] [Times: user=0.00 sys=0.00, real=0.00 secs] 
53.863: [GC53.863: [DefNew: 447K->63K(448K), 0.0011540 secs] 629237K->628939K(1048512K), 0.0012090 secs] [Times: user=0.01 sys=0.00, real=0.00 secs] 
53.874: [GC53.874: [DefNew: 447K->63K(448K), 0.0006570 secs] 629322K->629028K(1048512K), 0.0006920 secs] [Times: user=0.00 sys=0.00, real=0.00 secs] 
53.884: [GC53.884: [DefNew: 447K->63K(448K), 0.0006790 secs] 629412K->629098K(1048512K), 0.0007140 secs] [Times: user=0.00 sys=0.00, real=0.00 secs] 
53.895: [GC53.895: [DefNew: 447K->63K(448K), 0.0006530 secs] 629482K->629179K(1048512K), 0.0006860 secs] [Times: user=0.00 sys=0.00, real=0.00 secs] 
53.906: [GC53.906: [DefNew: 447K->64K(448K), 0.0012510 secs] 629563K->629297K(1048512K), 0.0013020 secs] [Times: user=0.00 sys=0.00, real=0.01 secs] 
53.916: [GC53.916: [DefNew: 448K->63K(448K), 0.0013370 secs] 629681K->629424K(1048512K), 0.0013920 secs] [Times: user=0.00 sys=0.00, real=0.01 secs] 
53.927: [GC53.927: [DefNew: 447K->64K(448K), 0.0015710 secs] 629808K->629572K(1048512K), 0.0016350 secs] [Times: user=0.00 sys=0.00, real=0.00 secs] 
53.939: [GC53.939: [DefNew: 447K->63K(448K), 0.0013980 secs] 629956K->629697K(1048512K), 0.0014540 secs] [Times: user=0.01 sys=0.00, real=0.00 secs] 
53.951: [GC53.951: [DefNew: 447K->63K(448K), 0.0015870 secs] 630081K->629828K(1048512K), 0.0016680 secs] [Times: user=0.00 sys=0.00, real=0.00 secs] 
53.963: [GC53.963: [DefNew: 447K->63K(448K), 0.0013750 secs] 630212K->629960K(1048512K), 0.0014310 secs] [Times: user=0.00 sys=0.00, real=0.00 secs] 
53.975: [GC53.975: [DefNew: 447K->63K(448K), 0.0015320 secs] 630344K->630106K(1048512K), 0.0015970 secs] [Times: user=0.00 sys=0.00, real=0.01 secs] 
53.985: [GC53.985: [DefNew: 447K->63K(448K), 0.0013560 secs] 630490K->630231K(1048512K), 0.0014070 secs] [Times: user=0.00 sys=0.00, real=0.01 secs] 
53.997: [GC53.997: [DefNew: 447K->64K(448K), 0.0014490 secs] 630615K->630367K(1048512K), 0.0015000 secs] [Times: user=0.01 sys=0.00, real=0.00 secs] 
54.009: [GC54.009: [DefNew: 448K->63K(448K), 0.0013560 secs] 630751K->630496K(1048512K), 0.0014210 secs] [Times: user=0.00 sys=0.00, real=0.00 secs] 
54.020: [GC54.020: [DefNew: 447K->63K(448K), 0.0006910 secs] 630880K->630571K(1048512K), 0.0007250 secs] [Times: user=0.00 sys=0.01, real=0.00 secs] 
54.031: [GC54.031: [DefNew: 447K->63K(448K), 0.0007420 secs] 630955K->630652K(1048512K), 0.0007930 secs] [Times: user=0.00 sys=0.00, real=0.00 secs] 
54.042: [GC54.042: [DefNew: 447K->63K(448K), 0.0012140 secs] 631036K->630749K(1048512K), 0.0012650 secs] [Times: user=0.00 sys=0.00, real=0.00 secs] 
54.054: [GC54.054: [DefNew: 447K->64K(448K), 0.0013340 secs] 631133K->630874K(1048512K), 0.0013850 secs] [Times: user=0.00 sys=0.00, real=0.00 secs] 
54.064: [GC54.064: [DefNew: 448K->64K(448K), 0.0014110 secs] 631258K->630995K(1048512K), 0.0014880 secs] [Times: user=0.01 sys=0.00, real=0.00 secs] 
54.074: [GC54.074: [DefNew: 448K->63K(448K), 0.0017110 secs] 631379K->631153K(1048512K), 0.0017850 secs] [Times: user=0.00 sys=0.00, real=0.00 secs] 
54.086: [GC54.086: [DefNew: 447K->64K(448K), 0.0010970 secs] 631537K->631368K(1048512K), 0.0011330 secs] [Times: user=0.00 sys=0.00, real=0.01 secs] 
54.097: [GC54.097: [DefNew: 448K->63K(448K), 0.0016460 secs] 631752K->631479K(1048512K), 0.0017170 secs] [Times: user=0.00 sys=0.00, real=0.00 secs] 
54.108: [GC54.108: [DefNew: 447K->64K(448K), 0.0012930 secs] 631863K->631578K(1048512K), 0.0013590 secs] [Times: user=0.00 sys=0.00, real=0.00 secs] 
54.119: [GC54.119: [DefNew: 448K->63K(448K), 0.0010440 secs] 631962K->631736K(1048512K), 0.0011000 secs] [Times: user=0.00 sys=0.00, real=0.00 secs] 
54.129: [GC54.129: [DefNew: 447K->63K(448K), 0.0016690 secs] 632120K->631863K(1048512K), 0.0017550 secs] [Times: user=0.00 sys=0.00, real=0.00 secs] 
54.140: [GC54.140: [DefNew: 447K->63K(448K), 0.0031570 secs] 632247K->632048K(1048512K), 0.0033240 secs] [Times: user=0.00 sys=0.00, real=0.00 secs] 
54.152: [GC54.152: [DefNew: 447K->63K(448K), 0.0037470 secs] 632432K->632240K(1048512K), 0.0039840 secs] [Times: user=0.00 sys=0.00, real=0.00 secs] 
54.167: [GC54.167: [DefNew: 447K->63K(448K), 0.0020280 secs] 632624K->632492K(1048512K), 0.0021320 secs] [Times: user=0.00 sys=0.00, real=0.00 secs] 
54.179: [GC54.179: [DefNew: 447K->64K(448K), 0.0012910 secs] 632876K->632654K(1048512K), 0.0013810 secs] [Times: user=0.00 sys=0.00, real=0.00 secs] 
54.189: [GC54.189: [DefNew: 448K->63K(448K), 0.0008340 secs] 633038K->632744K(1048512K), 0.0008730 secs] [Times: user=0.00 sys=0.00, real=0.00 secs] 
54.199: [GC54.199: [DefNew: 447K->63K(448K), 0.0007260 secs] 633128K->632844K(1048512K), 0.0007700 secs] [Times: user=0.00 sys=0.00, real=0.00 secs] 
54.209: [GC54.209: [DefNew: 447K->64K(448K), 0.0007270 secs] 633228K->632927K(1048512K), 0.0007740 secs] [Times: user=0.00 sys=0.00, real=0.00 secs] 
54.218: [GC54.218: [DefNew: 447K->63K(448K), 0.0006830 secs] 633311K->633021K(1048512K), 0.0007270 secs] [Times: user=0.00 sys=0.00, real=0.00 secs] 
54.228: [GC54.228: [DefNew: 447K->63K(448K), 0.0007220 secs] 633405K->633119K(1048512K), 0.0007620 secs] [Times: user=0.01 sys=0.00, real=0.00 secs] 
54.237: [GC54.238: [DefNew: 447K->64K(448K), 0.0007490 secs] 633503K->633202K(1048512K), 0.0007910 secs] [Times: user=0.00 sys=0.00, real=0.00 secs] 
54.248: [GC54.248: [DefNew: 448K->64K(448K), 0.0006960 secs] 633586K->633302K(1048512K), 0.0007450 secs] [Times: user=0.00 sys=0.00, real=0.00 secs] 
54.257: [GC54.257: [DefNew: 447K->63K(448K), 0.0006640 secs] 633686K->633381K(1048512K), 0.0007000 secs] [Times: user=0.00 sys=0.00, real=0.00 secs] 
54.267: [GC54.267: [DefNew: 447K->64K(448K), 0.0006650 secs] 633765K->633476K(1048512K), 0.0007090 secs] [Times: user=0.00 sys=0.00, real=0.00 secs] 
54.277: [GC54.277: [DefNew: 448K->63K(448K), 0.0008640 secs] 633860K->633567K(1048512K), 0.0009300 secs] [Times: user=0.00 sys=0.00, real=0.00 secs] 
54.290: [GC54.290: [DefNew: 447K->63K(448K), 0.0061560 secs] 633951K->633766K(1048512K), 0.0064030 secs] [Times: user=0.00 sys=0.01, real=0.01 secs] 
54.308: [GC54.308: [DefNew: 447K->63K(448K), 0.0013450 secs] 634150K->633886K(1048512K), 0.0014440 secs] [Times: user=0.00 sys=0.00, real=0.00 secs] 
54.317: [GC54.317: [DefNew: 447K->63K(448K), 0.0007910 secs] 634269K->633997K(1048512K), 0.0008350 secs] [Times: user=0.00 sys=0.00, real=0.00 secs] 
54.327: [GC54.327: [DefNew: 447K->63K(448K), 0.0007270 secs] 634381K->634080K(1048512K), 0.0007780 secs] [Times: user=0.00 sys=0.00, real=0.00 secs] 
54.337: [GC54.337: [DefNew: 447K->64K(448K), 0.0006750 secs] 634464K->634168K(1048512K), 0.0007210 secs] [Times: user=0.00 sys=0.00, real=0.00 secs] 
54.347: [GC54.347: [DefNew: 448K->64K(448K), 0.0007330 secs] 634552K->634248K(1048512K), 0.0007810 secs] [Times: user=0.00 sys=0.00, real=0.00 secs] 
54.357: [GC54.357: [DefNew: 447K->63K(448K), 0.0007400 secs] 634632K->634349K(1048512K), 0.0007850 secs] [Times: user=0.00 sys=0.00, real=0.00 secs] 
54.367: [GC54.367: [DefNew: 447K->63K(448K), 0.0006430 secs] 634733K->634433K(1048512K), 0.0006790 secs] [Times: user=0.00 sys=0.00, real=0.00 secs] 
54.377: [GC54.377: [DefNew: 447K->63K(448K), 0.0006820 secs] 634817K->634522K(1048512K), 0.0007270 secs] [Times: user=0.00 sys=0.00, real=0.00 secs] 
54.387: [GC54.387: [DefNew: 447K->64K(448K), 0.0006940 secs] 634906K->634629K(1048512K), 0.0007340 secs] [Times: user=0.00 sys=0.00, real=0.00 secs] 
54.396: [GC54.396: [DefNew: 448K->64K(448K), 0.0006800 secs] 635013K->634706K(1048512K), 0.0007250 secs] [Times: user=0.00 sys=0.00, real=0.00 secs] 
54.406: [GC54.406: [DefNew: 448K->64K(448K), 0.0007320 secs] 635090K->634804K(1048512K), 0.0007800 secs] [Times: user=0.00 sys=0.00, real=0.01 secs] 
54.416: [GC54.416: [DefNew: 448K->64K(448K), 0.0007040 secs] 635188K->634887K(1048512K), 0.0007450 secs] [Times: user=0.00 sys=0.00, real=0.00 secs] 
54.425: [GC54.425: [DefNew: 447K->64K(448K), 0.0006460 secs] 635270K->634973K(1048512K), 0.0006880 secs] [Times: user=0.00 sys=0.00, real=0.00 secs] 
54.435: [GC54.435: [DefNew: 447K->63K(448K), 0.0006400 secs] 635356K->635045K(1048512K), 0.0006790 secs] [Times: user=0.00 sys=0.00, real=0.00 secs] 
54.445: [GC54.445: [DefNew: 447K->63K(448K), 0.0006420 secs] 635429K->635127K(1048512K), 0.0006810 secs] [Times: user=0.00 sys=0.00, real=0.00 secs] 
54.455: [GC54.455: [DefNew: 447K->63K(448K), 0.0007000 secs] 635511K->635219K(1048512K), 0.0007310 secs] [Times: user=0.00 sys=0.00, real=0.00 secs] 
54.466: [GC54.466: [DefNew: 447K->63K(448K), 0.0006170 secs] 635603K->635289K(1048512K), 0.0006500 secs] [Times: user=0.00 sys=0.00, real=0.01 secs] 
54.476: [GC54.476: [DefNew: 447K->64K(448K), 0.0006480 secs] 635673K->635371K(1048512K), 0.0006830 secs] [Times: user=0.00 sys=0.00, real=0.01 secs] 
54.487: [GC54.487: [DefNew: 447K->64K(448K), 0.0006230 secs] 635755K->635449K(1048512K), 0.0006610 secs] [Times: user=0.00 sys=0.00, real=0.00 secs] 
54.497: [GC54.497: [DefNew: 448K->63K(448K), 0.0007890 secs] 635833K->635533K(1048512K), 0.0008290 secs] [Times: user=0.01 sys=0.00, real=0.00 secs] 
54.508: [GC54.509: [DefNew: 447K->64K(448K), 0.0012650 secs] 635917K->635643K(1048512K), 0.0013160 secs] [Times: user=0.00 sys=0.00, real=0.00 secs] 
54.520: [GC54.520: [DefNew: 448K->63K(448K), 0.0013260 secs] 636027K->635784K(1048512K), 0.0013890 secs] [Times: user=0.00 sys=0.00, real=0.00 secs] 
54.530: [GC54.530: [DefNew: 447K->64K(448K), 0.0013870 secs] 636168K->635898K(1048512K), 0.0014380 secs] [Times: user=0.00 sys=0.00, real=0.00 secs] 
54.542: [GC54.542: [DefNew: 448K->64K(448K), 0.0016270 secs] 636282K->636038K(1048512K), 0.0016970 secs] [Times: user=0.00 sys=0.00, real=0.00 secs] 
54.554: [GC54.554: [DefNew: 448K->64K(448K), 0.0014580 secs] 636422K->636171K(1048512K), 0.0015080 secs] [Times: user=0.01 sys=0.00, real=0.00 secs] 
54.565: [GC54.565: [DefNew: 448K->63K(448K), 0.0017510 secs] 636555K->636310K(1048512K), 0.0018180 secs] [Times: user=0.00 sys=0.00, real=0.01 secs] 
54.577: [GC54.577: [DefNew: 447K->64K(448K), 0.0013620 secs] 636694K->636440K(1048512K), 0.0014170 secs] [Times: user=0.00 sys=0.00, real=0.00 secs] 
54.588: [GC54.588: [DefNew: 448K->63K(448K), 0.0021620 secs] 636824K->636575K(1048512K), 0.0022330 secs] [Times: user=0.00 sys=0.00, real=0.00 secs] 
54.601: [GC54.601: [DefNew: 447K->63K(448K), 0.0010510 secs] 636959K->636771K(1048512K), 0.0010860 secs] [Times: user=0.00 sys=0.00, real=0.00 secs] 
54.610: [GC54.610: [DefNew: 447K->63K(448K), 0.0019470 secs] 637155K->636870K(1048512K), 0.0020320 secs] [Times: user=0.01 sys=0.00, real=0.00 secs] 
54.622: [GC54.622: [DefNew: 447K->63K(448K), 0.0007790 secs] 637254K->636969K(1048512K), 0.0008360 secs] [Times: user=0.00 sys=0.00, real=0.00 secs] 
54.632: [GC54.632: [DefNew: 447K->63K(448K), 0.0006950 secs] 637353K->637054K(1048512K), 0.0007310 secs] [Times: user=0.00 sys=0.00, real=0.00 secs] 
54.643: [GC54.643: [DefNew: 447K->64K(448K), 0.0011740 secs] 637438K->637165K(1048512K), 0.0012330 secs] [Times: user=0.00 sys=0.00, real=0.00 secs] 
54.654: [GC54.654: [DefNew: 448K->64K(448K), 0.0015290 secs] 637549K->637325K(1048512K), 0.0015830 secs] [Times: user=0.00 sys=0.00, real=0.00 secs] 
54.666: [GC54.666: [DefNew: 447K->63K(448K), 0.0013950 secs] 637709K->637451K(1048512K), 0.0014470 secs] [Times: user=0.00 sys=0.00, real=0.01 secs] 
54.677: [GC54.677: [DefNew: 447K->64K(448K), 0.0017480 secs] 637835K->637594K(1048512K), 0.0018260 secs] [Times: user=0.00 sys=0.00, real=0.00 secs] 
54.688: [GC54.688: [DefNew: 447K->63K(448K), 0.0022710 secs] 637977K->637801K(1048512K), 0.0024070 secs] [Times: user=0.00 sys=0.00, real=0.00 secs] 
54.700: [GC54.700: [DefNew: 447K->64K(448K), 0.0014790 secs] 638185K->637945K(1048512K), 0.0015540 secs] [Times: user=0.00 sys=0.00, real=0.00 secs] 
54.710: [GC54.710: [DefNew: 447K->63K(448K), 0.0014420 secs] 638329K->638055K(1048512K), 0.0015020 secs] [Times: user=0.00 sys=0.00, real=0.00 secs] 
54.722: [GC54.722: [DefNew: 447K->64K(448K), 0.0007200 secs] 638439K->638121K(1048512K), 0.0007550 secs] [Times: user=0.00 sys=0.00, real=0.00 secs] 
54.732: [GC54.732: [DefNew: 448K->63K(448K), 0.0006250 secs] 638505K->638206K(1048512K), 0.0006640 secs] [Times: user=0.00 sys=0.00, real=0.00 secs] 
54.743: [GC54.743: [DefNew: 447K->63K(448K), 0.0006290 secs] 638590K->638284K(1048512K), 0.0006660 secs] [Times: user=0.00 sys=0.00, real=0.00 secs] 
54.753: [GC54.753: [DefNew: 447K->63K(448K), 0.0006370 secs] 638668K->638368K(1048512K), 0.0006710 secs] [Times: user=0.00 sys=0.00, real=0.00 secs] 
54.764: [GC54.764: [DefNew: 447K->63K(448K), 0.0007850 secs] 638752K->638454K(1048512K), 0.0008320 secs] [Times: user=0.00 sys=0.00, real=0.00 secs] 
54.775: [GC54.775: [DefNew: 447K->63K(448K), 0.0006960 secs] 638838K->638538K(1048512K), 0.0007300 secs] [Times: user=0.00 sys=0.00, real=0.00 secs] 
54.784: [GC54.784: [DefNew: 447K->63K(448K), 0.0006970 secs] 638922K->638625K(1048512K), 0.0007300 secs] [Times: user=0.00 sys=0.00, real=0.00 secs] 
54.796: [GC54.796: [DefNew: 447K->63K(448K), 0.0016160 secs] 639009K->638762K(1048512K), 0.0016930 secs] [Times: user=0.00 sys=0.00, real=0.01 secs] 
54.808: [GC54.808: [DefNew: 447K->64K(448K), 0.0019320 secs] 639146K->639012K(1048512K), 0.0020360 secs] [Times: user=0.00 sys=0.00, real=0.00 secs] 
54.819: [GC54.819: [DefNew: 448K->63K(448K), 0.0011340 secs] 639396K->639140K(1048512K), 0.0011770 secs] [Times: user=0.01 sys=0.00, real=0.00 secs] 
54.831: [GC54.831: [DefNew: 447K->64K(448K), 0.0014770 secs] 639524K->639223K(1048512K), 0.0015470 secs] [Times: user=0.00 sys=0.00, real=0.00 secs] 
54.842: [GC54.842: [DefNew: 448K->64K(448K), 0.0012140 secs] 639607K->639351K(1048512K), 0.0012690 secs] [Times: user=0.00 sys=0.00, real=0.00 secs] 
54.853: [GC54.853: [DefNew: 447K->64K(448K), 0.0014210 secs] 639735K->639501K(1048512K), 0.0014880 secs] [Times: user=0.00 sys=0.00, real=0.00 secs] 
54.864: [GC54.865: [DefNew: 448K->63K(448K), 0.0014630 secs] 639885K->639638K(1048512K), 0.0015170 secs] [Times: user=0.00 sys=0.00, real=0.00 secs] 
54.876: [GC54.876: [DefNew: 447K->63K(448K), 0.0016190 secs] 640022K->639786K(1048512K), 0.0016950 secs] [Times: user=0.01 sys=0.00, real=0.01 secs] 
54.888: [GC54.888: [DefNew: 447K->63K(448K), 0.0016450 secs] 640170K->639932K(1048512K), 0.0017100 secs] [Times: user=0.00 sys=0.00, real=0.00 secs] 
54.899: [GC54.899: [DefNew: 447K->63K(448K), 0.0016100 secs] 640316K->640063K(1048512K), 0.0016740 secs] [Times: user=0.00 sys=0.00, real=0.00 secs] 
54.911: [GC54.911: [DefNew: 447K->64K(448K), 0.0014710 secs] 640447K->640209K(1048512K), 0.0015260 secs] [Times: user=0.00 sys=0.00, real=0.00 secs] 
54.922: [GC54.922: [DefNew: 448K->63K(448K), 0.0015990 secs] 640593K->640356K(1048512K), 0.0016700 secs] [Times: user=0.00 sys=0.00, real=0.00 secs] 
54.934: [GC54.934: [DefNew: 447K->63K(448K), 0.0014200 secs] 640740K->640490K(1048512K), 0.0014730 secs] [Times: user=0.01 sys=0.00, real=0.00 secs] 
54.946: [GC54.946: [DefNew: 447K->63K(448K), 0.0014650 secs] 640874K->640615K(1048512K), 0.0015160 secs] [Times: user=0.00 sys=0.00, real=0.01 secs] 
54.957: [GC54.957: [DefNew: 447K->63K(448K), 0.0014570 secs] 640999K->640747K(1048512K), 0.0015090 secs] [Times: user=0.00 sys=0.00, real=0.00 secs] 
54.969: [GC54.969: [DefNew: 447K->63K(448K), 0.0015070 secs] 641131K->640889K(1048512K), 0.0015600 secs] [Times: user=0.00 sys=0.00, real=0.00 secs] 
54.980: [GC54.980: [DefNew: 447K->64K(448K), 0.0013680 secs] 641273K->641017K(1048512K), 0.0014250 secs] [Times: user=0.00 sys=0.00, real=0.00 secs] 
54.991: [GC54.991: [DefNew: 448K->64K(448K), 0.0013320 secs] 641401K->641148K(1048512K), 0.0013840 secs] [Times: user=0.01 sys=0.00, real=0.00 secs] 
55.002: [GC55.002: [DefNew: 447K->63K(448K), 0.0017460 secs] 641531K->641287K(1048512K), 0.0018300 secs] [Times: user=0.00 sys=0.00, real=0.00 secs] 
55.014: [GC55.014: [DefNew: 447K->63K(448K), 0.0013890 secs] 641671K->641503K(1048512K), 0.0014690 secs] [Times: user=0.00 sys=0.00, real=0.00 secs] 
55.025: [GC55.025: [DefNew: 447K->64K(448K), 0.0012910 secs] 641887K->641586K(1048512K), 0.0013620 secs] [Times: user=0.00 sys=0.00, real=0.01 secs] 
55.036: [GC55.036: [DefNew: 447K->63K(448K), 0.0008070 secs] 641970K->641709K(1048512K), 0.0008480 secs] [Times: user=0.00 sys=0.00, real=0.01 secs] 
55.047: [GC55.047: [DefNew: 447K->63K(448K), 0.0007570 secs] 642093K->641793K(1048512K), 0.0007900 secs] [Times: user=0.00 sys=0.00, real=0.00 secs] 
55.057: [GC55.057: [DefNew: 447K->63K(448K), 0.0007000 secs] 642177K->641881K(1048512K), 0.0007350 secs] [Times: user=0.01 sys=0.00, real=0.00 secs] 
55.067: [GC55.067: [DefNew: 447K->64K(448K), 0.0007960 secs] 642265K->641959K(1048512K), 0.0008440 secs] [Times: user=0.00 sys=0.00, real=0.00 secs] 
55.078: [GC55.078: [DefNew: 448K->63K(448K), 0.0007440 secs] 642343K->642047K(1048512K), 0.0008150 secs] [Times: user=0.00 sys=0.00, real=0.00 secs] 
55.087: [GC55.087: [DefNew: 447K->63K(448K), 0.0007250 secs] 642431K->642126K(1048512K), 0.0007590 secs] [Times: user=0.00 sys=0.00, real=0.00 secs] 
55.098: [GC55.098: [DefNew: 447K->64K(448K), 0.0011620 secs] 642510K->642213K(1048512K), 0.0012220 secs] [Times: user=0.00 sys=0.00, real=0.00 secs] 
55.109: [GC55.109: [DefNew: 448K->63K(448K), 0.0015040 secs] 642597K->642360K(1048512K), 0.0015910 secs] [Times: user=0.00 sys=0.00, real=0.00 secs] 
55.120: [GC55.120: [DefNew: 447K->63K(448K), 0.0017760 secs] 642744K->642476K(1048512K), 0.0018960 secs] [Times: user=0.00 sys=0.00, real=0.00 secs] 
55.131: [GC55.131: [DefNew: 447K->63K(448K), 0.0017210 secs] 642860K->642624K(1048512K), 0.0018000 secs] [Times: user=0.01 sys=0.00, real=0.00 secs] 
55.143: [GC55.143: [DefNew: 447K->64K(448K), 0.0020770 secs] 643008K->642834K(1048512K), 0.0022070 secs] [Times: user=0.00 sys=0.00, real=0.00 secs] 
55.154: [GC55.154: [DefNew: 448K->63K(448K), 0.0030070 secs] 643218K->643007K(1048512K), 0.0031400 secs] [Times: user=0.00 sys=0.00, real=0.01 secs] 
55.166: [GC55.166: [DefNew: 447K->64K(448K), 0.0018330 secs] 643391K->643148K(1048512K), 0.0018800 secs] [Times: user=0.00 sys=0.00, real=0.01 secs] 
55.177: [GC55.177: [DefNew: 448K->63K(448K), 0.0015780 secs] 643532K->643238K(1048512K), 0.0016520 secs] [Times: user=0.00 sys=0.00, real=0.00 secs] 
55.189: [GC55.189: [DefNew: 447K->63K(448K), 0.0007190 secs] 643622K->643344K(1048512K), 0.0007560 secs] [Times: user=0.00 sys=0.00, real=0.00 secs] 
55.200: [GC55.200: [DefNew: 447K->63K(448K), 0.0006890 secs] 643728K->643433K(1048512K), 0.0007340 secs] [Times: user=0.00 sys=0.00, real=0.00 secs] 
55.210: [GC55.210: [DefNew: 447K->64K(448K), 0.0028830 secs] 643817K->643566K(1048512K), 0.0030470 secs] [Times: user=0.00 sys=0.00, real=0.00 secs] 
55.224: [GC55.224: [DefNew: 448K->63K(448K), 0.0011330 secs] 643950K->643694K(1048512K), 0.0011940 secs] [Times: user=0.00 sys=0.00, real=0.00 secs] 
55.234: [GC55.234: [DefNew: 447K->63K(448K), 0.0009330 secs] 644078K->643806K(1048512K), 0.0009920 secs] [Times: user=0.01 sys=0.00, real=0.00 secs] 
55.245: [GC55.245: [DefNew: 447K->64K(448K), 0.0007910 secs] 644190K->643884K(1048512K), 0.0008270 secs] [Times: user=0.00 sys=0.00, real=0.00 secs] 
55.255: [GC55.255: [DefNew: 448K->64K(448K), 0.0006580 secs] 644268K->643961K(1048512K), 0.0006930 secs] [Times: user=0.00 sys=0.00, real=0.00 secs] 
55.265: [GC55.265: [DefNew: 448K->63K(448K), 0.0006840 secs] 644345K->644047K(1048512K), 0.0007190 secs] [Times: user=0.00 sys=0.00, real=0.00 secs] 
55.275: [GC55.275: [DefNew: 447K->63K(448K), 0.0007300 secs] 644431K->644128K(1048512K), 0.0007880 secs] [Times: user=0.00 sys=0.00, real=0.00 secs] 
55.286: [GC55.286: [DefNew: 447K->64K(448K), 0.0006550 secs] 644512K->644201K(1048512K), 0.0006970 secs] [Times: user=0.00 sys=0.00, real=0.01 secs] 
55.297: [GC55.297: [DefNew: 448K->64K(448K), 0.0007430 secs] 644585K->644291K(1048512K), 0.0007840 secs] [Times: user=0.00 sys=0.00, real=0.00 secs] 
55.307: [GC55.307: [DefNew: 448K->64K(448K), 0.0008080 secs] 644675K->644371K(1048512K), 0.0008620 secs] [Times: user=0.00 sys=0.00, real=0.00 secs] 
55.317: [GC55.317: [DefNew: 448K->63K(448K), 0.0006410 secs] 644755K->644460K(1048512K), 0.0006740 secs] [Times: user=0.00 sys=0.00, real=0.00 secs] 
55.328: [GC55.328: [DefNew: 447K->63K(448K), 0.0012110 secs] 644844K->644547K(1048512K), 0.0012660 secs] [Times: user=0.01 sys=0.00, real=0.00 secs] 
55.340: [GC55.340: [DefNew: 447K->63K(448K), 0.0013150 secs] 644931K->644666K(1048512K), 0.0013690 secs] [Times: user=0.00 sys=0.00, real=0.00 secs] 
55.350: [GC55.350: [DefNew: 447K->64K(448K), 0.0016610 secs] 645049K->644829K(1048512K), 0.0017200 secs] [Times: user=0.00 sys=0.00, real=0.00 secs] 
55.362: [GC55.362: [DefNew: 448K->63K(448K), 0.0015860 secs] 645213K->644968K(1048512K), 0.0016390 secs] [Times: user=0.00 sys=0.00, real=0.00 secs] 
55.374: [GC55.374: [DefNew: 447K->63K(448K), 0.0015400 secs] 645352K->645110K(1048512K), 0.0015930 secs] [Times: user=0.00 sys=0.00, real=0.00 secs] 
55.386: [GC55.386: [DefNew: 447K->64K(448K), 0.0014150 secs] 645494K->645219K(1048512K), 0.0014660 secs] [Times: user=0.01 sys=0.00, real=0.00 secs] 
55.398: [GC55.398: [DefNew: 448K->64K(448K), 0.0014120 secs] 645603K->645356K(1048512K), 0.0014630 secs] [Times: user=0.00 sys=0.00, real=0.00 secs] 
55.411: [GC55.411: [DefNew: 448K->63K(448K), 0.0015660 secs] 645740K->645486K(1048512K), 0.0016400 secs] [Times: user=0.00 sys=0.00, real=0.00 secs] 
55.423: [GC55.423: [DefNew: 447K->64K(448K), 0.0021620 secs] 645870K->645665K(1048512K), 0.0022740 secs] [Times: user=0.00 sys=0.00, real=0.00 secs] 
55.433: [GC55.433: [DefNew: 448K->64K(448K), 0.0019640 secs] 646049K->645784K(1048512K), 0.0020560 secs] [Times: user=0.01 sys=0.00, real=0.00 secs] 
55.445: [GC55.445: [DefNew: 447K->63K(448K), 0.0007580 secs] 646168K->645866K(1048512K), 0.0007920 secs] [Times: user=0.00 sys=0.00, real=0.00 secs] 
55.456: [GC55.456: [DefNew: 447K->63K(448K), 0.0010470 secs] 646250K->645931K(1048512K), 0.0010970 secs] [Times: user=0.00 sys=0.00, real=0.01 secs] 
55.467: [GC55.467: [DefNew: 447K->63K(448K), 0.0010880 secs] 646315K->646041K(1048512K), 0.0011390 secs] [Times: user=0.00 sys=0.00, real=0.00 secs] 
55.479: [GC55.479: [DefNew: 447K->63K(448K), 0.0013960 secs] 646425K->646191K(1048512K), 0.0014470 secs] [Times: user=0.00 sys=0.01, real=0.00 secs] 
55.490: [GC55.491: [DefNew: 447K->63K(448K), 0.0016100 secs] 646575K->646306K(1048512K), 0.0016850 secs] [Times: user=0.00 sys=0.00, real=0.00 secs] 
55.502: [GC55.502: [DefNew: 447K->63K(448K), 0.0013300 secs] 646690K->646440K(1048512K), 0.0013830 secs] [Times: user=0.00 sys=0.00, real=0.00 secs] 
55.514: [GC55.514: [DefNew: 447K->64K(448K), 0.0013030 secs] 646824K->646551K(1048512K), 0.0013580 secs] [Times: user=0.00 sys=0.00, real=0.00 secs] 
55.526: [GC55.526: [DefNew: 448K->63K(448K), 0.0013850 secs] 646935K->646680K(1048512K), 0.0014450 secs] [Times: user=0.00 sys=0.00, real=0.01 secs] 
55.536: [GC55.536: [DefNew: 447K->63K(448K), 0.0013880 secs] 647064K->646796K(1048512K), 0.0014370 secs] [Times: user=0.00 sys=0.00, real=0.01 secs] 
55.548: [GC55.548: [DefNew: 447K->63K(448K), 0.0018130 secs] 647180K->646931K(1048512K), 0.0018800 secs] [Times: user=0.00 sys=0.00, real=0.00 secs] 
55.558: [GC55.558: [DefNew: 447K->64K(448K), 0.0008200 secs] 647315K->647021K(1048512K), 0.0008660 secs] [Times: user=0.00 sys=0.00, real=0.00 secs] 
55.568: [GC55.568: [DefNew: 447K->64K(448K), 0.0009410 secs] 647405K->647115K(1048512K), 0.0010000 secs] [Times: user=0.01 sys=0.00, real=0.00 secs] 
55.578: [GC55.578: [DefNew: 448K->64K(448K), 0.0008710 secs] 647499K->647227K(1048512K), 0.0009320 secs] [Times: user=0.00 sys=0.00, real=0.00 secs] 
55.588: [GC55.588: [DefNew: 448K->63K(448K), 0.0012750 secs] 647611K->647363K(1048512K), 0.0013370 secs] [Times: user=0.00 sys=0.00, real=0.00 secs] 
55.599: [GC55.600: [DefNew: 447K->63K(448K), 0.0044340 secs] 647747K->647557K(1048512K), 0.0048070 secs] [Times: user=0.00 sys=0.00, real=0.00 secs] 
55.613: [GC55.613: [DefNew: 447K->63K(448K), 0.0027080 secs] 647940K->647752K(1048512K), 0.0029920 secs] [Times: user=0.01 sys=0.00, real=0.00 secs] 
55.625: [GC55.625: [DefNew: 447K->63K(448K), 0.0023350 secs] 648136K->647956K(1048512K), 0.0048460 secs] [Times: user=0.00 sys=0.00, real=0.01 secs] 
55.641: [GC55.641: [DefNew: 447K->64K(448K), 0.0031330 secs] 648340K->648168K(1048512K), 0.0032380 secs] [Times: user=0.00 sys=0.00, real=0.00 secs] 
55.654: [GC55.654: [DefNew: 448K->63K(448K), 0.0024360 secs] 648552K->648404K(1048512K), 0.0025220 secs] [Times: user=0.01 sys=0.00, real=0.01 secs] 
55.666: [GC55.666: [DefNew: 447K->63K(448K), 0.0022020 secs] 648788K->648632K(1048512K), 0.0022860 secs] [Times: user=0.00 sys=0.00, real=0.01 secs] 
55.677: [GC55.677: [DefNew: 447K->64K(448K), 0.0011530 secs] 649016K->648779K(1048512K), 0.0012000 secs] [Times: user=0.00 sys=0.00, real=0.00 secs] 
55.687: [GC55.687: [DefNew: 448K->64K(448K), 0.0009780 secs] 649163K->648891K(1048512K), 0.0010330 secs] [Times: user=0.00 sys=0.00, real=0.00 secs] 
55.697: [GC55.698: [DefNew: 448K->64K(448K), 0.0023670 secs] 649275K->649029K(1048512K), 0.0024570 secs] [Times: user=0.01 sys=0.00, real=0.00 secs] 
55.709: [GC55.709: [DefNew: 448K->64K(448K), 0.0008740 secs] 649413K->649136K(1048512K), 0.0009270 secs] [Times: user=0.00 sys=0.00, real=0.00 secs] 
55.719: [GC55.719: [DefNew: 448K->63K(448K), 0.0008600 secs] 649520K->649222K(1048512K), 0.0009070 secs] [Times: user=0.00 sys=0.00, real=0.00 secs] 
55.728: [GC55.728: [DefNew: 447K->63K(448K), 0.0006950 secs] 649606K->649297K(1048512K), 0.0007460 secs] [Times: user=0.00 sys=0.00, real=0.00 secs] 
55.737: [GC55.737: [DefNew: 447K->63K(448K), 0.0006910 secs] 649681K->649385K(1048512K), 0.0007360 secs] [Times: user=0.00 sys=0.00, real=0.00 secs] 
55.747: [GC55.747: [DefNew: 447K->63K(448K), 0.0005930 secs] 649769K->649457K(1048512K), 0.0006270 secs] [Times: user=0.00 sys=0.00, real=0.00 secs] 
55.756: [GC55.756: [DefNew: 447K->63K(448K), 0.0007960 secs] 649841K->649547K(1048512K), 0.0008430 secs] [Times: user=0.00 sys=0.00, real=0.01 secs] 
55.765: [GC55.765: [DefNew: 447K->63K(448K), 0.0006950 secs] 649931K->649632K(1048512K), 0.0007400 secs] [Times: user=0.00 sys=0.00, real=0.00 secs] 
55.774: [GC55.774: [DefNew: 447K->64K(448K), 0.0007350 secs] 650016K->649714K(1048512K), 0.0007800 secs] [Times: user=0.00 sys=0.00, real=0.00 secs] 
55.784: [GC55.784: [DefNew: 447K->63K(448K), 0.0007090 secs] 650098K->649790K(1048512K), 0.0007580 secs] [Times: user=0.00 sys=0.00, real=0.00 secs] 
55.794: [GC55.794: [DefNew: 447K->63K(448K), 0.0006330 secs] 650174K->649881K(1048512K), 0.0006710 secs] [Times: user=0.01 sys=0.00, real=0.00 secs] 
55.804: [GC55.804: [DefNew: 447K->64K(448K), 0.0008200 secs] 650265K->649958K(1048512K), 0.0008830 secs] [Times: user=0.00 sys=0.00, real=0.00 secs] 
55.813: [GC55.813: [DefNew: 448K->63K(448K), 0.0006970 secs] 650342K->650025K(1048512K), 0.0007400 secs] [Times: user=0.00 sys=0.00, real=0.00 secs] 
55.822: [GC55.822: [DefNew: 447K->63K(448K), 0.0007240 secs] 650409K->650110K(1048512K), 0.0007730 secs] [Times: user=0.00 sys=0.00, real=0.00 secs] 
55.832: [GC55.832: [DefNew: 447K->63K(448K), 0.0007330 secs] 650494K->650204K(1048512K), 0.0007840 secs] [Times: user=0.00 sys=0.00, real=0.00 secs] 
55.842: [GC55.842: [DefNew: 447K->63K(448K), 0.0006290 secs] 650588K->650280K(1048512K), 0.0006750 secs] [Times: user=0.00 sys=0.00, real=0.00 secs] 
55.851: [GC55.851: [DefNew: 447K->64K(448K), 0.0006870 secs] 650664K->650367K(1048512K), 0.0007280 secs] [Times: user=0.00 sys=0.00, real=0.00 secs] 
55.862: [GC55.862: [DefNew: 448K->63K(448K), 0.0007910 secs] 650751K->650449K(1048512K), 0.0008590 secs] [Times: user=0.00 sys=0.00, real=0.00 secs] 
55.871: [GC55.871: [DefNew: 447K->63K(448K), 0.0007020 secs] 650833K->650538K(1048512K), 0.0007480 secs] [Times: user=0.00 sys=0.00, real=0.00 secs] 
55.881: [GC55.881: [DefNew: 447K->63K(448K), 0.0007210 secs] 650922K->650630K(1048512K), 0.0007800 secs] [Times: user=0.00 sys=0.00, real=0.00 secs] 
55.890: [GC55.890: [DefNew: 447K->63K(448K), 0.0007030 secs] 651014K->650704K(1048512K), 0.0007440 secs] [Times: user=0.01 sys=0.00, real=0.00 secs] 
55.900: [GC55.901: [DefNew: 447K->63K(448K), 0.0006940 secs] 651088K->650786K(1048512K), 0.0007700 secs] [Times: user=0.00 sys=0.00, real=0.00 secs] 
55.910: [GC55.910: [DefNew: 447K->63K(448K), 0.0007100 secs] 651170K->650870K(1048512K), 0.0007560 secs] [Times: user=0.00 sys=0.00, real=0.00 secs] 
55.920: [GC55.920: [DefNew: 447K->63K(448K), 0.0007580 secs] 651254K->650956K(1048512K), 0.0008040 secs] [Times: user=0.00 sys=0.00, real=0.00 secs] 
55.929: [GC55.929: [DefNew: 447K->63K(448K), 0.0034930 secs] 651340K->651075K(1048512K), 0.0037480 secs] [Times: user=0.00 sys=0.00, real=0.00 secs] 
55.942: [GC55.943: [DefNew: 447K->64K(448K), 0.0010080 secs] 651459K->651238K(1048512K), 0.0010620 secs] [Times: user=0.00 sys=0.00, real=0.00 secs] 
55.953: [GC55.953: [DefNew: 448K->64K(448K), 0.0012220 secs] 651622K->651423K(1048512K), 0.0012790 secs] [Times: user=0.01 sys=0.00, real=0.00 secs] 
55.963: [GC55.963: [DefNew: 448K->63K(448K), 0.0009320 secs] 651807K->651513K(1048512K), 0.0010220 secs] [Times: user=0.00 sys=0.00, real=0.00 secs] 
55.972: [GC55.972: [DefNew: 447K->63K(448K), 0.0006790 secs] 651897K->651578K(1048512K), 0.0007240 secs] [Times: user=0.00 sys=0.00, real=0.00 secs] 
55.982: [GC55.982: [DefNew: 447K->64K(448K), 0.0006600 secs] 651962K->651680K(1048512K), 0.0007040 secs] [Times: user=0.00 sys=0.00, real=0.00 secs] 
55.993: [GC55.993: [DefNew: 447K->64K(448K), 0.0007310 secs] 652064K->651769K(1048512K), 0.0007640 secs] [Times: user=0.00 sys=0.00, real=0.00 secs] 
56.004: [GC56.004: [DefNew: 447K->63K(448K), 0.0007840 secs] 652153K->651848K(1048512K), 0.0008290 secs] [Times: user=0.00 sys=0.00, real=0.00 secs] 
56.014: [GC56.014: [DefNew: 447K->63K(448K), 0.0006650 secs] 652232K->651937K(1048512K), 0.0007000 secs] [Times: user=0.00 sys=0.00, real=0.00 secs] 
56.024: [GC56.024: [DefNew: 447K->64K(448K), 0.0006630 secs] 652321K->652008K(1048512K), 0.0007190 secs] [Times: user=0.00 sys=0.00, real=0.00 secs] 
56.034: [GC56.034: [DefNew: 448K->64K(448K), 0.0007990 secs] 652392K->652098K(1048512K), 0.0008440 secs] [Times: user=0.00 sys=0.00, real=0.00 secs] 
56.044: [GC56.044: [DefNew: 448K->64K(448K), 0.0013280 secs] 652482K->652219K(1048512K), 0.0013780 secs] [Times: user=0.01 sys=0.00, real=0.00 secs] 
56.056: [GC56.056: [DefNew: 448K->63K(448K), 0.0014060 secs] 652603K->652343K(1048512K), 0.0014700 secs] [Times: user=0.00 sys=0.00, real=0.01 secs] 
56.067: [GC56.067: [DefNew: 447K->64K(448K), 0.0014590 secs] 652726K->652479K(1048512K), 0.0015220 secs] [Times: user=0.00 sys=0.00, real=0.00 secs] 
56.079: [GC56.079: [DefNew: 448K->64K(448K), 0.0013180 secs] 652863K->652598K(1048512K), 0.0013810 secs] [Times: user=0.00 sys=0.00, real=0.00 secs] 
56.090: [GC56.090: [DefNew: 448K->63K(448K), 0.0013490 secs] 652982K->652739K(1048512K), 0.0014020 secs] [Times: user=0.00 sys=0.00, real=0.00 secs] 
56.102: [GC56.102: [DefNew: 447K->64K(448K), 0.0013790 secs] 653122K->652863K(1048512K), 0.0014420 secs] [Times: user=0.01 sys=0.00, real=0.00 secs] 
56.113: [GC56.113: [DefNew: 447K->63K(448K), 0.0012160 secs] 653247K->652989K(1048512K), 0.0013040 secs] [Times: user=0.00 sys=0.00, real=0.00 secs] 
56.121: [GC56.121: [DefNew: 447K->64K(448K), 0.0013930 secs] 653373K->653096K(1048512K), 0.0014700 secs] [Times: user=0.00 sys=0.00, real=0.00 secs] 
56.132: [GC56.132: [DefNew: 447K->64K(448K), 0.0017250 secs] 653480K->653243K(1048512K), 0.0017980 secs] [Times: user=0.00 sys=0.00, real=0.00 secs] 
56.152: [GC56.152: [DefNew: 448K->64K(448K), 0.0029140 secs] 653627K->653471K(1048512K), 0.0030490 secs] [Times: user=0.00 sys=0.00, real=0.00 secs] 
56.165: [GC56.165: [DefNew: 448K->63K(448K), 0.0024790 secs] 653855K->653687K(1048512K), 0.0025950 secs] [Times: user=0.00 sys=0.00, real=0.01 secs] 
56.177: [GC56.178: [DefNew: 447K->64K(448K), 0.0020800 secs] 654071K->653838K(1048512K), 0.0025410 secs] [Times: user=0.00 sys=0.00, real=0.00 secs] 
56.188: [GC56.188: [DefNew: 448K->63K(448K), 0.0008290 secs] 654222K->653957K(1048512K), 0.0008670 secs] [Times: user=0.00 sys=0.00, real=0.00 secs] 
56.198: [GC56.198: [DefNew: 447K->63K(448K), 0.0009050 secs] 654341K->654046K(1048512K), 0.0009630 secs] [Times: user=0.00 sys=0.00, real=0.00 secs] 
56.208: [GC56.208: [DefNew: 447K->64K(448K), 0.0008040 secs] 654430K->654146K(1048512K), 0.0008580 secs] [Times: user=0.00 sys=0.00, real=0.00 secs] 
56.218: [GC56.218: [DefNew: 448K->64K(448K), 0.0007260 secs] 654530K->654228K(1048512K), 0.0007690 secs] [Times: user=0.00 sys=0.00, real=0.00 secs] 
56.229: [GC56.229: [DefNew: 448K->63K(448K), 0.0006940 secs] 654612K->654314K(1048512K), 0.0007260 secs] [Times: user=0.01 sys=0.00, real=0.00 secs] 
56.239: [GC56.239: [DefNew: 447K->63K(448K), 0.0007460 secs] 654698K->654408K(1048512K), 0.0007800 secs] [Times: user=0.00 sys=0.00, real=0.00 secs] 
56.250: [GC56.250: [DefNew: 447K->64K(448K), 0.0006740 secs] 654792K->654495K(1048512K), 0.0007090 secs] [Times: user=0.00 sys=0.00, real=0.00 secs] 
56.260: [GC56.260: [DefNew: 448K->63K(448K), 0.0006760 secs] 654879K->654578K(1048512K), 0.0007160 secs] [Times: user=0.00 sys=0.00, real=0.00 secs] 
56.271: [GC56.271: [DefNew: 447K->63K(448K), 0.0007000 secs] 654962K->654667K(1048512K), 0.0007330 secs] [Times: user=0.00 sys=0.00, real=0.00 secs] 
56.280: [GC56.280: [DefNew: 447K->63K(448K), 0.0007120 secs] 655051K->654748K(1048512K), 0.0007500 secs] [Times: user=0.00 sys=0.00, real=0.00 secs] 
56.290: [GC56.290: [DefNew: 447K->64K(448K), 0.0006550 secs] 655132K->654838K(1048512K), 0.0006880 secs] [Times: user=0.00 sys=0.00, real=0.00 secs] 
56.301: [GC56.301: [DefNew: 447K->64K(448K), 0.0008330 secs] 655222K->654935K(1048512K), 0.0008800 secs] [Times: user=0.00 sys=0.00, real=0.00 secs] 
56.311: [GC56.311: [DefNew: 448K->63K(448K), 0.0011530 secs] 655319K->655044K(1048512K), 0.0012220 secs] [Times: user=0.00 sys=0.00, real=0.00 secs] 
56.321: [GC56.321: [DefNew: 447K->64K(448K), 0.0008510 secs] 655428K->655133K(1048512K), 0.0009010 secs] [Times: user=0.01 sys=0.00, real=0.00 secs] 
56.331: [GC56.331: [DefNew: 448K->63K(448K), 0.0006190 secs] 655517K->655211K(1048512K), 0.0006560 secs] [Times: user=0.00 sys=0.00, real=0.00 secs] 
56.340: [GC56.340: [DefNew: 447K->64K(448K), 0.0021180 secs] 655595K->655306K(1048512K), 0.0022890 secs] [Times: user=0.00 sys=0.00, real=0.00 secs] 
56.353: [GC56.353: [DefNew: 448K->63K(448K), 0.0020870 secs] 655690K->655523K(1048512K), 0.0022600 secs] [Times: user=0.00 sys=0.00, real=0.00 secs] 
56.364: [GC56.364: [DefNew: 447K->63K(448K), 0.0018400 secs] 655906K->655646K(1048512K), 0.0019390 secs] [Times: user=0.00 sys=0.00, real=0.00 secs] 
56.376: [GC56.376: [DefNew: 447K->64K(448K), 0.0008090 secs] 656030K->655758K(1048512K), 0.0008430 secs] [Times: user=0.01 sys=0.00, real=0.01 secs] 
56.386: [GC56.386: [DefNew: 448K->63K(448K), 0.0008150 secs] 656142K->655851K(1048512K), 0.0008510 secs] [Times: user=0.00 sys=0.00, real=0.01 secs] 
56.397: [GC56.397: [DefNew: 447K->63K(448K), 0.0007030 secs] 656235K->655920K(1048512K), 0.0007380 secs] [Times: user=0.00 sys=0.00, real=0.00 secs] 
56.407: [GC56.407: [DefNew: 447K->63K(448K), 0.0006760 secs] 656304K->656006K(1048512K), 0.0007110 secs] [Times: user=0.00 sys=0.00, real=0.00 secs] 
56.418: [GC56.418: [DefNew: 447K->63K(448K), 0.0007550 secs] 656390K->656076K(1048512K), 0.0007920 secs] [Times: user=0.00 sys=0.00, real=0.00 secs] 
56.429: [GC56.429: [DefNew: 447K->64K(448K), 0.0014430 secs] 656460K->656192K(1048512K), 0.0015050 secs] [Times: user=0.00 sys=0.00, real=0.00 secs] 
56.440: [GC56.441: [DefNew: 448K->63K(448K), 0.0013590 secs] 656576K->656315K(1048512K), 0.0014210 secs] [Times: user=0.00 sys=0.00, real=0.00 secs] 
56.452: [GC56.452: [DefNew: 447K->64K(448K), 0.0013560 secs] 656699K->656447K(1048512K), 0.0014110 secs] [Times: user=0.01 sys=0.00, real=0.00 secs] 
56.463: [GC56.463: [DefNew: 448K->63K(448K), 0.0013570 secs] 656831K->656570K(1048512K), 0.0014170 secs] [Times: user=0.00 sys=0.00, real=0.00 secs] 
56.475: [GC56.475: [DefNew: 447K->63K(448K), 0.0014500 secs] 656954K->656704K(1048512K), 0.0015010 secs] [Times: user=0.00 sys=0.00, real=0.00 secs] 
56.487: [GC56.487: [DefNew: 447K->63K(448K), 0.0014780 secs] 657088K->656830K(1048512K), 0.0015270 secs] [Times: user=0.00 sys=0.00, real=0.00 secs] 
56.498: [GC56.498: [DefNew: 447K->63K(448K), 0.0014860 secs] 657214K->656967K(1048512K), 0.0015370 secs] [Times: user=0.00 sys=0.00, real=0.00 secs] 
56.510: [GC56.510: [DefNew: 447K->64K(448K), 0.0013030 secs] 657351K->657076K(1048512K), 0.0013590 secs] [Times: user=0.00 sys=0.00, real=0.00 secs] 
56.522: [GC56.522: [DefNew: 448K->64K(448K), 0.0014670 secs] 657460K->657219K(1048512K), 0.0015200 secs] [Times: user=0.00 sys=0.00, real=0.00 secs] 
56.533: [GC56.533: [DefNew: 448K->64K(448K), 0.0014700 secs] 657603K->657340K(1048512K), 0.0015440 secs] [Times: user=0.00 sys=0.00, real=0.00 secs] 
56.543: [GC56.543: [DefNew: 448K->63K(448K), 0.0019160 secs] 657724K->657467K(1048512K), 0.0020350 secs] [Times: user=0.00 sys=0.00, real=0.00 secs] 
56.556: [GC56.556: [DefNew: 447K->63K(448K), 0.0010330 secs] 657851K->657652K(1048512K), 0.0010690 secs] [Times: user=0.00 sys=0.00, real=0.01 secs] 
56.567: [GC56.567: [DefNew: 447K->63K(448K), 0.0016290 secs] 658036K->657755K(1048512K), 0.0017120 secs] [Times: user=0.00 sys=0.00, real=0.00 secs] 
56.578: [GC56.578: [DefNew: 447K->64K(448K), 0.0007650 secs] 658139K->657839K(1048512K), 0.0008400 secs] [Times: user=0.00 sys=0.00, real=0.00 secs] 
56.588: [GC56.588: [DefNew: 447K->63K(448K), 0.0006620 secs] 658222K->657911K(1048512K), 0.0007040 secs] [Times: user=0.00 sys=0.00, real=0.00 secs] 
56.599: [GC56.599: [DefNew: 447K->63K(448K), 0.0007190 secs] 658295K->657998K(1048512K), 0.0007560 secs] [Times: user=0.00 sys=0.00, real=0.00 secs] 
56.609: [GC56.610: [DefNew: 447K->63K(448K), 0.0006760 secs] 658382K->658082K(1048512K), 0.0007200 secs] [Times: user=0.00 sys=0.00, real=0.00 secs] 
56.620: [GC56.620: [DefNew: 447K->64K(448K), 0.0006790 secs] 658466K->658158K(1048512K), 0.0007140 secs] [Times: user=0.00 sys=0.00, real=0.00 secs] 
56.631: [GC56.631: [DefNew: 448K->63K(448K), 0.0013250 secs] 658542K->658249K(1048512K), 0.0013940 secs] [Times: user=0.00 sys=0.00, real=0.00 secs] 
56.641: [GC56.641: [DefNew: 447K->63K(448K), 0.0007170 secs] 658633K->658340K(1048512K), 0.0007540 secs] [Times: user=0.00 sys=0.00, real=0.00 secs] 
56.651: [GC56.651: [DefNew: 447K->63K(448K), 0.0007090 secs] 658724K->658435K(1048512K), 0.0007460 secs] [Times: user=0.00 sys=0.00, real=0.00 secs] 
56.661: [GC56.661: [DefNew: 447K->63K(448K), 0.0007010 secs] 658818K->658512K(1048512K), 0.0007350 secs] [Times: user=0.01 sys=0.00, real=0.00 secs] 
56.672: [GC56.672: [DefNew: 447K->64K(448K), 0.0008680 secs] 658896K->658600K(1048512K), 0.0009140 secs] [Times: user=0.00 sys=0.00, real=0.00 secs] 
56.682: [GC56.682: [DefNew: 448K->64K(448K), 0.0006510 secs] 658984K->658676K(1048512K), 0.0006880 secs] [Times: user=0.00 sys=0.00, real=0.00 secs] 
56.693: [GC56.693: [DefNew: 447K->64K(448K), 0.0006720 secs] 659060K->658772K(1048512K), 0.0007170 secs] [Times: user=0.00 sys=0.00, real=0.00 secs] 
56.703: [GC56.703: [DefNew: 448K->63K(448K), 0.0007500 secs] 659156K->658856K(1048512K), 0.0007930 secs] [Times: user=0.00 sys=0.00, real=0.00 secs] 
56.714: [GC56.714: [DefNew: 447K->64K(448K), 0.0007310 secs] 659240K->658943K(1048512K), 0.0007670 secs] [Times: user=0.00 sys=0.00, real=0.00 secs] 
56.725: [GC56.725: [DefNew: 448K->63K(448K), 0.0012250 secs] 659327K->659022K(1048512K), 0.0012780 secs] [Times: user=0.00 sys=0.00, real=0.01 secs] 
56.736: [GC56.736: [DefNew: 447K->64K(448K), 0.0013340 secs] 659406K->659149K(1048512K), 0.0014260 secs] [Times: user=0.00 sys=0.00, real=0.01 secs] 
56.747: [GC56.747: [DefNew: 448K->63K(448K), 0.0008070 secs] 659533K->659237K(1048512K), 0.0008520 secs] [Times: user=0.00 sys=0.00, real=0.00 secs] 
56.755: [GC56.756: [DefNew: 447K->63K(448K), 0.0024740 secs] 659621K->659415K(1048512K), 0.0026230 secs] [Times: user=0.00 sys=0.00, real=0.01 secs] 
56.768: [GC56.768: [DefNew: 447K->63K(448K), 0.0012910 secs] 659799K->659540K(1048512K), 0.0013500 secs] [Times: user=0.00 sys=0.00, real=0.00 secs] 
56.779: [GC56.779: [DefNew: 447K->63K(448K), 0.0007430 secs] 659924K->659612K(1048512K), 0.0007760 secs] [Times: user=0.00 sys=0.00, real=0.00 secs] 
56.790: [GC56.790: [DefNew: 447K->63K(448K), 0.0012430 secs] 659996K->659705K(1048512K), 0.0013080 secs] [Times: user=0.00 sys=0.00, real=0.00 secs] 
56.802: [GC56.802: [DefNew: 447K->63K(448K), 0.0012890 secs] 660089K->659844K(1048512K), 0.0013420 secs] [Times: user=0.00 sys=0.00, real=0.00 secs] 
56.813: [GC56.813: [DefNew: 447K->63K(448K), 0.0016560 secs] 660228K->659988K(1048512K), 0.0017220 secs] [Times: user=0.00 sys=0.00, real=0.00 secs] 
56.824: [GC56.824: [DefNew: 447K->63K(448K), 0.0008000 secs] 660372K->660093K(1048512K), 0.0008350 secs] [Times: user=0.00 sys=0.00, real=0.00 secs] 
56.833: [GC56.833: [DefNew: 447K->63K(448K), 0.0007450 secs] 660477K->660182K(1048512K), 0.0007810 secs] [Times: user=0.00 sys=0.00, real=0.00 secs] 
56.843: [GC56.843: [DefNew: 447K->64K(448K), 0.0006980 secs] 660566K->660263K(1048512K), 0.0007310 secs] [Times: user=0.00 sys=0.00, real=0.00 secs] 
56.854: [GC56.854: [DefNew: 448K->63K(448K), 0.0009620 secs] 660647K->660365K(1048512K), 0.0010330 secs] [Times: user=0.00 sys=0.00, real=0.00 secs] 
56.864: [GC56.864: [DefNew: 447K->64K(448K), 0.0007470 secs] 660749K->660460K(1048512K), 0.0007830 secs] [Times: user=0.00 sys=0.00, real=0.00 secs] 
56.875: [GC56.875: [DefNew: 447K->63K(448K), 0.0012590 secs] 660844K->660563K(1048512K), 0.0013090 secs] [Times: user=0.00 sys=0.00, real=0.01 secs] 
56.886: [GC56.886: [DefNew: 447K->64K(448K), 0.0015300 secs] 660947K->660711K(1048512K), 0.0015960 secs] [Times: user=0.01 sys=0.00, real=0.00 secs] 
56.898: [GC56.898: [DefNew: 448K->64K(448K), 0.0015570 secs] 661095K->660836K(1048512K), 0.0016110 secs] [Times: user=0.00 sys=0.00, real=0.00 secs] 
56.910: [GC56.910: [DefNew: 447K->63K(448K), 0.0016990 secs] 661220K->660963K(1048512K), 0.0017700 secs] [Times: user=0.00 sys=0.00, real=0.00 secs] 
56.921: [GC56.921: [DefNew: 447K->64K(448K), 0.0007070 secs] 661347K->661040K(1048512K), 0.0007410 secs] [Times: user=0.00 sys=0.00, real=0.00 secs] 
56.930: [GC56.930: [DefNew: 447K->64K(448K), 0.0012700 secs] 661424K->661139K(1048512K), 0.0013250 secs] [Times: user=0.00 sys=0.00, real=0.00 secs] 
56.942: [GC56.942: [DefNew: 448K->63K(448K), 0.0014340 secs] 661523K->661295K(1048512K), 0.0014990 secs] [Times: user=0.00 sys=0.00, real=0.00 secs] 
56.953: [GC56.953: [DefNew: 447K->63K(448K), 0.0010840 secs] 661679K->661430K(1048512K), 0.0011720 secs] [Times: user=0.01 sys=0.00, real=0.00 secs] 
56.965: [GC56.965: [DefNew: 447K->64K(448K), 0.0033480 secs] 661814K->661673K(1048512K), 0.0035000 secs] [Times: user=0.00 sys=0.00, real=0.01 secs] 
56.978: [GC56.978: [DefNew: 447K->63K(448K), 0.0014050 secs] 662057K->661824K(1048512K), 0.0014680 secs] [Times: user=0.00 sys=0.00, real=0.00 secs] 
56.988: [GC56.988: [DefNew: 447K->63K(448K), 0.0009050 secs] 662208K->661944K(1048512K), 0.0009390 secs] [Times: user=0.00 sys=0.00, real=0.00 secs] 
56.998: [GC56.998: [DefNew: 447K->63K(448K), 0.0007740 secs] 662328K->662034K(1048512K), 0.0008130 secs] [Times: user=0.00 sys=0.00, real=0.00 secs] 
57.009: [GC57.009: [DefNew: 447K->63K(448K), 0.0010410 secs] 662418K->662141K(1048512K), 0.0011080 secs] [Times: user=0.00 sys=0.01, real=0.00 secs] 
57.019: [GC57.019: [DefNew: 447K->63K(448K), 0.0007480 secs] 662525K->662222K(1048512K), 0.0007840 secs] [Times: user=0.00 sys=0.00, real=0.00 secs] 
57.030: [GC57.030: [DefNew: 447K->64K(448K), 0.0007100 secs] 662605K->662296K(1048512K), 0.0007580 secs] [Times: user=0.00 sys=0.00, real=0.00 secs] 
57.040: [GC57.040: [DefNew: 448K->63K(448K), 0.0010900 secs] 662680K->662407K(1048512K), 0.0011420 secs] [Times: user=0.00 sys=0.00, real=0.00 secs] 
57.050: [GC57.051: [DefNew: 447K->63K(448K), 0.0007750 secs] 662791K->662495K(1048512K), 0.0008100 secs] [Times: user=0.00 sys=0.00, real=0.00 secs] 
57.061: [GC57.061: [DefNew: 447K->63K(448K), 0.0008320 secs] 662879K->662565K(1048512K), 0.0008760 secs] [Times: user=0.00 sys=0.00, real=0.00 secs] 
57.071: [GC57.071: [DefNew: 447K->64K(448K), 0.0007520 secs] 662949K->662654K(1048512K), 0.0007990 secs] [Times: user=0.00 sys=0.00, real=0.00 secs] 
57.082: [GC57.082: [DefNew: 448K->63K(448K), 0.0007360 secs] 663038K->662739K(1048512K), 0.0007730 secs] [Times: user=0.00 sys=0.00, real=0.00 secs] 
57.092: [GC57.092: [DefNew: 447K->63K(448K), 0.0007720 secs] 663123K->662827K(1048512K), 0.0008260 secs] [Times: user=0.00 sys=0.00, real=0.00 secs] 
57.101: [GC57.101: [DefNew: 447K->63K(448K), 0.0006320 secs] 663211K->662898K(1048512K), 0.0006680 secs] [Times: user=0.00 sys=0.00, real=0.00 secs] 
57.110: [GC57.110: [DefNew: 447K->63K(448K), 0.0007620 secs] 663282K->662977K(1048512K), 0.0008110 secs] [Times: user=0.00 sys=0.00, real=0.00 secs] 
57.120: [GC57.120: [DefNew: 447K->64K(448K), 0.0011440 secs] 663361K->663090K(1048512K), 0.0012470 secs] [Times: user=0.00 sys=0.00, real=0.00 secs] 
57.130: [GC57.130: [DefNew: 448K->63K(448K), 0.0012730 secs] 663474K->663244K(1048512K), 0.0013240 secs] [Times: user=0.00 sys=0.00, real=0.00 secs] 
57.139: [GC57.140: [DefNew: 447K->64K(448K), 0.0028770 secs] 663628K->663352K(1048512K), 0.0029660 secs] [Times: user=0.00 sys=0.00, real=0.00 secs] 
57.152: [GC57.152: [DefNew: 447K->63K(448K), 0.0009340 secs] 663736K->663497K(1048512K), 0.0009930 secs] [Times: user=0.00 sys=0.00, real=0.00 secs] 
57.162: [GC57.162: [DefNew: 447K->63K(448K), 0.0021880 secs] 663881K->663630K(1048512K), 0.0023430 secs] [Times: user=0.00 sys=0.00, real=0.00 secs] 
57.173: [GC57.173: [DefNew: 447K->63K(448K), 0.0043270 secs] 664014K->663866K(1048512K), 0.0044950 secs] [Times: user=0.00 sys=0.00, real=0.01 secs] 
57.187: [GC57.187: [DefNew: 447K->63K(448K), 0.0011690 secs] 664250K->664051K(1048512K), 0.0012220 secs] [Times: user=0.00 sys=0.00, real=0.00 secs] 
57.196: [GC57.196: [DefNew: 447K->63K(448K), 0.0013190 secs] 664435K->664147K(1048512K), 0.0014050 secs] [Times: user=0.01 sys=0.00, real=0.00 secs] 
57.207: [GC57.207: [DefNew: 447K->63K(448K), 0.0007100 secs] 664531K->664230K(1048512K), 0.0007940 secs] [Times: user=0.00 sys=0.00, real=0.00 secs] 
57.217: [GC57.217: [DefNew: 447K->63K(448K), 0.0008570 secs] 664614K->664324K(1048512K), 0.0009170 secs] [Times: user=0.00 sys=0.00, real=0.00 secs] 
57.227: [GC57.227: [DefNew: 447K->63K(448K), 0.0007300 secs] 664708K->664399K(1048512K), 0.0007740 secs] [Times: user=0.00 sys=0.00, real=0.00 secs] 
57.236: [GC57.236: [DefNew: 447K->63K(448K), 0.0006010 secs] 664783K->664479K(1048512K), 0.0006360 secs] [Times: user=0.00 sys=0.00, real=0.01 secs] 
57.246: [GC57.246: [DefNew: 447K->63K(448K), 0.0007060 secs] 664863K->664558K(1048512K), 0.0007480 secs] [Times: user=0.00 sys=0.00, real=0.01 secs] 
57.255: [GC57.255: [DefNew: 447K->63K(448K), 0.0006240 secs] 664942K->664642K(1048512K), 0.0006700 secs] [Times: user=0.00 sys=0.00, real=0.00 secs] 
57.264: [GC57.264: [DefNew: 447K->63K(448K), 0.0008720 secs] 665026K->664732K(1048512K), 0.0009260 secs] [Times: user=0.00 sys=0.00, real=0.00 secs] 
57.272: [GC57.272: [DefNew: 447K->63K(448K), 0.0010140 secs] 665116K->664819K(1048512K), 0.0010730 secs] [Times: user=0.00 sys=0.00, real=0.00 secs] 
57.282: [GC57.282: [DefNew: 447K->63K(448K), 0.0007290 secs] 665203K->664912K(1048512K), 0.0007710 secs] [Times: user=0.00 sys=0.00, real=0.00 secs] 
57.292: [GC57.292: [DefNew: 447K->63K(448K), 0.0009980 secs] 665296K->664989K(1048512K), 0.0010660 secs] [Times: user=0.00 sys=0.00, real=0.00 secs] 
57.302: [GC57.302: [DefNew: 447K->63K(448K), 0.0006500 secs] 665373K->665057K(1048512K), 0.0006830 secs] [Times: user=0.00 sys=0.00, real=0.00 secs] 
57.313: [GC57.313: [DefNew: 447K->63K(448K), 0.0009970 secs] 665441K->665153K(1048512K), 0.0010620 secs] [Times: user=0.00 sys=0.00, real=0.00 secs] 
57.324: [GC57.324: [DefNew: 447K->63K(448K), 0.0007320 secs] 665537K->665261K(1048512K), 0.0007700 secs] [Times: user=0.00 sys=0.00, real=0.00 secs] 
57.333: [GC57.333: [DefNew: 447K->63K(448K), 0.0008970 secs] 665645K->665349K(1048512K), 0.0009520 secs] [Times: user=0.00 sys=0.01, real=0.00 secs] 
57.344: [GC57.344: [DefNew: 447K->63K(448K), 0.0006840 secs] 665733K->665424K(1048512K), 0.0007170 secs] [Times: user=0.00 sys=0.00, real=0.00 secs] 
57.355: [GC57.355: [DefNew: 447K->63K(448K), 0.0006770 secs] 665808K->665505K(1048512K), 0.0007110 secs] [Times: user=0.00 sys=0.00, real=0.00 secs] 
57.365: [GC57.365: [DefNew: 447K->63K(448K), 0.0007290 secs] 665889K->665579K(1048512K), 0.0007750 secs] [Times: user=0.00 sys=0.00, real=0.00 secs] 
57.374: [GC57.374: [DefNew: 447K->63K(448K), 0.0030200 secs] 665963K->665716K(1048512K), 0.0031700 secs] [Times: user=0.01 sys=0.00, real=0.01 secs] 
57.387: [GC57.387: [DefNew: 447K->63K(448K), 0.0014570 secs] 666100K->665885K(1048512K), 0.0015070 secs] [Times: user=0.00 sys=0.00, real=0.00 secs] 
57.398: [GC57.398: [DefNew: 447K->63K(448K), 0.0016940 secs] 666269K->665993K(1048512K), 0.0017840 secs] [Times: user=0.00 sys=0.00, real=0.00 secs] 
57.410: [GC57.410: [DefNew: 447K->63K(448K), 0.0008570 secs] 666377K->666101K(1048512K), 0.0009150 secs] [Times: user=0.00 sys=0.00, real=0.00 secs] 
57.420: [GC57.420: [DefNew: 447K->63K(448K), 0.0008930 secs] 666485K->666182K(1048512K), 0.0009350 secs] [Times: user=0.00 sys=0.00, real=0.00 secs] 
57.431: [GC57.431: [DefNew: 447K->63K(448K), 0.0010620 secs] 666566K->666290K(1048512K), 0.0011200 secs] [Times: user=0.01 sys=0.00, real=0.00 secs] 
57.441: [GC57.441: [DefNew: 447K->63K(448K), 0.0007440 secs] 666674K->666374K(1048512K), 0.0007780 secs] [Times: user=0.00 sys=0.00, real=0.00 secs] 
57.451: [GC57.451: [DefNew: 447K->63K(448K), 0.0008660 secs] 666758K->666487K(1048512K), 0.0009340 secs] [Times: user=0.00 sys=0.00, real=0.00 secs] 
57.460: [GC57.460: [DefNew: 447K->63K(448K), 0.0012080 secs] 666871K->666596K(1048512K), 0.0012820 secs] [Times: user=0.00 sys=0.00, real=0.00 secs] 
57.473: [GC57.474: [DefNew: 447K->64K(448K), 0.0011110 secs] 666980K->666714K(1048512K), 0.0012140 secs] [Times: user=0.00 sys=0.00, real=0.00 secs] 
57.489: [GC57.489: [DefNew: 447K->63K(448K), 0.0021700 secs] 667098K->666842K(1048512K), 0.0022960 secs] [Times: user=0.00 sys=0.00, real=0.00 secs] 
57.500: [GC57.500: [DefNew: 447K->63K(448K), 0.0018790 secs] 667226K->667000K(1048512K), 0.0019590 secs] [Times: user=0.01 sys=0.00, real=0.00 secs] 
57.512: [GC57.512: [DefNew: 447K->64K(448K), 0.0013260 secs] 667384K->667099K(1048512K), 0.0013810 secs] [Times: user=0.00 sys=0.00, real=0.00 secs] 
57.523: [GC57.523: [DefNew: 448K->63K(448K), 0.0007760 secs] 667483K->667219K(1048512K), 0.0008100 secs] [Times: user=0.00 sys=0.00, real=0.00 secs] 
57.532: [GC57.532: [DefNew: 447K->63K(448K), 0.0009510 secs] 667603K->667304K(1048512K), 0.0010160 secs] [Times: user=0.00 sys=0.00, real=0.00 secs] 
57.543: [GC57.543: [DefNew: 447K->63K(448K), 0.0020310 secs] 667688K->667412K(1048512K), 0.0022040 secs] [Times: user=0.00 sys=0.00, real=0.00 secs] 
57.555: [GC57.555: [DefNew: 447K->64K(448K), 0.0008480 secs] 667796K->667541K(1048512K), 0.0008820 secs] [Times: user=0.00 sys=0.00, real=0.00 secs] 
57.566: [GC57.566: [DefNew: 448K->64K(448K), 0.0021030 secs] 667925K->667688K(1048512K), 0.0022270 secs] [Times: user=0.01 sys=0.00, real=0.01 secs] 
57.578: [GC57.578: [DefNew: 447K->63K(448K), 0.0007650 secs] 668072K->667777K(1048512K), 0.0007990 secs] [Times: user=0.00 sys=0.00, real=0.00 secs] 
57.589: [GC57.589: [DefNew: 447K->63K(448K), 0.0006790 secs] 668161K->667863K(1048512K), 0.0007330 secs] [Times: user=0.00 sys=0.00, real=0.00 secs] 
57.599: [GC57.599: [DefNew: 447K->63K(448K), 0.0012140 secs] 668247K->667954K(1048512K), 0.0012660 secs] [Times: user=0.00 sys=0.00, real=0.00 secs] 
57.611: [GC57.611: [DefNew: 447K->64K(448K), 0.0016250 secs] 668338K->668087K(1048512K), 0.0016890 secs] [Times: user=0.00 sys=0.00, real=0.00 secs] 
57.622: [GC57.622: [DefNew: 447K->63K(448K), 0.0015910 secs] 668471K->668242K(1048512K), 0.0016500 secs] [Times: user=0.00 sys=0.00, real=0.00 secs] 
57.634: [GC57.634: [DefNew: 447K->63K(448K), 0.0015440 secs] 668626K->668367K(1048512K), 0.0015970 secs] [Times: user=0.01 sys=0.00, real=0.00 secs] 
57.645: [GC57.645: [DefNew: 447K->63K(448K), 0.0015470 secs] 668751K->668518K(1048512K), 0.0015980 secs] [Times: user=0.00 sys=0.00, real=0.01 secs] 
57.657: [GC57.657: [DefNew: 447K->63K(448K), 0.0015330 secs] 668902K->668640K(1048512K), 0.0015880 secs] [Times: user=0.00 sys=0.00, real=0.00 secs] 
57.669: [GC57.669: [DefNew: 447K->63K(448K), 0.0019970 secs] 669024K->668784K(1048512K), 0.0020740 secs] [Times: user=0.00 sys=0.00, real=0.00 secs] 
57.680: [GC57.680: [DefNew: 447K->64K(448K), 0.0028330 secs] 669168K->668916K(1048512K), 0.0029770 secs] [Times: user=0.01 sys=0.00, real=0.00 secs] 
57.692: [GC57.692: [DefNew: 448K->64K(448K), 0.0010120 secs] 669300K->669083K(1048512K), 0.0010560 secs] [Times: user=0.00 sys=0.00, real=0.00 secs] 
57.703: [GC57.703: [DefNew: 448K->63K(448K), 0.0009390 secs] 669467K->669224K(1048512K), 0.0009790 secs] [Times: user=0.00 sys=0.00, real=0.00 secs] 
57.713: [GC57.713: [DefNew: 447K->64K(448K), 0.0008640 secs] 669608K->669312K(1048512K), 0.0009200 secs] [Times: user=0.00 sys=0.00, real=0.00 secs] 
57.724: [GC57.724: [DefNew: 448K->63K(448K), 0.0013040 secs] 669696K->669413K(1048512K), 0.0013710 secs] [Times: user=0.00 sys=0.00, real=0.00 secs] 
57.736: [GC57.736: [DefNew: 447K->63K(448K), 0.0013120 secs] 669797K->669555K(1048512K), 0.0013650 secs] [Times: user=0.00 sys=0.00, real=0.01 secs] 
57.747: [GC57.747: [DefNew: 447K->63K(448K), 0.0016280 secs] 669939K->669693K(1048512K), 0.0016980 secs] [Times: user=0.01 sys=0.00, real=0.00 secs] 
57.760: [GC57.760: [DefNew: 447K->63K(448K), 0.0013300 secs] 670076K->669809K(1048512K), 0.0013830 secs] [Times: user=0.00 sys=0.00, real=0.00 secs] 
57.770: [GC57.770: [DefNew: 447K->63K(448K), 0.0014650 secs] 670192K->669940K(1048512K), 0.0015180 secs] [Times: user=0.00 sys=0.00, real=0.00 secs] 
57.781: [GC57.781: [DefNew: 447K->63K(448K), 0.0013620 secs] 670324K->670056K(1048512K), 0.0014150 secs] [Times: user=0.00 sys=0.00, real=0.00 secs] 
57.793: [GC57.793: [DefNew: 447K->63K(448K), 0.0013580 secs] 670440K->670196K(1048512K), 0.0014220 secs] [Times: user=0.00 sys=0.00, real=0.00 secs] 
57.805: [GC57.805: [DefNew: 447K->64K(448K), 0.0014210 secs] 670580K->670305K(1048512K), 0.0014910 secs] [Times: user=0.01 sys=0.00, real=0.01 secs] 
57.816: [GC57.816: [DefNew: 448K->64K(448K), 0.0014420 secs] 670689K->670443K(1048512K), 0.0014950 secs] [Times: user=0.00 sys=0.00, real=0.00 secs] 
57.828: [GC57.828: [DefNew: 448K->63K(448K), 0.0014600 secs] 670827K->670567K(1048512K), 0.0015090 secs] [Times: user=0.00 sys=0.00, real=0.00 secs] 
57.840: [GC57.840: [DefNew: 447K->64K(448K), 0.0013540 secs] 670951K->670699K(1048512K), 0.0014170 secs] [Times: user=0.00 sys=0.00, real=0.00 secs] 
57.852: [GC57.852: [DefNew: 448K->63K(448K), 0.0013890 secs] 671083K->670827K(1048512K), 0.0014450 secs] [Times: user=0.00 sys=0.00, real=0.00 secs] 
57.862: [GC57.862: [DefNew: 447K->63K(448K), 0.0013450 secs] 671211K->670954K(1048512K), 0.0013980 secs] [Times: user=0.00 sys=0.00, real=0.00 secs] 
57.874: [GC57.874: [DefNew: 447K->64K(448K), 0.0014760 secs] 671338K->671075K(1048512K), 0.0015390 secs] [Times: user=0.00 sys=0.00, real=0.00 secs] 
57.886: [GC57.886: [DefNew: 448K->63K(448K), 0.0027630 secs] 671459K->671233K(1048512K), 0.0028720 secs] [Times: user=0.00 sys=0.01, real=0.01 secs] 
57.899: [GC57.899: [DefNew: 447K->63K(448K), 0.0020000 secs] 671617K->671409K(1048512K), 0.0020760 secs] [Times: user=0.00 sys=0.00, real=0.00 secs] 
57.911: [GC57.911: [DefNew: 447K->64K(448K), 0.0014310 secs] 671793K->671496K(1048512K), 0.0014890 secs] [Times: user=0.00 sys=0.00, real=0.00 secs] 
57.922: [GC57.922: [DefNew: 448K->63K(448K), 0.0014040 secs] 671880K->671622K(1048512K), 0.0014680 secs] [Times: user=0.01 sys=0.00, real=0.00 secs] 
57.933: [GC57.933: [DefNew: 447K->63K(448K), 0.0014020 secs] 672006K->671749K(1048512K), 0.0014610 secs] [Times: user=0.00 sys=0.00, real=0.00 secs] 
57.944: [GC57.944: [DefNew: 447K->63K(448K), 0.0013370 secs] 672133K->671856K(1048512K), 0.0013860 secs] [Times: user=0.00 sys=0.00, real=0.00 secs] 
57.956: [GC57.956: [DefNew: 447K->63K(448K), 0.0014440 secs] 672240K->672002K(1048512K), 0.0014940 secs] [Times: user=0.00 sys=0.00, real=0.01 secs] 
57.968: [GC57.968: [DefNew: 447K->63K(448K), 0.0015160 secs] 672386K->672124K(1048512K), 0.0015720 secs] [Times: user=0.00 sys=0.00, real=0.00 secs] 
57.979: [GC57.979: [DefNew: 447K->63K(448K), 0.0013840 secs] 672508K->672262K(1048512K), 0.0014360 secs] [Times: user=0.01 sys=0.00, real=0.00 secs] 
57.991: [GC57.991: [DefNew: 447K->64K(448K), 0.0014400 secs] 672646K->672391K(1048512K), 0.0015140 secs] [Times: user=0.00 sys=0.00, real=0.00 secs] 
58.003: [GC58.003: [DefNew: 448K->63K(448K), 0.0015960 secs] 672775K->672524K(1048512K), 0.0016610 secs] [Times: user=0.00 sys=0.00, real=0.00 secs] 
58.014: [GC58.014: [DefNew: 447K->63K(448K), 0.0013620 secs] 672908K->672652K(1048512K), 0.0014150 secs] [Times: user=0.00 sys=0.00, real=0.00 secs] 
58.025: [GC58.025: [DefNew: 447K->63K(448K), 0.0015000 secs] 673036K->672786K(1048512K), 0.0015530 secs] [Times: user=0.00 sys=0.00, real=0.01 secs] 
58.037: [GC58.037: [DefNew: 447K->64K(448K), 0.0014370 secs] 673170K->672907K(1048512K), 0.0014900 secs] [Times: user=0.01 sys=0.00, real=0.00 secs] 
58.049: [GC58.049: [DefNew: 448K->63K(448K), 0.0015290 secs] 673291K->673049K(1048512K), 0.0015810 secs] [Times: user=0.00 sys=0.00, real=0.00 secs] 
58.060: [GC58.060: [DefNew: 447K->64K(448K), 0.0016030 secs] 673433K->673178K(1048512K), 0.0016650 secs] [Times: user=0.00 sys=0.00, real=0.00 secs] 
58.072: [GC58.072: [DefNew: 448K->64K(448K), 0.0016140 secs] 673562K->673309K(1048512K), 0.0016850 secs] [Times: user=0.00 sys=0.00, real=0.00 secs] 
58.083: [GC58.084: [DefNew: 448K->63K(448K), 0.0013970 secs] 673693K->673435K(1048512K), 0.0014530 secs] [Times: user=0.00 sys=0.00, real=0.00 secs] 
58.095: [GC58.095: [DefNew: 447K->64K(448K), 0.0031160 secs] 673819K->673575K(1048512K), 0.0032550 secs] [Times: user=0.01 sys=0.00, real=0.01 secs] 
58.108: [GC58.108: [DefNew: 448K->63K(448K), 0.0009420 secs] 673959K->673712K(1048512K), 0.0009760 secs] [Times: user=0.00 sys=0.00, real=0.00 secs] 
58.117: [GC58.117: [DefNew: 447K->63K(448K), 0.0018310 secs] 674096K->673829K(1048512K), 0.0019560 secs] [Times: user=0.00 sys=0.00, real=0.00 secs] 
58.129: [GC58.129: [DefNew: 447K->63K(448K), 0.0007470 secs] 674213K->673904K(1048512K), 0.0007820 secs] [Times: user=0.00 sys=0.00, real=0.00 secs] 
58.140: [GC58.140: [DefNew: 447K->63K(448K), 0.0006980 secs] 674288K->673990K(1048512K), 0.0007300 secs] [Times: user=0.00 sys=0.00, real=0.00 secs] 
58.150: [GC58.150: [DefNew: 447K->63K(448K), 0.0020250 secs] 674374K->674126K(1048512K), 0.0021400 secs] [Times: user=0.00 sys=0.00, real=0.00 secs] 
58.162: [GC58.162: [DefNew: 447K->63K(448K), 0.0017860 secs] 674510K->674266K(1048512K), 0.0019170 secs] [Times: user=0.00 sys=0.00, real=0.00 secs] 
58.174: [GC58.174: [DefNew: 447K->64K(448K), 0.0019620 secs] 674650K->674440K(1048512K), 0.0020780 secs] [Times: user=0.00 sys=0.00, real=0.00 secs] 
58.185: [GC58.185: [DefNew: 447K->63K(448K), 0.0020110 secs] 674824K->674576K(1048512K), 0.0021160 secs] [Times: user=0.00 sys=0.00, real=0.01 secs] 
58.197: [GC58.197: [DefNew: 447K->64K(448K), 0.0015340 secs] 674960K->674684K(1048512K), 0.0015820 secs] [Times: user=0.00 sys=0.00, real=0.00 secs] 
58.207: [GC58.207: [DefNew: 447K->63K(448K), 0.0007940 secs] 675067K->674788K(1048512K), 0.0008290 secs] [Times: user=0.01 sys=0.00, real=0.00 secs] 
58.217: [GC58.217: [DefNew: 447K->63K(448K), 0.0008100 secs] 675172K->674873K(1048512K), 0.0008890 secs] [Times: user=0.00 sys=0.00, real=0.00 secs] 
58.228: [GC58.228: [DefNew: 447K->63K(448K), 0.0007240 secs] 675257K->674963K(1048512K), 0.0007580 secs] [Times: user=0.00 sys=0.00, real=0.00 secs] 
58.238: [GC58.238: [DefNew: 447K->63K(448K), 0.0006950 secs] 675347K->675039K(1048512K), 0.0007380 secs] [Times: user=0.00 sys=0.00, real=0.00 secs] 
58.249: [GC58.249: [DefNew: 447K->63K(448K), 0.0018180 secs] 675423K->675178K(1048512K), 0.0018890 secs] [Times: user=0.00 sys=0.00, real=0.00 secs] 
58.261: [GC58.261: [DefNew: 447K->63K(448K), 0.0015560 secs] 675562K->675324K(1048512K), 0.0016150 secs] [Times: user=0.00 sys=0.00, real=0.00 secs] 
58.273: [GC58.273: [DefNew: 447K->63K(448K), 0.0018940 secs] 675708K->675459K(1048512K), 0.0019670 secs] [Times: user=0.00 sys=0.00, real=0.00 secs] 
58.285: [GC58.285: [DefNew: 447K->63K(448K), 0.0014660 secs] 675843K->675581K(1048512K), 0.0015180 secs] [Times: user=0.00 sys=0.00, real=0.00 secs] 
58.295: [GC58.295: [DefNew: 447K->63K(448K), 0.0015750 secs] 675965K->675723K(1048512K), 0.0017770 secs] [Times: user=0.00 sys=0.00, real=0.01 secs] 
58.307: [GC58.307: [DefNew: 447K->64K(448K), 0.0025170 secs] 676107K->675940K(1048512K), 0.0026580 secs] [Times: user=0.00 sys=0.00, real=0.00 secs] 
58.320: [GC58.320: [DefNew: 448K->64K(448K), 0.0026570 secs] 676324K->676156K(1048512K), 0.0030840 secs] [Times: user=0.01 sys=0.00, real=0.00 secs] 
58.333: [GC58.333: [DefNew: 448K->64K(448K), 0.0037750 secs] 676540K->676419K(1048512K), 0.0038820 secs] [Times: user=0.00 sys=0.00, real=0.01 secs] 
58.346: [GC58.346: [DefNew: 448K->63K(448K), 0.0022950 secs] 676803K->676602K(1048512K), 0.0024100 secs] [Times: user=0.00 sys=0.00, real=0.01 secs] 
58.359: [GC58.359: [DefNew: 447K->64K(448K), 0.0012930 secs] 676986K->676819K(1048512K), 0.0013310 secs] [Times: user=0.01 sys=0.00, real=0.00 secs] 
58.369: [GC58.369: [DefNew: 448K->63K(448K), 0.0017590 secs] 677203K->676939K(1048512K), 0.0018460 secs] [Times: user=0.00 sys=0.01, real=0.00 secs] 
58.381: [GC58.381: [DefNew: 447K->63K(448K), 0.0014970 secs] 677323K->677042K(1048512K), 0.0016030 secs] [Times: user=0.00 sys=0.00, real=0.00 secs] 
58.393: [GC58.393: [DefNew: 447K->63K(448K), 0.0013790 secs] 677426K->677148K(1048512K), 0.0014460 secs] [Times: user=0.00 sys=0.00, real=0.00 secs] 
58.404: [GC58.404: [DefNew: 447K->63K(448K), 0.0014990 secs] 677532K->677295K(1048512K), 0.0015540 secs] [Times: user=0.00 sys=0.00, real=0.00 secs] 
58.416: [GC58.416: [DefNew: 447K->64K(448K), 0.0014890 secs] 677679K->677404K(1048512K), 0.0015430 secs] [Times: user=0.01 sys=0.00, real=0.01 secs] 
58.427: [GC58.427: [DefNew: 448K->63K(448K), 0.0014950 secs] 677788K->677533K(1048512K), 0.0015490 secs] [Times: user=0.00 sys=0.00, real=0.00 secs] 
58.438: [GC58.438: [DefNew: 447K->63K(448K), 0.0013720 secs] 677917K->677667K(1048512K), 0.0014250 secs] [Times: user=0.00 sys=0.00, real=0.00 secs] 
58.450: [GC58.450: [DefNew: 447K->64K(448K), 0.0015610 secs] 678050K->677815K(1048512K), 0.0016210 secs] [Times: user=0.00 sys=0.00, real=0.00 secs] 
58.461: [GC58.461: [DefNew: 448K->63K(448K), 0.0014590 secs] 678199K->677944K(1048512K), 0.0015170 secs] [Times: user=0.00 sys=0.00, real=0.00 secs] 
58.473: [GC58.473: [DefNew: 447K->64K(448K), 0.0014190 secs] 678328K->678092K(1048512K), 0.0014720 secs] [Times: user=0.01 sys=0.00, real=0.00 secs] 
58.485: [GC58.485: [DefNew: 448K->63K(448K), 0.0014740 secs] 678476K->678218K(1048512K), 0.0015240 secs] [Times: user=0.00 sys=0.00, real=0.01 secs] 
58.497: [GC58.497: [DefNew: 447K->63K(448K), 0.0014430 secs] 678602K->678351K(1048512K), 0.0014940 secs] [Times: user=0.00 sys=0.00, real=0.00 secs] 
58.507: [GC58.507: [DefNew: 447K->64K(448K), 0.0022240 secs] 678735K->678504K(1048512K), 0.0023730 secs] [Times: user=0.00 sys=0.00, real=0.00 secs] 
58.519: [GC58.519: [DefNew: 448K->63K(448K), 0.0019530 secs] 678888K->678711K(1048512K), 0.0020390 secs] [Times: user=0.00 sys=0.00, real=0.00 secs] 
58.532: [GC58.532: [DefNew: 447K->63K(448K), 0.0011280 secs] 679095K->678803K(1048512K), 0.0011770 secs] [Times: user=0.00 sys=0.00, real=0.00 secs] 
58.543: [GC58.543: [DefNew: 447K->63K(448K), 0.0013410 secs] 679186K->678900K(1048512K), 0.0014050 secs] [Times: user=0.00 sys=0.00, real=0.00 secs] 
58.555: [GC58.555: [DefNew: 447K->63K(448K), 0.0014030 secs] 679284K->679051K(1048512K), 0.0014570 secs] [Times: user=0.00 sys=0.00, real=0.00 secs] 
58.566: [GC58.566: [DefNew: 447K->63K(448K), 0.0016730 secs] 679435K->679180K(1048512K), 0.0017530 secs] [Times: user=0.00 sys=0.00, real=0.01 secs] 
58.578: [GC58.578: [DefNew: 447K->63K(448K), 0.0015010 secs] 679564K->679320K(1048512K), 0.0015580 secs] [Times: user=0.00 sys=0.00, real=0.00 secs] 
58.590: [GC58.590: [DefNew: 447K->63K(448K), 0.0013480 secs] 679704K->679432K(1048512K), 0.0014010 secs] [Times: user=0.01 sys=0.00, real=0.00 secs] 
58.600: [GC58.600: [DefNew: 447K->63K(448K), 0.0013760 secs] 679815K->679565K(1048512K), 0.0014290 secs] [Times: user=0.00 sys=0.00, real=0.00 secs] 
58.612: [GC58.612: [DefNew: 447K->64K(448K), 0.0013900 secs] 679949K->679693K(1048512K), 0.0014460 secs] [Times: user=0.00 sys=0.00, real=0.00 secs] 
58.623: [GC58.623: [DefNew: 448K->63K(448K), 0.0013860 secs] 680077K->679826K(1048512K), 0.0014380 secs] [Times: user=0.00 sys=0.00, real=0.00 secs] 
58.635: [GC58.635: [DefNew: 447K->63K(448K), 0.0014730 secs] 680210K->679954K(1048512K), 0.0015380 secs] [Times: user=0.00 sys=0.00, real=0.01 secs] 
58.647: [GC58.647: [DefNew: 447K->63K(448K), 0.0016870 secs] 680338K->680082K(1048512K), 0.0017520 secs] [Times: user=0.01 sys=0.00, real=0.00 secs] 
58.659: [GC58.659: [DefNew: 447K->63K(448K), 0.0013280 secs] 680466K->680202K(1048512K), 0.0013910 secs] [Times: user=0.00 sys=0.00, real=0.00 secs] 
58.671: [GC58.671: [DefNew: 447K->64K(448K), 0.0015680 secs] 680586K->680335K(1048512K), 0.0016330 secs] [Times: user=0.00 sys=0.00, real=0.00 secs] 
58.681: [GC58.681: [DefNew: 448K->64K(448K), 0.0012750 secs] 680719K->680457K(1048512K), 0.0013320 secs] [Times: user=0.00 sys=0.00, real=0.00 secs] 
58.691: [GC58.691: [DefNew: 447K->64K(448K), 0.0007990 secs] 680840K->680548K(1048512K), 0.0008480 secs] [Times: user=0.00 sys=0.00, real=0.00 secs] 
58.700: [GC58.700: [DefNew: 447K->63K(448K), 0.0007600 secs] 680932K->680628K(1048512K), 0.0008080 secs] [Times: user=0.00 sys=0.00, real=0.00 secs] 
58.710: [GC58.710: [DefNew: 447K->64K(448K), 0.0026740 secs] 681012K->680735K(1048512K), 0.0028580 secs] [Times: user=0.01 sys=0.00, real=0.00 secs] 
58.723: [GC58.723: [DefNew: 448K->63K(448K), 0.0019780 secs] 681119K->680945K(1048512K), 0.0021080 secs] [Times: user=0.00 sys=0.00, real=0.00 secs] 
58.734: [GC58.734: [DefNew: 447K->63K(448K), 0.0029300 secs] 681329K->681099K(1048512K), 0.0030640 secs] [Times: user=0.00 sys=0.00, real=0.01 secs] 
58.746: [GC58.746: [DefNew: 447K->63K(448K), 0.0008070 secs] 681483K->681172K(1048512K), 0.0008580 secs] [Times: user=0.00 sys=0.00, real=0.00 secs] 
58.756: [GC58.756: [DefNew: 447K->63K(448K), 0.0007020 secs] 681556K->681268K(1048512K), 0.0007440 secs] [Times: user=0.00 sys=0.00, real=0.01 secs] 
58.764: [GC58.764: [DefNew: 447K->63K(448K), 0.0007920 secs] 681652K->681354K(1048512K), 0.0008410 secs] [Times: user=0.00 sys=0.00, real=0.00 secs] 
58.773: [GC58.773: [DefNew: 447K->64K(448K), 0.0006360 secs] 681738K->681431K(1048512K), 0.0006760 secs] [Times: user=0.00 sys=0.00, real=0.00 secs] 
58.783: [GC58.783: [DefNew: 448K->63K(448K), 0.0007720 secs] 681815K->681513K(1048512K), 0.0008190 secs] [Times: user=0.00 sys=0.00, real=0.00 secs] 
58.793: [GC58.793: [DefNew: 447K->64K(448K), 0.0007720 secs] 681897K->681594K(1048512K), 0.0008160 secs] [Times: user=0.00 sys=0.00, real=0.00 secs] 
58.803: [GC58.803: [DefNew: 448K->63K(448K), 0.0007090 secs] 681978K->681679K(1048512K), 0.0007600 secs] [Times: user=0.00 sys=0.00, real=0.00 secs] 
58.812: [GC58.812: [DefNew: 447K->64K(448K), 0.0006470 secs] 682063K->681771K(1048512K), 0.0006840 secs] [Times: user=0.00 sys=0.00, real=0.00 secs] 
58.823: [GC58.823: [DefNew: 447K->63K(448K), 0.0006570 secs] 682155K->681857K(1048512K), 0.0007010 secs] [Times: user=0.00 sys=0.00, real=0.00 secs] 
58.834: [GC58.834: [DefNew: 447K->63K(448K), 0.0007480 secs] 682241K->681931K(1048512K), 0.0007840 secs] [Times: user=0.00 sys=0.00, real=0.00 secs] 
58.845: [GC58.845: [DefNew: 447K->63K(448K), 0.0007140 secs] 682315K->682019K(1048512K), 0.0007500 secs] [Times: user=0.00 sys=0.00, real=0.00 secs] 
58.855: [GC58.856: [DefNew: 447K->63K(448K), 0.0007190 secs] 682403K->682101K(1048512K), 0.0007590 secs] [Times: user=0.00 sys=0.00, real=0.00 secs] 
58.865: [GC58.865: [DefNew: 447K->63K(448K), 0.0006470 secs] 682485K->682183K(1048512K), 0.0006810 secs] [Times: user=0.00 sys=0.00, real=0.00 secs] 
58.876: [GC58.876: [DefNew: 447K->63K(448K), 0.0013050 secs] 682567K->682304K(1048512K), 0.0013560 secs] [Times: user=0.00 sys=0.00, real=0.01 secs] 
58.888: [GC58.888: [DefNew: 447K->63K(448K), 0.0014240 secs] 682688K->682444K(1048512K), 0.0014830 secs] [Times: user=0.00 sys=0.00, real=0.00 secs] 
58.900: [GC58.900: [DefNew: 447K->63K(448K), 0.0013940 secs] 682828K->682557K(1048512K), 0.0014450 secs] [Times: user=0.00 sys=0.00, real=0.00 secs] 
58.912: [GC58.912: [DefNew: 447K->64K(448K), 0.0014260 secs] 682941K->682704K(1048512K), 0.0014830 secs] [Times: user=0.00 sys=0.00, real=0.00 secs] 
58.923: [GC58.923: [DefNew: 448K->64K(448K), 0.0020420 secs] 683088K->682850K(1048512K), 0.0021440 secs] [Times: user=0.00 sys=0.00, real=0.00 secs] 
58.936: [GC58.936: [DefNew: 448K->63K(448K), 0.0019200 secs] 683234K->683082K(1048512K), 0.0019980 secs] [Times: user=0.00 sys=0.01, real=0.01 secs] 
58.946: [GC58.946: [DefNew: 447K->64K(448K), 0.0010390 secs] 683466K->683186K(1048512K), 0.0010750 secs] [Times: user=0.00 sys=0.00, real=0.01 secs] 
58.957: [GC58.957: [DefNew: 448K->63K(448K), 0.0012300 secs] 683570K->683277K(1048512K), 0.0012810 secs] [Times: user=0.00 sys=0.00, real=0.00 secs] 
58.968: [GC58.968: [DefNew: 447K->63K(448K), 0.0014220 secs] 683661K->683398K(1048512K), 0.0014750 secs] [Times: user=0.00 sys=0.00, real=0.00 secs] 
58.980: [GC58.980: [DefNew: 447K->64K(448K), 0.0015200 secs] 683782K->683524K(1048512K), 0.0015770 secs] [Times: user=0.00 sys=0.00, real=0.00 secs] 
58.992: [GC58.992: [DefNew: 447K->63K(448K), 0.0013590 secs] 683908K->683649K(1048512K), 0.0014140 secs] [Times: user=0.00 sys=0.00, real=0.00 secs] 
59.003: [GC59.004: [DefNew: 447K->64K(448K), 0.0013500 secs] 684033K->683780K(1048512K), 0.0014040 secs] [Times: user=0.00 sys=0.00, real=0.00 secs] 
59.014: [GC59.014: [DefNew: 448K->63K(448K), 0.0009950 secs] 684164K->683887K(1048512K), 0.0010530 secs] [Times: user=0.00 sys=0.00, real=0.00 secs] 
59.024: [GC59.024: [DefNew: 447K->63K(448K), 0.0006570 secs] 684271K->683971K(1048512K), 0.0006900 secs] [Times: user=0.00 sys=0.00, real=0.00 secs] 
59.033: [GC59.033: [DefNew: 447K->63K(448K), 0.0006390 secs] 684355K->684051K(1048512K), 0.0006880 secs] [Times: user=0.00 sys=0.00, real=0.00 secs] 
59.042: [GC59.042: [DefNew: 447K->63K(448K), 0.0009560 secs] 684435K->684118K(1048512K), 0.0010050 secs] [Times: user=0.00 sys=0.00, real=0.00 secs] 
59.052: [GC59.052: [DefNew: 447K->63K(448K), 0.0006940 secs] 684502K->684185K(1048512K), 0.0007500 secs] [Times: user=0.00 sys=0.00, real=0.00 secs] 
59.063: [GC59.063: [DefNew: 447K->64K(448K), 0.0006310 secs] 684569K->684272K(1048512K), 0.0006670 secs] [Times: user=0.00 sys=0.00, real=0.00 secs] 
59.072: [GC59.072: [DefNew: 448K->63K(448K), 0.0009030 secs] 684656K->684362K(1048512K), 0.0009570 secs] [Times: user=0.01 sys=0.00, real=0.00 secs] 
59.082: [GC59.082: [DefNew: 447K->63K(448K), 0.0006890 secs] 684746K->684429K(1048512K), 0.0007550 secs] [Times: user=0.00 sys=0.00, real=0.00 secs] 
59.092: [GC59.092: [DefNew: 447K->63K(448K), 0.0005950 secs] 684813K->684506K(1048512K), 0.0006290 secs] [Times: user=0.00 sys=0.00, real=0.00 secs] 
59.101: [GC59.101: [DefNew: 447K->63K(448K), 0.0009500 secs] 684890K->684602K(1048512K), 0.0009940 secs] [Times: user=0.00 sys=0.00, real=0.00 secs] 
59.111: [GC59.111: [DefNew: 447K->64K(448K), 0.0006960 secs] 684986K->684677K(1048512K), 0.0007570 secs] [Times: user=0.00 sys=0.00, real=0.00 secs] 
59.120: [GC59.120: [DefNew: 448K->63K(448K), 0.0009440 secs] 685061K->684766K(1048512K), 0.0010150 secs] [Times: user=0.00 sys=0.00, real=0.00 secs] 
59.130: [GC59.130: [DefNew: 447K->63K(448K), 0.0026060 secs] 685150K->684870K(1048512K), 0.0028740 secs] [Times: user=0.00 sys=0.00, real=0.00 secs] 
59.142: [GC59.142: [DefNew: 447K->64K(448K), 0.0009720 secs] 685254K->685041K(1048512K), 0.0010160 secs] [Times: user=0.01 sys=0.00, real=0.00 secs] 
59.153: [GC59.153: [DefNew: 448K->63K(448K), 0.0011500 secs] 685425K->685162K(1048512K), 0.0012100 secs] [Times: user=0.00 sys=0.00, real=0.00 secs] 
59.163: [GC59.163: [DefNew: 447K->63K(448K), 0.0007730 secs] 685546K->685255K(1048512K), 0.0008220 secs] [Times: user=0.00 sys=0.00, real=0.00 secs] 
59.173: [GC59.173: [DefNew: 447K->63K(448K), 0.0009010 secs] 685639K->685342K(1048512K), 0.0009640 secs] [Times: user=0.00 sys=0.00, real=0.00 secs] 
59.183: [GC59.183: [DefNew: 447K->63K(448K), 0.0007320 secs] 685726K->685421K(1048512K), 0.0007790 secs] [Times: user=0.00 sys=0.00, real=0.00 secs] 
59.193: [GC59.193: [DefNew: 447K->63K(448K), 0.0006440 secs] 685805K->685503K(1048512K), 0.0006880 secs] [Times: user=0.00 sys=0.00, real=0.00 secs] 
59.202: [GC59.202: [DefNew: 447K->63K(448K), 0.0006000 secs] 685887K->685585K(1048512K), 0.0006310 secs] [Times: user=0.00 sys=0.00, real=0.00 secs] 
59.212: [GC59.212: [DefNew: 447K->64K(448K), 0.0008180 secs] 685969K->685664K(1048512K), 0.0008700 secs] [Times: user=0.00 sys=0.00, real=0.00 secs] 
59.222: [GC59.222: [DefNew: 448K->63K(448K), 0.0009170 secs] 686048K->685755K(1048512K), 0.0009770 secs] [Times: user=0.00 sys=0.00, real=0.00 secs] 
59.232: [GC59.232: [DefNew: 447K->63K(448K), 0.0007560 secs] 686139K->685841K(1048512K), 0.0008280 secs] [Times: user=0.01 sys=0.00, real=0.00 secs] 
59.241: [GC59.241: [DefNew: 447K->63K(448K), 0.0006680 secs] 686225K->685911K(1048512K), 0.0007190 secs] [Times: user=0.00 sys=0.00, real=0.00 secs] 
59.250: [GC59.250: [DefNew: 447K->64K(448K), 0.0006110 secs] 686295K->685998K(1048512K), 0.0006470 secs] [Times: user=0.00 sys=0.00, real=0.00 secs] 
59.260: [GC59.260: [DefNew: 448K->63K(448K), 0.0006660 secs] 686382K->686076K(1048512K), 0.0007150 secs] [Times: user=0.00 sys=0.00, real=0.00 secs] 
59.269: [GC59.269: [DefNew: 447K->63K(448K), 0.0007120 secs] 686460K->686165K(1048512K), 0.0007580 secs] [Times: user=0.00 sys=0.00, real=0.00 secs] 
59.278: [GC59.278: [DefNew: 447K->63K(448K), 0.0008540 secs] 686549K->686258K(1048512K), 0.0009050 secs] [Times: user=0.00 sys=0.00, real=0.00 secs] 
59.287: [GC59.287: [DefNew: 447K->63K(448K), 0.0010320 secs] 686642K->686358K(1048512K), 0.0010930 secs] [Times: user=0.00 sys=0.00, real=0.00 secs] 
59.297: [GC59.297: [DefNew: 447K->63K(448K), 0.0007790 secs] 686742K->686475K(1048512K), 0.0008540 secs] [Times: user=0.00 sys=0.00, real=0.00 secs] 
59.306: [GC59.306: [DefNew: 447K->63K(448K), 0.0007380 secs] 686859K->686544K(1048512K), 0.0007760 secs] [Times: user=0.00 sys=0.00, real=0.00 secs] 
59.316: [GC59.316: [DefNew: 447K->63K(448K), 0.0009110 secs] 686928K->686631K(1048512K), 0.0009560 secs] [Times: user=0.01 sys=0.00, real=0.01 secs] 
59.326: [GC59.326: [DefNew: 447K->63K(448K), 0.0014750 secs] 687015K->686738K(1048512K), 0.0015630 secs] [Times: user=0.00 sys=0.00, real=0.01 secs] 
59.340: [GC59.340: [DefNew: 447K->63K(448K), 0.0042210 secs] 687122K->686897K(1048512K), 0.0044250 secs] [Times: user=0.00 sys=0.00, real=0.00 secs] 
59.354: [GC59.355: [DefNew: 447K->63K(448K), 0.0026970 secs] 687281K->687093K(1048512K), 0.0029230 secs] [Times: user=0.00 sys=0.00, real=0.01 secs] 
59.366: [GC59.366: [DefNew: 447K->63K(448K), 0.0010160 secs] 687477K->687195K(1048512K), 0.0011000 secs] [Times: user=0.01 sys=0.00, real=0.00 secs] 
59.377: [GC59.377: [DefNew: 447K->63K(448K), 0.0007470 secs] 687579K->687292K(1048512K), 0.0007870 secs] [Times: user=0.00 sys=0.00, real=0.00 secs] 
59.386: [GC59.386: [DefNew: 447K->63K(448K), 0.0008460 secs] 687675K->687420K(1048512K), 0.0008880 secs] [Times: user=0.00 sys=0.00, real=0.01 secs] 
59.395: [GC59.395: [DefNew: 447K->63K(448K), 0.0008870 secs] 687804K->687501K(1048512K), 0.0009340 secs] [Times: user=0.00 sys=0.00, real=0.01 secs] 
59.405: [GC59.405: [DefNew: 447K->64K(448K), 0.0007380 secs] 687885K->687587K(1048512K), 0.0007810 secs] [Times: user=0.00 sys=0.00, real=0.00 secs] 
59.415: [GC59.415: [DefNew: 448K->64K(448K), 0.0007920 secs] 687971K->687662K(1048512K), 0.0008400 secs] [Times: user=0.00 sys=0.00, real=0.00 secs] 
59.423: [GC59.423: [DefNew: 448K->63K(448K), 0.0006970 secs] 688046K->687743K(1048512K), 0.0007450 secs] [Times: user=0.00 sys=0.00, real=0.00 secs] 
59.433: [GC59.433: [DefNew: 447K->63K(448K), 0.0006830 secs] 688127K->687820K(1048512K), 0.0007280 secs] [Times: user=0.00 sys=0.00, real=0.00 secs] 
59.443: [GC59.443: [DefNew: 447K->63K(448K), 0.0008990 secs] 688204K->687908K(1048512K), 0.0009460 secs] [Times: user=0.00 sys=0.00, real=0.00 secs] 
59.453: [GC59.453: [DefNew: 447K->64K(448K), 0.0007170 secs] 688291K->687988K(1048512K), 0.0007530 secs] [Times: user=0.01 sys=0.00, real=0.00 secs] 
59.464: [GC59.464: [DefNew: 448K->63K(448K), 0.0006410 secs] 688372K->688063K(1048512K), 0.0006750 secs] [Times: user=0.00 sys=0.00, real=0.00 secs] 
59.473: [GC59.473: [DefNew: 447K->63K(448K), 0.0007210 secs] 688447K->688141K(1048512K), 0.0007810 secs] [Times: user=0.00 sys=0.00, real=0.00 secs] 
59.483: [GC59.483: [DefNew: 447K->64K(448K), 0.0009310 secs] 688525K->688229K(1048512K), 0.0009740 secs] [Times: user=0.00 sys=0.00, real=0.00 secs] 
59.493: [GC59.493: [DefNew: 448K->63K(448K), 0.0007180 secs] 688613K->688319K(1048512K), 0.0007660 secs] [Times: user=0.00 sys=0.00, real=0.00 secs] 
59.503: [GC59.503: [DefNew: 447K->64K(448K), 0.0007710 secs] 688703K->688398K(1048512K), 0.0008130 secs] [Times: user=0.00 sys=0.00, real=0.00 secs] 
59.513: [GC59.513: [DefNew: 448K->63K(448K), 0.0006510 secs] 688782K->688485K(1048512K), 0.0006960 secs] [Times: user=0.00 sys=0.00, real=0.00 secs] 
59.522: [GC59.522: [DefNew: 447K->63K(448K), 0.0007150 secs] 688869K->688561K(1048512K), 0.0007790 secs] [Times: user=0.00 sys=0.00, real=0.00 secs] 
59.532: [GC59.532: [DefNew: 447K->63K(448K), 0.0007040 secs] 688945K->688634K(1048512K), 0.0007660 secs] [Times: user=0.00 sys=0.00, real=0.00 secs] 
59.541: [GC59.541: [DefNew: 447K->64K(448K), 0.0006960 secs] 689018K->688708K(1048512K), 0.0007740 secs] [Times: user=0.00 sys=0.00, real=0.00 secs] 
59.552: [GC59.552: [DefNew: 448K->63K(448K), 0.0023590 secs] 689092K->688899K(1048512K), 0.0025160 secs] [Times: user=0.00 sys=0.00, real=0.00 secs] 
59.563: [GC59.563: [DefNew: 447K->64K(448K), 0.0021710 secs] 689283K->689000K(1048512K), 0.0023020 secs] [Times: user=0.00 sys=0.00, real=0.00 secs] 
59.575: [GC59.575: [DefNew: 448K->63K(448K), 0.0008500 secs] 689384K->689134K(1048512K), 0.0008990 secs] [Times: user=0.00 sys=0.00, real=0.00 secs] 
59.585: [GC59.585: [DefNew: 447K->63K(448K), 0.0008150 secs] 689518K->689232K(1048512K), 0.0008920 secs] [Times: user=0.00 sys=0.00, real=0.00 secs] 
59.595: [GC59.595: [DefNew: 447K->64K(448K), 0.0008360 secs] 689616K->689310K(1048512K), 0.0008830 secs] [Times: user=0.00 sys=0.00, real=0.00 secs] 
59.604: [GC59.604: [DefNew: 448K->63K(448K), 0.0008420 secs] 689694K->689400K(1048512K), 0.0009060 secs] [Times: user=0.00 sys=0.00, real=0.00 secs] 
59.614: [GC59.614: [DefNew: 447K->64K(448K), 0.0007770 secs] 689784K->689491K(1048512K), 0.0008350 secs] [Times: user=0.00 sys=0.00, real=0.00 secs] 
59.624: [GC59.624: [DefNew: 448K->63K(448K), 0.0007930 secs] 689875K->689574K(1048512K), 0.0008410 secs] [Times: user=0.00 sys=0.00, real=0.00 secs] 
59.632: [GC59.632: [DefNew: 447K->64K(448K), 0.0007720 secs] 689958K->689649K(1048512K), 0.0008270 secs] [Times: user=0.00 sys=0.00, real=0.00 secs] 
59.642: [GC59.642: [DefNew: 448K->64K(448K), 0.0006720 secs] 690033K->689730K(1048512K), 0.0007490 secs] [Times: user=0.00 sys=0.00, real=0.00 secs] 
59.651: [GC59.652: [DefNew: 448K->63K(448K), 0.0006700 secs] 690114K->689806K(1048512K), 0.0007150 secs] [Times: user=0.00 sys=0.00, real=0.00 secs] 
59.661: [GC59.661: [DefNew: 447K->63K(448K), 0.0007340 secs] 690190K->689900K(1048512K), 0.0007700 secs] [Times: user=0.00 sys=0.00, real=0.00 secs] 
59.672: [GC59.672: [DefNew: 447K->63K(448K), 0.0006960 secs] 690284K->689973K(1048512K), 0.0007360 secs] [Times: user=0.00 sys=0.00, real=0.00 secs] 
59.683: [GC59.683: [DefNew: 447K->64K(448K), 0.0023740 secs] 690357K->690080K(1048512K), 0.0025970 secs] [Times: user=0.00 sys=0.00, real=0.00 secs] 
59.696: [GC59.696: [DefNew: 448K->63K(448K), 0.0013660 secs] 690464K->690285K(1048512K), 0.0014350 secs] [Times: user=0.00 sys=0.00, real=0.01 secs] 
59.707: [GC59.707: [DefNew: 447K->64K(448K), 0.0010740 secs] 690669K->690408K(1048512K), 0.0011100 secs] [Times: user=0.00 sys=0.00, real=0.00 secs] 
59.717: [GC59.717: [DefNew: 448K->63K(448K), 0.0013380 secs] 690792K->690508K(1048512K), 0.0013900 secs] [Times: user=0.00 sys=0.00, real=0.00 secs] 
59.729: [GC59.729: [DefNew: 447K->63K(448K), 0.0013270 secs] 690892K->690648K(1048512K), 0.0013790 secs] [Times: user=0.00 sys=0.00, real=0.00 secs] 
59.741: [GC59.741: [DefNew: 447K->63K(448K), 0.0014390 secs] 691032K->690777K(1048512K), 0.0014950 secs] [Times: user=0.00 sys=0.00, real=0.00 secs] 
59.753: [GC59.753: [DefNew: 447K->64K(448K), 0.0016920 secs] 691161K->690939K(1048512K), 0.0017590 secs] [Times: user=0.01 sys=0.00, real=0.00 secs] 
59.764: [GC59.764: [DefNew: 448K->63K(448K), 0.0019100 secs] 691323K->691147K(1048512K), 0.0020170 secs] [Times: user=0.00 sys=0.00, real=0.00 secs] 
59.776: [GC59.776: [DefNew: 447K->64K(448K), 0.0011420 secs] 691530K->691273K(1048512K), 0.0011850 secs] [Times: user=0.00 sys=0.00, real=0.01 secs] 
59.786: [GC59.786: [DefNew: 448K->63K(448K), 0.0006950 secs] 691657K->691346K(1048512K), 0.0007300 secs] [Times: user=0.00 sys=0.00, real=0.01 secs] 
59.797: [GC59.797: [DefNew: 447K->63K(448K), 0.0011960 secs] 691730K->691473K(1048512K), 0.0012490 secs] [Times: user=0.00 sys=0.00, real=0.00 secs] 
59.808: [GC59.808: [DefNew: 447K->64K(448K), 0.0015040 secs] 691857K->691606K(1048512K), 0.0015570 secs] [Times: user=0.01 sys=0.00, real=0.00 secs] 
59.820: [GC59.820: [DefNew: 447K->63K(448K), 0.0015250 secs] 691990K->691744K(1048512K), 0.0016190 secs] [Times: user=0.00 sys=0.00, real=0.00 secs] 
59.832: [GC59.832: [DefNew: 447K->63K(448K), 0.0014500 secs] 692128K->691878K(1048512K), 0.0015090 secs] [Times: user=0.00 sys=0.00, real=0.00 secs] 
59.844: [GC59.844: [DefNew: 447K->63K(448K), 0.0016730 secs] 692262K->692028K(1048512K), 0.0017440 secs] [Times: user=0.00 sys=0.00, real=0.00 secs] 
59.855: [GC59.855: [DefNew: 447K->63K(448K), 0.0015390 secs] 692412K->692161K(1048512K), 0.0015900 secs] [Times: user=0.00 sys=0.00, real=0.01 secs] 
59.867: [GC59.867: [DefNew: 447K->63K(448K), 0.0014350 secs] 692545K->692278K(1048512K), 0.0014860 secs] [Times: user=0.01 sys=0.00, real=0.00 secs] 
59.878: [GC59.878: [DefNew: 447K->63K(448K), 0.0009750 secs] 692662K->692421K(1048512K), 0.0011000 secs] [Times: user=0.00 sys=0.00, real=0.00 secs] 
59.888: [GC59.889: [DefNew: 447K->63K(448K), 0.0017720 secs] 692805K->692559K(1048512K), 0.0018580 secs] [Times: user=0.00 sys=0.00, real=0.00 secs] 
59.900: [GC59.900: [DefNew: 447K->63K(448K), 0.0018440 secs] 692943K->692686K(1048512K), 0.0019420 secs] [Times: user=0.00 sys=0.00, real=0.00 secs] 
59.910: [GC59.910: [DefNew: 447K->63K(448K), 0.0011440 secs] 693070K->692796K(1048512K), 0.0012260 secs] [Times: user=0.00 sys=0.00, real=0.00 secs] 
59.922: [GC59.923: [DefNew: 447K->63K(448K), 0.0037860 secs] 693180K->693002K(1048512K), 0.0040430 secs] [Times: user=0.01 sys=0.00, real=0.01 secs] 
59.935: [GC59.935: [DefNew: 447K->64K(448K), 0.0023060 secs] 693386K->693241K(1048512K), 0.0024040 secs] [Times: user=0.00 sys=0.00, real=0.01 secs] 
59.948: [GC59.948: [DefNew: 448K->63K(448K), 0.0026510 secs] 693625K->693382K(1048512K), 0.0027310 secs] [Times: user=0.00 sys=0.00, real=0.00 secs] 
59.961: [GC59.961: [DefNew: 447K->63K(448K), 0.0009700 secs] 693766K->693489K(1048512K), 0.0010080 secs] [Times: user=0.01 sys=0.00, real=0.00 secs] 
59.971: [GC59.972: [DefNew: 447K->63K(448K), 0.0012140 secs] 693873K->693589K(1048512K), 0.0012930 secs] [Times: user=0.00 sys=0.00, real=0.00 secs] 
59.983: [GC59.983: [DefNew: 447K->63K(448K), 0.0014610 secs] 693973K->693714K(1048512K), 0.0015160 secs] [Times: user=0.00 sys=0.00, real=0.00 secs] 
59.995: [GC59.995: [DefNew: 447K->63K(448K), 0.0014300 secs] 694097K->693841K(1048512K), 0.0014800 secs] [Times: user=0.00 sys=0.00, real=0.01 secs] 
60.007: [GC60.007: [DefNew: 447K->63K(448K), 0.0013970 secs] 694225K->693962K(1048512K), 0.0014610 secs] [Times: user=0.00 sys=0.00, real=0.00 secs] 
60.018: [GC60.018: [DefNew: 447K->64K(448K), 0.0014600 secs] 694346K->694097K(1048512K), 0.0015120 secs] [Times: user=0.00 sys=0.00, real=0.00 secs] 
60.028: [GC60.028: [DefNew: 448K->64K(448K), 0.0013960 secs] 694481K->694216K(1048512K), 0.0014510 secs] [Times: user=0.00 sys=0.00, real=0.00 secs] 
60.040: [GC60.040: [DefNew: 448K->64K(448K), 0.0016250 secs] 694600K->694357K(1048512K), 0.0016840 secs] [Times: user=0.00 sys=0.00, real=0.00 secs] 
60.052: [GC60.052: [DefNew: 448K->63K(448K), 0.0016630 secs] 694741K->694491K(1048512K), 0.0017340 secs] [Times: user=0.00 sys=0.00, real=0.00 secs] 
60.063: [GC60.063: [DefNew: 447K->63K(448K), 0.0017630 secs] 694875K->694686K(1048512K), 0.0018120 secs] [Times: user=0.00 sys=0.00, real=0.00 secs] 
60.075: [GC60.075: [DefNew: 447K->63K(448K), 0.0010720 secs] 695070K->694832K(1048512K), 0.0011090 secs] [Times: user=0.00 sys=0.00, real=0.00 secs] 
60.086: [GC60.086: [DefNew: 447K->63K(448K), 0.0013310 secs] 695216K->694937K(1048512K), 0.0014000 secs] [Times: user=0.00 sys=0.00, real=0.01 secs] 
60.098: [GC60.098: [DefNew: 447K->63K(448K), 0.0014650 secs] 695321K->695095K(1048512K), 0.0015290 secs] [Times: user=0.00 sys=0.00, real=0.00 secs] 
60.108: [GC60.108: [DefNew: 447K->63K(448K), 0.0015990 secs] 695478K->695227K(1048512K), 0.0016500 secs] [Times: user=0.00 sys=0.00, real=0.00 secs] 
60.120: [GC60.120: [DefNew: 447K->63K(448K), 0.0015060 secs] 695611K->695364K(1048512K), 0.0015590 secs] [Times: user=0.00 sys=0.00, real=0.00 secs] 
60.131: [GC60.131: [DefNew: 447K->64K(448K), 0.0025990 secs] 695748K->695475K(1048512K), 0.0027690 secs] [Times: user=0.01 sys=0.00, real=0.00 secs] 
60.143: [GC60.143: [DefNew: 448K->64K(448K), 0.0019790 secs] 695859K->695642K(1048512K), 0.0020690 secs] [Times: user=0.00 sys=0.00, real=0.00 secs] 
60.154: [GC60.154: [DefNew: 448K->64K(448K), 0.0024100 secs] 696026K->695775K(1048512K), 0.0025180 secs] [Times: user=0.00 sys=0.00, real=0.01 secs] 
60.166: [GC60.166: [DefNew: 448K->64K(448K), 0.0034220 secs] 696159K->696005K(1048512K), 0.0036190 secs] [Times: user=0.00 sys=0.00, real=0.01 secs] 
60.178: [GC60.178: [DefNew: 447K->63K(448K), 0.0012490 secs] 696389K->696158K(1048512K), 0.0012900 secs] [Times: user=0.00 sys=0.00, real=0.00 secs] 
60.188: [GC60.188: [DefNew: 447K->63K(448K), 0.0007730 secs] 696542K->696242K(1048512K), 0.0008090 secs] [Times: user=0.00 sys=0.00, real=0.00 secs] 
60.199: [GC60.199: [DefNew: 447K->64K(448K), 0.0013070 secs] 696626K->696345K(1048512K), 0.0013710 secs] [Times: user=0.00 sys=0.00, real=0.00 secs] 
60.211: [GC60.211: [DefNew: 448K->63K(448K), 0.0016370 secs] 696729K->696520K(1048512K), 0.0016970 secs] [Times: user=0.00 sys=0.00, real=0.00 secs] 
60.223: [GC60.223: [DefNew: 447K->63K(448K), 0.0008270 secs] 696903K->696615K(1048512K), 0.0008710 secs] [Times: user=0.00 sys=0.00, real=0.00 secs] 
60.233: [GC60.233: [DefNew: 447K->63K(448K), 0.0007680 secs] 696999K->696695K(1048512K), 0.0008210 secs] [Times: user=0.00 sys=0.00, real=0.00 secs] 
60.244: [GC60.244: [DefNew: 447K->64K(448K), 0.0007810 secs] 697079K->696785K(1048512K), 0.0008190 secs] [Times: user=0.01 sys=0.00, real=0.00 secs] 
60.254: [GC60.254: [DefNew: 448K->63K(448K), 0.0007500 secs] 697169K->696876K(1048512K), 0.0007840 secs] [Times: user=0.00 sys=0.00, real=0.00 secs] 
60.264: [GC60.264: [DefNew: 447K->63K(448K), 0.0023640 secs] 697260K->696970K(1048512K), 0.0025300 secs] [Times: user=0.00 sys=0.00, real=0.01 secs] 
60.277: [GC60.277: [DefNew: 447K->63K(448K), 0.0008420 secs] 697354K->697120K(1048512K), 0.0008880 secs] [Times: user=0.00 sys=0.00, real=0.00 secs] 
60.287: [GC60.288: [DefNew: 447K->63K(448K), 0.0010310 secs] 697504K->697261K(1048512K), 0.0010900 secs] [Times: user=0.00 sys=0.00, real=0.00 secs] 
60.298: [GC60.298: [DefNew: 447K->63K(448K), 0.0008000 secs] 697645K->697343K(1048512K), 0.0008370 secs] [Times: user=0.00 sys=0.00, real=0.00 secs] 
60.309: [GC60.309: [DefNew: 447K->63K(448K), 0.0012380 secs] 697727K->697451K(1048512K), 0.0012960 secs] [Times: user=0.00 sys=0.00, real=0.00 secs] 
60.321: [GC60.321: [DefNew: 447K->63K(448K), 0.0016650 secs] 697835K->697591K(1048512K), 0.0017420 secs] [Times: user=0.00 sys=0.00, real=0.00 secs] 
60.330: [GC60.330: [DefNew: 447K->63K(448K), 0.0010110 secs] 697975K->697707K(1048512K), 0.0010550 secs] [Times: user=0.00 sys=0.00, real=0.00 secs] 
60.341: [GC60.341: [DefNew: 447K->64K(448K), 0.0007980 secs] 698091K->697802K(1048512K), 0.0008350 secs] [Times: user=0.00 sys=0.00, real=0.00 secs] 
60.352: [GC60.352: [DefNew: 448K->64K(448K), 0.0007390 secs] 698186K->697878K(1048512K), 0.0007760 secs] [Times: user=0.00 sys=0.00, real=0.00 secs] 
60.362: [GC60.362: [DefNew: 448K->64K(448K), 0.0006920 secs] 698262K->697968K(1048512K), 0.0007300 secs] [Times: user=0.00 sys=0.00, real=0.00 secs] 
60.373: [GC60.373: [DefNew: 448K->64K(448K), 0.0007170 secs] 698352K->698049K(1048512K), 0.0007650 secs] [Times: user=0.00 sys=0.00, real=0.00 secs] 
60.384: [GC60.384: [DefNew: 448K->63K(448K), 0.0010390 secs] 698433K->698132K(1048512K), 0.0010860 secs] [Times: user=0.00 sys=0.00, real=0.00 secs] 
60.395: [GC60.395: [DefNew: 447K->64K(448K), 0.0014170 secs] 698516K->698273K(1048512K), 0.0014810 secs] [Times: user=0.01 sys=0.00, real=0.01 secs] 
60.407: [GC60.407: [DefNew: 448K->63K(448K), 0.0014750 secs] 698657K->698393K(1048512K), 0.0015270 secs] [Times: user=0.00 sys=0.00, real=0.00 secs] 
60.418: [GC60.418: [DefNew: 447K->64K(448K), 0.0011030 secs] 698777K->698509K(1048512K), 0.0011690 secs] [Times: user=0.00 sys=0.00, real=0.00 secs] 
60.427: [GC60.427: [DefNew: 447K->63K(448K), 0.0009100 secs] 698893K->698595K(1048512K), 0.0009670 secs] [Times: user=0.00 sys=0.00, real=0.00 secs] 
60.437: [GC60.437: [DefNew: 447K->64K(448K), 0.0007960 secs] 698979K->698671K(1048512K), 0.0008580 secs] [Times: user=0.00 sys=0.00, real=0.00 secs] 
60.447: [GC60.447: [DefNew: 447K->64K(448K), 0.0006530 secs] 699055K->698754K(1048512K), 0.0006960 secs] [Times: user=0.00 sys=0.00, real=0.00 secs] 
60.456: [GC60.457: [DefNew: 448K->63K(448K), 0.0006780 secs] 699138K->698832K(1048512K), 0.0007280 secs] [Times: user=0.00 sys=0.00, real=0.00 secs] 
60.466: [GC60.466: [DefNew: 447K->64K(448K), 0.0009990 secs] 699216K->698927K(1048512K), 0.0010710 secs] [Times: user=0.00 sys=0.00, real=0.01 secs] 
60.477: [GC60.477: [DefNew: 448K->63K(448K), 0.0018810 secs] 699311K->699147K(1048512K), 0.0019840 secs] [Times: user=0.00 sys=0.00, real=0.00 secs] 
60.488: [GC60.488: [DefNew: 447K->63K(448K), 0.0032320 secs] 699531K->699284K(1048512K), 0.0034300 secs] [Times: user=0.00 sys=0.00, real=0.00 secs] 
60.499: [GC60.499: [DefNew: 447K->63K(448K), 0.0011000 secs] 699668K->699369K(1048512K), 0.0011540 secs] [Times: user=0.00 sys=0.00, real=0.00 secs] 
60.509: [GC60.509: [DefNew: 447K->64K(448K), 0.0007050 secs] 699753K->699461K(1048512K), 0.0007490 secs] [Times: user=0.00 sys=0.00, real=0.00 secs] 
60.518: [GC60.518: [DefNew: 448K->63K(448K), 0.0007280 secs] 699845K->699552K(1048512K), 0.0007780 secs] [Times: user=0.00 sys=0.00, real=0.00 secs] 
60.528: [GC60.528: [DefNew: 447K->64K(448K), 0.0008050 secs] 699936K->699649K(1048512K), 0.0008510 secs] [Times: user=0.01 sys=0.00, real=0.00 secs] 
60.537: [GC60.537: [DefNew: 448K->63K(448K), 0.0007500 secs] 700033K->699719K(1048512K), 0.0007870 secs] [Times: user=0.00 sys=0.00, real=0.00 secs] 
60.547: [GC60.547: [DefNew: 447K->63K(448K), 0.0008170 secs] 700103K->699801K(1048512K), 0.0008810 secs] [Times: user=0.00 sys=0.00, real=0.00 secs] 
60.557: [GC60.557: [DefNew: 447K->63K(448K), 0.0007210 secs] 700185K->699890K(1048512K), 0.0007600 secs] [Times: user=0.00 sys=0.00, real=0.00 secs] 
60.567: [GC60.567: [DefNew: 447K->63K(448K), 0.0012370 secs] 700274K->700002K(1048512K), 0.0012860 secs] [Times: user=0.00 sys=0.00, real=0.00 secs] 
60.578: [GC60.578: [DefNew: 447K->63K(448K), 0.0014260 secs] 700386K->700140K(1048512K), 0.0014910 secs] [Times: user=0.00 sys=0.00, real=0.00 secs] 
60.589: [GC60.589: [DefNew: 447K->64K(448K), 0.0014780 secs] 700524K->700261K(1048512K), 0.0015320 secs] [Times: user=0.00 sys=0.00, real=0.00 secs] 
60.601: [GC60.601: [DefNew: 448K->63K(448K), 0.0015700 secs] 700645K->700407K(1048512K), 0.0016360 secs] [Times: user=0.01 sys=0.00, real=0.00 secs] 
60.613: [GC60.613: [DefNew: 447K->63K(448K), 0.0013830 secs] 700791K->700523K(1048512K), 0.0014320 secs] [Times: user=0.00 sys=0.00, real=0.00 secs] 
60.625: [GC60.625: [DefNew: 447K->63K(448K), 0.0016890 secs] 700907K->700662K(1048512K), 0.0017570 secs] [Times: user=0.00 sys=0.00, real=0.01 secs] 
60.637: [GC60.637: [DefNew: 447K->63K(448K), 0.0014030 secs] 701046K->700780K(1048512K), 0.0014560 secs] [Times: user=0.00 sys=0.00, real=0.00 secs] 
60.648: [GC60.648: [DefNew: 447K->63K(448K), 0.0014170 secs] 701164K->700919K(1048512K), 0.0014720 secs] [Times: user=0.00 sys=0.00, real=0.00 secs] 
60.658: [GC60.658: [DefNew: 447K->63K(448K), 0.0014340 secs] 701303K->701058K(1048512K), 0.0014860 secs] [Times: user=0.01 sys=0.00, real=0.00 secs] 
60.670: [GC60.670: [DefNew: 447K->63K(448K), 0.0014640 secs] 701442K->701173K(1048512K), 0.0015160 secs] [Times: user=0.00 sys=0.00, real=0.00 secs] 
60.682: [GC60.682: [DefNew: 447K->64K(448K), 0.0024330 secs] 701557K->701385K(1048512K), 0.0026090 secs] [Times: user=0.00 sys=0.00, real=0.00 secs] 
60.694: [GC60.694: [DefNew: 448K->63K(448K), 0.0014850 secs] 701769K->701553K(1048512K), 0.0015500 secs] [Times: user=0.00 sys=0.00, real=0.00 secs] 
60.706: [GC60.706: [DefNew: 447K->63K(448K), 0.0008950 secs] 701937K->701642K(1048512K), 0.0009400 secs] [Times: user=0.00 sys=0.00, real=0.01 secs] 
60.717: [GC60.717: [DefNew: 447K->63K(448K), 0.0012250 secs] 702025K->701736K(1048512K), 0.0012870 secs] [Times: user=0.01 sys=0.00, real=0.00 secs] 
60.727: [GC60.727: [DefNew: 447K->64K(448K), 0.0014550 secs] 702120K->701875K(1048512K), 0.0015080 secs] [Times: user=0.00 sys=0.00, real=0.00 secs] 
60.738: [GC60.738: [DefNew: 448K->64K(448K), 0.0014970 secs] 702259K->702013K(1048512K), 0.0015540 secs] [Times: user=0.00 sys=0.00, real=0.00 secs] 
60.750: [GC60.750: [DefNew: 448K->63K(448K), 0.0015550 secs] 702397K->702159K(1048512K), 0.0016090 secs] [Times: user=0.00 sys=0.01, real=0.00 secs] 
60.762: [GC60.762: [DefNew: 447K->64K(448K), 0.0015380 secs] 702543K->702310K(1048512K), 0.0015980 secs] [Times: user=0.00 sys=0.00, real=0.00 secs] 
60.774: [GC60.774: [DefNew: 448K->63K(448K), 0.0014360 secs] 702694K->702433K(1048512K), 0.0014920 secs] [Times: user=0.01 sys=0.00, real=0.00 secs] 
60.786: [GC60.786: [DefNew: 447K->63K(448K), 0.0014910 secs] 702817K->702586K(1048512K), 0.0015460 secs] [Times: user=0.00 sys=0.00, real=0.01 secs] 
60.797: [GC60.797: [DefNew: 447K->63K(448K), 0.0015270 secs] 702970K->702715K(1048512K), 0.0015780 secs] [Times: user=0.00 sys=0.00, real=0.00 secs] 
60.809: [GC60.809: [DefNew: 447K->64K(448K), 0.0016370 secs] 703098K->702854K(1048512K), 0.0016960 secs] [Times: user=0.00 sys=0.00, real=0.00 secs] 
60.821: [GC60.821: [DefNew: 447K->63K(448K), 0.0014990 secs] 703238K->702976K(1048512K), 0.0015490 secs] [Times: user=0.00 sys=0.00, real=0.00 secs] 
60.833: [GC60.833: [DefNew: 447K->63K(448K), 0.0014900 secs] 703360K->703121K(1048512K), 0.0015550 secs] [Times: user=0.01 sys=0.00, real=0.00 secs] 
60.845: [GC60.845: [DefNew: 447K->63K(448K), 0.0014970 secs] 703505K->703240K(1048512K), 0.0015490 secs] [Times: user=0.00 sys=0.00, real=0.00 secs] 
60.856: [GC60.857: [DefNew: 447K->64K(448K), 0.0015580 secs] 703624K->703370K(1048512K), 0.0016330 secs] [Times: user=0.00 sys=0.00, real=0.00 secs] 
60.868: [GC60.868: [DefNew: 447K->63K(448K), 0.0015130 secs] 703754K->703510K(1048512K), 0.0015650 secs] [Times: user=0.00 sys=0.00, real=0.00 secs] 
60.879: [GC60.879: [DefNew: 447K->63K(448K), 0.0014430 secs] 703894K->703625K(1048512K), 0.0014960 secs] [Times: user=0.00 sys=0.00, real=0.00 secs] 
60.891: [GC60.891: [DefNew: 447K->64K(448K), 0.0014130 secs] 704009K->703767K(1048512K), 0.0014660 secs] [Times: user=0.01 sys=0.00, real=0.00 secs] 
60.903: [GC60.903: [DefNew: 448K->64K(448K), 0.0014490 secs] 704151K->703901K(1048512K), 0.0015130 secs] [Times: user=0.00 sys=0.00, real=0.00 secs] 
60.915: [GC60.915: [DefNew: 448K->63K(448K), 0.0014550 secs] 704285K->704049K(1048512K), 0.0015090 secs] [Times: user=0.00 sys=0.00, real=0.00 secs] 
60.926: [GC60.926: [DefNew: 447K->63K(448K), 0.0014490 secs] 704433K->704161K(1048512K), 0.0015010 secs] [Times: user=0.00 sys=0.00, real=0.00 secs] 
60.938: [GC60.938: [DefNew: 447K->64K(448K), 0.0014940 secs] 704545K->704304K(1048512K), 0.0015450 secs] [Times: user=0.00 sys=0.00, real=0.00 secs] 
60.949: [GC60.949: [DefNew: 448K->64K(448K), 0.0014930 secs] 704688K->704427K(1048512K), 0.0015450 secs] [Times: user=0.01 sys=0.00, real=0.00 secs] 
60.960: [GC60.960: [DefNew: 448K->63K(448K), 0.0015790 secs] 704811K->704559K(1048512K), 0.0016430 secs] [Times: user=0.00 sys=0.00, real=0.00 secs] 
60.971: [GC60.971: [DefNew: 447K->63K(448K), 0.0013900 secs] 704943K->704667K(1048512K), 0.0014400 secs] [Times: user=0.00 sys=0.00, real=0.00 secs] 
60.982: [GC60.982: [DefNew: 447K->63K(448K), 0.0030260 secs] 705051K->704817K(1048512K), 0.0031290 secs] [Times: user=0.00 sys=0.00, real=0.00 secs] 
60.996: [GC60.996: [DefNew: 447K->64K(448K), 0.0015150 secs] 705201K->704942K(1048512K), 0.0015660 secs] [Times: user=0.00 sys=0.00, real=0.01 secs] 
61.007: [GC61.007: [DefNew: 448K->64K(448K), 0.0026200 secs] 705326K->705095K(1048512K), 0.0027110 secs] [Times: user=0.00 sys=0.01, real=0.00 secs] 
61.019: [GC61.019: [DefNew: 448K->64K(448K), 0.0008720 secs] 705479K->705178K(1048512K), 0.0009090 secs] [Times: user=0.00 sys=0.00, real=0.00 secs] 
61.030: [GC61.030: [DefNew: 448K->63K(448K), 0.0012280 secs] 705562K->705268K(1048512K), 0.0012810 secs] [Times: user=0.00 sys=0.00, real=0.00 secs] 
61.041: [GC61.041: [DefNew: 447K->63K(448K), 0.0013470 secs] 705652K->705393K(1048512K), 0.0013970 secs] [Times: user=0.00 sys=0.00, real=0.00 secs] 
61.051: [GC61.051: [DefNew: 447K->63K(448K), 0.0014980 secs] 705777K->705518K(1048512K), 0.0015510 secs] [Times: user=0.00 sys=0.00, real=0.00 secs] 
61.063: [GC61.063: [DefNew: 447K->63K(448K), 0.0016370 secs] 705902K->705646K(1048512K), 0.0017010 secs] [Times: user=0.01 sys=0.00, real=0.00 secs] 
61.075: [GC61.075: [DefNew: 447K->63K(448K), 0.0014900 secs] 706030K->705776K(1048512K), 0.0015440 secs] [Times: user=0.00 sys=0.00, real=0.01 secs] 
61.086: [GC61.086: [DefNew: 447K->64K(448K), 0.0014840 secs] 706160K->705923K(1048512K), 0.0015370 secs] [Times: user=0.00 sys=0.00, real=0.00 secs] 
61.098: [GC61.098: [DefNew: 448K->63K(448K), 0.0013970 secs] 706307K->706045K(1048512K), 0.0014690 secs] [Times: user=0.00 sys=0.00, real=0.00 secs] 
61.110: [GC61.110: [DefNew: 447K->64K(448K), 0.0013920 secs] 706428K->706186K(1048512K), 0.0014670 secs] [Times: user=0.00 sys=0.00, real=0.00 secs] 
61.121: [GC61.121: [DefNew: 448K->63K(448K), 0.0014830 secs] 706570K->706299K(1048512K), 0.0015360 secs] [Times: user=0.01 sys=0.00, real=0.00 secs] 
61.130: [GC61.130: [DefNew: 447K->63K(448K), 0.0009270 secs] 706683K->706443K(1048512K), 0.0009850 secs] [Times: user=0.00 sys=0.00, real=0.00 secs] 
61.140: [GC61.140: [DefNew: 447K->64K(448K), 0.0017830 secs] 706827K->706584K(1048512K), 0.0019170 secs] [Times: user=0.00 sys=0.00, real=0.00 secs] 
61.151: [GC61.151: [DefNew: 448K->63K(448K), 0.0026180 secs] 706968K->706781K(1048512K), 0.0027400 secs] [Times: user=0.00 sys=0.00, real=0.00 secs] 
61.163: [GC61.164: [DefNew: 447K->63K(448K), 0.0035780 secs] 707164K->706982K(1048512K), 0.0037470 secs] [Times: user=0.01 sys=0.00, real=0.01 secs] 
61.177: [GC61.178: [DefNew: 447K->64K(448K), 0.0022730 secs] 707366K->707197K(1048512K), 0.0023910 secs] [Times: user=0.00 sys=0.00, real=0.00 secs] 
61.188: [GC61.188: [DefNew: 448K->64K(448K), 0.0020220 secs] 707581K->707333K(1048512K), 0.0021780 secs] [Times: user=0.00 sys=0.00, real=0.00 secs] 
61.200: [GC61.200: [DefNew: 448K->64K(448K), 0.0020400 secs] 707717K->707531K(1048512K), 0.0020950 secs] [Times: user=0.00 sys=0.00, real=0.00 secs] 
61.211: [GC61.211: [DefNew: 448K->63K(448K), 0.0011320 secs] 707915K->707652K(1048512K), 0.0011810 secs] [Times: user=0.00 sys=0.00, real=0.00 secs] 
61.221: [GC61.221: [DefNew: 447K->63K(448K), 0.0008370 secs] 708036K->707733K(1048512K), 0.0008820 secs] [Times: user=0.00 sys=0.00, real=0.00 secs] 
61.231: [GC61.231: [DefNew: 447K->63K(448K), 0.0008560 secs] 708117K->707811K(1048512K), 0.0009410 secs] [Times: user=0.00 sys=0.00, real=0.00 secs] 
61.241: [GC61.241: [DefNew: 447K->64K(448K), 0.0007290 secs] 708195K->707893K(1048512K), 0.0007900 secs] [Times: user=0.00 sys=0.00, real=0.00 secs] 
61.251: [GC61.251: [DefNew: 448K->64K(448K), 0.0007830 secs] 708277K->707978K(1048512K), 0.0008260 secs] [Times: user=0.00 sys=0.00, real=0.00 secs] 
61.260: [GC61.260: [DefNew: 448K->63K(448K), 0.0006730 secs] 708362K->708050K(1048512K), 0.0007160 secs] [Times: user=0.00 sys=0.00, real=0.00 secs] 
61.270: [GC61.270: [DefNew: 447K->63K(448K), 0.0006170 secs] 708434K->708122K(1048512K), 0.0006520 secs] [Times: user=0.00 sys=0.00, real=0.00 secs] 
61.279: [GC61.279: [DefNew: 447K->63K(448K), 0.0008720 secs] 708506K->708200K(1048512K), 0.0009260 secs] [Times: user=0.00 sys=0.00, real=0.00 secs] 
61.287: [GC61.287: [DefNew: 447K->63K(448K), 0.0008950 secs] 708584K->708269K(1048512K), 0.0009420 secs] [Times: user=0.00 sys=0.01, real=0.00 secs] 
61.297: [GC61.297: [DefNew: 447K->63K(448K), 0.0007080 secs] 708653K->708352K(1048512K), 0.0007540 secs] [Times: user=0.01 sys=0.00, real=0.00 secs] 
61.307: [GC61.307: [DefNew: 447K->63K(448K), 0.0007140 secs] 708736K->708431K(1048512K), 0.0007700 secs] [Times: user=0.00 sys=0.00, real=0.00 secs] 
61.316: [GC61.316: [DefNew: 447K->64K(448K), 0.0006940 secs] 708815K->708511K(1048512K), 0.0007350 secs] [Times: user=0.00 sys=0.00, real=0.01 secs] 
61.326: [GC61.326: [DefNew: 448K->63K(448K), 0.0008030 secs] 708895K->708608K(1048512K), 0.0008630 secs] [Times: user=0.00 sys=0.00, real=0.01 secs] 
61.335: [GC61.335: [DefNew: 447K->63K(448K), 0.0008570 secs] 708992K->708706K(1048512K), 0.0009000 secs] [Times: user=0.00 sys=0.00, real=0.01 secs] 
61.345: [GC61.345: [DefNew: 447K->63K(448K), 0.0007000 secs] 709090K->708779K(1048512K), 0.0007470 secs] [Times: user=0.00 sys=0.00, real=0.00 secs] 
61.355: [GC61.355: [DefNew: 447K->63K(448K), 0.0007180 secs] 709163K->708868K(1048512K), 0.0007660 secs] [Times: user=0.00 sys=0.00, real=0.00 secs] 
61.366: [GC61.366: [DefNew: 447K->64K(448K), 0.0006900 secs] 709252K->708945K(1048512K), 0.0007240 secs] [Times: user=0.00 sys=0.00, real=0.01 secs] 
61.377: [GC61.377: [DefNew: 448K->64K(448K), 0.0013610 secs] 709329K->709109K(1048512K), 0.0014120 secs] [Times: user=0.00 sys=0.00, real=0.00 secs] 
61.388: [GC61.388: [DefNew: 448K->64K(448K), 0.0015890 secs] 709493K->709243K(1048512K), 0.0016590 secs] [Times: user=0.00 sys=0.00, real=0.00 secs] 
61.400: [GC61.400: [DefNew: 448K->63K(448K), 0.0019240 secs] 709627K->709468K(1048512K), 0.0020060 secs] [Times: user=0.00 sys=0.00, real=0.00 secs] 
61.412: [GC61.412: [DefNew: 447K->64K(448K), 0.0016130 secs] 709851K->709597K(1048512K), 0.0016600 secs] [Times: user=0.00 sys=0.00, real=0.00 secs] 
61.424: [GC61.424: [DefNew: 448K->64K(448K), 0.0014270 secs] 709981K->709725K(1048512K), 0.0015460 secs] [Times: user=0.00 sys=0.00, real=0.00 secs] 
61.436: [GC61.436: [DefNew: 448K->63K(448K), 0.0014910 secs] 710109K->709853K(1048512K), 0.0015420 secs] [Times: user=0.01 sys=0.00, real=0.01 secs] 
61.448: [GC61.448: [DefNew: 447K->63K(448K), 0.0015350 secs] 710237K->709981K(1048512K), 0.0015890 secs] [Times: user=0.00 sys=0.00, real=0.00 secs] 
61.460: [GC61.460: [DefNew: 447K->63K(448K), 0.0016370 secs] 710365K->710126K(1048512K), 0.0016970 secs] [Times: user=0.00 sys=0.00, real=0.00 secs] 
61.470: [GC61.470: [DefNew: 447K->63K(448K), 0.0015610 secs] 710510K->710245K(1048512K), 0.0016140 secs] [Times: user=0.00 sys=0.00, real=0.00 secs] 
61.482: [GC61.482: [DefNew: 447K->63K(448K), 0.0015150 secs] 710629K->710377K(1048512K), 0.0015710 secs] [Times: user=0.00 sys=0.00, real=0.00 secs] 
61.494: [GC61.494: [DefNew: 447K->63K(448K), 0.0013990 secs] 710761K->710491K(1048512K), 0.0014500 secs] [Times: user=0.01 sys=0.00, real=0.00 secs] 
61.506: [GC61.506: [DefNew: 447K->64K(448K), 0.0015120 secs] 710875K->710636K(1048512K), 0.0015630 secs] [Times: user=0.00 sys=0.00, real=0.00 secs] 
61.518: [GC61.518: [DefNew: 448K->64K(448K), 0.0015030 secs] 711020K->710752K(1048512K), 0.0015670 secs] [Times: user=0.00 sys=0.00, real=0.00 secs] 
61.530: [GC61.530: [DefNew: 448K->63K(448K), 0.0015280 secs] 711136K->710893K(1048512K), 0.0015910 secs] [Times: user=0.00 sys=0.00, real=0.00 secs] 
61.542: [GC61.542: [DefNew: 447K->63K(448K), 0.0016050 secs] 711277K->711015K(1048512K), 0.0016710 secs] [Times: user=0.00 sys=0.00, real=0.00 secs] 
61.553: [GC61.553: [DefNew: 447K->63K(448K), 0.0013550 secs] 711399K->711149K(1048512K), 0.0014090 secs] [Times: user=0.01 sys=0.00, real=0.00 secs] 
61.564: [GC61.564: [DefNew: 447K->63K(448K), 0.0015360 secs] 711533K->711279K(1048512K), 0.0015930 secs] [Times: user=0.00 sys=0.00, real=0.00 secs] 
61.576: [GC61.576: [DefNew: 447K->63K(448K), 0.0015250 secs] 711663K->711415K(1048512K), 0.0015760 secs] [Times: user=0.00 sys=0.00, real=0.01 secs] 
61.588: [GC61.588: [DefNew: 447K->63K(448K), 0.0014630 secs] 711799K->711541K(1048512K), 0.0015150 secs] [Times: user=0.00 sys=0.01, real=0.00 secs] 
61.598: [GC61.598: [DefNew: 447K->64K(448K), 0.0027640 secs] 711925K->711709K(1048512K), 0.0029220 secs] [Times: user=0.01 sys=0.00, real=0.00 secs] 
61.611: [GC61.611: [DefNew: 448K->63K(448K), 0.0010780 secs] 712093K->711858K(1048512K), 0.0011190 secs] [Times: user=0.00 sys=0.00, real=0.00 secs] 
61.621: [GC61.621: [DefNew: 447K->64K(448K), 0.0011010 secs] 712242K->711943K(1048512K), 0.0011820 secs] [Times: user=0.00 sys=0.00, real=0.00 secs] 
61.631: [GC61.631: [DefNew: 447K->63K(448K), 0.0007940 secs] 712327K->712022K(1048512K), 0.0008740 secs] [Times: user=0.00 sys=0.00, real=0.00 secs] 
61.641: [GC61.641: [DefNew: 447K->64K(448K), 0.0006860 secs] 712406K->712100K(1048512K), 0.0007430 secs] [Times: user=0.00 sys=0.00, real=0.00 secs] 
61.650: [GC61.650: [DefNew: 447K->63K(448K), 0.0006500 secs] 712484K->712191K(1048512K), 0.0007040 secs] [Times: user=0.00 sys=0.00, real=0.00 secs] 
61.659: [GC61.659: [DefNew: 447K->63K(448K), 0.0006200 secs] 712575K->712272K(1048512K), 0.0006580 secs] [Times: user=0.00 sys=0.00, real=0.00 secs] 
61.669: [GC61.669: [DefNew: 447K->63K(448K), 0.0006290 secs] 712656K->712344K(1048512K), 0.0006640 secs] [Times: user=0.00 sys=0.00, real=0.00 secs] 
61.678: [GC61.678: [DefNew: 447K->63K(448K), 0.0007960 secs] 712728K->712429K(1048512K), 0.0008430 secs] [Times: user=0.00 sys=0.00, real=0.00 secs] 
61.687: [GC61.687: [DefNew: 447K->63K(448K), 0.0007650 secs] 712813K->712506K(1048512K), 0.0008300 secs] [Times: user=0.00 sys=0.00, real=0.00 secs] 
61.697: [GC61.697: [DefNew: 447K->64K(448K), 0.0007690 secs] 712890K->712588K(1048512K), 0.0008150 secs] [Times: user=0.00 sys=0.00, real=0.00 secs] 
61.706: [GC61.706: [DefNew: 448K->63K(448K), 0.0007620 secs] 712972K->712676K(1048512K), 0.0008100 secs] [Times: user=0.00 sys=0.00, real=0.00 secs] 
61.716: [GC61.716: [DefNew: 447K->63K(448K), 0.0006830 secs] 713060K->712757K(1048512K), 0.0007210 secs] [Times: user=0.00 sys=0.00, real=0.01 secs] 
61.726: [GC61.726: [DefNew: 447K->63K(448K), 0.0007680 secs] 713141K->712825K(1048512K), 0.0008160 secs] [Times: user=0.00 sys=0.00, real=0.01 secs] 
61.735: [GC61.735: [DefNew: 447K->64K(448K), 0.0006660 secs] 713209K->712905K(1048512K), 0.0007090 secs] [Times: user=0.00 sys=0.00, real=0.00 secs] 
61.745: [GC61.745: [DefNew: 448K->63K(448K), 0.0006420 secs] 713289K->712975K(1048512K), 0.0007050 secs] [Times: user=0.00 sys=0.00, real=0.00 secs] 
61.753: [GC61.753: [DefNew: 447K->64K(448K), 0.0006780 secs] 713359K->713059K(1048512K), 0.0007300 secs] [Times: user=0.00 sys=0.00, real=0.00 secs] 
61.763: [GC61.763: [DefNew: 448K->63K(448K), 0.0006750 secs] 713443K->713155K(1048512K), 0.0007290 secs] [Times: user=0.00 sys=0.00, real=0.00 secs] 
61.772: [GC61.772: [DefNew: 447K->63K(448K), 0.0007000 secs] 713539K->713225K(1048512K), 0.0007430 secs] [Times: user=0.00 sys=0.00, real=0.00 secs] 
61.782: [GC61.782: [DefNew: 447K->63K(448K), 0.0008720 secs] 713609K->713301K(1048512K), 0.0009650 secs] [Times: user=0.00 sys=0.00, real=0.00 secs] 
61.792: [GC61.792: [DefNew: 447K->63K(448K), 0.0006030 secs] 713685K->713366K(1048512K), 0.0006460 secs] [Times: user=0.00 sys=0.00, real=0.00 secs] 
61.802: [GC61.802: [DefNew: 447K->64K(448K), 0.0028300 secs] 713750K->713529K(1048512K), 0.0030140 secs] [Times: user=0.00 sys=0.00, real=0.00 secs] 
61.814: [GC61.814: [DefNew: 447K->64K(448K), 0.0023680 secs] 713913K->713717K(1048512K), 0.0025380 secs] [Times: user=0.00 sys=0.00, real=0.01 secs] 
61.826: [GC61.826: [DefNew: 448K->63K(448K), 0.0009720 secs] 714101K->713852K(1048512K), 0.0010170 secs] [Times: user=0.00 sys=0.00, real=0.01 secs] 
61.836: [GC61.836: [DefNew: 447K->64K(448K), 0.0007280 secs] 714236K->713930K(1048512K), 0.0008010 secs] [Times: user=0.00 sys=0.00, real=0.01 secs] 
61.844: [GC61.844: [DefNew: 448K->63K(448K), 0.0006150 secs] 714314K->713998K(1048512K), 0.0006520 secs] [Times: user=0.00 sys=0.00, real=0.00 secs] 
61.853: [GC61.853: [DefNew: 447K->63K(448K), 0.0008190 secs] 714382K->714091K(1048512K), 0.0008830 secs] [Times: user=0.00 sys=0.00, real=0.00 secs] 
61.863: [GC61.863: [DefNew: 447K->64K(448K), 0.0007710 secs] 714475K->714182K(1048512K), 0.0008170 secs] [Times: user=0.00 sys=0.00, real=0.00 secs] 
61.872: [GC61.872: [DefNew: 448K->64K(448K), 0.0008840 secs] 714566K->714276K(1048512K), 0.0009580 secs] [Times: user=0.00 sys=0.00, real=0.00 secs] 
61.882: [GC61.882: [DefNew: 448K->64K(448K), 0.0008620 secs] 714660K->714363K(1048512K), 0.0009180 secs] [Times: user=0.00 sys=0.00, real=0.00 secs] 
61.892: [GC61.892: [DefNew: 448K->64K(448K), 0.0009160 secs] 714747K->714460K(1048512K), 0.0009740 secs] [Times: user=0.00 sys=0.00, real=0.00 secs] 
61.902: [GC61.902: [DefNew: 448K->63K(448K), 0.0008460 secs] 714844K->714541K(1048512K), 0.0009180 secs] [Times: user=0.00 sys=0.00, real=0.00 secs] 
61.912: [GC61.912: [DefNew: 447K->63K(448K), 0.0008020 secs] 714925K->714645K(1048512K), 0.0008550 secs] [Times: user=0.00 sys=0.00, real=0.00 secs] 
61.920: [GC61.920: [DefNew: 447K->63K(448K), 0.0007560 secs] 715029K->714725K(1048512K), 0.0008050 secs] [Times: user=0.00 sys=0.00, real=0.00 secs] 
61.930: [GC61.930: [DefNew: 447K->63K(448K), 0.0006850 secs] 715109K->714815K(1048512K), 0.0007240 secs] [Times: user=0.00 sys=0.00, real=0.00 secs] 
61.940: [GC61.940: [DefNew: 447K->63K(448K), 0.0007730 secs] 715199K->714891K(1048512K), 0.0008230 secs] [Times: user=0.01 sys=0.00, real=0.00 secs] 
61.950: [GC61.950: [DefNew: 447K->64K(448K), 0.0007300 secs] 715275K->714979K(1048512K), 0.0007860 secs] [Times: user=0.00 sys=0.00, real=0.00 secs] 
61.959: [GC61.959: [DefNew: 447K->63K(448K), 0.0008100 secs] 715363K->715065K(1048512K), 0.0008560 secs] [Times: user=0.00 sys=0.00, real=0.00 secs] 
61.969: [GC61.969: [DefNew: 447K->64K(448K), 0.0007700 secs] 715449K->715144K(1048512K), 0.0008150 secs] [Times: user=0.00 sys=0.01, real=0.00 secs] 
61.979: [GC61.979: [DefNew: 447K->64K(448K), 0.0006590 secs] 715528K->715228K(1048512K), 0.0006930 secs] [Times: user=0.00 sys=0.00, real=0.00 secs] 
61.988: [GC61.988: [DefNew: 447K->63K(448K), 0.0009700 secs] 715611K->715310K(1048512K), 0.0010240 secs] [Times: user=0.00 sys=0.00, real=0.00 secs] 
61.998: [GC61.998: [DefNew: 447K->63K(448K), 0.0007410 secs] 715694K->715394K(1048512K), 0.0007770 secs] [Times: user=0.00 sys=0.00, real=0.00 secs] 
62.008: [GC62.008: [DefNew: 447K->64K(448K), 0.0006500 secs] 715777K->715474K(1048512K), 0.0006850 secs] [Times: user=0.00 sys=0.00, real=0.00 secs] 
62.017: [GC62.017: [DefNew: 448K->63K(448K), 0.0007110 secs] 715858K->715552K(1048512K), 0.0007470 secs] [Times: user=0.00 sys=0.00, real=0.00 secs] 
62.028: [GC62.028: [DefNew: 447K->63K(448K), 0.0011980 secs] 715936K->715643K(1048512K), 0.0012560 secs] [Times: user=0.01 sys=0.00, real=0.00 secs] 
62.040: [GC62.040: [DefNew: 447K->63K(448K), 0.0014090 secs] 716027K->715768K(1048512K), 0.0014610 secs] [Times: user=0.00 sys=0.00, real=0.00 secs] 
62.051: [GC62.051: [DefNew: 447K->63K(448K), 0.0014290 secs] 716152K->715893K(1048512K), 0.0014900 secs] [Times: user=0.00 sys=0.00, real=0.00 secs] 
62.062: [GC62.062: [DefNew: 447K->63K(448K), 0.0013770 secs] 716277K->715987K(1048512K), 0.0014380 secs] [Times: user=0.00 sys=0.00, real=0.00 secs] 
62.074: [GC62.074: [DefNew: 447K->64K(448K), 0.0013870 secs] 716371K->716121K(1048512K), 0.0014370 secs] [Times: user=0.00 sys=0.00, real=0.00 secs] 
62.086: [GC62.086: [DefNew: 448K->63K(448K), 0.0014760 secs] 716505K->716245K(1048512K), 0.0015280 secs] [Times: user=0.00 sys=0.00, real=0.01 secs] 
62.098: [GC62.098: [DefNew: 447K->63K(448K), 0.0021180 secs] 716629K->716377K(1048512K), 0.0021770 secs] [Times: user=0.00 sys=0.00, real=0.00 secs] 
62.109: [GC62.109: [DefNew: 447K->64K(448K), 0.0010220 secs] 716761K->716558K(1048512K), 0.0010550 secs] [Times: user=0.00 sys=0.00, real=0.00 secs] 
62.120: [GC62.120: [DefNew: 448K->64K(448K), 0.0019210 secs] 716942K->716668K(1048512K), 0.0020220 secs] [Times: user=0.00 sys=0.00, real=0.00 secs] 
62.131: [GC62.131: [DefNew: 448K->63K(448K), 0.0009330 secs] 717052K->716780K(1048512K), 0.0009890 secs] [Times: user=0.00 sys=0.00, real=0.00 secs] 
62.142: [GC62.142: [DefNew: 447K->63K(448K), 0.0024880 secs] 717164K->716931K(1048512K), 0.0026310 secs] [Times: user=0.01 sys=0.00, real=0.00 secs] 
62.154: [GC62.154: [DefNew: 447K->64K(448K), 0.0030080 secs] 717315K->717112K(1048512K), 0.0031940 secs] [Times: user=0.00 sys=0.00, real=0.01 secs] 
62.167: [GC62.167: [DefNew: 448K->63K(448K), 0.0039670 secs] 717496K->717280K(1048512K), 0.0040930 secs] [Times: user=0.00 sys=0.00, real=0.00 secs] 
62.181: [GC62.182: [DefNew: 447K->63K(448K), 0.0045110 secs] 717663K->717523K(1048512K), 0.0047130 secs] [Times: user=0.01 sys=0.00, real=0.00 secs] 
62.196: [GC62.196: [DefNew: 447K->63K(448K), 0.0011370 secs] 717907K->717683K(1048512K), 0.0011770 secs] [Times: user=0.00 sys=0.00, real=0.01 secs] 
62.207: [GC62.207: [DefNew: 447K->63K(448K), 0.0009550 secs] 718066K->717787K(1048512K), 0.0009940 secs] [Times: user=0.00 sys=0.00, real=0.00 secs] 
62.218: [GC62.218: [DefNew: 447K->64K(448K), 0.0007780 secs] 718171K->717871K(1048512K), 0.0008220 secs] [Times: user=0.00 sys=0.00, real=0.00 secs] 
62.228: [GC62.228: [DefNew: 448K->63K(448K), 0.0007030 secs] 718255K->717951K(1048512K), 0.0007440 secs] [Times: user=0.00 sys=0.00, real=0.00 secs] 
62.239: [GC62.239: [DefNew: 447K->64K(448K), 0.0012090 secs] 718335K->718041K(1048512K), 0.0012610 secs] [Times: user=0.01 sys=0.00, real=0.00 secs] 
62.251: [GC62.251: [DefNew: 448K->64K(448K), 0.0016490 secs] 718425K->718164K(1048512K), 0.0017180 secs] [Times: user=0.00 sys=0.00, real=0.00 secs] 
62.262: [GC62.262: [DefNew: 448K->64K(448K), 0.0009130 secs] 718548K->718266K(1048512K), 0.0009730 secs] [Times: user=0.00 sys=0.00, real=0.00 secs] 
62.271: [GC62.271: [DefNew: 448K->63K(448K), 0.0007160 secs] 718650K->718341K(1048512K), 0.0007740 secs] [Times: user=0.00 sys=0.00, real=0.00 secs] 
62.280: [GC62.280: [DefNew: 447K->63K(448K), 0.0006350 secs] 718725K->718425K(1048512K), 0.0006820 secs] [Times: user=0.00 sys=0.00, real=0.00 secs] 
62.289: [GC62.289: [DefNew: 447K->64K(448K), 0.0007150 secs] 718809K->718498K(1048512K), 0.0007510 secs] [Times: user=0.00 sys=0.00, real=0.00 secs] 
62.299: [GC62.299: [DefNew: 448K->63K(448K), 0.0009270 secs] 718882K->718588K(1048512K), 0.0009760 secs] [Times: user=0.00 sys=0.00, real=0.00 secs] 
62.309: [GC62.309: [DefNew: 447K->63K(448K), 0.0025150 secs] 718972K->718675K(1048512K), 0.0026520 secs] [Times: user=0.01 sys=0.00, real=0.00 secs] 
62.322: [GC62.322: [DefNew: 447K->63K(448K), 0.0031630 secs] 719059K->718920K(1048512K), 0.0033480 secs] [Times: user=0.00 sys=0.00, real=0.00 secs] 
62.335: [GC62.335: [DefNew: 447K->64K(448K), 0.0014460 secs] 719304K->719047K(1048512K), 0.0015030 secs] [Times: user=0.00 sys=0.00, real=0.01 secs] 
62.346: [GC62.346: [DefNew: 448K->63K(448K), 0.0009890 secs] 719431K->719132K(1048512K), 0.0010350 secs] [Times: user=0.00 sys=0.00, real=0.01 secs] 
62.356: [GC62.356: [DefNew: 447K->63K(448K), 0.0007710 secs] 719516K->719223K(1048512K), 0.0008180 secs] [Times: user=0.00 sys=0.00, real=0.01 secs] 
62.366: [GC62.366: [DefNew: 447K->64K(448K), 0.0007540 secs] 719607K->719301K(1048512K), 0.0008250 secs] [Times: user=0.00 sys=0.00, real=0.01 secs] 
62.375: [GC62.375: [DefNew: 448K->64K(448K), 0.0007010 secs] 719685K->719386K(1048512K), 0.0007430 secs] [Times: user=0.00 sys=0.00, real=0.00 secs] 
62.384: [GC62.384: [DefNew: 448K->63K(448K), 0.0007020 secs] 719770K->719474K(1048512K), 0.0007370 secs] [Times: user=0.00 sys=0.00, real=0.00 secs] 
62.394: [GC62.394: [DefNew: 447K->63K(448K), 0.0008320 secs] 719858K->719550K(1048512K), 0.0008760 secs] [Times: user=0.00 sys=0.00, real=0.00 secs] 
62.403: [GC62.403: [DefNew: 447K->63K(448K), 0.0007650 secs] 719934K->719639K(1048512K), 0.0008140 secs] [Times: user=0.00 sys=0.00, real=0.00 secs] 
62.413: [GC62.413: [DefNew: 447K->63K(448K), 0.0007500 secs] 720023K->719715K(1048512K), 0.0007950 secs] [Times: user=0.00 sys=0.00, real=0.00 secs] 
62.423: [GC62.423: [DefNew: 447K->63K(448K), 0.0007300 secs] 720099K->719806K(1048512K), 0.0007760 secs] [Times: user=0.00 sys=0.00, real=0.00 secs] 
62.433: [GC62.433: [DefNew: 447K->63K(448K), 0.0006490 secs] 720190K->719882K(1048512K), 0.0006930 secs] [Times: user=0.00 sys=0.00, real=0.00 secs] 
62.442: [GC62.442: [DefNew: 447K->63K(448K), 0.0009140 secs] 720266K->719971K(1048512K), 0.0009820 secs] [Times: user=0.00 sys=0.00, real=0.00 secs] 
62.452: [GC62.452: [DefNew: 447K->63K(448K), 0.0007050 secs] 720355K->720048K(1048512K), 0.0007560 secs] [Times: user=0.00 sys=0.00, real=0.00 secs] 
62.462: [GC62.462: [DefNew: 447K->63K(448K), 0.0007180 secs] 720432K->720131K(1048512K), 0.0007750 secs] [Times: user=0.01 sys=0.00, real=0.00 secs] 
62.471: [GC62.471: [DefNew: 447K->64K(448K), 0.0007700 secs] 720515K->720211K(1048512K), 0.0008190 secs] [Times: user=0.00 sys=0.00, real=0.00 secs] 
62.480: [GC62.480: [DefNew: 448K->63K(448K), 0.0006010 secs] 720595K->720288K(1048512K), 0.0006330 secs] [Times: user=0.00 sys=0.00, real=0.00 secs] 
62.490: [GC62.490: [DefNew: 447K->63K(448K), 0.0009720 secs] 720672K->720372K(1048512K), 0.0010210 secs] [Times: user=0.00 sys=0.00, real=0.00 secs] 
62.499: [GC62.500: [DefNew: 447K->64K(448K), 0.0007310 secs] 720756K->720463K(1048512K), 0.0007750 secs] [Times: user=0.00 sys=0.00, real=0.00 secs] 
62.509: [GC62.509: [DefNew: 448K->63K(448K), 0.0008930 secs] 720847K->720547K(1048512K), 0.0009430 secs] [Times: user=0.00 sys=0.00, real=0.00 secs] 
62.520: [GC62.520: [DefNew: 447K->63K(448K), 0.0041730 secs] 720931K->720781K(1048512K), 0.0043150 secs] [Times: user=0.00 sys=0.00, real=0.00 secs] 
62.534: [GC62.534: [DefNew: 447K->63K(448K), 0.0013530 secs] 721165K->720939K(1048512K), 0.0014010 secs] [Times: user=0.00 sys=0.00, real=0.00 secs] 
62.544: [GC62.544: [DefNew: 447K->63K(448K), 0.0010620 secs] 721323K->721100K(1048512K), 0.0011290 secs] [Times: user=0.00 sys=0.00, real=0.00 secs] 
62.554: [GC62.554: [DefNew: 447K->63K(448K), 0.0009940 secs] 721484K->721183K(1048512K), 0.0010440 secs] [Times: user=0.00 sys=0.00, real=0.00 secs] 
62.563: [GC62.563: [DefNew: 447K->63K(448K), 0.0006950 secs] 721567K->721255K(1048512K), 0.0007390 secs] [Times: user=0.00 sys=0.00, real=0.00 secs] 
62.572: [GC62.572: [DefNew: 447K->63K(448K), 0.0007510 secs] 721639K->721328K(1048512K), 0.0007990 secs] [Times: user=0.00 sys=0.00, real=0.00 secs] 
62.582: [GC62.582: [DefNew: 447K->63K(448K), 0.0007520 secs] 721712K->721408K(1048512K), 0.0007990 secs] [Times: user=0.00 sys=0.00, real=0.00 secs] 
62.591: [GC62.591: [DefNew: 447K->64K(448K), 0.0006800 secs] 721792K->721487K(1048512K), 0.0007230 secs] [Times: user=0.00 sys=0.00, real=0.00 secs] 
62.600: [GC62.600: [DefNew: 448K->63K(448K), 0.0006630 secs] 721871K->721566K(1048512K), 0.0006960 secs] [Times: user=0.00 sys=0.01, real=0.00 secs] 
62.610: [GC62.610: [DefNew: 447K->63K(448K), 0.0006150 secs] 721950K->721642K(1048512K), 0.0006520 secs] [Times: user=0.01 sys=0.00, real=0.00 secs] 
62.621: [GC62.621: [DefNew: 447K->63K(448K), 0.0006700 secs] 722026K->721722K(1048512K), 0.0007040 secs] [Times: user=0.00 sys=0.00, real=0.00 secs] 
62.631: [GC62.631: [DefNew: 447K->63K(448K), 0.0006760 secs] 722106K->721803K(1048512K), 0.0007110 secs] [Times: user=0.00 sys=0.00, real=0.00 secs] 
62.642: [GC62.642: [DefNew: 447K->63K(448K), 0.0006510 secs] 722187K->721880K(1048512K), 0.0006860 secs] [Times: user=0.00 sys=0.00, real=0.00 secs] 
62.652: [GC62.652: [DefNew: 447K->64K(448K), 0.0007800 secs] 722264K->721965K(1048512K), 0.0008450 secs] [Times: user=0.00 sys=0.00, real=0.00 secs] 
62.662: [GC62.662: [DefNew: 448K->63K(448K), 0.0006890 secs] 722349K->722047K(1048512K), 0.0007340 secs] [Times: user=0.00 sys=0.00, real=0.00 secs] 
62.670: [GC62.670: [DefNew: 447K->63K(448K), 0.0006250 secs] 722431K->722124K(1048512K), 0.0006760 secs] [Times: user=0.00 sys=0.00, real=0.00 secs] 
62.680: [GC62.680: [DefNew: 447K->63K(448K), 0.0007050 secs] 722508K->722207K(1048512K), 0.0007410 secs] [Times: user=0.00 sys=0.00, real=0.00 secs] 
62.689: [GC62.690: [DefNew: 447K->63K(448K), 0.0008210 secs] 722591K->722282K(1048512K), 0.0008790 secs] [Times: user=0.00 sys=0.00, real=0.00 secs] 
62.699: [GC62.699: [DefNew: 447K->63K(448K), 0.0007660 secs] 722666K->722365K(1048512K), 0.0008140 secs] [Times: user=0.00 sys=0.00, real=0.00 secs] 
62.709: [GC62.709: [DefNew: 447K->63K(448K), 0.0006950 secs] 722748K->722452K(1048512K), 0.0007520 secs] [Times: user=0.01 sys=0.00, real=0.00 secs] 
62.719: [GC62.719: [DefNew: 447K->63K(448K), 0.0022150 secs] 722835K->722552K(1048512K), 0.0023680 secs] [Times: user=0.00 sys=0.00, real=0.00 secs] 
62.731: [GC62.731: [DefNew: 447K->63K(448K), 0.0010720 secs] 722936K->722748K(1048512K), 0.0011190 secs] [Times: user=0.00 sys=0.00, real=0.00 secs] 
62.742: [GC62.742: [DefNew: 447K->63K(448K), 0.0012690 secs] 723132K->722933K(1048512K), 0.0013290 secs] [Times: user=0.00 sys=0.00, real=0.00 secs] 
62.751: [GC62.751: [DefNew: 447K->64K(448K), 0.0008730 secs] 723317K->723011K(1048512K), 0.0009230 secs] [Times: user=0.00 sys=0.00, real=0.00 secs] 
62.760: [GC62.760: [DefNew: 448K->63K(448K), 0.0010760 secs] 723395K->723105K(1048512K), 0.0011620 secs] [Times: user=0.00 sys=0.00, real=0.00 secs] 
62.770: [GC62.770: [DefNew: 447K->63K(448K), 0.0007450 secs] 723489K->723200K(1048512K), 0.0007930 secs] [Times: user=0.00 sys=0.00, real=0.00 secs] 
62.781: [GC62.781: [DefNew: 447K->64K(448K), 0.0007400 secs] 723583K->723307K(1048512K), 0.0007780 secs] [Times: user=0.00 sys=0.00, real=0.00 secs] 
62.792: [GC62.792: [DefNew: 448K->63K(448K), 0.0015120 secs] 723691K->723415K(1048512K), 0.0015760 secs] [Times: user=0.00 sys=0.00, real=0.00 secs] 
62.804: [GC62.804: [DefNew: 447K->63K(448K), 0.0015570 secs] 723799K->723576K(1048512K), 0.0016300 secs] [Times: user=0.00 sys=0.00, real=0.00 secs] 
62.815: [GC62.815: [DefNew: 447K->63K(448K), 0.0017210 secs] 723960K->723708K(1048512K), 0.0017820 secs] [Times: user=0.00 sys=0.00, real=0.01 secs] 
62.826: [GC62.826: [DefNew: 447K->63K(448K), 0.0014510 secs] 724092K->723850K(1048512K), 0.0015040 secs] [Times: user=0.00 sys=0.00, real=0.01 secs] 
62.838: [GC62.838: [DefNew: 447K->63K(448K), 0.0014520 secs] 724234K->723977K(1048512K), 0.0015050 secs] [Times: user=0.01 sys=0.00, real=0.00 secs] 
62.850: [GC62.850: [DefNew: 447K->63K(448K), 0.0015310 secs] 724361K->724114K(1048512K), 0.0015850 secs] [Times: user=0.00 sys=0.00, real=0.00 secs] 
62.862: [GC62.862: [DefNew: 447K->63K(448K), 0.0014330 secs] 724498K->724248K(1048512K), 0.0014880 secs] [Times: user=0.00 sys=0.00, real=0.00 secs] 
62.874: [GC62.874: [DefNew: 447K->63K(448K), 0.0014600 secs] 724632K->724393K(1048512K), 0.0015170 secs] [Times: user=0.00 sys=0.00, real=0.00 secs] 
62.886: [GC62.886: [DefNew: 447K->64K(448K), 0.0014120 secs] 724777K->724529K(1048512K), 0.0014640 secs] [Times: user=0.00 sys=0.00, real=0.01 secs] 
62.896: [GC62.896: [DefNew: 447K->63K(448K), 0.0014820 secs] 724913K->724646K(1048512K), 0.0015450 secs] [Times: user=0.01 sys=0.00, real=0.01 secs] 
62.908: [GC62.908: [DefNew: 447K->64K(448K), 0.0013750 secs] 725030K->724794K(1048512K), 0.0014280 secs] [Times: user=0.00 sys=0.00, real=0.00 secs] 
62.919: [GC62.919: [DefNew: 448K->63K(448K), 0.0017280 secs] 725178K->724926K(1048512K), 0.0017940 secs] [Times: user=0.00 sys=0.01, real=0.00 secs] 
62.931: [GC62.931: [DefNew: 447K->63K(448K), 0.0017600 secs] 725310K->725135K(1048512K), 0.0018440 secs] [Times: user=0.00 sys=0.00, real=0.00 secs] 
62.942: [GC62.942: [DefNew: 447K->63K(448K), 0.0010220 secs] 725519K->725254K(1048512K), 0.0010580 secs] [Times: user=0.00 sys=0.00, real=0.00 secs] 
62.953: [GC62.953: [DefNew: 447K->64K(448K), 0.0007810 secs] 725638K->725340K(1048512K), 0.0008190 secs] [Times: user=0.01 sys=0.00, real=0.00 secs] 
62.964: [GC62.964: [DefNew: 448K->63K(448K), 0.0009210 secs] 725724K->725427K(1048512K), 0.0009750 secs] [Times: user=0.00 sys=0.00, real=0.00 secs] 
62.972: [GC62.972: [DefNew: 447K->63K(448K), 0.0008860 secs] 725811K->725547K(1048512K), 0.0009280 secs] [Times: user=0.00 sys=0.00, real=0.00 secs] 
62.983: [GC62.983: [DefNew: 447K->63K(448K), 0.0014860 secs] 725931K->725730K(1048512K), 0.0015640 secs] [Times: user=0.00 sys=0.00, real=0.00 secs] 
62.995: [GC62.995: [DefNew: 447K->64K(448K), 0.0019200 secs] 726114K->725972K(1048512K), 0.0020220 secs] [Times: user=0.00 sys=0.00, real=0.01 secs] 
63.006: [GC63.006: [DefNew: 448K->63K(448K), 0.0024140 secs] 726356K->726113K(1048512K), 0.0025310 secs] [Times: user=0.01 sys=0.00, real=0.00 secs] 
63.018: [GC63.018: [DefNew: 447K->63K(448K), 0.0010020 secs] 726497K->726254K(1048512K), 0.0010490 secs] [Times: user=0.00 sys=0.00, real=0.00 secs] 
63.027: [GC63.027: [DefNew: 447K->63K(448K), 0.0013690 secs] 726637K->726356K(1048512K), 0.0014710 secs] [Times: user=0.00 sys=0.00, real=0.00 secs] 
63.038: [GC63.038: [DefNew: 447K->63K(448K), 0.0017450 secs] 726740K->726495K(1048512K), 0.0018450 secs] [Times: user=0.00 sys=0.00, real=0.00 secs] 
63.050: [GC63.050: [DefNew: 447K->63K(448K), 0.0017110 secs] 726879K->726632K(1048512K), 0.0018200 secs] [Times: user=0.00 sys=0.00, real=0.00 secs] 
63.061: [GC63.061: [DefNew: 447K->64K(448K), 0.0012360 secs] 727016K->726789K(1048512K), 0.0012930 secs] [Times: user=0.01 sys=0.00, real=0.00 secs] 
63.072: [GC63.072: [DefNew: 448K->63K(448K), 0.0020060 secs] 727173K->726899K(1048512K), 0.0021360 secs] [Times: user=0.00 sys=0.00, real=0.00 secs] 
63.084: [GC63.084: [DefNew: 447K->64K(448K), 0.0012580 secs] 727283K->727016K(1048512K), 0.0013160 secs] [Times: user=0.00 sys=0.00, real=0.00 secs] 
63.094: [GC63.094: [DefNew: 447K->64K(448K), 0.0017520 secs] 727400K->727200K(1048512K), 0.0018650 secs] [Times: user=0.00 sys=0.00, real=0.00 secs] 
63.105: [GC63.106: [DefNew: 447K->63K(448K), 0.0017680 secs] 727584K->727337K(1048512K), 0.0018620 secs] [Times: user=0.01 sys=0.00, real=0.01 secs] 
63.117: [GC63.117: [DefNew: 447K->63K(448K), 0.0008750 secs] 727721K->727451K(1048512K), 0.0009190 secs] [Times: user=0.00 sys=0.00, real=0.00 secs] 
63.127: [GC63.127: [DefNew: 447K->64K(448K), 0.0013470 secs] 727835K->727546K(1048512K), 0.0014520 secs] [Times: user=0.00 sys=0.00, real=0.00 secs] 
63.138: [GC63.138: [DefNew: 448K->64K(448K), 0.0014930 secs] 727930K->727679K(1048512K), 0.0015660 secs] [Times: user=0.00 sys=0.00, real=0.00 secs] 
63.149: [GC63.149: [DefNew: 448K->63K(448K), 0.0008000 secs] 728063K->727780K(1048512K), 0.0008450 secs] [Times: user=0.00 sys=0.00, real=0.00 secs] 
63.158: [GC63.158: [DefNew: 447K->63K(448K), 0.0020190 secs] 728164K->727927K(1048512K), 0.0021650 secs] [Times: user=0.00 sys=0.00, real=0.00 secs] 
63.170: [GC63.170: [DefNew: 447K->64K(448K), 0.0023900 secs] 728311K->728059K(1048512K), 0.0025590 secs] [Times: user=0.01 sys=0.00, real=0.00 secs] 
63.182: [GC63.182: [DefNew: 447K->63K(448K), 0.0009470 secs] 728442K->728227K(1048512K), 0.0009890 secs] [Times: user=0.00 sys=0.00, real=0.00 secs] 
63.193: [GC63.193: [DefNew: 447K->64K(448K), 0.0018970 secs] 728610K->728418K(1048512K), 0.0019860 secs] [Times: user=0.00 sys=0.00, real=0.00 secs] 
63.204: [GC63.204: [DefNew: 448K->63K(448K), 0.0025080 secs] 728802K->728564K(1048512K), 0.0026100 secs] [Times: user=0.00 sys=0.00, real=0.01 secs] 
63.216: [GC63.216: [DefNew: 447K->63K(448K), 0.0009120 secs] 728948K->728677K(1048512K), 0.0009570 secs] [Times: user=0.01 sys=0.00, real=0.01 secs] 
63.225: [GC63.225: [DefNew: 447K->64K(448K), 0.0021860 secs] 729060K->728775K(1048512K), 0.0023160 secs] [Times: user=0.00 sys=0.00, real=0.01 secs] 
63.237: [GC63.237: [DefNew: 448K->64K(448K), 0.0021600 secs] 729159K->728951K(1048512K), 0.0022740 secs] [Times: user=0.00 sys=0.00, real=0.00 secs] 
63.249: [GC63.249: [DefNew: 448K->63K(448K), 0.0008840 secs] 729335K->729054K(1048512K), 0.0009240 secs] [Times: user=0.00 sys=0.00, real=0.00 secs] 
63.259: [GC63.259: [DefNew: 447K->63K(448K), 0.0021680 secs] 729438K->729225K(1048512K), 0.0022320 secs] [Times: user=0.01 sys=0.00, real=0.00 secs] 
63.271: [GC63.271: [DefNew: 447K->63K(448K), 0.0019970 secs] 729609K->729318K(1048512K), 0.0021750 secs] [Times: user=0.00 sys=0.00, real=0.00 secs] 
63.282: [GC63.282: [DefNew: 447K->63K(448K), 0.0007560 secs] 729702K->729449K(1048512K), 0.0007930 secs] [Times: user=0.00 sys=0.00, real=0.00 secs] 
63.293: [GC63.293: [DefNew: 447K->64K(448K), 0.0021030 secs] 729833K->729622K(1048512K), 0.0021650 secs] [Times: user=0.00 sys=0.00, real=0.00 secs] 
63.304: [GC63.304: [DefNew: 448K->63K(448K), 0.0017170 secs] 730006K->729695K(1048512K), 0.0017980 secs] [Times: user=0.00 sys=0.00, real=0.00 secs] 
63.314: [GC63.314: [DefNew: 447K->63K(448K), 0.0008030 secs] 730079K->729807K(1048512K), 0.0008450 secs] [Times: user=0.00 sys=0.00, real=0.00 secs] 
63.324: [GC63.324: [DefNew: 447K->63K(448K), 0.0008710 secs] 730191K->729889K(1048512K), 0.0009160 secs] [Times: user=0.01 sys=0.00, real=0.00 secs] 
63.334: [GC63.334: [DefNew: 447K->63K(448K), 0.0012570 secs] 730273K->730034K(1048512K), 0.0013060 secs] [Times: user=0.00 sys=0.00, real=0.00 secs] 
63.345: [GC63.345: [DefNew: 447K->63K(448K), 0.0011040 secs] 730418K->730216K(1048512K), 0.0011550 secs] [Times: user=0.00 sys=0.00, real=0.01 secs] 
63.358: [GC63.358: [DefNew: 447K->63K(448K), 0.0010750 secs] 730600K->730384K(1048512K), 0.0011200 secs] [Times: user=0.00 sys=0.00, real=0.00 secs] 
63.368: [GC63.368: [DefNew: 447K->63K(448K), 0.0022000 secs] 730768K->730502K(1048512K), 0.0022750 secs] [Times: user=0.00 sys=0.00, real=0.00 secs] 
63.379: [GC63.379: [DefNew: 447K->63K(448K), 0.0011970 secs] 730886K->730711K(1048512K), 0.0012450 secs] [Times: user=0.01 sys=0.00, real=0.00 secs] 
63.390: [GC63.390: [DefNew: 447K->63K(448K), 0.0026580 secs] 731095K->730899K(1048512K), 0.0028510 secs] [Times: user=0.00 sys=0.00, real=0.00 secs] 
63.402: [GC63.402: [DefNew: 447K->63K(448K), 0.0018310 secs] 731283K->730999K(1048512K), 0.0019080 secs] [Times: user=0.00 sys=0.00, real=0.00 secs] 
63.414: [GC63.414: [DefNew: 447K->63K(448K), 0.0010580 secs] 731383K->731141K(1048512K), 0.0011040 secs] [Times: user=0.00 sys=0.00, real=0.00 secs] 
63.424: [GC63.424: [DefNew: 447K->63K(448K), 0.0008870 secs] 731525K->731219K(1048512K), 0.0009420 secs] [Times: user=0.00 sys=0.00, real=0.00 secs] 
63.435: [GC63.435: [DefNew: 447K->63K(448K), 0.0016760 secs] 731603K->731384K(1048512K), 0.0017300 secs] [Times: user=0.01 sys=0.00, real=0.01 secs] 
63.446: [GC63.446: [DefNew: 447K->64K(448K), 0.0013600 secs] 731768K->731530K(1048512K), 0.0014280 secs] [Times: user=0.00 sys=0.00, real=0.01 secs] 
63.456: [GC63.456: [DefNew: 447K->64K(448K), 0.0011470 secs] 731914K->731713K(1048512K), 0.0012280 secs] [Times: user=0.00 sys=0.00, real=0.00 secs] 
63.467: [GC63.467: [DefNew: 447K->63K(448K), 0.0013760 secs] 732096K->731831K(1048512K), 0.0014340 secs] [Times: user=0.00 sys=0.00, real=0.00 secs] 
63.478: [GC63.479: [DefNew: 447K->64K(448K), 0.0010250 secs] 732215K->732046K(1048512K), 0.0010690 secs] [Times: user=0.00 sys=0.00, real=0.00 secs] 
63.489: [GC63.489: [DefNew: 448K->63K(448K), 0.0022680 secs] 732430K->732183K(1048512K), 0.0024100 secs] [Times: user=0.01 sys=0.00, real=0.00 secs] 
63.501: [GC63.501: [DefNew: 447K->64K(448K), 0.0013480 secs] 732567K->732321K(1048512K), 0.0014030 secs] [Times: user=0.00 sys=0.00, real=0.00 secs] 
63.513: [GC63.513: [DefNew: 448K->63K(448K), 0.0010030 secs] 732705K->732487K(1048512K), 0.0010480 secs] [Times: user=0.00 sys=0.00, real=0.00 secs] 
63.522: [GC63.522: [DefNew: 447K->63K(448K), 0.0008780 secs] 732871K->732565K(1048512K), 0.0009260 secs] [Times: user=0.00 sys=0.00, real=0.00 secs] 
63.532: [GC63.532: [DefNew: 447K->63K(448K), 0.0013340 secs] 732948K->732695K(1048512K), 0.0014270 secs] [Times: user=0.00 sys=0.00, real=0.00 secs] 
63.543: [GC63.543: [DefNew: 447K->64K(448K), 0.0022100 secs] 733079K->732832K(1048512K), 0.0022840 secs] [Times: user=0.01 sys=0.00, real=0.00 secs] 
63.555: [GC63.555: [DefNew: 448K->64K(448K), 0.0021230 secs] 733216K->732956K(1048512K), 0.0022290 secs] [Times: user=0.00 sys=0.00, real=0.01 secs] 
63.566: [GC63.566: [DefNew: 448K->63K(448K), 0.0012580 secs] 733340K->733065K(1048512K), 0.0013220 secs] [Times: user=0.00 sys=0.00, real=0.00 secs] 
63.578: [GC63.578: [DefNew: 447K->63K(448K), 0.0022010 secs] 733449K->733286K(1048512K), 0.0023340 secs] [Times: user=0.00 sys=0.00, real=0.00 secs] 
63.590: [GC63.590: [DefNew: 447K->64K(448K), 0.0015000 secs] 733670K->733414K(1048512K), 0.0015990 secs] [Times: user=0.01 sys=0.00, real=0.00 secs] 
63.600: [GC63.600: [DefNew: 448K->63K(448K), 0.0009560 secs] 733798K->733525K(1048512K), 0.0010020 secs] [Times: user=0.00 sys=0.00, real=0.00 secs] 
63.610: [GC63.610: [DefNew: 447K->64K(448K), 0.0022240 secs] 733909K->733632K(1048512K), 0.0022920 secs] [Times: user=0.00 sys=0.00, real=0.00 secs] 
63.622: [GC63.622: [DefNew: 448K->64K(448K), 0.0018580 secs] 734016K->733745K(1048512K), 0.0019640 secs] [Times: user=0.00 sys=0.00, real=0.00 secs] 
63.633: [GC63.633: [DefNew: 448K->63K(448K), 0.0013050 secs] 734129K->733841K(1048512K), 0.0014180 secs] [Times: user=0.00 sys=0.00, real=0.00 secs] 
63.644: [GC63.644: [DefNew: 447K->63K(448K), 0.0011470 secs] 734225K->733934K(1048512K), 0.0012270 secs] [Times: user=0.01 sys=0.00, real=0.00 secs] 
63.655: [GC63.655: [DefNew: 447K->63K(448K), 0.0021810 secs] 734318K->734054K(1048512K), 0.0022910 secs] [Times: user=0.00 sys=0.00, real=0.01 secs] 
63.666: [GC63.666: [DefNew: 447K->63K(448K), 0.0008420 secs] 734438K->734166K(1048512K), 0.0008810 secs] [Times: user=0.00 sys=0.00, real=0.00 secs] 
63.676: [GC63.676: [DefNew: 447K->63K(448K), 0.0023640 secs] 734550K->734387K(1048512K), 0.0024770 secs] [Times: user=0.00 sys=0.00, real=0.01 secs] 
63.687: [GC63.687: [DefNew: 447K->64K(448K), 0.0017850 secs] 734771K->734477K(1048512K), 0.0018650 secs] [Times: user=0.00 sys=0.00, real=0.00 secs] 
63.698: [GC63.698: [DefNew: 448K->63K(448K), 0.0007360 secs] 734861K->734580K(1048512K), 0.0007740 secs] [Times: user=0.00 sys=0.00, real=0.00 secs] 
63.708: [GC63.708: [DefNew: 447K->63K(448K), 0.0013450 secs] 734964K->734671K(1048512K), 0.0014730 secs] [Times: user=0.00 sys=0.00, real=0.00 secs] 
63.720: [GC63.720: [DefNew: 447K->63K(448K), 0.0017980 secs] 735055K->734789K(1048512K), 0.0019280 secs] [Times: user=0.00 sys=0.00, real=0.00 secs] 
63.732: [GC63.732: [DefNew: 447K->63K(448K), 0.0012600 secs] 735173K->734986K(1048512K), 0.0013230 secs] [Times: user=0.00 sys=0.00, real=0.00 secs] 
63.743: [GC63.743: [DefNew: 447K->64K(448K), 0.0020520 secs] 735370K->735126K(1048512K), 0.0021610 secs] [Times: user=0.00 sys=0.00, real=0.00 secs] 
63.755: [GC63.755: [DefNew: 448K->63K(448K), 0.0022930 secs] 735510K->735243K(1048512K), 0.0024120 secs] [Times: user=0.00 sys=0.00, real=0.01 secs] 
63.766: [GC63.766: [DefNew: 447K->64K(448K), 0.0008290 secs] 735627K->735341K(1048512K), 0.0008750 secs] [Times: user=0.00 sys=0.00, real=0.01 secs] 
63.776: [GC63.776: [DefNew: 448K->64K(448K), 0.0024080 secs] 735725K->735556K(1048512K), 0.0025620 secs] [Times: user=0.00 sys=0.00, real=0.01 secs] 
63.788: [GC63.788: [DefNew: 448K->64K(448K), 0.0026450 secs] 735940K->735683K(1048512K), 0.0027590 secs] [Times: user=0.01 sys=0.00, real=0.00 secs] 
63.800: [GC63.800: [DefNew: 448K->63K(448K), 0.0008710 secs] 736067K->735830K(1048512K), 0.0009160 secs] [Times: user=0.00 sys=0.00, real=0.00 secs] 
63.810: [GC63.810: [DefNew: 447K->64K(448K), 0.0017410 secs] 736214K->735937K(1048512K), 0.0018560 secs] [Times: user=0.00 sys=0.00, real=0.00 secs] 
63.823: [GC63.823: [DefNew: 447K->64K(448K), 0.0015930 secs] 736321K->736118K(1048512K), 0.0017110 secs] [Times: user=0.00 sys=0.00, real=0.00 secs] 
63.834: [GC63.834: [DefNew: 448K->63K(448K), 0.0009750 secs] 736502K->736238K(1048512K), 0.0010270 secs] [Times: user=0.00 sys=0.00, real=0.00 secs] 
63.843: [GC63.843: [DefNew: 447K->63K(448K), 0.0020930 secs] 736622K->736379K(1048512K), 0.0022060 secs] [Times: user=0.01 sys=0.00, real=0.00 secs] 
63.855: [GC63.855: [DefNew: 447K->63K(448K), 0.0023360 secs] 736763K->736547K(1048512K), 0.0024370 secs] [Times: user=0.00 sys=0.00, real=0.01 secs] 
63.867: [GC63.867: [DefNew: 447K->63K(448K), 0.0008590 secs] 736931K->736648K(1048512K), 0.0009030 secs] [Times: user=0.00 sys=0.00, real=0.00 secs] 
63.877: [GC63.877: [DefNew: 447K->63K(448K), 0.0014950 secs] 737032K->736850K(1048512K), 0.0015760 secs] [Times: user=0.00 sys=0.00, real=0.00 secs] 
63.888: [GC63.889: [DefNew: 447K->64K(448K), 0.0023340 secs] 737234K->736967K(1048512K), 0.0024470 secs] [Times: user=0.00 sys=0.00, real=0.00 secs] 
63.900: [GC63.900: [DefNew: 448K->63K(448K), 0.0010260 secs] 737351K->737089K(1048512K), 0.0010880 secs] [Times: user=0.00 sys=0.00, real=0.00 secs] 
63.910: [GC63.910: [DefNew: 447K->63K(448K), 0.0025790 secs] 737473K->737196K(1048512K), 0.0026640 secs] [Times: user=0.00 sys=0.00, real=0.00 secs] 
63.922: [GC63.922: [DefNew: 447K->64K(448K), 0.0025790 secs] 737580K->737343K(1048512K), 0.0027090 secs] [Times: user=0.00 sys=0.00, real=0.00 secs] 
63.935: [GC63.935: [DefNew: 448K->64K(448K), 0.0018340 secs] 737727K->737544K(1048512K), 0.0019440 secs] [Times: user=0.01 sys=0.00, real=0.01 secs] 
63.947: [GC63.947: [DefNew: 448K->63K(448K), 0.0017710 secs] 737928K->737707K(1048512K), 0.0018460 secs] [Times: user=0.00 sys=0.00, real=0.00 secs] 
63.959: [GC63.959: [DefNew: 447K->64K(448K), 0.0026980 secs] 738091K->737924K(1048512K), 0.0027800 secs] [Times: user=0.00 sys=0.00, real=0.00 secs] 
63.970: [GC63.970: [DefNew: 448K->63K(448K), 0.0038460 secs] 738308K->738030K(1048512K), 0.0039650 secs] [Times: user=0.01 sys=0.00, real=0.00 secs] 
63.983: [GC63.983: [DefNew: 447K->63K(448K), 0.0011900 secs] 738414K->738178K(1048512K), 0.0012650 secs] [Times: user=0.00 sys=0.00, real=0.00 secs] 
63.995: [GC63.995: [DefNew: 447K->63K(448K), 0.0021930 secs] 738562K->738386K(1048512K), 0.0023120 secs] [Times: user=0.00 sys=0.01, real=0.01 secs] 
64.007: [GC64.007: [DefNew: 447K->63K(448K), 0.0010310 secs] 738770K->738520K(1048512K), 0.0010710 secs] [Times: user=0.00 sys=0.00, real=0.00 secs] 
64.018: [GC64.018: [DefNew: 447K->63K(448K), 0.0008540 secs] 738904K->738656K(1048512K), 0.0008910 secs] [Times: user=0.00 sys=0.00, real=0.00 secs] 
64.028: [GC64.028: [DefNew: 447K->64K(448K), 0.0012470 secs] 739040K->738780K(1048512K), 0.0013150 secs] [Times: user=0.00 sys=0.00, real=0.00 secs] 
64.038: [GC64.038: [DefNew: 448K->63K(448K), 0.0017620 secs] 739164K->738945K(1048512K), 0.0018530 secs] [Times: user=0.00 sys=0.00, real=0.00 secs] 
64.049: [GC64.049: [DefNew: 447K->63K(448K), 0.0015860 secs] 739329K->739086K(1048512K), 0.0016820 secs] [Times: user=0.00 sys=0.00, real=0.00 secs] 
64.061: [GC64.061: [DefNew: 447K->63K(448K), 0.0012450 secs] 739470K->739242K(1048512K), 0.0013170 secs] [Times: user=0.00 sys=0.00, real=0.00 secs] 
64.071: [GC64.071: [DefNew: 447K->63K(448K), 0.0025950 secs] 739625K->739362K(1048512K), 0.0027050 secs] [Times: user=0.00 sys=0.00, real=0.00 secs] 
64.084: [GC64.084: [DefNew: 447K->63K(448K), 0.0013450 secs] 739746K->739527K(1048512K), 0.0014300 secs] [Times: user=0.00 sys=0.00, real=0.00 secs] 
64.094: [GC64.094: [DefNew: 447K->63K(448K), 0.0017350 secs] 739911K->739722K(1048512K), 0.0018380 secs] [Times: user=0.00 sys=0.00, real=0.00 secs] 
64.105: [GC64.105: [DefNew: 447K->63K(448K), 0.0011830 secs] 740106K->739856K(1048512K), 0.0012610 secs] [Times: user=0.00 sys=0.00, real=0.01 secs] 
64.116: [GC64.116: [DefNew: 447K->63K(448K), 0.0009190 secs] 740240K->739988K(1048512K), 0.0009580 secs] [Times: user=0.00 sys=0.00, real=0.01 secs] 
64.126: [GC64.126: [DefNew: 447K->64K(448K), 0.0027110 secs] 740372K->740084K(1048512K), 0.0027890 secs] [Times: user=0.00 sys=0.00, real=0.01 secs] 
64.138: [GC64.138: [DefNew: 447K->63K(448K), 0.0014220 secs] 740468K->740252K(1048512K), 0.0015090 secs] [Times: user=0.00 sys=0.00, real=0.00 secs] 
64.150: [GC64.150: [DefNew: 447K->63K(448K), 0.0015300 secs] 740636K->740375K(1048512K), 0.0016230 secs] [Times: user=0.00 sys=0.00, real=0.00 secs] 
64.161: [GC64.161: [DefNew: 447K->64K(448K), 0.0012410 secs] 740759K->740525K(1048512K), 0.0013140 secs] [Times: user=0.00 sys=0.00, real=0.00 secs] 
64.171: [GC64.171: [DefNew: 448K->64K(448K), 0.0022710 secs] 740909K->740651K(1048512K), 0.0023690 secs] [Times: user=0.00 sys=0.00, real=0.00 secs] 
64.182: [GC64.182: [DefNew: 448K->63K(448K), 0.0008510 secs] 741035K->740772K(1048512K), 0.0008920 secs] [Times: user=0.01 sys=0.00, real=0.00 secs] 
64.193: [GC64.193: [DefNew: 447K->63K(448K), 0.0015650 secs] 741156K->740993K(1048512K), 0.0016380 secs] [Times: user=0.00 sys=0.00, real=0.00 secs] 
64.205: [GC64.205: [DefNew: 447K->64K(448K), 0.0021120 secs] 741377K->741100K(1048512K), 0.0021960 secs] [Times: user=0.00 sys=0.00, real=0.01 secs] 
64.216: [GC64.216: [DefNew: 447K->64K(448K), 0.0007700 secs] 741484K->741211K(1048512K), 0.0008210 secs] [Times: user=0.00 sys=0.00, real=0.01 secs] 
64.226: [GC64.226: [DefNew: 448K->63K(448K), 0.0017070 secs] 741595K->741294K(1048512K), 0.0017960 secs] [Times: user=0.00 sys=0.00, real=0.01 secs] 
64.236: [GC64.236: [DefNew: 447K->64K(448K), 0.0018630 secs] 741678K->741415K(1048512K), 0.0019750 secs] [Times: user=0.01 sys=0.00, real=0.01 secs] 
64.248: [GC64.248: [DefNew: 448K->63K(448K), 0.0010930 secs] 741799K->741550K(1048512K), 0.0011390 secs] [Times: user=0.00 sys=0.00, real=0.00 secs] 
64.259: [GC64.259: [DefNew: 447K->63K(448K), 0.0009070 secs] 741934K->741699K(1048512K), 0.0009490 secs] [Times: user=0.00 sys=0.00, real=0.00 secs] 
64.269: [GC64.269: [DefNew: 447K->63K(448K), 0.0022580 secs] 742083K->741807K(1048512K), 0.0023900 secs] [Times: user=0.00 sys=0.00, real=0.00 secs] 
64.281: [GC64.281: [DefNew: 447K->63K(448K), 0.0009340 secs] 742191K->741948K(1048512K), 0.0009820 secs] [Times: user=0.00 sys=0.00, real=0.00 secs] 
64.291: [GC64.291: [DefNew: 447K->63K(448K), 0.0009770 secs] 742332K->742111K(1048512K), 0.0010220 secs] [Times: user=0.00 sys=0.00, real=0.00 secs] 
64.300: [GC64.300: [DefNew: 447K->63K(448K), 0.0009420 secs] 742495K->742209K(1048512K), 0.0009980 secs] [Times: user=0.00 sys=0.00, real=0.00 secs] 
64.311: [GC64.311: [DefNew: 447K->63K(448K), 0.0016530 secs] 742593K->742314K(1048512K), 0.0017690 secs] [Times: user=0.00 sys=0.00, real=0.00 secs] 
64.322: [GC64.322: [DefNew: 447K->63K(448K), 0.0008250 secs] 742698K->742394K(1048512K), 0.0008780 secs] [Times: user=0.00 sys=0.00, real=0.00 secs] 
64.332: [GC64.332: [DefNew: 447K->63K(448K), 0.0008000 secs] 742778K->742515K(1048512K), 0.0008400 secs] [Times: user=0.00 sys=0.00, real=0.00 secs] 
64.342: [GC64.342: [DefNew: 447K->63K(448K), 0.0018830 secs] 742899K->742644K(1048512K), 0.0019820 secs] [Times: user=0.00 sys=0.00, real=0.00 secs] 
64.353: [GC64.353: [DefNew: 447K->64K(448K), 0.0020710 secs] 743028K->742741K(1048512K), 0.0022210 secs] [Times: user=0.01 sys=0.00, real=0.00 secs] 
64.365: [GC64.365: [DefNew: 448K->63K(448K), 0.0009090 secs] 743125K->742876K(1048512K), 0.0009520 secs] [Times: user=0.00 sys=0.00, real=0.00 secs] 
64.374: [GC64.374: [DefNew: 447K->63K(448K), 0.0019470 secs] 743260K->743022K(1048512K), 0.0020720 secs] [Times: user=0.00 sys=0.00, real=0.00 secs] 
64.386: [GC64.386: [DefNew: 447K->64K(448K), 0.0033530 secs] 743406K->743139K(1048512K), 0.0034970 secs] [Times: user=0.00 sys=0.00, real=0.01 secs] 
64.398: [GC64.398: [DefNew: 447K->63K(448K), 0.0010670 secs] 743523K->743297K(1048512K), 0.0011130 secs] [Times: user=0.00 sys=0.00, real=0.00 secs] 
64.409: [GC64.409: [DefNew: 447K->63K(448K), 0.0008870 secs] 743681K->743432K(1048512K), 0.0009250 secs] [Times: user=0.00 sys=0.00, real=0.00 secs] 
64.419: [GC64.419: [DefNew: 447K->63K(448K), 0.0009270 secs] 743816K->743552K(1048512K), 0.0009730 secs] [Times: user=0.00 sys=0.00, real=0.00 secs] 
64.430: [GC64.430: [DefNew: 447K->64K(448K), 0.0021300 secs] 743936K->743659K(1048512K), 0.0022630 secs] [Times: user=0.00 sys=0.00, real=0.00 secs] 
64.440: [GC64.440: [DefNew: 447K->64K(448K), 0.0008240 secs] 744042K->743795K(1048512K), 0.0008620 secs] [Times: user=0.00 sys=0.00, real=0.00 secs] 
64.451: [GC64.451: [DefNew: 448K->63K(448K), 0.0026350 secs] 744179K->743916K(1048512K), 0.0028120 secs] [Times: user=0.00 sys=0.00, real=0.00 secs] 
64.464: [GC64.464: [DefNew: 447K->63K(448K), 0.0009830 secs] 744300K->744098K(1048512K), 0.0010200 secs] [Times: user=0.00 sys=0.00, real=0.00 secs] 
64.474: [GC64.474: [DefNew: 447K->64K(448K), 0.0013120 secs] 744482K->744228K(1048512K), 0.0013820 secs] [Times: user=0.00 sys=0.00, real=0.00 secs] 
64.485: [GC64.485: [DefNew: 447K->64K(448K), 0.0009980 secs] 744611K->744330K(1048512K), 0.0010970 secs] [Times: user=0.00 sys=0.00, real=0.00 secs] 
64.496: [GC64.496: [DefNew: 448K->63K(448K), 0.0009460 secs] 744714K->744510K(1048512K), 0.0009850 secs] [Times: user=0.00 sys=0.00, real=0.01 secs] 
64.504: [GC64.504: [DefNew: 447K->64K(448K), 0.0018070 secs] 744894K->744610K(1048512K), 0.0018860 secs] [Times: user=0.00 sys=0.00, real=0.00 secs] 
64.515: [GC64.516: [DefNew: 448K->64K(448K), 0.0009530 secs] 744994K->744711K(1048512K), 0.0010010 secs] [Times: user=0.00 sys=0.00, real=0.01 secs] 
64.526: [GC64.526: [DefNew: 448K->63K(448K), 0.0007370 secs] 745095K->744791K(1048512K), 0.0007860 secs] [Times: user=0.01 sys=0.00, real=0.01 secs] 
64.536: [GC64.536: [DefNew: 447K->63K(448K), 0.0011630 secs] 745175K->744908K(1048512K), 0.0012260 secs] [Times: user=0.00 sys=0.00, real=0.01 secs] 
64.546: [GC64.546: [DefNew: 447K->64K(448K), 0.0012800 secs] 745292K->745048K(1048512K), 0.0013460 secs] [Times: user=0.00 sys=0.00, real=0.01 secs] 
64.557: [GC64.557: [DefNew: 448K->64K(448K), 0.0008550 secs] 745432K->745199K(1048512K), 0.0008920 secs] [Times: user=0.00 sys=0.00, real=0.00 secs] 
64.567: [GC64.567: [DefNew: 447K->63K(448K), 0.0008570 secs] 745583K->745304K(1048512K), 0.0009060 secs] [Times: user=0.00 sys=0.00, real=0.00 secs] 
64.578: [GC64.578: [DefNew: 447K->63K(448K), 0.0013390 secs] 745688K->745463K(1048512K), 0.0014110 secs] [Times: user=0.00 sys=0.00, real=0.00 secs] 
64.587: [GC64.587: [DefNew: 447K->63K(448K), 0.0021670 secs] 745847K->745567K(1048512K), 0.0022750 secs] [Times: user=0.01 sys=0.00, real=0.00 secs] 
64.598: [GC64.598: [DefNew: 447K->63K(448K), 0.0009440 secs] 745950K->745701K(1048512K), 0.0009860 secs] [Times: user=0.00 sys=0.00, real=0.00 secs] 
64.609: [GC64.609: [DefNew: 447K->64K(448K), 0.0014420 secs] 746085K->745847K(1048512K), 0.0015050 secs] [Times: user=0.00 sys=0.00, real=0.00 secs] 
64.620: [GC64.620: [DefNew: 448K->63K(448K), 0.0009030 secs] 746231K->745959K(1048512K), 0.0009470 secs] [Times: user=0.00 sys=0.00, real=0.00 secs] 
64.630: [GC64.631: [DefNew: 447K->63K(448K), 0.0013380 secs] 746343K->746069K(1048512K), 0.0014260 secs] [Times: user=0.00 sys=0.00, real=0.00 secs] 
64.641: [GC64.641: [DefNew: 447K->63K(448K), 0.0008390 secs] 746453K->746199K(1048512K), 0.0008760 secs] [Times: user=0.00 sys=0.00, real=0.00 secs] 
64.651: [GC64.652: [DefNew: 447K->63K(448K), 0.0019280 secs] 746583K->746317K(1048512K), 0.0019880 secs] [Times: user=0.01 sys=0.00, real=0.00 secs] 
64.663: [GC64.663: [DefNew: 447K->63K(448K), 0.0010170 secs] 746701K->746463K(1048512K), 0.0010650 secs] [Times: user=0.00 sys=0.00, real=0.00 secs] 
64.672: [GC64.672: [DefNew: 447K->63K(448K), 0.0025660 secs] 746847K->746605K(1048512K), 0.0027030 secs] [Times: user=0.00 sys=0.00, real=0.00 secs] 
64.684: [GC64.684: [DefNew: 447K->63K(448K), 0.0009180 secs] 746989K->746699K(1048512K), 0.0009640 secs] [Times: user=0.00 sys=0.00, real=0.00 secs] 
64.695: [GC64.695: [DefNew: 447K->64K(448K), 0.0009680 secs] 747083K->746889K(1048512K), 0.0010080 secs] [Times: user=0.00 sys=0.00, real=0.00 secs] 
64.706: [GC64.706: [DefNew: 448K->64K(448K), 0.0013650 secs] 747273K->747004K(1048512K), 0.0014500 secs] [Times: user=0.00 sys=0.00, real=0.01 secs] 
64.717: [GC64.717: [DefNew: 447K->64K(448K), 0.0008610 secs] 747388K->747132K(1048512K), 0.0009000 secs] [Times: user=0.00 sys=0.00, real=0.00 secs] 
64.727: [GC64.727: [DefNew: 448K->64K(448K), 0.0010910 secs] 747516K->747255K(1048512K), 0.0011460 secs] [Times: user=0.00 sys=0.00, real=0.00 secs] 
64.738: [GC64.738: [DefNew: 448K->64K(448K), 0.0007710 secs] 747639K->747347K(1048512K), 0.0008110 secs] [Times: user=0.00 sys=0.00, real=0.00 secs] 
64.746: [GC64.746: [DefNew: 447K->63K(448K), 0.0006520 secs] 747730K->747432K(1048512K), 0.0006880 secs] [Times: user=0.00 sys=0.00, real=0.00 secs] 
64.757: [GC64.757: [DefNew: 447K->63K(448K), 0.0015850 secs] 747816K->747562K(1048512K), 0.0016680 secs] [Times: user=0.00 sys=0.00, real=0.00 secs] 
64.767: [GC64.767: [DefNew: 447K->64K(448K), 0.0007460 secs] 747946K->747659K(1048512K), 0.0007840 secs] [Times: user=0.00 sys=0.00, real=0.00 secs] 
64.778: [GC64.778: [DefNew: 448K->64K(448K), 0.0012630 secs] 748043K->747838K(1048512K), 0.0013420 secs] [Times: user=0.00 sys=0.00, real=0.00 secs] 
64.789: [GC64.789: [DefNew: 448K->63K(448K), 0.0012740 secs] 748222K->747961K(1048512K), 0.0013990 secs] [Times: user=0.00 sys=0.00, real=0.00 secs] 
64.800: [GC64.800: [DefNew: 447K->63K(448K), 0.0007780 secs] 748344K->748069K(1048512K), 0.0008180 secs] [Times: user=0.00 sys=0.00, real=0.00 secs] 
64.810: [GC64.810: [DefNew: 447K->63K(448K), 0.0010950 secs] 748453K->748177K(1048512K), 0.0011560 secs] [Times: user=0.00 sys=0.00, real=0.00 secs] 
64.821: [GC64.821: [DefNew: 447K->64K(448K), 0.0007490 secs] 748561K->748268K(1048512K), 0.0007920 secs] [Times: user=0.00 sys=0.00, real=0.00 secs] 
64.830: [GC64.830: [DefNew: 448K->64K(448K), 0.0010310 secs] 748652K->748370K(1048512K), 0.0011080 secs] [Times: user=0.00 sys=0.00, real=0.00 secs] 
64.841: [GC64.841: [DefNew: 448K->63K(448K), 0.0008360 secs] 748754K->748490K(1048512K), 0.0008790 secs] [Times: user=0.00 sys=0.00, real=0.00 secs] 
64.851: [GC64.851: [DefNew: 447K->63K(448K), 0.0015770 secs] 748874K->748623K(1048512K), 0.0016410 secs] [Times: user=0.00 sys=0.00, real=0.00 secs] 
64.862: [GC64.862: [DefNew: 447K->63K(448K), 0.0008310 secs] 749007K->748754K(1048512K), 0.0008710 secs] [Times: user=0.00 sys=0.00, real=0.00 secs] 
64.873: [GC64.873: [DefNew: 447K->63K(448K), 0.0017770 secs] 749138K->748861K(1048512K), 0.0018880 secs] [Times: user=0.00 sys=0.00, real=0.00 secs] 
64.884: [GC64.884: [DefNew: 447K->63K(448K), 0.0007950 secs] 749245K->748974K(1048512K), 0.0008310 secs] [Times: user=0.00 sys=0.00, real=0.00 secs] 
64.895: [GC64.895: [DefNew: 447K->63K(448K), 0.0015560 secs] 749358K->749144K(1048512K), 0.0016590 secs] [Times: user=0.00 sys=0.00, real=0.01 secs] 
64.905: [GC64.905: [DefNew: 447K->63K(448K), 0.0017500 secs] 749528K->749238K(1048512K), 0.0018330 secs] [Times: user=0.01 sys=0.01, real=0.01 secs] 
64.916: [GC64.916: [DefNew: 447K->63K(448K), 0.0007240 secs] 749622K->749350K(1048512K), 0.0007620 secs] [Times: user=0.00 sys=0.00, real=0.01 secs] 
64.926: [GC64.926: [DefNew: 447K->64K(448K), 0.0010760 secs] 749734K->749473K(1048512K), 0.0011270 secs] [Times: user=0.00 sys=0.00, real=0.01 secs] 
64.937: [GC64.937: [DefNew: 448K->64K(448K), 0.0007660 secs] 749857K->749566K(1048512K), 0.0008040 secs] [Times: user=0.00 sys=0.00, real=0.00 secs] 
64.947: [GC64.947: [DefNew: 447K->63K(448K), 0.0008070 secs] 749950K->749678K(1048512K), 0.0008560 secs] [Times: user=0.00 sys=0.00, real=0.00 secs] 
64.957: [GC64.957: [DefNew: 447K->63K(448K), 0.0009200 secs] 750062K->749844K(1048512K), 0.0009720 secs] [Times: user=0.00 sys=0.00, real=0.00 secs] 
64.968: [GC64.968: [DefNew: 447K->63K(448K), 0.0017450 secs] 750228K->749945K(1048512K), 0.0018330 secs] [Times: user=0.00 sys=0.00, real=0.00 secs] 
64.979: [GC64.979: [DefNew: 447K->63K(448K), 0.0009520 secs] 750329K->750150K(1048512K), 0.0009900 secs] [Times: user=0.00 sys=0.00, real=0.00 secs] 
64.988: [GC64.988: [DefNew: 447K->63K(448K), 0.0014460 secs] 750533K->750265K(1048512K), 0.0015390 secs] [Times: user=0.00 sys=0.00, real=0.00 secs] 
64.999: [GC64.999: [DefNew: 447K->64K(448K), 0.0008480 secs] 750649K->750394K(1048512K), 0.0008890 secs] [Times: user=0.00 sys=0.00, real=0.00 secs] 
65.010: [GC65.010: [DefNew: 448K->64K(448K), 0.0026580 secs] 750778K->750546K(1048512K), 0.0028220 secs] [Times: user=0.00 sys=0.00, real=0.00 secs] 
65.022: [GC65.023: [DefNew: 448K->63K(448K), 0.0010970 secs] 750930K->750655K(1048512K), 0.0011740 secs] [Times: user=0.00 sys=0.00, real=0.00 secs] 
65.033: [GC65.033: [DefNew: 447K->63K(448K), 0.0007110 secs] 751039K->750747K(1048512K), 0.0007600 secs] [Times: user=0.00 sys=0.00, real=0.00 secs] 
65.043: [GC65.043: [DefNew: 447K->64K(448K), 0.0014610 secs] 751130K->750830K(1048512K), 0.0015670 secs] [Times: user=0.00 sys=0.00, real=0.00 secs] 
65.054: [GC65.054: [DefNew: 448K->63K(448K), 0.0021330 secs] 751214K->750941K(1048512K), 0.0022850 secs] [Times: user=0.00 sys=0.00, real=0.00 secs] 
65.066: [GC65.066: [DefNew: 447K->63K(448K), 0.0008710 secs] 751325K->751088K(1048512K), 0.0009180 secs] [Times: user=0.00 sys=0.00, real=0.01 secs] 
65.075: [GC65.075: [DefNew: 447K->63K(448K), 0.0011360 secs] 751472K->751258K(1048512K), 0.0012140 secs] [Times: user=0.00 sys=0.00, real=0.00 secs] 
65.085: [GC65.085: [DefNew: 447K->64K(448K), 0.0018250 secs] 751642K->751344K(1048512K), 0.0018870 secs] [Times: user=0.01 sys=0.00, real=0.01 secs] 
65.097: [GC65.097: [DefNew: 448K->63K(448K), 0.0008940 secs] 751728K->751500K(1048512K), 0.0009370 secs] [Times: user=0.00 sys=0.00, real=0.00 secs] 
65.107: [GC65.107: [DefNew: 447K->63K(448K), 0.0010970 secs] 751884K->751618K(1048512K), 0.0011540 secs] [Times: user=0.00 sys=0.00, real=0.00 secs] 
65.118: [GC65.118: [DefNew: 447K->63K(448K), 0.0009090 secs] 752002K->751779K(1048512K), 0.0009550 secs] [Times: user=0.00 sys=0.00, real=0.00 secs] 
65.128: [GC65.128: [DefNew: 447K->63K(448K), 0.0018390 secs] 752163K->751906K(1048512K), 0.0019390 secs] [Times: user=0.00 sys=0.00, real=0.00 secs] 
65.139: [GC65.139: [DefNew: 447K->64K(448K), 0.0008760 secs] 752290K->752008K(1048512K), 0.0009230 secs] [Times: user=0.00 sys=0.00, real=0.00 secs] 
65.148: [GC65.148: [DefNew: 448K->63K(448K), 0.0007550 secs] 752392K->752106K(1048512K), 0.0008000 secs] [Times: user=0.00 sys=0.00, real=0.00 secs] 
65.159: [GC65.159: [DefNew: 447K->63K(448K), 0.0007950 secs] 752490K->752244K(1048512K), 0.0008300 secs] [Times: user=0.00 sys=0.00, real=0.00 secs] 
65.169: [GC65.169: [DefNew: 447K->63K(448K), 0.0018650 secs] 752628K->752348K(1048512K), 0.0019210 secs] [Times: user=0.00 sys=0.00, real=0.00 secs] 
65.181: [GC65.181: [DefNew: 447K->63K(448K), 0.0007790 secs] 752732K->752456K(1048512K), 0.0008200 secs] [Times: user=0.00 sys=0.00, real=0.00 secs] 
65.191: [GC65.191: [DefNew: 447K->63K(448K), 0.0014440 secs] 752839K->752562K(1048512K), 0.0015310 secs] [Times: user=0.00 sys=0.00, real=0.00 secs] 
65.202: [GC65.202: [DefNew: 447K->63K(448K), 0.0012760 secs] 752946K->752656K(1048512K), 0.0013550 secs] [Times: user=0.00 sys=0.00, real=0.00 secs] 
65.213: [GC65.213: [DefNew: 447K->64K(448K), 0.0009780 secs] 753040K->752811K(1048512K), 0.0010190 secs] [Times: user=0.00 sys=0.00, real=0.00 secs] 
65.223: [GC65.223: [DefNew: 448K->63K(448K), 0.0009910 secs] 753195K->752914K(1048512K), 0.0010670 secs] [Times: user=0.00 sys=0.00, real=0.00 secs] 
65.234: [GC65.234: [DefNew: 447K->63K(448K), 0.0010960 secs] 753298K->752985K(1048512K), 0.0011740 secs] [Times: user=0.00 sys=0.00, real=0.00 secs] 
65.243: [GC65.243: [DefNew: 447K->63K(448K), 0.0012990 secs] 753368K->753055K(1048512K), 0.0013930 secs] [Times: user=0.00 sys=0.00, real=0.00 secs] 
65.254: [GC65.254: [DefNew: 447K->64K(448K), 0.0013610 secs] 753439K->753147K(1048512K), 0.0014770 secs] [Times: user=0.00 sys=0.00, real=0.00 secs] 
65.264: [GC65.264: [DefNew: 448K->63K(448K), 0.0007730 secs] 753531K->753267K(1048512K), 0.0008140 secs] [Times: user=0.00 sys=0.00, real=0.00 secs] 
65.275: [GC65.275: [DefNew: 447K->63K(448K), 0.0031080 secs] 753651K->753440K(1048512K), 0.0032400 secs] [Times: user=0.01 sys=0.00, real=0.01 secs] 
65.288: [GC65.288: [DefNew: 447K->63K(448K), 0.0027090 secs] 753824K->753557K(1048512K), 0.0028970 secs] [Times: user=0.00 sys=0.00, real=0.00 secs] 
65.300: [GC65.300: [DefNew: 447K->63K(448K), 0.0008760 secs] 753940K->753676K(1048512K), 0.0009160 secs] [Times: user=0.00 sys=0.00, real=0.00 secs] 
65.310: [GC65.310: [DefNew: 447K->63K(448K), 0.0008860 secs] 754060K->753782K(1048512K), 0.0009470 secs] [Times: user=0.00 sys=0.00, real=0.00 secs] 
65.320: [GC65.320: [DefNew: 447K->63K(448K), 0.0008080 secs] 754166K->753880K(1048512K), 0.0008500 secs] [Times: user=0.00 sys=0.00, real=0.00 secs] 
65.329: [GC65.329: [DefNew: 447K->63K(448K), 0.0011370 secs] 754264K->753975K(1048512K), 0.0012040 secs] [Times: user=0.00 sys=0.00, real=0.00 secs] 
65.341: [GC65.341: [DefNew: 447K->64K(448K), 0.0030310 secs] 754359K->754121K(1048512K), 0.0031960 secs] [Times: user=0.01 sys=0.00, real=0.00 secs] 
65.354: [GC65.354: [DefNew: 448K->64K(448K), 0.0010030 secs] 754505K->754246K(1048512K), 0.0011060 secs] [Times: user=0.00 sys=0.00, real=0.00 secs] 
65.364: [GC65.364: [DefNew: 448K->63K(448K), 0.0010290 secs] 754630K->754406K(1048512K), 0.0010740 secs] [Times: user=0.00 sys=0.00, real=0.00 secs] 
65.375: [GC65.375: [DefNew: 447K->63K(448K), 0.0021860 secs] 754790K->754528K(1048512K), 0.0023090 secs] [Times: user=0.00 sys=0.00, real=0.01 secs] 
65.387: [GC65.387: [DefNew: 447K->63K(448K), 0.0011970 secs] 754912K->754648K(1048512K), 0.0012630 secs] [Times: user=0.00 sys=0.00, real=0.00 secs] 
65.397: [GC65.397: [DefNew: 447K->63K(448K), 0.0011130 secs] 755032K->754800K(1048512K), 0.0011960 secs] [Times: user=0.00 sys=0.00, real=0.00 secs] 
65.407: [GC65.407: [DefNew: 447K->63K(448K), 0.0016770 secs] 755184K->754914K(1048512K), 0.0018000 secs] [Times: user=0.00 sys=0.00, real=0.00 secs] 
65.418: [GC65.418: [DefNew: 447K->64K(448K), 0.0008550 secs] 755298K->755047K(1048512K), 0.0008940 secs] [Times: user=0.00 sys=0.00, real=0.00 secs] 
65.428: [GC65.428: [DefNew: 447K->64K(448K), 0.0009140 secs] 755431K->755166K(1048512K), 0.0009540 secs] [Times: user=0.00 sys=0.00, real=0.00 secs] 
65.439: [GC65.439: [DefNew: 448K->63K(448K), 0.0009720 secs] 755550K->755278K(1048512K), 0.0010160 secs] [Times: user=0.00 sys=0.00, real=0.00 secs] 
65.449: [GC65.449: [DefNew: 447K->63K(448K), 0.0018230 secs] 755662K->755405K(1048512K), 0.0019150 secs] [Times: user=0.01 sys=0.00, real=0.00 secs] 
65.461: [GC65.461: [DefNew: 447K->64K(448K), 0.0009660 secs] 755789K->755536K(1048512K), 0.0010060 secs] [Times: user=0.00 sys=0.00, real=0.00 secs] 
65.471: [GC65.471: [DefNew: 448K->63K(448K), 0.0018930 secs] 755920K->755668K(1048512K), 0.0019890 secs] [Times: user=0.00 sys=0.00, real=0.00 secs] 
65.482: [GC65.482: [DefNew: 447K->64K(448K), 0.0008490 secs] 756052K->755776K(1048512K), 0.0008920 secs] [Times: user=0.00 sys=0.00, real=0.00 secs] 
65.492: [GC65.492: [DefNew: 448K->63K(448K), 0.0015830 secs] 756160K->755895K(1048512K), 0.0016860 secs] [Times: user=0.00 sys=0.00, real=0.00 secs] 
65.503: [GC65.503: [DefNew: 447K->64K(448K), 0.0008420 secs] 756279K->755994K(1048512K), 0.0008920 secs] [Times: user=0.00 sys=0.00, real=0.00 secs] 
65.513: [GC65.513: [DefNew: 447K->64K(448K), 0.0020270 secs] 756378K->756144K(1048512K), 0.0021330 secs] [Times: user=0.01 sys=0.00, real=0.00 secs] 
65.525: [GC65.525: [DefNew: 447K->63K(448K), 0.0017160 secs] 756528K->756279K(1048512K), 0.0018110 secs] [Times: user=0.00 sys=0.00, real=0.01 secs] 
65.542: [GC65.542: [DefNew: 447K->63K(448K), 0.0012490 secs] 756663K->756406K(1048512K), 0.0013120 secs] [Times: user=0.00 sys=0.00, real=0.00 secs] 
65.552: [GC65.552: [DefNew: 447K->64K(448K), 0.0028840 secs] 756790K->756587K(1048512K), 0.0030440 secs] [Times: user=0.00 sys=0.00, real=0.00 secs] 
65.564: [GC65.564: [DefNew: 447K->63K(448K), 0.0030590 secs] 756970K->756804K(1048512K), 0.0032000 secs] [Times: user=0.01 sys=0.00, real=0.01 secs] 
65.580: [GC65.580: [DefNew: 447K->64K(448K), 0.0023130 secs] 757188K->756992K(1048512K), 0.0024080 secs] [Times: user=0.00 sys=0.00, real=0.00 secs] 
65.592: [GC65.592: [DefNew: 448K->64K(448K), 0.0029210 secs] 757376K->757201K(1048512K), 0.0030810 secs] [Times: user=0.00 sys=0.00, real=0.00 secs] 
65.604: [GC65.604: [DefNew: 448K->64K(448K), 0.0019830 secs] 757585K->757341K(1048512K), 0.0021060 secs] [Times: user=0.01 sys=0.00, real=0.00 secs] 
65.615: [GC65.615: [DefNew: 448K->63K(448K), 0.0019090 secs] 757725K->757484K(1048512K), 0.0020120 secs] [Times: user=0.00 sys=0.00, real=0.01 secs] 
65.627: [GC65.627: [DefNew: 447K->63K(448K), 0.0023550 secs] 757868K->757658K(1048512K), 0.0025070 secs] [Times: user=0.00 sys=0.00, real=0.00 secs] 
65.637: [GC65.638: [DefNew: 447K->63K(448K), 0.0029580 secs] 758042K->757855K(1048512K), 0.0031280 secs] [Times: user=0.01 sys=0.00, real=0.00 secs] 
65.650: [GC65.650: [DefNew: 447K->63K(448K), 0.0014860 secs] 758239K->758054K(1048512K), 0.0015470 secs] [Times: user=0.00 sys=0.00, real=0.00 secs] 
65.663: [GC65.663: [DefNew: 447K->64K(448K), 0.0017130 secs] 758438K->758264K(1048512K), 0.0017860 secs] [Times: user=0.00 sys=0.00, real=0.00 secs] 
65.675: [GC65.675: [DefNew: 448K->64K(448K), 0.0023880 secs] 758648K->758407K(1048512K), 0.0024520 secs] [Times: user=0.00 sys=0.00, real=0.01 secs] 
65.688: [GC65.688: [DefNew: 448K->63K(448K), 0.0017950 secs] 758791K->758556K(1048512K), 0.0019110 secs] [Times: user=0.01 sys=0.00, real=0.00 secs] 
65.699: [GC65.699: [DefNew: 447K->63K(448K), 0.0019410 secs] 758940K->758794K(1048512K), 0.0021050 secs] [Times: user=0.00 sys=0.00, real=0.00 secs] 
65.711: [GC65.711: [DefNew: 447K->63K(448K), 0.0038600 secs] 759178K->759020K(1048512K), 0.0040560 secs] [Times: user=0.00 sys=0.00, real=0.00 secs] 
65.730: [GC65.730: [DefNew: 447K->64K(448K), 0.0033750 secs] 759404K->759207K(1048512K), 0.0035030 secs] [Times: user=0.01 sys=0.00, real=0.00 secs] 
65.744: [GC65.744: [DefNew: 448K->63K(448K), 0.0038970 secs] 759591K->759439K(1048512K), 0.0040620 secs] [Times: user=0.00 sys=0.00, real=0.01 secs] 
65.757: [GC65.757: [DefNew: 447K->63K(448K), 0.0030380 secs] 759822K->759658K(1048512K), 0.0032300 secs] [Times: user=0.01 sys=0.00, real=0.00 secs] 
65.770: [GC65.770: [DefNew: 447K->63K(448K), 0.0049260 secs] 760042K->759905K(1048512K), 0.0050630 secs] [Times: user=0.00 sys=0.00, real=0.00 secs] 
65.784: [GC65.784: [DefNew: 447K->64K(448K), 0.0032830 secs] 760289K->760121K(1048512K), 0.0033840 secs] [Times: user=0.01 sys=0.00, real=0.01 secs] 
65.799: [GC65.799: [DefNew: 448K->63K(448K), 0.0037680 secs] 760505K->760284K(1048512K), 0.0040200 secs] [Times: user=0.00 sys=0.00, real=0.00 secs] 
65.813: [GC65.813: [DefNew: 447K->63K(448K), 0.0037270 secs] 760668K->760534K(1048512K), 0.0038540 secs] [Times: user=0.00 sys=0.00, real=0.01 secs] 
65.825: [GC65.825: [DefNew: 447K->63K(448K), 0.0035130 secs] 760918K->760728K(1048512K), 0.0036740 secs] [Times: user=0.00 sys=0.00, real=0.01 secs] 
65.838: [GC65.838: [DefNew: 447K->63K(448K), 0.0016450 secs] 761112K->760924K(1048512K), 0.0017170 secs] [Times: user=0.00 sys=0.00, real=0.00 secs] 
65.849: [GC65.849: [DefNew: 447K->63K(448K), 0.0013450 secs] 761308K->761136K(1048512K), 0.0014100 secs] [Times: user=0.00 sys=0.00, real=0.00 secs] 
65.860: [GC65.861: [DefNew: 447K->63K(448K), 0.0031290 secs] 761520K->761296K(1048512K), 0.0032840 secs] [Times: user=0.01 sys=0.00, real=0.00 secs] 
65.873: [GC65.873: [DefNew: 447K->64K(448K), 0.0033090 secs] 761680K->761429K(1048512K), 0.0034210 secs] [Times: user=0.00 sys=0.00, real=0.00 secs] 
65.886: [GC65.886: [DefNew: 448K->63K(448K), 0.0008960 secs] 761813K->761563K(1048512K), 0.0009330 secs] [Times: user=0.00 sys=0.00, real=0.01 secs] 
65.895: [GC65.895: [DefNew: 447K->63K(448K), 0.0009660 secs] 761947K->761689K(1048512K), 0.0010110 secs] [Times: user=0.00 sys=0.00, real=0.00 secs] 
65.905: [GC65.905: [DefNew: 447K->64K(448K), 0.0009680 secs] 762072K->761791K(1048512K), 0.0010130 secs] [Times: user=0.00 sys=0.00, real=0.00 secs] 
65.915: [GC65.915: [DefNew: 448K->64K(448K), 0.0007070 secs] 762175K->761869K(1048512K), 0.0007440 secs] [Times: user=0.01 sys=0.00, real=0.00 secs] 
65.925: [GC65.925: [DefNew: 448K->63K(448K), 0.0007730 secs] 762253K->761972K(1048512K), 0.0008140 secs] [Times: user=0.00 sys=0.00, real=0.01 secs] 
65.936: [GC65.936: [DefNew: 447K->64K(448K), 0.0006490 secs] 762356K->762048K(1048512K), 0.0006950 secs] [Times: user=0.00 sys=0.00, real=0.00 secs] 
65.945: [GC65.945: [DefNew: 448K->64K(448K), 0.0006500 secs] 762432K->762140K(1048512K), 0.0006840 secs] [Times: user=0.00 sys=0.00, real=0.00 secs] 
65.955: [GC65.955: [DefNew: 448K->63K(448K), 0.0008660 secs] 762524K->762239K(1048512K), 0.0009100 secs] [Times: user=0.00 sys=0.00, real=0.00 secs] 
65.965: [GC65.965: [DefNew: 447K->63K(448K), 0.0007360 secs] 762623K->762326K(1048512K), 0.0007780 secs] [Times: user=0.00 sys=0.00, real=0.00 secs] 
65.974: [GC65.974: [DefNew: 447K->63K(448K), 0.0008050 secs] 762710K->762428K(1048512K), 0.0008530 secs] [Times: user=0.00 sys=0.00, real=0.00 secs] 
65.984: [GC65.984: [DefNew: 447K->64K(448K), 0.0009820 secs] 762812K->762530K(1048512K), 0.0010310 secs] [Times: user=0.00 sys=0.00, real=0.00 secs] 
65.994: [GC65.994: [DefNew: 448K->63K(448K), 0.0010650 secs] 762914K->762645K(1048512K), 0.0011230 secs] [Times: user=0.00 sys=0.00, real=0.00 secs] 
66.004: [GC66.004: [DefNew: 447K->63K(448K), 0.0009190 secs] 763029K->762747K(1048512K), 0.0009740 secs] [Times: user=0.00 sys=0.00, real=0.00 secs] 
66.014: [GC66.014: [DefNew: 447K->63K(448K), 0.0007910 secs] 763131K->762840K(1048512K), 0.0008310 secs] [Times: user=0.00 sys=0.00, real=0.00 secs] 
66.024: [GC66.024: [DefNew: 447K->63K(448K), 0.0010290 secs] 763224K->762934K(1048512K), 0.0010840 secs] [Times: user=0.00 sys=0.00, real=0.00 secs] 
66.035: [GC66.035: [DefNew: 447K->63K(448K), 0.0011200 secs] 763318K->763166K(1048512K), 0.0011650 secs] [Times: user=0.00 sys=0.00, real=0.01 secs] 
66.045: [GC66.045: [DefNew: 447K->63K(448K), 0.0022140 secs] 763550K->763356K(1048512K), 0.0023070 secs] [Times: user=0.00 sys=0.00, real=0.01 secs] 
66.057: [GC66.057: [DefNew: 447K->63K(448K), 0.0013290 secs] 763740K->763454K(1048512K), 0.0013950 secs] [Times: user=0.01 sys=0.00, real=0.00 secs] 
66.067: [GC66.067: [DefNew: 447K->63K(448K), 0.0010610 secs] 763838K->763562K(1048512K), 0.0011230 secs] [Times: user=0.00 sys=0.00, real=0.00 secs] 
66.077: [GC66.078: [DefNew: 447K->64K(448K), 0.0008550 secs] 763946K->763657K(1048512K), 0.0009070 secs] [Times: user=0.00 sys=0.00, real=0.00 secs] 
66.088: [GC66.088: [DefNew: 448K->63K(448K), 0.0010560 secs] 764041K->763757K(1048512K), 0.0011240 secs] [Times: user=0.00 sys=0.00, real=0.00 secs] 
66.101: [GC66.101: [DefNew: 447K->63K(448K), 0.0009810 secs] 764141K->763848K(1048512K), 0.0010300 secs] [Times: user=0.00 sys=0.00, real=0.00 secs] 
66.111: [GC66.111: [DefNew: 447K->64K(448K), 0.0007850 secs] 764232K->763941K(1048512K), 0.0008330 secs] [Times: user=0.00 sys=0.00, real=0.00 secs] 
66.121: [GC66.121: [DefNew: 448K->64K(448K), 0.0007730 secs] 764325K->764024K(1048512K), 0.0008220 secs] [Times: user=0.00 sys=0.00, real=0.00 secs] 
66.132: [GC66.132: [DefNew: 448K->63K(448K), 0.0008060 secs] 764408K->764118K(1048512K), 0.0008650 secs] [Times: user=0.00 sys=0.00, real=0.00 secs] 
66.142: [GC66.142: [DefNew: 447K->64K(448K), 0.0007770 secs] 764502K->764203K(1048512K), 0.0008280 secs] [Times: user=0.01 sys=0.00, real=0.00 secs] 
66.150: [GC66.150: [DefNew: 448K->63K(448K), 0.0010240 secs] 764587K->764313K(1048512K), 0.0010840 secs] [Times: user=0.00 sys=0.00, real=0.00 secs] 
66.160: [GC66.160: [DefNew: 447K->64K(448K), 0.0010520 secs] 764697K->764416K(1048512K), 0.0011150 secs] [Times: user=0.00 sys=0.00, real=0.00 secs] 
66.171: [GC66.171: [DefNew: 448K->63K(448K), 0.0011080 secs] 764800K->764525K(1048512K), 0.0011790 secs] [Times: user=0.00 sys=0.00, real=0.00 secs] 
66.181: [GC66.181: [DefNew: 447K->63K(448K), 0.0009930 secs] 764909K->764621K(1048512K), 0.0010520 secs] [Times: user=0.00 sys=0.00, real=0.00 secs] 
66.191: [GC66.191: [DefNew: 447K->64K(448K), 0.0010480 secs] 765005K->764718K(1048512K), 0.0011090 secs] [Times: user=0.00 sys=0.00, real=0.00 secs] 
66.201: [GC66.201: [DefNew: 448K->63K(448K), 0.0009820 secs] 765102K->764804K(1048512K), 0.0010430 secs] [Times: user=0.00 sys=0.00, real=0.00 secs] 
66.211: [GC66.211: [DefNew: 447K->64K(448K), 0.0010280 secs] 765188K->764930K(1048512K), 0.0010880 secs] [Times: user=0.01 sys=0.00, real=0.00 secs] 
66.222: [GC66.222: [DefNew: 448K->63K(448K), 0.0011860 secs] 765314K->765036K(1048512K), 0.0012590 secs] [Times: user=0.00 sys=0.00, real=0.00 secs] 
66.231: [GC66.231: [DefNew: 447K->64K(448K), 0.0010840 secs] 765420K->765144K(1048512K), 0.0011580 secs] [Times: user=0.00 sys=0.00, real=0.00 secs] 
66.241: [GC66.241: [DefNew: 447K->64K(448K), 0.0038140 secs] 765527K->765333K(1048512K), 0.0039520 secs] [Times: user=0.00 sys=0.00, real=0.00 secs] 
66.254: [GC66.254: [DefNew: 448K->63K(448K), 0.0016880 secs] 765717K->765501K(1048512K), 0.0017680 secs] [Times: user=0.01 sys=0.00, real=0.00 secs] 
66.265: [GC66.265: [DefNew: 447K->64K(448K), 0.0009630 secs] 765885K->765599K(1048512K), 0.0010100 secs] [Times: user=0.00 sys=0.00, real=0.00 secs] 
66.275: [GC66.275: [DefNew: 448K->63K(448K), 0.0008320 secs] 765983K->765694K(1048512K), 0.0008770 secs] [Times: user=0.00 sys=0.00, real=0.00 secs] 
66.285: [GC66.286: [DefNew: 447K->64K(448K), 0.0010890 secs] 766078K->765813K(1048512K), 0.0011550 secs] [Times: user=0.00 sys=0.00, real=0.01 secs] 
66.297: [GC66.297: [DefNew: 448K->63K(448K), 0.0022410 secs] 766197K->765991K(1048512K), 0.0022950 secs] [Times: user=0.00 sys=0.00, real=0.00 secs] 
66.315: [GC66.315: [DefNew: 447K->64K(448K), 0.0013330 secs] 766375K->766108K(1048512K), 0.0013960 secs] [Times: user=0.00 sys=0.00, real=0.01 secs] 
66.326: [GC66.326: [DefNew: 448K->63K(448K), 0.0009040 secs] 766492K->766209K(1048512K), 0.0009570 secs] [Times: user=0.01 sys=0.00, real=0.01 secs] 
66.336: [GC66.336: [DefNew: 447K->63K(448K), 0.0010180 secs] 766593K->766350K(1048512K), 0.0010630 secs] [Times: user=0.00 sys=0.00, real=0.00 secs] 
66.347: [GC66.347: [DefNew: 447K->64K(448K), 0.0019970 secs] 766734K->766443K(1048512K), 0.0020940 secs] [Times: user=0.00 sys=0.00, real=0.00 secs] 
66.358: [GC66.358: [DefNew: 447K->64K(448K), 0.0017840 secs] 766827K->766578K(1048512K), 0.0018390 secs] [Times: user=0.00 sys=0.00, real=0.00 secs] 
66.369: [GC66.369: [DefNew: 448K->63K(448K), 0.0011700 secs] 766962K->766700K(1048512K), 0.0012430 secs] [Times: user=0.00 sys=0.00, real=0.00 secs] 
66.380: [GC66.380: [DefNew: 447K->63K(448K), 0.0019840 secs] 767084K->766820K(1048512K), 0.0020800 secs] [Times: user=0.01 sys=0.00, real=0.00 secs] 
66.391: [GC66.391: [DefNew: 447K->63K(448K), 0.0021500 secs] 767204K->766914K(1048512K), 0.0022760 secs] [Times: user=0.00 sys=0.00, real=0.00 secs] 
66.403: [GC66.403: [DefNew: 447K->64K(448K), 0.0008520 secs] 767298K->767043K(1048512K), 0.0008990 secs] [Times: user=0.00 sys=0.00, real=0.00 secs] 
66.413: [GC66.413: [DefNew: 448K->63K(448K), 0.0021900 secs] 767427K->767218K(1048512K), 0.0023220 secs] [Times: user=0.00 sys=0.00, real=0.00 secs] 
66.424: [GC66.424: [DefNew: 447K->63K(448K), 0.0016790 secs] 767602K->767319K(1048512K), 0.0017830 secs] [Times: user=0.00 sys=0.00, real=0.00 secs] 
66.435: [GC66.435: [DefNew: 447K->63K(448K), 0.0007690 secs] 767703K->767423K(1048512K), 0.0008140 secs] [Times: user=0.01 sys=0.00, real=0.00 secs] 
66.446: [GC66.446: [DefNew: 447K->63K(448K), 0.0020610 secs] 767807K->767608K(1048512K), 0.0022070 secs] [Times: user=0.00 sys=0.00, real=0.01 secs] 
66.458: [GC66.458: [DefNew: 447K->63K(448K), 0.0024050 secs] 767992K->767777K(1048512K), 0.0024850 secs] [Times: user=0.00 sys=0.00, real=0.00 secs] 
66.469: [GC66.470: [DefNew: 447K->63K(448K), 0.0019890 secs] 768161K->767887K(1048512K), 0.0021160 secs] [Times: user=0.00 sys=0.00, real=0.00 secs] 
66.480: [GC66.480: [DefNew: 447K->63K(448K), 0.0017780 secs] 768271K->768030K(1048512K), 0.0018820 secs] [Times: user=0.01 sys=0.00, real=0.00 secs] 
66.492: [GC66.493: [DefNew: 447K->63K(448K), 0.0022040 secs] 768414K->768184K(1048512K), 0.0023390 secs] [Times: user=0.00 sys=0.00, real=0.00 secs] 
66.512: [GC66.512: [DefNew: 447K->63K(448K), 0.0011680 secs] 768568K->768301K(1048512K), 0.0012220 secs] [Times: user=0.00 sys=0.00, real=0.00 secs] 
66.522: [GC66.522: [DefNew: 447K->63K(448K), 0.0009070 secs] 768685K->768387K(1048512K), 0.0009710 secs] [Times: user=0.00 sys=0.00, real=0.00 secs] 
66.533: [GC66.533: [DefNew: 447K->64K(448K), 0.0008350 secs] 768771K->768480K(1048512K), 0.0008800 secs] [Times: user=0.00 sys=0.00, real=0.00 secs] 
66.544: [GC66.544: [DefNew: 448K->63K(448K), 0.0009060 secs] 768864K->768555K(1048512K), 0.0009590 secs] [Times: user=0.00 sys=0.00, real=0.00 secs] 
66.567: [GC66.567: [DefNew: 447K->64K(448K), 0.0010480 secs] 768939K->768670K(1048512K), 0.0011110 secs] [Times: user=0.01 sys=0.00, real=0.00 secs] 
66.577: [GC66.577: [DefNew: 447K->64K(448K), 0.0009030 secs] 769054K->768820K(1048512K), 0.0009500 secs] [Times: user=0.00 sys=0.00, real=0.00 secs] 
66.585: [GC66.585: [DefNew: 447K->64K(448K), 0.0008230 secs] 769204K->768917K(1048512K), 0.0008680 secs] [Times: user=0.00 sys=0.00, real=0.00 secs] 
66.596: [GC66.596: [DefNew: 447K->63K(448K), 0.0015940 secs] 769301K->769039K(1048512K), 0.0016920 secs] [Times: user=0.00 sys=0.00, real=0.01 secs] 
66.607: [GC66.607: [DefNew: 447K->63K(448K), 0.0008670 secs] 769423K->769131K(1048512K), 0.0009210 secs] [Times: user=0.00 sys=0.00, real=0.00 secs] 
66.617: [GC66.617: [DefNew: 447K->63K(448K), 0.0011990 secs] 769515K->769250K(1048512K), 0.0012740 secs] [Times: user=0.00 sys=0.00, real=0.00 secs] 
66.628: [GC66.628: [DefNew: 447K->63K(448K), 0.0008980 secs] 769634K->769399K(1048512K), 0.0009410 secs] [Times: user=0.00 sys=0.00, real=0.00 secs] 
66.638: [GC66.638: [DefNew: 447K->64K(448K), 0.0014510 secs] 769783K->769532K(1048512K), 0.0015120 secs] [Times: user=0.00 sys=0.00, real=0.00 secs] 
66.649: [GC66.649: [DefNew: 448K->64K(448K), 0.0025920 secs] 769916K->769701K(1048512K), 0.0027360 secs] [Times: user=0.00 sys=0.00, real=0.00 secs] 
66.661: [GC66.661: [DefNew: 448K->64K(448K), 0.0024150 secs] 770085K->769940K(1048512K), 0.0024920 secs] [Times: user=0.00 sys=0.00, real=0.00 secs] 
66.673: [GC66.673: [DefNew: 447K->63K(448K), 0.0032390 secs] 770324K->770085K(1048512K), 0.0033910 secs] [Times: user=0.01 sys=0.00, real=0.01 secs] 
66.686: [GC66.686: [DefNew: 447K->63K(448K), 0.0009630 secs] 770469K->770236K(1048512K), 0.0010100 secs] [Times: user=0.00 sys=0.00, real=0.00 secs] 
66.696: [GC66.696: [DefNew: 447K->63K(448K), 0.0010160 secs] 770620K->770377K(1048512K), 0.0010760 secs] [Times: user=0.00 sys=0.00, real=0.00 secs] 
66.707: [GC66.707: [DefNew: 447K->63K(448K), 0.0008690 secs] 770761K->770466K(1048512K), 0.0009190 secs] [Times: user=0.00 sys=0.00, real=0.00 secs] 
66.717: [GC66.717: [DefNew: 447K->64K(448K), 0.0012580 secs] 770849K->770571K(1048512K), 0.0013390 secs] [Times: user=0.00 sys=0.00, real=0.00 secs] 
66.728: [GC66.728: [DefNew: 448K->63K(448K), 0.0009010 secs] 770955K->770680K(1048512K), 0.0009790 secs] [Times: user=0.00 sys=0.00, real=0.00 secs] 
66.737: [GC66.737: [DefNew: 447K->64K(448K), 0.0013580 secs] 771064K->770809K(1048512K), 0.0014200 secs] [Times: user=0.00 sys=0.00, real=0.00 secs] 
66.748: [GC66.748: [DefNew: 448K->63K(448K), 0.0014640 secs] 771193K->770997K(1048512K), 0.0015380 secs] [Times: user=0.00 sys=0.00, real=0.00 secs] 
66.760: [GC66.760: [DefNew: 447K->64K(448K), 0.0021630 secs] 771381K->771169K(1048512K), 0.0023020 secs] [Times: user=0.00 sys=0.00, real=0.00 secs] 
66.771: [GC66.771: [DefNew: 448K->63K(448K), 0.0009570 secs] 771553K->771279K(1048512K), 0.0010100 secs] [Times: user=0.00 sys=0.00, real=0.00 secs] 
66.782: [GC66.782: [DefNew: 447K->64K(448K), 0.0018510 secs] 771663K->771478K(1048512K), 0.0019630 secs] [Times: user=0.01 sys=0.00, real=0.00 secs] 
66.793: [GC66.793: [DefNew: 448K->63K(448K), 0.0019240 secs] 771862K->771590K(1048512K), 0.0020100 secs] [Times: user=0.00 sys=0.00, real=0.00 secs] 
66.804: [GC66.804: [DefNew: 447K->63K(448K), 0.0009830 secs] 771974K->771707K(1048512K), 0.0010470 secs] [Times: user=0.00 sys=0.00, real=0.00 secs] 
66.813: [GC66.814: [DefNew: 447K->63K(448K), 0.0011840 secs] 772091K->771845K(1048512K), 0.0012550 secs] [Times: user=0.00 sys=0.00, real=0.00 secs] 
66.824: [GC66.824: [DefNew: 447K->63K(448K), 0.0008750 secs] 772229K->771936K(1048512K), 0.0009280 secs] [Times: user=0.00 sys=0.00, real=0.00 secs] 
66.834: [GC66.834: [DefNew: 447K->63K(448K), 0.0016360 secs] 772320K->772045K(1048512K), 0.0017380 secs] [Times: user=0.00 sys=0.00, real=0.00 secs] 
66.846: [GC66.846: [DefNew: 447K->64K(448K), 0.0008630 secs] 772429K->772178K(1048512K), 0.0009070 secs] [Times: user=0.00 sys=0.00, real=0.01 secs] 
66.857: [GC66.857: [DefNew: 448K->63K(448K), 0.0049920 secs] 772562K->772316K(1048512K), 0.0052500 secs] [Times: user=0.00 sys=0.00, real=0.00 secs] 
66.872: [GC66.872: [DefNew: 447K->63K(448K), 0.0027800 secs] 772700K->772487K(1048512K), 0.0029100 secs] [Times: user=0.00 sys=0.00, real=0.00 secs] 
66.885: [GC66.885: [DefNew: 447K->64K(448K), 0.0010500 secs] 772871K->772637K(1048512K), 0.0011050 secs] [Times: user=0.01 sys=0.00, real=0.00 secs] 
66.894: [GC66.894: [DefNew: 448K->63K(448K), 0.0017890 secs] 773021K->772757K(1048512K), 0.0018870 secs] [Times: user=0.00 sys=0.00, real=0.00 secs] 
66.905: [GC66.905: [DefNew: 447K->63K(448K), 0.0008840 secs] 773141K->772855K(1048512K), 0.0009370 secs] [Times: user=0.00 sys=0.00, real=0.00 secs] 
66.916: [GC66.916: [DefNew: 447K->63K(448K), 0.0016210 secs] 773239K->772961K(1048512K), 0.0017220 secs] [Times: user=0.00 sys=0.00, real=0.01 secs] 
66.927: [GC66.927: [DefNew: 447K->64K(448K), 0.0016160 secs] 773345K->773099K(1048512K), 0.0016860 secs] [Times: user=0.00 sys=0.00, real=0.00 secs] 
66.939: [GC66.939: [DefNew: 448K->63K(448K), 0.0018410 secs] 773483K->773225K(1048512K), 0.0019520 secs] [Times: user=0.01 sys=0.00, real=0.00 secs] 
66.950: [GC66.950: [DefNew: 447K->63K(448K), 0.0008350 secs] 773609K->773340K(1048512K), 0.0008820 secs] [Times: user=0.00 sys=0.00, real=0.00 secs] 
66.961: [GC66.961: [DefNew: 447K->63K(448K), 0.0015370 secs] 773724K->773458K(1048512K), 0.0016380 secs] [Times: user=0.00 sys=0.00, real=0.00 secs] 
66.972: [GC66.972: [DefNew: 447K->63K(448K), 0.0012330 secs] 773842K->773590K(1048512K), 0.0013090 secs] [Times: user=0.00 sys=0.00, real=0.00 secs] 
66.982: [GC66.982: [DefNew: 447K->63K(448K), 0.0021100 secs] 773974K->773789K(1048512K), 0.0022310 secs] [Times: user=0.00 sys=0.00, real=0.00 secs] 
66.993: [GC66.993: [DefNew: 447K->64K(448K), 0.0021930 secs] 774173K->773930K(1048512K), 0.0022780 secs] [Times: user=0.01 sys=0.00, real=0.00 secs] 
67.004: [GC67.004: [DefNew: 448K->63K(448K), 0.0009310 secs] 774314K->774031K(1048512K), 0.0009710 secs] [Times: user=0.00 sys=0.00, real=0.00 secs] 
67.014: [GC67.014: [DefNew: 447K->63K(448K), 0.0023760 secs] 774415K->774134K(1048512K), 0.0025080 secs] [Times: user=0.00 sys=0.00, real=0.01 secs] 
67.026: [GC67.026: [DefNew: 447K->64K(448K), 0.0022680 secs] 774518K->774290K(1048512K), 0.0023330 secs] [Times: user=0.00 sys=0.00, real=0.01 secs] 
67.037: [GC67.037: [DefNew: 448K->63K(448K), 0.0025220 secs] 774674K->774411K(1048512K), 0.0026870 secs] [Times: user=0.01 sys=0.00, real=0.00 secs] 
67.048: [GC67.048: [DefNew: 447K->63K(448K), 0.0012950 secs] 774795K->774595K(1048512K), 0.0013760 secs] [Times: user=0.00 sys=0.00, real=0.00 secs] 
67.059: [GC67.059: [DefNew: 447K->64K(448K), 0.0030940 secs] 774979K->774738K(1048512K), 0.0032590 secs] [Times: user=0.00 sys=0.00, real=0.00 secs] 
67.073: [GC67.073: [DefNew: 448K->63K(448K), 0.0038620 secs] 775122K->774997K(1048512K), 0.0040110 secs] [Times: user=0.01 sys=0.00, real=0.01 secs] 
67.087: [GC67.087: [DefNew: 447K->63K(448K), 0.0043800 secs] 775381K->775241K(1048512K), 0.0045470 secs] [Times: user=0.00 sys=0.00, real=0.00 secs] 
67.103: [GC67.103: [DefNew: 447K->63K(448K), 0.0012010 secs] 775625K->775373K(1048512K), 0.0012540 secs] [Times: user=0.00 sys=0.00, real=0.00 secs] 
67.114: [GC67.114: [DefNew: 447K->63K(448K), 0.0018450 secs] 775757K->775466K(1048512K), 0.0019920 secs] [Times: user=0.00 sys=0.00, real=0.00 secs] 
67.123: [GC67.123: [DefNew: 447K->63K(448K), 0.0021680 secs] 775850K->775614K(1048512K), 0.0022560 secs] [Times: user=0.00 sys=0.00, real=0.00 secs] 
67.135: [GC67.135: [DefNew: 447K->63K(448K), 0.0011810 secs] 775998K->775753K(1048512K), 0.0012380 secs] [Times: user=0.00 sys=0.00, real=0.00 secs] 
67.146: [GC67.146: [DefNew: 447K->64K(448K), 0.0026830 secs] 776137K->775927K(1048512K), 0.0027980 secs] [Times: user=0.01 sys=0.00, real=0.01 secs] 
67.159: [GC67.159: [DefNew: 448K->64K(448K), 0.0027170 secs] 776311K->776091K(1048512K), 0.0028220 secs] [Times: user=0.00 sys=0.00, real=0.00 secs] 
67.171: [GC67.171: [DefNew: 448K->63K(448K), 0.0009450 secs] 776475K->776214K(1048512K), 0.0009990 secs] [Times: user=0.00 sys=0.00, real=0.00 secs] 
67.181: [GC67.181: [DefNew: 447K->64K(448K), 0.0009780 secs] 776598K->776351K(1048512K), 0.0010210 secs] [Times: user=0.00 sys=0.00, real=0.00 secs] 
67.191: [GC67.191: [DefNew: 448K->64K(448K), 0.0012410 secs] 776735K->776427K(1048512K), 0.0013050 secs] [Times: user=0.00 sys=0.00, real=0.00 secs] 
67.200: [GC67.200: [DefNew: 448K->63K(448K), 0.0009020 secs] 776811K->776523K(1048512K), 0.0009530 secs] [Times: user=0.00 sys=0.00, real=0.00 secs] 
67.210: [GC67.210: [DefNew: 447K->64K(448K), 0.0010470 secs] 776907K->776626K(1048512K), 0.0011150 secs] [Times: user=0.01 sys=0.00, real=0.00 secs] 
67.220: [GC67.220: [DefNew: 448K->63K(448K), 0.0011180 secs] 777010K->776730K(1048512K), 0.0011910 secs] [Times: user=0.00 sys=0.00, real=0.00 secs] 
67.231: [GC67.231: [DefNew: 447K->63K(448K), 0.0010710 secs] 777114K->776838K(1048512K), 0.0011310 secs] [Times: user=0.00 sys=0.00, real=0.00 secs] 
67.241: [GC67.241: [DefNew: 447K->64K(448K), 0.0010200 secs] 777222K->776947K(1048512K), 0.0010800 secs] [Times: user=0.00 sys=0.00, real=0.00 secs] 
67.251: [GC67.251: [DefNew: 448K->63K(448K), 0.0009540 secs] 777331K->777029K(1048512K), 0.0010050 secs] [Times: user=0.00 sys=0.00, real=0.00 secs] 
67.261: [GC67.261: [DefNew: 447K->64K(448K), 0.0008350 secs] 777413K->777133K(1048512K), 0.0008790 secs] [Times: user=0.00 sys=0.00, real=0.00 secs] 
67.272: [GC67.272: [DefNew: 448K->63K(448K), 0.0025180 secs] 777517K->777236K(1048512K), 0.0027580 secs] [Times: user=0.01 sys=0.00, real=0.00 secs] 
67.283: [GC67.283: [DefNew: 447K->64K(448K), 0.0014310 secs] 777620K->777458K(1048512K), 0.0014910 secs] [Times: user=0.00 sys=0.00, real=0.00 secs] 
67.294: [GC67.294: [DefNew: 448K->63K(448K), 0.0020210 secs] 777842K->777639K(1048512K), 0.0020850 secs] [Times: user=0.00 sys=0.00, real=0.00 secs] 
67.305: [GC67.306: [DefNew: 447K->63K(448K), 0.0012420 secs] 778023K->777746K(1048512K), 0.0013220 secs] [Times: user=0.00 sys=0.00, real=0.01 secs] 
67.316: [GC67.316: [DefNew: 447K->64K(448K), 0.0009330 secs] 778130K->777856K(1048512K), 0.0009740 secs] [Times: user=0.00 sys=0.00, real=0.01 secs] 
67.326: [GC67.326: [DefNew: 447K->63K(448K), 0.0009520 secs] 778240K->777961K(1048512K), 0.0010160 secs] [Times: user=0.00 sys=0.00, real=0.01 secs] 
67.336: [GC67.336: [DefNew: 447K->64K(448K), 0.0011900 secs] 778345K->778063K(1048512K), 0.0012550 secs] [Times: user=0.00 sys=0.00, real=0.01 secs] 
67.345: [GC67.345: [DefNew: 448K->64K(448K), 0.0008840 secs] 778447K->778179K(1048512K), 0.0009290 secs] [Times: user=0.00 sys=0.00, real=0.00 secs] 
67.357: [GC67.357: [DefNew: 448K->64K(448K), 0.0010120 secs] 778563K->778281K(1048512K), 0.0010580 secs] [Times: user=0.00 sys=0.00, real=0.00 secs] 
67.367: [GC67.367: [DefNew: 448K->64K(448K), 0.0010210 secs] 778665K->778393K(1048512K), 0.0010760 secs] [Times: user=0.00 sys=0.00, real=0.00 secs] 
67.379: [GC67.379: [DefNew: 448K->63K(448K), 0.0010420 secs] 778777K->778498K(1048512K), 0.0011030 secs] [Times: user=0.00 sys=0.00, real=0.00 secs] 
67.392: [GC67.392: [DefNew: 447K->63K(448K), 0.0013030 secs] 778882K->778624K(1048512K), 0.0013740 secs] [Times: user=0.00 sys=0.00, real=0.00 secs] 
67.407: [GC67.407: [DefNew: 447K->63K(448K), 0.0013300 secs] 779008K->778738K(1048512K), 0.0014150 secs] [Times: user=0.01 sys=0.00, real=0.00 secs] 
67.418: [GC67.418: [DefNew: 447K->64K(448K), 0.0011370 secs] 779122K->778855K(1048512K), 0.0012000 secs] [Times: user=0.00 sys=0.00, real=0.00 secs] 
67.428: [GC67.428: [DefNew: 448K->63K(448K), 0.0010940 secs] 779239K->778962K(1048512K), 0.0011570 secs] [Times: user=0.00 sys=0.00, real=0.00 secs] 
67.444: [GC67.444: [DefNew: 447K->63K(448K), 0.0011200 secs] 779346K->779065K(1048512K), 0.0011870 secs] [Times: user=0.00 sys=0.00, real=0.00 secs] 
67.454: [GC67.454: [DefNew: 447K->63K(448K), 0.0012600 secs] 779448K->779169K(1048512K), 0.0013360 secs] [Times: user=0.00 sys=0.00, real=0.00 secs] 
67.464: [GC67.464: [DefNew: 447K->63K(448K), 0.0011000 secs] 779553K->779274K(1048512K), 0.0011650 secs] [Times: user=0.00 sys=0.00, real=0.00 secs] 
67.478: [GC67.478: [DefNew: 447K->63K(448K), 0.0026440 secs] 779658K->779422K(1048512K), 0.0028940 secs] [Times: user=0.01 sys=0.00, real=0.00 secs] 
67.491: [GC67.491: [DefNew: 447K->64K(448K), 0.0029000 secs] 779806K->779605K(1048512K), 0.0030180 secs] [Times: user=0.00 sys=0.00, real=0.00 secs] 
67.504: [GC67.504: [DefNew: 447K->63K(448K), 0.0015480 secs] 779989K->779796K(1048512K), 0.0016290 secs] [Times: user=0.00 sys=0.00, real=0.00 secs] 
67.516: [GC67.516: [DefNew: 447K->63K(448K), 0.0013350 secs] 780180K->779915K(1048512K), 0.0014030 secs] [Times: user=0.00 sys=0.00, real=0.01 secs] 
67.526: [GC67.526: [DefNew: 447K->64K(448K), 0.0011140 secs] 780299K->780010K(1048512K), 0.0011950 secs] [Times: user=0.01 sys=0.00, real=0.01 secs] 
67.536: [GC67.536: [DefNew: 448K->63K(448K), 0.0008890 secs] 780394K->780104K(1048512K), 0.0009470 secs] [Times: user=0.00 sys=0.00, real=0.01 secs] 
67.547: [GC67.547: [DefNew: 447K->64K(448K), 0.0009520 secs] 780488K->780207K(1048512K), 0.0010140 secs] [Times: user=0.00 sys=0.00, real=0.00 secs] 
67.556: [GC67.556: [DefNew: 448K->63K(448K), 0.0009220 secs] 780591K->780307K(1048512K), 0.0009740 secs] [Times: user=0.00 sys=0.01, real=0.00 secs] 
67.566: [GC67.566: [DefNew: 447K->63K(448K), 0.0009890 secs] 780691K->780395K(1048512K), 0.0010380 secs] [Times: user=0.00 sys=0.00, real=0.01 secs] 
67.576: [GC67.576: [DefNew: 447K->64K(448K), 0.0007950 secs] 780779K->780509K(1048512K), 0.0008400 secs] [Times: user=0.00 sys=0.00, real=0.01 secs] 
67.586: [GC67.586: [DefNew: 448K->64K(448K), 0.0009480 secs] 780893K->780582K(1048512K), 0.0010090 secs] [Times: user=0.00 sys=0.00, real=0.01 secs] 
67.596: [GC67.596: [DefNew: 448K->64K(448K), 0.0008990 secs] 780966K->780691K(1048512K), 0.0009490 secs] [Times: user=0.00 sys=0.00, real=0.01 secs] 
67.606: [GC67.606: [DefNew: 448K->63K(448K), 0.0010350 secs] 781075K->780768K(1048512K), 0.0010910 secs] [Times: user=0.01 sys=0.00, real=0.00 secs] 
67.615: [GC67.615: [DefNew: 447K->63K(448K), 0.0007600 secs] 781152K->780886K(1048512K), 0.0008060 secs] [Times: user=0.00 sys=0.00, real=0.00 secs] 
67.625: [GC67.625: [DefNew: 447K->63K(448K), 0.0012330 secs] 781270K->781001K(1048512K), 0.0013070 secs] [Times: user=0.00 sys=0.00, real=0.01 secs] 
67.636: [GC67.636: [DefNew: 447K->63K(448K), 0.0011580 secs] 781385K->781109K(1048512K), 0.0012200 secs] [Times: user=0.00 sys=0.00, real=0.01 secs] 
67.646: [GC67.646: [DefNew: 447K->63K(448K), 0.0007650 secs] 781493K->781195K(1048512K), 0.0008030 secs] [Times: user=0.00 sys=0.00, real=0.01 secs] 
67.656: [GC67.656: [DefNew: 447K->64K(448K), 0.0007730 secs] 781579K->781270K(1048512K), 0.0008130 secs] [Times: user=0.00 sys=0.00, real=0.01 secs] 
67.666: [GC67.666: [DefNew: 448K->63K(448K), 0.0007780 secs] 781654K->781380K(1048512K), 0.0008200 secs] [Times: user=0.00 sys=0.00, real=0.01 secs] 
67.676: [GC67.676: [DefNew: 447K->63K(448K), 0.0008700 secs] 781764K->781485K(1048512K), 0.0009210 secs] [Times: user=0.00 sys=0.00, real=0.01 secs] 
67.685: [GC67.685: [DefNew: 447K->63K(448K), 0.0009350 secs] 781869K->781583K(1048512K), 0.0009750 secs] [Times: user=0.00 sys=0.00, real=0.00 secs] 
67.695: [GC67.695: [DefNew: 447K->63K(448K), 0.0007510 secs] 781967K->781676K(1048512K), 0.0008220 secs] [Times: user=0.00 sys=0.00, real=0.00 secs] 
67.705: [GC67.705: [DefNew: 447K->63K(448K), 0.0008200 secs] 782060K->781779K(1048512K), 0.0008720 secs] [Times: user=0.00 sys=0.00, real=0.00 secs] 
67.714: [GC67.714: [DefNew: 447K->64K(448K), 0.0010120 secs] 782163K->781871K(1048512K), 0.0010690 secs] [Times: user=0.00 sys=0.00, real=0.00 secs] 
67.724: [GC67.725: [DefNew: 447K->64K(448K), 0.0011070 secs] 782254K->781983K(1048512K), 0.0011720 secs] [Times: user=0.00 sys=0.00, real=0.00 secs] 
67.735: [GC67.735: [DefNew: 447K->64K(448K), 0.0010850 secs] 782367K->782094K(1048512K), 0.0011410 secs] [Times: user=0.00 sys=0.00, real=0.00 secs] 
67.745: [GC67.745: [DefNew: 448K->63K(448K), 0.0010680 secs] 782478K->782200K(1048512K), 0.0011330 secs] [Times: user=0.00 sys=0.00, real=0.01 secs] 
67.756: [GC67.756: [DefNew: 447K->63K(448K), 0.0011660 secs] 782584K->782318K(1048512K), 0.0012260 secs] [Times: user=0.01 sys=0.00, real=0.01 secs] 
67.766: [GC67.766: [DefNew: 447K->63K(448K), 0.0010840 secs] 782702K->782421K(1048512K), 0.0011490 secs] [Times: user=0.00 sys=0.00, real=0.01 secs] 
67.776: [GC67.776: [DefNew: 447K->63K(448K), 0.0029760 secs] 782805K->782528K(1048512K), 0.0031240 secs] [Times: user=0.00 sys=0.00, real=0.00 secs] 
67.789: [GC67.789: [DefNew: 447K->64K(448K), 0.0030150 secs] 782912K->782733K(1048512K), 0.0031190 secs] [Times: user=0.00 sys=0.00, real=0.00 secs] 
67.801: [GC67.801: [DefNew: 448K->63K(448K), 0.0015190 secs] 783117K->782935K(1048512K), 0.0015830 secs] [Times: user=0.01 sys=0.00, real=0.00 secs] 
67.812: [GC67.812: [DefNew: 447K->63K(448K), 0.0014040 secs] 783319K->783044K(1048512K), 0.0014660 secs] [Times: user=0.00 sys=0.00, real=0.00 secs] 
67.822: [GC67.822: [DefNew: 447K->63K(448K), 0.0009120 secs] 783428K->783156K(1048512K), 0.0009680 secs] [Times: user=0.00 sys=0.00, real=0.00 secs] 
67.833: [GC67.833: [DefNew: 447K->63K(448K), 0.0011090 secs] 783540K->783244K(1048512K), 0.0011770 secs] [Times: user=0.00 sys=0.00, real=0.00 secs] 
67.843: [GC67.843: [DefNew: 447K->64K(448K), 0.0009270 secs] 783628K->783343K(1048512K), 0.0009760 secs] [Times: user=0.00 sys=0.00, real=0.00 secs] 
67.853: [GC67.853: [DefNew: 447K->63K(448K), 0.0007720 secs] 783727K->783429K(1048512K), 0.0008190 secs] [Times: user=0.00 sys=0.00, real=0.00 secs] 
67.863: [GC67.863: [DefNew: 447K->63K(448K), 0.0007870 secs] 783813K->783532K(1048512K), 0.0008350 secs] [Times: user=0.00 sys=0.00, real=0.00 secs] 
67.872: [GC67.872: [DefNew: 447K->63K(448K), 0.0008470 secs] 783916K->783625K(1048512K), 0.0009010 secs] [Times: user=0.00 sys=0.00, real=0.00 secs] 
67.882: [GC67.882: [DefNew: 447K->63K(448K), 0.0010370 secs] 784009K->783728K(1048512K), 0.0011040 secs] [Times: user=0.00 sys=0.00, real=0.00 secs] 
67.893: [GC67.893: [DefNew: 447K->64K(448K), 0.0012290 secs] 784112K->783833K(1048512K), 0.0013000 secs] [Times: user=0.00 sys=0.00, real=0.00 secs] 
67.903: [GC67.903: [DefNew: 448K->63K(448K), 0.0008410 secs] 784217K->783918K(1048512K), 0.0008940 secs] [Times: user=0.00 sys=0.00, real=0.00 secs] 
67.913: [GC67.913: [DefNew: 447K->64K(448K), 0.0008960 secs] 784301K->784016K(1048512K), 0.0009460 secs] [Times: user=0.00 sys=0.00, real=0.00 secs] 
67.923: [GC67.923: [DefNew: 448K->63K(448K), 0.0010920 secs] 784400K->784119K(1048512K), 0.0011570 secs] [Times: user=0.00 sys=0.00, real=0.00 secs] 
67.933: [GC67.933: [DefNew: 447K->64K(448K), 0.0008520 secs] 784503K->784228K(1048512K), 0.0008990 secs] [Times: user=0.00 sys=0.00, real=0.00 secs] 
67.944: [GC67.944: [DefNew: 447K->63K(448K), 0.0011610 secs] 784612K->784346K(1048512K), 0.0012250 secs] [Times: user=0.00 sys=0.00, real=0.00 secs] 
67.953: [GC67.953: [DefNew: 447K->64K(448K), 0.0012920 secs] 784730K->784474K(1048512K), 0.0013590 secs] [Times: user=0.00 sys=0.00, real=0.00 secs] 
67.963: [GC67.963: [DefNew: 448K->64K(448K), 0.0008570 secs] 784858K->784581K(1048512K), 0.0009080 secs] [Times: user=0.00 sys=0.00, real=0.00 secs] 
67.973: [GC67.973: [DefNew: 448K->63K(448K), 0.0012220 secs] 784965K->784712K(1048512K), 0.0012880 secs] [Times: user=0.00 sys=0.00, real=0.00 secs] 
67.984: [GC67.984: [DefNew: 447K->64K(448K), 0.0010790 secs] 785096K->784816K(1048512K), 0.0011390 secs] [Times: user=0.00 sys=0.00, real=0.00 secs] 
67.995: [GC67.995: [DefNew: 448K->64K(448K), 0.0021270 secs] 785200K->785062K(1048512K), 0.0022200 secs] [Times: user=0.00 sys=0.00, real=0.01 secs] 
68.006: [GC68.006: [DefNew: 447K->63K(448K), 0.0028610 secs] 785445K->785290K(1048512K), 0.0030030 secs] [Times: user=0.00 sys=0.00, real=0.01 secs] 
68.019: [GC68.019: [DefNew: 447K->63K(448K), 0.0012950 secs] 785674K->785471K(1048512K), 0.0013410 secs] [Times: user=0.00 sys=0.00, real=0.00 secs] 
68.028: [GC68.028: [DefNew: 447K->63K(448K), 0.0011370 secs] 785855K->785569K(1048512K), 0.0011910 secs] [Times: user=0.00 sys=0.00, real=0.00 secs] 
68.039: [GC68.039: [DefNew: 447K->63K(448K), 0.0012060 secs] 785953K->785677K(1048512K), 0.0012740 secs] [Times: user=0.00 sys=0.00, real=0.00 secs] 
68.049: [GC68.049: [DefNew: 447K->63K(448K), 0.0008520 secs] 786061K->785797K(1048512K), 0.0009000 secs] [Times: user=0.00 sys=0.00, real=0.00 secs] 
68.059: [GC68.059: [DefNew: 447K->63K(448K), 0.0011600 secs] 786181K->785900K(1048512K), 0.0012400 secs] [Times: user=0.01 sys=0.00, real=0.00 secs] 
68.068: [GC68.068: [DefNew: 447K->63K(448K), 0.0007880 secs] 786284K->786012K(1048512K), 0.0008410 secs] [Times: user=0.00 sys=0.00, real=0.00 secs] 
68.078: [GC68.078: [DefNew: 447K->63K(448K), 0.0011310 secs] 786396K->786119K(1048512K), 0.0011940 secs] [Times: user=0.00 sys=0.00, real=0.00 secs] 
68.088: [GC68.088: [DefNew: 447K->63K(448K), 0.0012640 secs] 786503K->786243K(1048512K), 0.0013380 secs] [Times: user=0.00 sys=0.00, real=0.00 secs] 
68.099: [GC68.099: [DefNew: 447K->63K(448K), 0.0011190 secs] 786627K->786356K(1048512K), 0.0011800 secs] [Times: user=0.00 sys=0.00, real=0.00 secs] 
68.111: [GC68.111: [DefNew: 447K->64K(448K), 0.0011240 secs] 786740K->786477K(1048512K), 0.0011840 secs] [Times: user=0.00 sys=0.00, real=0.00 secs] 
68.123: [GC68.123: [DefNew: 448K->63K(448K), 0.0012030 secs] 786861K->786578K(1048512K), 0.0012650 secs] [Times: user=0.01 sys=0.00, real=0.00 secs] 
68.134: [GC68.134: [DefNew: 447K->63K(448K), 0.0011440 secs] 786962K->786692K(1048512K), 0.0012070 secs] [Times: user=0.00 sys=0.00, real=0.00 secs] 
68.144: [GC68.144: [DefNew: 447K->63K(448K), 0.0010900 secs] 787076K->786793K(1048512K), 0.0011470 secs] [Times: user=0.00 sys=0.00, real=0.00 secs] 
68.153: [GC68.153: [DefNew: 447K->64K(448K), 0.0011500 secs] 787177K->786914K(1048512K), 0.0012130 secs] [Times: user=0.00 sys=0.00, real=0.00 secs] 
68.163: [GC68.163: [DefNew: 448K->63K(448K), 0.0010680 secs] 787298K->787017K(1048512K), 0.0011280 secs] [Times: user=0.00 sys=0.00, real=0.00 secs] 
68.174: [GC68.174: [DefNew: 447K->63K(448K), 0.0011450 secs] 787401K->787135K(1048512K), 0.0012090 secs] [Times: user=0.00 sys=0.00, real=0.00 secs] 
68.184: [GC68.184: [DefNew: 447K->63K(448K), 0.0010710 secs] 787519K->787233K(1048512K), 0.0011300 secs] [Times: user=0.00 sys=0.00, real=0.00 secs] 
68.195: [GC68.195: [DefNew: 447K->63K(448K), 0.0011270 secs] 787617K->787360K(1048512K), 0.0011950 secs] [Times: user=0.01 sys=0.00, real=0.00 secs] 
68.205: [GC68.205: [DefNew: 447K->63K(448K), 0.0012870 secs] 787744K->787468K(1048512K), 0.0013540 secs] [Times: user=0.00 sys=0.00, real=0.01 secs] 
68.217: [GC68.217: [DefNew: 447K->63K(448K), 0.0010740 secs] 787852K->787586K(1048512K), 0.0011310 secs] [Times: user=0.00 sys=0.00, real=0.00 secs] 
68.226: [GC68.226: [DefNew: 447K->63K(448K), 0.0012280 secs] 787970K->787710K(1048512K), 0.0012960 secs] [Times: user=0.00 sys=0.00, real=0.01 secs] 
68.236: [GC68.236: [DefNew: 447K->63K(448K), 0.0010540 secs] 788094K->787804K(1048512K), 0.0011140 secs] [Times: user=0.00 sys=0.00, real=0.01 secs] 
68.247: [GC68.247: [DefNew: 447K->63K(448K), 0.0011130 secs] 788188K->787933K(1048512K), 0.0011670 secs] [Times: user=0.00 sys=0.00, real=0.00 secs] 
68.257: [GC68.257: [DefNew: 447K->63K(448K), 0.0012740 secs] 788317K->788047K(1048512K), 0.0013470 secs] [Times: user=0.01 sys=0.00, real=0.00 secs] 
68.267: [GC68.267: [DefNew: 447K->63K(448K), 0.0010930 secs] 788430K->788163K(1048512K), 0.0011500 secs] [Times: user=0.00 sys=0.00, real=0.00 secs] 
68.278: [GC68.278: [DefNew: 447K->63K(448K), 0.0011260 secs] 788547K->788266K(1048512K), 0.0011930 secs] [Times: user=0.00 sys=0.00, real=0.00 secs] 
68.287: [GC68.287: [DefNew: 447K->64K(448K), 0.0011580 secs] 788650K->788393K(1048512K), 0.0012220 secs] [Times: user=0.00 sys=0.00, real=0.00 secs] 
68.298: [GC68.299: [DefNew: 447K->63K(448K), 0.0035200 secs] 788776K->788580K(1048512K), 0.0037090 secs] [Times: user=0.00 sys=0.00, real=0.00 secs] 
68.312: [GC68.312: [DefNew: 447K->63K(448K), 0.0030990 secs] 788964K->788777K(1048512K), 0.0031670 secs] [Times: user=0.01 sys=0.00, real=0.00 secs] 
68.329: [GC68.329: [DefNew: 447K->63K(448K), 0.0012760 secs] 789161K->788897K(1048512K), 0.0013350 secs] [Times: user=0.00 sys=0.00, real=0.00 secs] 
68.339: [GC68.339: [DefNew: 447K->64K(448K), 0.0012510 secs] 789281K->789015K(1048512K), 0.0013240 secs] [Times: user=0.00 sys=0.00, real=0.00 secs] 
68.350: [GC68.350: [DefNew: 448K->64K(448K), 0.0010450 secs] 789399K->789120K(1048512K), 0.0011040 secs] [Times: user=0.00 sys=0.00, real=0.00 secs] 
68.361: [GC68.361: [DefNew: 448K->64K(448K), 0.0010230 secs] 789504K->789238K(1048512K), 0.0010830 secs] [Times: user=0.00 sys=0.00, real=0.00 secs] 
68.377: [GC68.377: [DefNew: 448K->63K(448K), 0.0011520 secs] 789622K->789341K(1048512K), 0.0012130 secs] [Times: user=0.01 sys=0.00, real=0.00 secs] 
68.394: [GC68.394: [DefNew: 447K->64K(448K), 0.0011690 secs] 789725K->789465K(1048512K), 0.0012260 secs] [Times: user=0.00 sys=0.00, real=0.00 secs] 
68.409: [GC68.409: [DefNew: 448K->63K(448K), 0.0013260 secs] 789849K->789577K(1048512K), 0.0013930 secs] [Times: user=0.00 sys=0.00, real=0.00 secs] 
68.426: [GC68.426: [DefNew: 447K->63K(448K), 0.0012900 secs] 789961K->789707K(1048512K), 0.0013460 secs] [Times: user=0.00 sys=0.00, real=0.01 secs] 
68.441: [GC68.441: [DefNew: 447K->64K(448K), 0.0008690 secs] 790091K->789800K(1048512K), 0.0009170 secs] [Times: user=0.00 sys=0.00, real=0.00 secs] 
68.464: [GC68.464: [DefNew: 448K->63K(448K), 0.0011080 secs] 790184K->789918K(1048512K), 0.0011650 secs] [Times: user=0.00 sys=0.00, real=0.00 secs] 
68.480: [GC68.480: [DefNew: 447K->63K(448K), 0.0010570 secs] 790302K->790019K(1048512K), 0.0011110 secs] [Times: user=0.00 sys=0.00, real=0.00 secs] 
68.491: [GC68.491: [DefNew: 447K->63K(448K), 0.0012090 secs] 790403K->790144K(1048512K), 0.0012680 secs] [Times: user=0.00 sys=0.00, real=0.00 secs] 
68.502: [GC68.502: [DefNew: 447K->64K(448K), 0.0032660 secs] 790528K->790351K(1048512K), 0.0034200 secs] [Times: user=0.00 sys=0.00, real=0.00 secs] 
68.515: [GC68.515: [DefNew: 447K->63K(448K), 0.0020260 secs] 790735K->790580K(1048512K), 0.0021220 secs] [Times: user=0.00 sys=0.00, real=0.01 secs] 
68.527: [GC68.527: [DefNew: 447K->63K(448K), 0.0013830 secs] 790964K->790692K(1048512K), 0.0014460 secs] [Times: user=0.01 sys=0.00, real=0.00 secs] 
68.537: [GC68.538: [DefNew: 447K->64K(448K), 0.0011500 secs] 791075K->790804K(1048512K), 0.0012130 secs] [Times: user=0.00 sys=0.00, real=0.00 secs] 
68.549: [GC68.549: [DefNew: 448K->63K(448K), 0.0010770 secs] 791188K->790916K(1048512K), 0.0011520 secs] [Times: user=0.00 sys=0.00, real=0.00 secs] 
68.558: [GC68.558: [DefNew: 447K->63K(448K), 0.0013510 secs] 791300K->791036K(1048512K), 0.0016470 secs] [Times: user=0.00 sys=0.00, real=0.00 secs] 
68.569: [GC68.569: [DefNew: 447K->64K(448K), 0.0011280 secs] 791420K->791138K(1048512K), 0.0011950 secs] [Times: user=0.00 sys=0.00, real=0.00 secs] 
68.579: [GC68.579: [DefNew: 447K->63K(448K), 0.0023120 secs] 791521K->791278K(1048512K), 0.0023810 secs] [Times: user=0.00 sys=0.00, real=0.00 secs] 
68.592: [GC68.592: [DefNew: 447K->63K(448K), 0.0012610 secs] 791662K->791385K(1048512K), 0.0013310 secs] [Times: user=0.01 sys=0.00, real=0.00 secs] 
68.603: [GC68.603: [DefNew: 447K->64K(448K), 0.0010630 secs] 791769K->791499K(1048512K), 0.0011280 secs] [Times: user=0.00 sys=0.00, real=0.00 secs] 
68.618: [GC68.618: [DefNew: 447K->63K(448K), 0.0012760 secs] 791883K->791649K(1048512K), 0.0013430 secs] [Times: user=0.00 sys=0.00, real=0.00 secs] 
68.636: [GC68.636: [DefNew: 447K->63K(448K), 0.0010890 secs] 792033K->791754K(1048512K), 0.0011480 secs] [Times: user=0.00 sys=0.00, real=0.01 secs] 
68.649: [GC68.649: [DefNew: 447K->63K(448K), 0.0010870 secs] 792137K->791870K(1048512K), 0.0011460 secs] [Times: user=0.00 sys=0.00, real=0.00 secs] 
68.662: [GC68.662: [DefNew: 447K->64K(448K), 0.0042800 secs] 792254K->791986K(1048512K), 0.0043400 secs] [Times: user=0.00 sys=0.00, real=0.01 secs] 
68.685: [GC68.685: [DefNew: 448K->64K(448K), 0.0009760 secs] 792370K->792093K(1048512K), 0.0010200 secs] [Times: user=0.00 sys=0.00, real=0.00 secs] 
68.701: [GC68.701: [DefNew: 448K->64K(448K), 0.0024750 secs] 792477K->792207K(1048512K), 0.0026200 secs] [Times: user=0.00 sys=0.00, real=0.00 secs] 
68.714: [GC68.714: [DefNew: 447K->63K(448K), 0.0027930 secs] 792591K->792436K(1048512K), 0.0028550 secs] [Times: user=0.00 sys=0.01, real=0.01 secs] 
68.726: [GC68.727: [DefNew: 447K->64K(448K), 0.0012130 secs] 792820K->792537K(1048512K), 0.0012630 secs] [Times: user=0.00 sys=0.00, real=0.00 secs] 
68.737: [GC68.737: [DefNew: 448K->63K(448K), 0.0007560 secs] 792921K->792611K(1048512K), 0.0007930 secs] [Times: user=0.00 sys=0.00, real=0.00 secs] 
68.747: [GC68.747: [DefNew: 447K->64K(448K), 0.0007040 secs] 792995K->792704K(1048512K), 0.0007420 secs] [Times: user=0.00 sys=0.00, real=0.00 secs] 
68.757: [GC68.757: [DefNew: 448K->64K(448K), 0.0010210 secs] 793088K->792808K(1048512K), 0.0010770 secs] [Times: user=0.00 sys=0.00, real=0.00 secs] 
68.766: [GC68.766: [DefNew: 447K->64K(448K), 0.0009770 secs] 793192K->792908K(1048512K), 0.0010210 secs] [Times: user=0.00 sys=0.00, real=0.01 secs] 
68.776: [GC68.776: [DefNew: 448K->63K(448K), 0.0011120 secs] 793292K->793015K(1048512K), 0.0011750 secs] [Times: user=0.00 sys=0.00, real=0.01 secs] 
68.786: [GC68.786: [DefNew: 447K->63K(448K), 0.0010110 secs] 793399K->793125K(1048512K), 0.0010570 secs] [Times: user=0.00 sys=0.00, real=0.01 secs] 
68.796: [GC68.796: [DefNew: 447K->63K(448K), 0.0010150 secs] 793509K->793231K(1048512K), 0.0010630 secs] [Times: user=0.00 sys=0.00, real=0.00 secs] 
68.807: [GC68.807: [DefNew: 447K->63K(448K), 0.0010380 secs] 793614K->793337K(1048512K), 0.0010850 secs] [Times: user=0.00 sys=0.00, real=0.00 secs] 
68.816: [GC68.816: [DefNew: 447K->63K(448K), 0.0009610 secs] 793721K->793429K(1048512K), 0.0010040 secs] [Times: user=0.00 sys=0.00, real=0.00 secs] 
68.827: [GC68.827: [DefNew: 447K->64K(448K), 0.0010290 secs] 793813K->793541K(1048512K), 0.0010740 secs] [Times: user=0.01 sys=0.00, real=0.00 secs] 
68.835: [GC68.835: [DefNew: 448K->63K(448K), 0.0006800 secs] 793925K->793625K(1048512K), 0.0007130 secs] [Times: user=0.00 sys=0.00, real=0.00 secs] 
68.845: [GC68.845: [DefNew: 447K->64K(448K), 0.0007000 secs] 794009K->793700K(1048512K), 0.0007330 secs] [Times: user=0.00 sys=0.00, real=0.00 secs] 
68.855: [GC68.855: [DefNew: 448K->63K(448K), 0.0009510 secs] 794084K->793778K(1048512K), 0.0010120 secs] [Times: user=0.00 sys=0.00, real=0.00 secs] 
68.865: [GC68.865: [DefNew: 447K->63K(448K), 0.0010120 secs] 794162K->793901K(1048512K), 0.0010830 secs] [Times: user=0.00 sys=0.00, real=0.00 secs] 
68.875: [GC68.875: [DefNew: 447K->63K(448K), 0.0011240 secs] 794285K->794002K(1048512K), 0.0012200 secs] [Times: user=0.00 sys=0.00, real=0.00 secs] 
68.885: [GC68.885: [DefNew: 447K->64K(448K), 0.0012180 secs] 794386K->794140K(1048512K), 0.0012830 secs] [Times: user=0.00 sys=0.00, real=0.01 secs] 
68.896: [GC68.897: [DefNew: 447K->63K(448K), 0.0024330 secs] 794524K->794327K(1048512K), 0.0025760 secs] [Times: user=0.01 sys=0.00, real=0.00 secs] 
68.907: [GC68.907: [DefNew: 447K->64K(448K), 0.0034060 secs] 794711K->794457K(1048512K), 0.0035340 secs] [Times: user=0.00 sys=0.00, real=0.00 secs] 
68.922: [GC68.922: [DefNew: 448K->63K(448K), 0.0049790 secs] 794841K->794749K(1048512K), 0.0051410 secs] [Times: user=0.01 sys=0.00, real=0.01 secs] 
68.937: [GC68.937: [DefNew: 447K->63K(448K), 0.0018600 secs] 795132K->794961K(1048512K), 0.0019660 secs] [Times: user=0.00 sys=0.00, real=0.00 secs] 
68.948: [GC68.948: [DefNew: 447K->63K(448K), 0.0013540 secs] 795345K->795096K(1048512K), 0.0014220 secs] [Times: user=0.00 sys=0.00, real=0.00 secs] 
68.959: [GC68.959: [DefNew: 447K->63K(448K), 0.0011380 secs] 795480K->795198K(1048512K), 0.0012010 secs] [Times: user=0.00 sys=0.00, real=0.00 secs] 
68.970: [GC68.970: [DefNew: 447K->63K(448K), 0.0010330 secs] 795582K->795313K(1048512K), 0.0010900 secs] [Times: user=0.00 sys=0.00, real=0.00 secs] 
68.980: [GC68.980: [DefNew: 447K->63K(448K), 0.0010170 secs] 795697K->795409K(1048512K), 0.0010900 secs] [Times: user=0.01 sys=0.00, real=0.00 secs] 
68.991: [GC68.991: [DefNew: 447K->64K(448K), 0.0011200 secs] 795793K->795520K(1048512K), 0.0011830 secs] [Times: user=0.00 sys=0.00, real=0.00 secs] 
69.001: [GC69.001: [DefNew: 448K->63K(448K), 0.0010920 secs] 795904K->795621K(1048512K), 0.0011510 secs] [Times: user=0.00 sys=0.00, real=0.00 secs] 
69.012: [GC69.012: [DefNew: 447K->64K(448K), 0.0010790 secs] 796005K->795743K(1048512K), 0.0011390 secs] [Times: user=0.00 sys=0.00, real=0.00 secs] 
69.022: [GC69.022: [DefNew: 448K->63K(448K), 0.0012140 secs] 796127K->795848K(1048512K), 0.0012970 secs] [Times: user=0.00 sys=0.00, real=0.00 secs] 
69.033: [GC69.033: [DefNew: 447K->63K(448K), 0.0011170 secs] 796232K->795964K(1048512K), 0.0011840 secs] [Times: user=0.00 sys=0.00, real=0.00 secs] 
69.043: [GC69.043: [DefNew: 447K->63K(448K), 0.0011280 secs] 796348K->796069K(1048512K), 0.0011980 secs] [Times: user=0.00 sys=0.00, real=0.00 secs] 
69.052: [GC69.052: [DefNew: 447K->63K(448K), 0.0009760 secs] 796453K->796168K(1048512K), 0.0010350 secs] [Times: user=0.01 sys=0.00, real=0.00 secs] 
69.063: [GC69.063: [DefNew: 447K->63K(448K), 0.0010860 secs] 796552K->796278K(1048512K), 0.0011450 secs] [Times: user=0.00 sys=0.00, real=0.00 secs] 
69.073: [GC69.073: [DefNew: 447K->63K(448K), 0.0012340 secs] 796662K->796390K(1048512K), 0.0013040 secs] [Times: user=0.00 sys=0.00, real=0.00 secs] 
69.084: [GC69.084: [DefNew: 447K->63K(448K), 0.0013200 secs] 796774K->796509K(1048512K), 0.0013930 secs] [Times: user=0.00 sys=0.01, real=0.00 secs] 
69.095: [GC69.095: [DefNew: 447K->63K(448K), 0.0011890 secs] 796893K->796627K(1048512K), 0.0012490 secs] [Times: user=0.00 sys=0.00, real=0.00 secs] 
69.105: [GC69.105: [DefNew: 447K->63K(448K), 0.0012910 secs] 797011K->796734K(1048512K), 0.0013600 secs] [Times: user=0.00 sys=0.00, real=0.01 secs] 
69.118: [GC69.118: [DefNew: 447K->63K(448K), 0.0042590 secs] 797118K->796905K(1048512K), 0.0045260 secs] [Times: user=0.01 sys=0.00, real=0.00 secs] 
69.139: [GC69.139: [DefNew: 447K->63K(448K), 0.0090180 secs] 797289K->797045K(1048512K), 0.0090830 secs] [Times: user=0.00 sys=0.00, real=0.01 secs] 
69.156: [GC69.156: [DefNew: 447K->63K(448K), 0.0020390 secs] 797429K->797162K(1048512K), 0.0021240 secs] [Times: user=0.00 sys=0.00, real=0.01 secs] 
69.173: [GC69.173: [DefNew: 447K->64K(448K), 0.0021750 secs] 797546K->797341K(1048512K), 0.0022620 secs] [Times: user=0.01 sys=0.00, real=0.00 secs] 
69.189: [GC69.189: [DefNew: 448K->63K(448K), 0.0025460 secs] 797725K->797497K(1048512K), 0.0029980 secs] [Times: user=0.00 sys=0.00, real=0.00 secs] 
69.203: [GC69.203: [DefNew: 447K->63K(448K), 0.0012510 secs] 797881K->797636K(1048512K), 0.0013060 secs] [Times: user=0.00 sys=0.00, real=0.00 secs] 
69.216: [GC69.216: [DefNew: 447K->63K(448K), 0.0013410 secs] 798020K->797751K(1048512K), 0.0014260 secs] [Times: user=0.00 sys=0.00, real=0.00 secs] 
69.229: [GC69.229: [DefNew: 447K->63K(448K), 0.0011730 secs] 798135K->797863K(1048512K), 0.0012330 secs] [Times: user=0.00 sys=0.00, real=0.00 secs] 
69.242: [GC69.242: [DefNew: 447K->64K(448K), 0.0011280 secs] 798247K->797982K(1048512K), 0.0011890 secs] [Times: user=0.01 sys=0.00, real=0.00 secs] 
69.255: [GC69.255: [DefNew: 448K->63K(448K), 0.0012140 secs] 798366K->798081K(1048512K), 0.0012770 secs] [Times: user=0.00 sys=0.00, real=0.01 secs] 
69.266: [GC69.266: [DefNew: 447K->63K(448K), 0.0012600 secs] 798465K->798206K(1048512K), 0.0013330 secs] [Times: user=0.00 sys=0.00, real=0.00 secs] 
69.279: [GC69.279: [DefNew: 447K->64K(448K), 0.0011310 secs] 798590K->798316K(1048512K), 0.0011950 secs] [Times: user=0.00 sys=0.00, real=0.00 secs] 
69.291: [GC69.291: [DefNew: 447K->64K(448K), 0.0011460 secs] 798699K->798424K(1048512K), 0.0012060 secs] [Times: user=0.00 sys=0.00, real=0.00 secs] 
69.307: [GC69.307: [DefNew: 448K->64K(448K), 0.0011350 secs] 798808K->798515K(1048512K), 0.0012010 secs] [Times: user=0.00 sys=0.00, real=0.00 secs] 
69.319: [GC69.319: [DefNew: 447K->64K(448K), 0.0019810 secs] 798898K->798635K(1048512K), 0.0021050 secs] [Times: user=0.01 sys=0.00, real=0.00 secs] 
69.330: [GC69.330: [DefNew: 448K->63K(448K), 0.0023530 secs] 799019K->798856K(1048512K), 0.0024520 secs] [Times: user=0.00 sys=0.00, real=0.00 secs] 
69.344: [GC69.344: [DefNew: 447K->63K(448K), 0.0031760 secs] 799240K->799051K(1048512K), 0.0033130 secs] [Times: user=0.00 sys=0.00, real=0.01 secs] 
69.358: [GC69.358: [DefNew: 447K->63K(448K), 0.0014460 secs] 799435K->799187K(1048512K), 0.0015200 secs] [Times: user=0.00 sys=0.00, real=0.00 secs] 
69.370: [GC69.370: [DefNew: 447K->63K(448K), 0.0012470 secs] 799571K->799316K(1048512K), 0.0013080 secs] [Times: user=0.00 sys=0.00, real=0.00 secs] 
69.382: [GC69.382: [DefNew: 447K->64K(448K), 0.0012210 secs] 799700K->799432K(1048512K), 0.0012850 secs] [Times: user=0.00 sys=0.00, real=0.00 secs] 
69.395: [GC69.395: [DefNew: 448K->64K(448K), 0.0011570 secs] 799816K->799553K(1048512K), 0.0012200 secs] [Times: user=0.00 sys=0.00, real=0.00 secs] 
69.405: [GC69.405: [DefNew: 448K->63K(448K), 0.0011960 secs] 799937K->799660K(1048512K), 0.0012540 secs] [Times: user=0.00 sys=0.00, real=0.01 secs] 
69.419: [GC69.419: [DefNew: 447K->64K(448K), 0.0011150 secs] 800044K->799771K(1048512K), 0.0011810 secs] [Times: user=0.00 sys=0.00, real=0.00 secs] 
69.430: [GC69.431: [DefNew: 448K->64K(448K), 0.0012520 secs] 800155K->799912K(1048512K), 0.0013250 secs] [Times: user=0.00 sys=0.00, real=0.00 secs] 
69.444: [GC69.444: [DefNew: 447K->64K(448K), 0.0011970 secs] 800296K->800028K(1048512K), 0.0012620 secs] [Times: user=0.01 sys=0.00, real=0.00 secs] 
69.456: [GC69.456: [DefNew: 447K->63K(448K), 0.0011880 secs] 800412K->800145K(1048512K), 0.0012470 secs] [Times: user=0.00 sys=0.01, real=0.00 secs] 
69.468: [GC69.469: [DefNew: 447K->63K(448K), 0.0010540 secs] 800529K->800250K(1048512K), 0.0011090 secs] [Times: user=0.00 sys=0.00, real=0.00 secs] 
69.480: [GC69.480: [DefNew: 447K->63K(448K), 0.0010700 secs] 800634K->800364K(1048512K), 0.0011280 secs] [Times: user=0.00 sys=0.00, real=0.00 secs] 
69.491: [GC69.491: [DefNew: 447K->64K(448K), 0.0012330 secs] 800748K->800467K(1048512K), 0.0013060 secs] [Times: user=0.00 sys=0.00, real=0.00 secs] 
69.503: [GC69.503: [DefNew: 448K->63K(448K), 0.0012100 secs] 800851K->800599K(1048512K), 0.0012790 secs] [Times: user=0.00 sys=0.00, real=0.00 secs] 
69.513: [GC69.513: [DefNew: 447K->64K(448K), 0.0010440 secs] 800983K->800711K(1048512K), 0.0010950 secs] [Times: user=0.01 sys=0.00, real=0.00 secs] 
69.525: [GC69.525: [DefNew: 448K->63K(448K), 0.0012820 secs] 801095K->800850K(1048512K), 0.0013470 secs] [Times: user=0.00 sys=0.00, real=0.00 secs] 
69.537: [GC69.537: [DefNew: 447K->64K(448K), 0.0026480 secs] 801234K->801096K(1048512K), 0.0027600 secs] [Times: user=0.00 sys=0.00, real=0.00 secs] 
69.549: [GC69.549: [DefNew: 448K->63K(448K), 0.0017050 secs] 801480K->801305K(1048512K), 0.0017730 secs] [Times: user=0.00 sys=0.00, real=0.00 secs] 
69.562: [GC69.562: [DefNew: 447K->63K(448K), 0.0014700 secs] 801689K->801442K(1048512K), 0.0015380 secs] [Times: user=0.00 sys=0.00, real=0.00 secs] 
69.574: [GC69.575: [DefNew: 447K->63K(448K), 0.0011360 secs] 801826K->801550K(1048512K), 0.0011910 secs] [Times: user=0.00 sys=0.00, real=0.00 secs] 
69.586: [GC69.586: [DefNew: 447K->63K(448K), 0.0012430 secs] 801934K->801670K(1048512K), 0.0013090 secs] [Times: user=0.00 sys=0.00, real=0.01 secs] 
69.598: [GC69.598: [DefNew: 447K->64K(448K), 0.0023050 secs] 802054K->801791K(1048512K), 0.0023690 secs] [Times: user=0.00 sys=0.00, real=0.00 secs] 
69.610: [GC69.611: [DefNew: 447K->63K(448K), 0.0031970 secs] 802175K->801962K(1048512K), 0.0033160 secs] [Times: user=0.00 sys=0.00, real=0.00 secs] 
69.624: [GC69.624: [DefNew: 447K->63K(448K), 0.0019910 secs] 802346K->802092K(1048512K), 0.0020540 secs] [Times: user=0.00 sys=0.00, real=0.00 secs] 
69.634: [GC69.634: [DefNew: 447K->63K(448K), 0.0008680 secs] 802476K->802208K(1048512K), 0.0009130 secs] [Times: user=0.00 sys=0.00, real=0.00 secs] 
69.643: [GC69.643: [DefNew: 447K->64K(448K), 0.0009140 secs] 802592K->802295K(1048512K), 0.0009660 secs] [Times: user=0.00 sys=0.00, real=0.00 secs] 
69.653: [GC69.653: [DefNew: 448K->63K(448K), 0.0008170 secs] 802679K->802369K(1048512K), 0.0008680 secs] [Times: user=0.00 sys=0.00, real=0.00 secs] 
69.663: [GC69.663: [DefNew: 447K->63K(448K), 0.0006920 secs] 802753K->802453K(1048512K), 0.0007310 secs] [Times: user=0.00 sys=0.00, real=0.00 secs] 
69.672: [GC69.672: [DefNew: 447K->63K(448K), 0.0007630 secs] 802837K->802536K(1048512K), 0.0008100 secs] [Times: user=0.00 sys=0.00, real=0.00 secs] 
69.682: [GC69.682: [DefNew: 447K->63K(448K), 0.0007450 secs] 802920K->802617K(1048512K), 0.0008150 secs] [Times: user=0.00 sys=0.00, real=0.00 secs] 
69.691: [GC69.691: [DefNew: 447K->63K(448K), 0.0008150 secs] 803001K->802705K(1048512K), 0.0009220 secs] [Times: user=0.00 sys=0.00, real=0.00 secs] 
69.700: [GC69.700: [DefNew: 447K->63K(448K), 0.0007260 secs] 803089K->802775K(1048512K), 0.0007710 secs] [Times: user=0.00 sys=0.00, real=0.00 secs] 
69.710: [GC69.710: [DefNew: 447K->63K(448K), 0.0007760 secs] 803159K->802868K(1048512K), 0.0008200 secs] [Times: user=0.00 sys=0.00, real=0.00 secs] 
69.720: [GC69.720: [DefNew: 447K->63K(448K), 0.0007130 secs] 803252K->802940K(1048512K), 0.0007620 secs] [Times: user=0.00 sys=0.00, real=0.00 secs] 
69.730: [GC69.730: [DefNew: 447K->63K(448K), 0.0007460 secs] 803324K->803028K(1048512K), 0.0007820 secs] [Times: user=0.00 sys=0.00, real=0.00 secs] 
69.739: [GC69.739: [DefNew: 447K->64K(448K), 0.0008480 secs] 803412K->803137K(1048512K), 0.0008930 secs] [Times: user=0.00 sys=0.00, real=0.00 secs] 
69.749: [GC69.749: [DefNew: 448K->63K(448K), 0.0011210 secs] 803521K->803245K(1048512K), 0.0011930 secs] [Times: user=0.00 sys=0.00, real=0.00 secs] 
69.759: [GC69.759: [DefNew: 447K->64K(448K), 0.0007940 secs] 803629K->803342K(1048512K), 0.0008380 secs] [Times: user=0.00 sys=0.00, real=0.00 secs] 
69.769: [GC69.769: [DefNew: 447K->64K(448K), 0.0007540 secs] 803726K->803422K(1048512K), 0.0007920 secs] [Times: user=0.00 sys=0.00, real=0.00 secs] 
69.779: [GC69.779: [DefNew: 448K->63K(448K), 0.0007170 secs] 803806K->803506K(1048512K), 0.0007560 secs] [Times: user=0.00 sys=0.00, real=0.00 secs] 
69.790: [GC69.790: [DefNew: 447K->63K(448K), 0.0007560 secs] 803890K->803597K(1048512K), 0.0007960 secs] [Times: user=0.00 sys=0.00, real=0.00 secs] 
69.800: [GC69.800: [DefNew: 447K->64K(448K), 0.0008120 secs] 803981K->803683K(1048512K), 0.0008530 secs] [Times: user=0.00 sys=0.00, real=0.00 secs] 
69.810: [GC69.810: [DefNew: 448K->63K(448K), 0.0007410 secs] 804067K->803764K(1048512K), 0.0007940 secs] [Times: user=0.00 sys=0.00, real=0.00 secs] 
69.819: [GC69.819: [DefNew: 447K->64K(448K), 0.0011420 secs] 804148K->803840K(1048512K), 0.0012090 secs] [Times: user=0.00 sys=0.00, real=0.00 secs] 
69.831: [GC69.831: [DefNew: 448K->64K(448K), 0.0014350 secs] 804224K->803982K(1048512K), 0.0015530 secs] [Times: user=0.00 sys=0.00, real=0.00 secs] 
69.842: [GC69.842: [DefNew: 448K->64K(448K), 0.0016270 secs] 804366K->804171K(1048512K), 0.0017130 secs] [Times: user=0.00 sys=0.00, real=0.00 secs] 
69.854: [GC69.854: [DefNew: 448K->63K(448K), 0.0009680 secs] 804555K->804267K(1048512K), 0.0010090 secs] [Times: user=0.01 sys=0.00, real=0.00 secs] 
69.865: [GC69.865: [DefNew: 447K->64K(448K), 0.0008450 secs] 804650K->804365K(1048512K), 0.0008810 secs] [Times: user=0.00 sys=0.00, real=0.00 secs] 
69.876: [GC69.876: [DefNew: 448K->64K(448K), 0.0007880 secs] 804749K->804454K(1048512K), 0.0008260 secs] [Times: user=0.00 sys=0.00, real=0.01 secs] 
69.887: [GC69.887: [DefNew: 448K->64K(448K), 0.0014080 secs] 804838K->804539K(1048512K), 0.0014710 secs] [Times: user=0.00 sys=0.00, real=0.00 secs] 
69.899: [GC69.899: [DefNew: 448K->63K(448K), 0.0013840 secs] 804923K->804664K(1048512K), 0.0014470 secs] [Times: user=0.00 sys=0.00, real=0.00 secs] 
69.909: [GC69.909: [DefNew: 447K->63K(448K), 0.0017630 secs] 805048K->804801K(1048512K), 0.0018280 secs] [Times: user=0.00 sys=0.00, real=0.00 secs] 
69.921: [GC69.921: [DefNew: 447K->64K(448K), 0.0016170 secs] 805185K->804927K(1048512K), 0.0016740 secs] [Times: user=0.01 sys=0.00, real=0.00 secs] 
69.933: [GC69.933: [DefNew: 448K->63K(448K), 0.0015590 secs] 805311K->805062K(1048512K), 0.0016170 secs] [Times: user=0.00 sys=0.00, real=0.00 secs] 
69.945: [GC69.945: [DefNew: 447K->64K(448K), 0.0015180 secs] 805446K->805182K(1048512K), 0.0015710 secs] [Times: user=0.00 sys=0.00, real=0.01 secs] 
69.957: [GC69.957: [DefNew: 447K->63K(448K), 0.0015670 secs] 805565K->805327K(1048512K), 0.0016210 secs] [Times: user=0.00 sys=0.00, real=0.00 secs] 
69.969: [GC69.969: [DefNew: 447K->63K(448K), 0.0017130 secs] 805711K->805463K(1048512K), 0.0017750 secs] [Times: user=0.00 sys=0.00, real=0.00 secs] 
69.982: [GC69.982: [DefNew: 447K->63K(448K), 0.0014950 secs] 805847K->805605K(1048512K), 0.0015510 secs] [Times: user=0.01 sys=0.00, real=0.00 secs] 
69.994: [GC69.994: [DefNew: 447K->63K(448K), 0.0014630 secs] 805989K->805722K(1048512K), 0.0015270 secs] [Times: user=0.00 sys=0.00, real=0.00 secs] 
70.004: [GC70.004: [DefNew: 447K->63K(448K), 0.0015000 secs] 806106K->805856K(1048512K), 0.0015520 secs] [Times: user=0.00 sys=0.00, real=0.00 secs] 
70.016: [GC70.016: [DefNew: 447K->63K(448K), 0.0014750 secs] 806240K->805990K(1048512K), 0.0015320 secs] [Times: user=0.00 sys=0.00, real=0.01 secs] 
70.028: [GC70.028: [DefNew: 447K->63K(448K), 0.0015490 secs] 806374K->806123K(1048512K), 0.0016010 secs] [Times: user=0.00 sys=0.00, real=0.00 secs] 
70.040: [GC70.040: [DefNew: 447K->63K(448K), 0.0016550 secs] 806507K->806258K(1048512K), 0.0017650 secs] [Times: user=0.01 sys=0.00, real=0.00 secs] 
70.052: [GC70.052: [DefNew: 447K->63K(448K), 0.0011950 secs] 806642K->806481K(1048512K), 0.0012330 secs] [Times: user=0.00 sys=0.00, real=0.00 secs] 
70.063: [GC70.063: [DefNew: 447K->63K(448K), 0.0017600 secs] 806865K->806610K(1048512K), 0.0018540 secs] [Times: user=0.00 sys=0.00, real=0.00 secs] 
70.074: [GC70.074: [DefNew: 447K->63K(448K), 0.0008240 secs] 806994K->806703K(1048512K), 0.0008620 secs] [Times: user=0.00 sys=0.00, real=0.00 secs] 
70.084: [GC70.084: [DefNew: 447K->63K(448K), 0.0014190 secs] 807087K->806814K(1048512K), 0.0014750 secs] [Times: user=0.00 sys=0.00, real=0.00 secs] 
70.096: [GC70.096: [DefNew: 447K->64K(448K), 0.0014650 secs] 807198K->806937K(1048512K), 0.0015170 secs] [Times: user=0.01 sys=0.00, real=0.01 secs] 
70.108: [GC70.108: [DefNew: 448K->63K(448K), 0.0017010 secs] 807321K->807078K(1048512K), 0.0017620 secs] [Times: user=0.00 sys=0.00, real=0.00 secs] 
70.120: [GC70.120: [DefNew: 447K->63K(448K), 0.0014490 secs] 807462K->807206K(1048512K), 0.0015040 secs] [Times: user=0.00 sys=0.00, real=0.00 secs] 
70.132: [GC70.132: [DefNew: 447K->63K(448K), 0.0014520 secs] 807590K->807347K(1048512K), 0.0015030 secs] [Times: user=0.00 sys=0.01, real=0.00 secs] 
70.144: [GC70.144: [DefNew: 447K->63K(448K), 0.0014220 secs] 807731K->807469K(1048512K), 0.0014770 secs] [Times: user=0.00 sys=0.00, real=0.00 secs] 
70.156: [GC70.156: [DefNew: 447K->63K(448K), 0.0014620 secs] 807853K->807595K(1048512K), 0.0015280 secs] [Times: user=0.01 sys=0.00, real=0.01 secs] 
70.166: [GC70.166: [DefNew: 447K->63K(448K), 0.0014710 secs] 807979K->807713K(1048512K), 0.0015230 secs] [Times: user=0.00 sys=0.00, real=0.01 secs] 
70.178: [GC70.178: [DefNew: 447K->63K(448K), 0.0015650 secs] 808096K->807856K(1048512K), 0.0016180 secs] [Times: user=0.00 sys=0.00, real=0.00 secs] 
70.190: [GC70.190: [DefNew: 447K->64K(448K), 0.0015580 secs] 808240K->807981K(1048512K), 0.0016100 secs] [Times: user=0.00 sys=0.00, real=0.00 secs] 
70.202: [GC70.202: [DefNew: 448K->63K(448K), 0.0018790 secs] 808365K->808152K(1048512K), 0.0019530 secs] [Times: user=0.00 sys=0.00, real=0.00 secs] 
70.215: [GC70.215: [DefNew: 447K->64K(448K), 0.0018170 secs] 808536K->808293K(1048512K), 0.0018730 secs] [Times: user=0.01 sys=0.00, real=0.01 secs] 
70.227: [GC70.227: [DefNew: 448K->64K(448K), 0.0016690 secs] 808677K->808439K(1048512K), 0.0017210 secs] [Times: user=0.00 sys=0.00, real=0.00 secs] 
70.239: [GC70.239: [DefNew: 448K->63K(448K), 0.0015760 secs] 808823K->808560K(1048512K), 0.0016290 secs] [Times: user=0.00 sys=0.00, real=0.00 secs] 
70.250: [GC70.250: [DefNew: 447K->63K(448K), 0.0021620 secs] 808944K->808755K(1048512K), 0.0023280 secs] [Times: user=0.00 sys=0.00, real=0.00 secs] 
70.262: [GC70.262: [DefNew: 447K->64K(448K), 0.0017850 secs] 809139K->808903K(1048512K), 0.0018790 secs] [Times: user=0.01 sys=0.00, real=0.00 secs] 
70.274: [GC70.274: [DefNew: 448K->63K(448K), 0.0008340 secs] 809287K->809003K(1048512K), 0.0008740 secs] [Times: user=0.00 sys=0.00, real=0.00 secs] 
70.284: [GC70.284: [DefNew: 447K->63K(448K), 0.0007470 secs] 809387K->809078K(1048512K), 0.0007820 secs] [Times: user=0.00 sys=0.00, real=0.00 secs] 
70.295: [GC70.295: [DefNew: 447K->64K(448K), 0.0008120 secs] 809462K->809170K(1048512K), 0.0008490 secs] [Times: user=0.00 sys=0.00, real=0.00 secs] 
70.306: [GC70.306: [DefNew: 448K->63K(448K), 0.0007310 secs] 809554K->809240K(1048512K), 0.0007660 secs] [Times: user=0.00 sys=0.00, real=0.01 secs] 
70.317: [GC70.317: [DefNew: 447K->63K(448K), 0.0006720 secs] 809624K->809326K(1048512K), 0.0007060 secs] [Times: user=0.00 sys=0.00, real=0.00 secs] 
70.327: [GC70.327: [DefNew: 447K->64K(448K), 0.0008170 secs] 809710K->809413K(1048512K), 0.0008550 secs] [Times: user=0.00 sys=0.00, real=0.00 secs] 
70.338: [GC70.338: [DefNew: 447K->63K(448K), 0.0007360 secs] 809797K->809494K(1048512K), 0.0007720 secs] [Times: user=0.00 sys=0.00, real=0.00 secs] 
70.347: [GC70.347: [DefNew: 447K->63K(448K), 0.0007240 secs] 809878K->809583K(1048512K), 0.0007640 secs] [Times: user=0.01 sys=0.00, real=0.00 secs] 
70.358: [GC70.358: [DefNew: 447K->63K(448K), 0.0013170 secs] 809967K->809668K(1048512K), 0.0013750 secs] [Times: user=0.00 sys=0.00, real=0.00 secs] 
70.370: [GC70.370: [DefNew: 447K->63K(448K), 0.0014540 secs] 810052K->809787K(1048512K), 0.0015080 secs] [Times: user=0.00 sys=0.00, real=0.00 secs] 
70.382: [GC70.382: [DefNew: 447K->63K(448K), 0.0014410 secs] 810171K->809916K(1048512K), 0.0015030 secs] [Times: user=0.00 sys=0.00, real=0.00 secs] 
70.393: [GC70.393: [DefNew: 447K->64K(448K), 0.0014480 secs] 810300K->810047K(1048512K), 0.0015030 secs] [Times: user=0.00 sys=0.00, real=0.00 secs] 
70.405: [GC70.405: [DefNew: 448K->64K(448K), 0.0014200 secs] 810431K->810169K(1048512K), 0.0014720 secs] [Times: user=0.00 sys=0.00, real=0.01 secs] 
70.417: [GC70.417: [DefNew: 447K->64K(448K), 0.0015710 secs] 810553K->810309K(1048512K), 0.0016250 secs] [Times: user=0.00 sys=0.00, real=0.00 secs] 
70.429: [GC70.429: [DefNew: 448K->64K(448K), 0.0014670 secs] 810693K->810444K(1048512K), 0.0015210 secs] [Times: user=0.00 sys=0.01, real=0.00 secs] 
70.439: [GC70.439: [DefNew: 448K->64K(448K), 0.0015280 secs] 810828K->810594K(1048512K), 0.0015830 secs] [Times: user=0.00 sys=0.00, real=0.00 secs] 
70.450: [GC70.450: [DefNew: 448K->63K(448K), 0.0016960 secs] 810978K->810724K(1048512K), 0.0017670 secs] [Times: user=0.00 sys=0.00, real=0.00 secs] 
70.462: [GC70.462: [DefNew: 447K->63K(448K), 0.0015790 secs] 811108K->810915K(1048512K), 0.0016350 secs] [Times: user=0.01 sys=0.00, real=0.00 secs] 
70.473: [GC70.473: [DefNew: 447K->63K(448K), 0.0010610 secs] 811299K->811042K(1048512K), 0.0011070 secs] [Times: user=0.00 sys=0.00, real=0.00 secs] 
70.484: [GC70.484: [DefNew: 447K->63K(448K), 0.0007680 secs] 811426K->811125K(1048512K), 0.0008010 secs] [Times: user=0.00 sys=0.00, real=0.00 secs] 
70.494: [GC70.494: [DefNew: 447K->64K(448K), 0.0006810 secs] 811509K->811203K(1048512K), 0.0007190 secs] [Times: user=0.00 sys=0.00, real=0.00 secs] 
70.505: [GC70.505: [DefNew: 448K->63K(448K), 0.0007200 secs] 811587K->811278K(1048512K), 0.0007560 secs] [Times: user=0.00 sys=0.00, real=0.00 secs] 
70.515: [GC70.515: [DefNew: 447K->64K(448K), 0.0007660 secs] 811662K->811355K(1048512K), 0.0008040 secs] [Times: user=0.00 sys=0.00, real=0.00 secs] 
70.527: [GC70.527: [DefNew: 448K->64K(448K), 0.0046390 secs] 811739K->811517K(1048512K), 0.0048510 secs] [Times: user=0.00 sys=0.00, real=0.00 secs] 
70.546: [GC70.546: [DefNew: 448K->64K(448K), 0.0019970 secs] 811901K->811694K(1048512K), 0.0020700 secs] [Times: user=0.00 sys=0.00, real=0.01 secs] 
70.557: [GC70.557: [DefNew: 448K->64K(448K), 0.0012130 secs] 812078K->811813K(1048512K), 0.0012820 secs] [Times: user=0.00 sys=0.00, real=0.00 secs] 
70.567: [GC70.567: [DefNew: 448K->64K(448K), 0.0008810 secs] 812197K->811900K(1048512K), 0.0009280 secs] [Times: user=0.00 sys=0.00, real=0.00 secs] 
70.577: [GC70.577: [DefNew: 448K->64K(448K), 0.0010020 secs] 812284K->811983K(1048512K), 0.0010560 secs] [Times: user=0.00 sys=0.00, real=0.00 secs] 
70.587: [GC70.587: [DefNew: 448K->63K(448K), 0.0007650 secs] 812367K->812082K(1048512K), 0.0008200 secs] [Times: user=0.00 sys=0.00, real=0.00 secs] 
70.596: [GC70.596: [DefNew: 447K->63K(448K), 0.0007850 secs] 812466K->812165K(1048512K), 0.0008230 secs] [Times: user=0.00 sys=0.00, real=0.00 secs] 
70.606: [GC70.606: [DefNew: 447K->63K(448K), 0.0007720 secs] 812549K->812246K(1048512K), 0.0008230 secs] [Times: user=0.00 sys=0.00, real=0.01 secs] 
70.616: [GC70.616: [DefNew: 447K->63K(448K), 0.0007920 secs] 812630K->812321K(1048512K), 0.0008410 secs] [Times: user=0.01 sys=0.00, real=0.01 secs] 
70.624: [GC70.624: [DefNew: 447K->64K(448K), 0.0008050 secs] 812705K->812406K(1048512K), 0.0008730 secs] [Times: user=0.00 sys=0.00, real=0.00 secs] 
70.634: [GC70.634: [DefNew: 448K->63K(448K), 0.0007210 secs] 812790K->812504K(1048512K), 0.0007640 secs] [Times: user=0.00 sys=0.00, real=0.00 secs] 
70.644: [GC70.644: [DefNew: 447K->64K(448K), 0.0007230 secs] 812888K->812596K(1048512K), 0.0007580 secs] [Times: user=0.00 sys=0.00, real=0.00 secs] 
70.654: [GC70.654: [DefNew: 448K->64K(448K), 0.0008570 secs] 812980K->812682K(1048512K), 0.0009190 secs] [Times: user=0.00 sys=0.00, real=0.00 secs] 
70.664: [GC70.664: [DefNew: 447K->63K(448K), 0.0034320 secs] 813066K->812801K(1048512K), 0.0036250 secs] [Times: user=0.00 sys=0.00, real=0.01 secs] 
70.678: [GC70.678: [DefNew: 447K->63K(448K), 0.0014430 secs] 813185K->812967K(1048512K), 0.0014920 secs] [Times: user=0.01 sys=0.00, real=0.00 secs] 
70.688: [GC70.688: [DefNew: 447K->63K(448K), 0.0011750 secs] 813351K->813153K(1048512K), 0.0012200 secs] [Times: user=0.00 sys=0.00, real=0.00 secs] 
70.698: [GC70.698: [DefNew: 447K->64K(448K), 0.0009890 secs] 813537K->813251K(1048512K), 0.0010410 secs] [Times: user=0.00 sys=0.00, real=0.00 secs] 
70.708: [GC70.708: [DefNew: 448K->63K(448K), 0.0007460 secs] 813635K->813337K(1048512K), 0.0007830 secs] [Times: user=0.00 sys=0.00, real=0.00 secs] 
70.717: [GC70.717: [DefNew: 447K->64K(448K), 0.0008440 secs] 813721K->813441K(1048512K), 0.0008890 secs] [Times: user=0.00 sys=0.00, real=0.00 secs] 
70.727: [GC70.727: [DefNew: 448K->63K(448K), 0.0007610 secs] 813825K->813520K(1048512K), 0.0008300 secs] [Times: user=0.00 sys=0.00, real=0.00 secs] 
70.736: [GC70.736: [DefNew: 447K->64K(448K), 0.0007990 secs] 813904K->813614K(1048512K), 0.0008550 secs] [Times: user=0.00 sys=0.00, real=0.01 secs] 
70.745: [GC70.746: [DefNew: 447K->63K(448K), 0.0008010 secs] 813997K->813709K(1048512K), 0.0008510 secs] [Times: user=0.00 sys=0.00, real=0.01 secs] 
70.755: [GC70.755: [DefNew: 447K->63K(448K), 0.0007300 secs] 814093K->813792K(1048512K), 0.0007720 secs] [Times: user=0.01 sys=0.00, real=0.00 secs] 
70.764: [GC70.764: [DefNew: 447K->64K(448K), 0.0008060 secs] 814175K->813899K(1048512K), 0.0008440 secs] [Times: user=0.00 sys=0.00, real=0.00 secs] 
70.773: [GC70.773: [DefNew: 448K->63K(448K), 0.0009850 secs] 814283K->813973K(1048512K), 0.0010470 secs] [Times: user=0.00 sys=0.00, real=0.00 secs] 
70.783: [GC70.783: [DefNew: 447K->63K(448K), 0.0007690 secs] 814357K->814062K(1048512K), 0.0008170 secs] [Times: user=0.00 sys=0.00, real=0.00 secs] 
70.793: [GC70.793: [DefNew: 447K->63K(448K), 0.0008660 secs] 814446K->814151K(1048512K), 0.0009190 secs] [Times: user=0.00 sys=0.00, real=0.00 secs] 
70.803: [GC70.803: [DefNew: 447K->63K(448K), 0.0008410 secs] 814535K->814245K(1048512K), 0.0009010 secs] [Times: user=0.00 sys=0.00, real=0.00 secs] 
70.812: [GC70.812: [DefNew: 447K->63K(448K), 0.0009440 secs] 814629K->814338K(1048512K), 0.0009970 secs] [Times: user=0.00 sys=0.00, real=0.00 secs] 
70.822: [GC70.822: [DefNew: 447K->64K(448K), 0.0010050 secs] 814722K->814432K(1048512K), 0.0010560 secs] [Times: user=0.00 sys=0.00, real=0.00 secs] 
70.832: [GC70.832: [DefNew: 447K->64K(448K), 0.0011290 secs] 814816K->814549K(1048512K), 0.0011970 secs] [Times: user=0.01 sys=0.00, real=0.00 secs] 
70.842: [GC70.842: [DefNew: 448K->63K(448K), 0.0009720 secs] 814933K->814639K(1048512K), 0.0010300 secs] [Times: user=0.00 sys=0.00, real=0.00 secs] 
70.852: [GC70.852: [DefNew: 447K->63K(448K), 0.0011650 secs] 815023K->814744K(1048512K), 0.0012210 secs] [Times: user=0.00 sys=0.00, real=0.00 secs] 
70.862: [GC70.862: [DefNew: 447K->63K(448K), 0.0009350 secs] 815128K->814838K(1048512K), 0.0009920 secs] [Times: user=0.00 sys=0.00, real=0.00 secs] 
70.871: [GC70.871: [DefNew: 447K->63K(448K), 0.0008970 secs] 815222K->814957K(1048512K), 0.0009530 secs] [Times: user=0.00 sys=0.00, real=0.00 secs] 
70.881: [GC70.881: [DefNew: 447K->63K(448K), 0.0013060 secs] 815341K->815060K(1048512K), 0.0013760 secs] [Times: user=0.00 sys=0.00, real=0.00 secs] 
70.890: [GC70.890: [DefNew: 447K->63K(448K), 0.0007310 secs] 815444K->815137K(1048512K), 0.0007700 secs] [Times: user=0.00 sys=0.00, real=0.00 secs] 
70.900: [GC70.900: [DefNew: 447K->63K(448K), 0.0009940 secs] 815521K->815224K(1048512K), 0.0010440 secs] [Times: user=0.00 sys=0.00, real=0.00 secs] 
70.911: [GC70.911: [DefNew: 447K->64K(448K), 0.0007620 secs] 815608K->815316K(1048512K), 0.0008160 secs] [Times: user=0.01 sys=0.00, real=0.00 secs] 
70.921: [GC70.921: [DefNew: 447K->63K(448K), 0.0007370 secs] 815700K->815411K(1048512K), 0.0008130 secs] [Times: user=0.00 sys=0.00, real=0.00 secs] 
70.931: [GC70.931: [DefNew: 447K->63K(448K), 0.0007700 secs] 815795K->815501K(1048512K), 0.0008130 secs] [Times: user=0.00 sys=0.00, real=0.00 secs] 
70.940: [GC70.940: [DefNew: 447K->63K(448K), 0.0009020 secs] 815885K->815581K(1048512K), 0.0009560 secs] [Times: user=0.00 sys=0.00, real=0.00 secs] 
70.950: [GC70.950: [DefNew: 447K->63K(448K), 0.0007890 secs] 815965K->815673K(1048512K), 0.0008310 secs] [Times: user=0.00 sys=0.00, real=0.00 secs] 
70.960: [GC70.960: [DefNew: 447K->63K(448K), 0.0007210 secs] 816057K->815757K(1048512K), 0.0007660 secs] [Times: user=0.00 sys=0.00, real=0.00 secs] 
70.970: [GC70.970: [DefNew: 447K->63K(448K), 0.0024020 secs] 816141K->815933K(1048512K), 0.0025090 secs] [Times: user=0.00 sys=0.00, real=0.00 secs] 
70.983: [GC70.983: [DefNew: 447K->64K(448K), 0.0027840 secs] 816317K->816073K(1048512K), 0.0028910 secs] [Times: user=0.01 sys=0.00, real=0.00 secs] 
70.994: [GC70.994: [DefNew: 447K->63K(448K), 0.0009010 secs] 816456K->816173K(1048512K), 0.0009450 secs] [Times: user=0.00 sys=0.00, real=0.00 secs] 
71.004: [GC71.004: [DefNew: 447K->63K(448K), 0.0008760 secs] 816557K->816260K(1048512K), 0.0009450 secs] [Times: user=0.00 sys=0.00, real=0.00 secs] 
71.013: [GC71.013: [DefNew: 447K->63K(448K), 0.0008410 secs] 816644K->816374K(1048512K), 0.0008960 secs] [Times: user=0.00 sys=0.00, real=0.00 secs] 
71.023: [GC71.023: [DefNew: 447K->63K(448K), 0.0009180 secs] 816758K->816470K(1048512K), 0.0009750 secs] [Times: user=0.00 sys=0.00, real=0.00 secs] 
71.033: [GC71.033: [DefNew: 447K->63K(448K), 0.0007510 secs] 816854K->816556K(1048512K), 0.0008100 secs] [Times: user=0.00 sys=0.00, real=0.00 secs] 
71.043: [GC71.043: [DefNew: 447K->63K(448K), 0.0008500 secs] 816940K->816634K(1048512K), 0.0008980 secs] [Times: user=0.00 sys=0.00, real=0.00 secs] 
71.052: [GC71.052: [DefNew: 447K->63K(448K), 0.0007540 secs] 817017K->816718K(1048512K), 0.0008210 secs] [Times: user=0.01 sys=0.00, real=0.00 secs] 
71.061: [GC71.061: [DefNew: 447K->64K(448K), 0.0007140 secs] 817102K->816795K(1048512K), 0.0007760 secs] [Times: user=0.00 sys=0.00, real=0.00 secs] 
71.071: [GC71.071: [DefNew: 448K->63K(448K), 0.0007710 secs] 817179K->816891K(1048512K), 0.0008160 secs] [Times: user=0.00 sys=0.00, real=0.00 secs] 
71.080: [GC71.080: [DefNew: 447K->64K(448K), 0.0007740 secs] 817275K->816968K(1048512K), 0.0008290 secs] [Times: user=0.00 sys=0.00, real=0.00 secs] 
71.090: [GC71.090: [DefNew: 448K->63K(448K), 0.0007410 secs] 817352K->817067K(1048512K), 0.0007860 secs] [Times: user=0.00 sys=0.00, real=0.00 secs] 
71.100: [GC71.100: [DefNew: 447K->63K(448K), 0.0009580 secs] 817451K->817145K(1048512K), 0.0010070 secs] [Times: user=0.00 sys=0.00, real=0.00 secs] 
71.110: [GC71.110: [DefNew: 447K->64K(448K), 0.0007380 secs] 817529K->817232K(1048512K), 0.0007820 secs] [Times: user=0.00 sys=0.00, real=0.00 secs] 
71.119: [GC71.119: [DefNew: 448K->63K(448K), 0.0007670 secs] 817616K->817321K(1048512K), 0.0008110 secs] [Times: user=0.00 sys=0.00, real=0.00 secs] 
71.129: [GC71.129: [DefNew: 447K->63K(448K), 0.0007500 secs] 817705K->817410K(1048512K), 0.0007930 secs] [Times: user=0.00 sys=0.00, real=0.00 secs] 
71.139: [GC71.139: [DefNew: 447K->64K(448K), 0.0007230 secs] 817794K->817485K(1048512K), 0.0007650 secs] [Times: user=0.00 sys=0.00, real=0.00 secs] 
71.147: [GC71.147: [DefNew: 448K->63K(448K), 0.0010100 secs] 817869K->817576K(1048512K), 0.0010630 secs] [Times: user=0.00 sys=0.00, real=0.00 secs] 
71.158: [GC71.158: [DefNew: 447K->63K(448K), 0.0008360 secs] 817960K->817668K(1048512K), 0.0008740 secs] [Times: user=0.00 sys=0.00, real=0.00 secs] 
71.168: [GC71.168: [DefNew: 447K->63K(448K), 0.0007900 secs] 818052K->817759K(1048512K), 0.0008260 secs] [Times: user=0.00 sys=0.00, real=0.00 secs] 
71.179: [GC71.179: [DefNew: 447K->63K(448K), 0.0039880 secs] 818143K->817900K(1048512K), 0.0041480 secs] [Times: user=0.00 sys=0.01, real=0.00 secs] 
71.193: [GC71.194: [DefNew: 447K->63K(448K), 0.0011240 secs] 818284K->818051K(1048512K), 0.0011690 secs] [Times: user=0.00 sys=0.00, real=0.00 secs] 
71.204: [GC71.204: [DefNew: 447K->64K(448K), 0.0009190 secs] 818435K->818182K(1048512K), 0.0009580 secs] [Times: user=0.01 sys=0.00, real=0.00 secs] 
71.215: [GC71.215: [DefNew: 448K->63K(448K), 0.0008390 secs] 818566K->818258K(1048512K), 0.0008770 secs] [Times: user=0.00 sys=0.00, real=0.00 secs] 
71.224: [GC71.224: [DefNew: 447K->63K(448K), 0.0007480 secs] 818642K->818351K(1048512K), 0.0007850 secs] [Times: user=0.00 sys=0.00, real=0.00 secs] 
71.235: [GC71.235: [DefNew: 447K->63K(448K), 0.0009890 secs] 818734K->818433K(1048512K), 0.0010450 secs] [Times: user=0.00 sys=0.00, real=0.00 secs] 
71.246: [GC71.246: [DefNew: 447K->63K(448K), 0.0007590 secs] 818817K->818517K(1048512K), 0.0007950 secs] [Times: user=0.00 sys=0.00, real=0.01 secs] 
71.256: [GC71.256: [DefNew: 447K->64K(448K), 0.0007380 secs] 818901K->818597K(1048512K), 0.0007750 secs] [Times: user=0.00 sys=0.00, real=0.01 secs] 
71.268: [GC71.268: [DefNew: 448K->64K(448K), 0.0027820 secs] 818981K->818754K(1048512K), 0.0029540 secs] [Times: user=0.00 sys=0.00, real=0.00 secs] 
71.280: [GC71.280: [DefNew: 448K->63K(448K), 0.0024820 secs] 819138K->818876K(1048512K), 0.0026400 secs] [Times: user=0.01 sys=0.00, real=0.00 secs] 
71.294: [GC71.294: [DefNew: 447K->64K(448K), 0.0025830 secs] 819260K->819097K(1048512K), 0.0027240 secs] [Times: user=0.00 sys=0.00, real=0.01 secs] 
71.307: [GC71.307: [DefNew: 447K->64K(448K), 0.0042750 secs] 819481K->819313K(1048512K), 0.0044570 secs] [Times: user=0.01 sys=0.00, real=0.00 secs] 
71.321: [GC71.321: [DefNew: 448K->63K(448K), 0.0065410 secs] 819697K->819523K(1048512K), 0.0067420 secs] [Times: user=0.00 sys=0.00, real=0.01 secs] 
71.341: [GC71.341: [DefNew: 447K->64K(448K), 0.0041620 secs] 819907K->819763K(1048512K), 0.0044400 secs] [Times: user=0.01 sys=0.00, real=0.00 secs] 
71.357: [GC71.357: [DefNew: 448K->63K(448K), 0.0054910 secs] 820147K->820029K(1048512K), 0.0056690 secs] [Times: user=0.00 sys=0.00, real=0.00 secs] 
71.374: [GC71.374: [DefNew: 447K->64K(448K), 0.0051180 secs] 820413K->820290K(1048512K), 0.0057940 secs] [Times: user=0.01 sys=0.01, real=0.01 secs] 
71.389: [GC71.389: [DefNew: 448K->64K(448K), 0.0032910 secs] 820674K->820531K(1048512K), 0.0034160 secs] [Times: user=0.00 sys=0.00, real=0.00 secs] 
71.403: [GC71.403: [DefNew: 448K->63K(448K), 0.0024390 secs] 820915K->820731K(1048512K), 0.0026300 secs] [Times: user=0.00 sys=0.00, real=0.00 secs] 
71.416: [GC71.416: [DefNew: 447K->63K(448K), 0.0019370 secs] 821115K->820914K(1048512K), 0.0020210 secs] [Times: user=0.00 sys=0.00, real=0.01 secs] 
71.427: [GC71.427: [DefNew: 447K->63K(448K), 0.0009720 secs] 821298K->821026K(1048512K), 0.0010100 secs] [Times: user=0.00 sys=0.00, real=0.00 secs] 
71.437: [GC71.438: [DefNew: 447K->63K(448K), 0.0008500 secs] 821410K->821129K(1048512K), 0.0008920 secs] [Times: user=0.00 sys=0.00, real=0.00 secs] 
71.448: [GC71.448: [DefNew: 447K->63K(448K), 0.0030670 secs] 821513K->821319K(1048512K), 0.0031870 secs] [Times: user=0.00 sys=0.00, real=0.00 secs] 
71.459: [GC71.459: [DefNew: 447K->64K(448K), 0.0019530 secs] 821703K->821493K(1048512K), 0.0020650 secs] [Times: user=0.01 sys=0.00, real=0.00 secs] 
71.471: [GC71.471: [DefNew: 448K->64K(448K), 0.0024660 secs] 821877K->821638K(1048512K), 0.0026140 secs] [Times: user=0.00 sys=0.00, real=0.00 secs] 
71.483: [GC71.483: [DefNew: 448K->63K(448K), 0.0011050 secs] 822022K->821763K(1048512K), 0.0011610 secs] [Times: user=0.00 sys=0.00, real=0.00 secs] 
71.496: [GC71.496: [DefNew: 447K->63K(448K), 0.0036670 secs] 822147K->822031K(1048512K), 0.0038160 secs] [Times: user=0.01 sys=0.00, real=0.01 secs] 
71.509: [GC71.509: [DefNew: 447K->63K(448K), 0.0037750 secs] 822414K->822250K(1048512K), 0.0039850 secs] [Times: user=0.00 sys=0.00, real=0.00 secs] 
71.522: [GC71.522: [DefNew: 447K->64K(448K), 0.0038360 secs] 822633K->822434K(1048512K), 0.0040320 secs] [Times: user=0.00 sys=0.00, real=0.01 secs] 
71.536: [GC71.536: [DefNew: 448K->63K(448K), 0.0031470 secs] 822818K->822680K(1048512K), 0.0032810 secs] [Times: user=0.00 sys=0.01, real=0.01 secs] 
71.549: [GC71.549: [DefNew: 447K->64K(448K), 0.0028910 secs] 823064K->822921K(1048512K), 0.0029840 secs] [Times: user=0.00 sys=0.00, real=0.00 secs] 
71.562: [GC71.562: [DefNew: 447K->63K(448K), 0.0022160 secs] 823305K->823110K(1048512K), 0.0023260 secs] [Times: user=0.01 sys=0.00, real=0.00 secs] 
71.573: [GC71.573: [DefNew: 447K->64K(448K), 0.0019290 secs] 823494K->823268K(1048512K), 0.0020920 secs] [Times: user=0.00 sys=0.00, real=0.00 secs] 
71.585: [GC71.585: [DefNew: 448K->63K(448K), 0.0010440 secs] 823652K->823402K(1048512K), 0.0010850 secs] [Times: user=0.00 sys=0.00, real=0.00 secs] 
71.595: [GC71.595: [DefNew: 447K->63K(448K), 0.0011130 secs] 823786K->823560K(1048512K), 0.0011570 secs] [Times: user=0.00 sys=0.00, real=0.01 secs] 
71.606: [GC71.607: [DefNew: 447K->64K(448K), 0.0029850 secs] 823944K->823696K(1048512K), 0.0031750 secs] [Times: user=0.00 sys=0.00, real=0.00 secs] 
71.620: [GC71.620: [DefNew: 447K->64K(448K), 0.0021030 secs] 824080K->823851K(1048512K), 0.0021890 secs] [Times: user=0.00 sys=0.00, real=0.00 secs] 
71.631: [GC71.631: [DefNew: 447K->64K(448K), 0.0023150 secs] 824235K->823965K(1048512K), 0.0024400 secs] [Times: user=0.00 sys=0.00, real=0.00 secs] 
71.643: [GC71.643: [DefNew: 448K->64K(448K), 0.0010060 secs] 824349K->824122K(1048512K), 0.0010530 secs] [Times: user=0.00 sys=0.00, real=0.00 secs] 
71.653: [GC71.653: [DefNew: 448K->63K(448K), 0.0019120 secs] 824506K->824208K(1048512K), 0.0020410 secs] [Times: user=0.00 sys=0.00, real=0.00 secs] 
71.665: [GC71.665: [DefNew: 447K->64K(448K), 0.0014290 secs] 824592K->824307K(1048512K), 0.0015120 secs] [Times: user=0.01 sys=0.00, real=0.01 secs] 
71.677: [GC71.677: [DefNew: 448K->63K(448K), 0.0014600 secs] 824691K->824405K(1048512K), 0.0015200 secs] [Times: user=0.00 sys=0.00, real=0.00 secs] 
71.688: [GC71.688: [DefNew: 447K->64K(448K), 0.0017520 secs] 824789K->824548K(1048512K), 0.0018820 secs] [Times: user=0.00 sys=0.00, real=0.00 secs] 
71.701: [GC71.701: [DefNew: 448K->63K(448K), 0.0021920 secs] 824932K->824777K(1048512K), 0.0022820 secs] [Times: user=0.00 sys=0.00, real=0.00 secs] 
71.712: [GC71.712: [DefNew: 447K->63K(448K), 0.0018180 secs] 825161K->824969K(1048512K), 0.0019000 secs] [Times: user=0.01 sys=0.00, real=0.00 secs] 
71.724: [GC71.724: [DefNew: 447K->63K(448K), 0.0010330 secs] 825353K->825084K(1048512K), 0.0010710 secs] [Times: user=0.00 sys=0.00, real=0.00 secs] 
71.734: [GC71.734: [DefNew: 447K->64K(448K), 0.0019080 secs] 825468K->825199K(1048512K), 0.0019960 secs] [Times: user=0.00 sys=0.00, real=0.00 secs] 
71.746: [GC71.746: [DefNew: 448K->63K(448K), 0.0007890 secs] 825583K->825288K(1048512K), 0.0008230 secs] [Times: user=0.00 sys=0.00, real=0.01 secs] 
71.757: [GC71.757: [DefNew: 447K->64K(448K), 0.0021710 secs] 825672K->825442K(1048512K), 0.0023070 secs] [Times: user=0.00 sys=0.00, real=0.00 secs] 
71.769: [GC71.769: [DefNew: 448K->64K(448K), 0.0022670 secs] 825826K->825554K(1048512K), 0.0023650 secs] [Times: user=0.01 sys=0.01, real=0.00 secs] 
71.781: [GC71.781: [DefNew: 448K->63K(448K), 0.0017270 secs] 825938K->825697K(1048512K), 0.0018300 secs] [Times: user=0.00 sys=0.00, real=0.00 secs] 
71.793: [GC71.793: [DefNew: 447K->64K(448K), 0.0009420 secs] 826081K->825818K(1048512K), 0.0009830 secs] [Times: user=0.00 sys=0.00, real=0.00 secs] 
71.803: [GC71.803: [DefNew: 448K->63K(448K), 0.0008830 secs] 826202K->825919K(1048512K), 0.0009360 secs] [Times: user=0.00 sys=0.00, real=0.00 secs] 
71.813: [GC71.813: [DefNew: 447K->63K(448K), 0.0007300 secs] 826303K->826002K(1048512K), 0.0007760 secs] [Times: user=0.00 sys=0.00, real=0.00 secs] 
71.823: [GC71.823: [DefNew: 447K->63K(448K), 0.0006910 secs] 826386K->826081K(1048512K), 0.0007290 secs] [Times: user=0.00 sys=0.00, real=0.00 secs] 
71.834: [GC71.834: [DefNew: 447K->64K(448K), 0.0007400 secs] 826465K->826167K(1048512K), 0.0007800 secs] [Times: user=0.00 sys=0.00, real=0.00 secs] 
71.845: [GC71.845: [DefNew: 448K->64K(448K), 0.0012460 secs] 826551K->826254K(1048512K), 0.0012980 secs] [Times: user=0.01 sys=0.00, real=0.00 secs] 
71.856: [GC71.856: [DefNew: 447K->64K(448K), 0.0014690 secs] 826638K->826397K(1048512K), 0.0015220 secs] [Times: user=0.00 sys=0.00, real=0.01 secs] 
71.868: [GC71.868: [DefNew: 448K->63K(448K), 0.0016220 secs] 826781K->826531K(1048512K), 0.0016750 secs] [Times: user=0.00 sys=0.00, real=0.00 secs] 
71.880: [GC71.880: [DefNew: 447K->63K(448K), 0.0010290 secs] 826915K->826694K(1048512K), 0.0010650 secs] [Times: user=0.00 sys=0.00, real=0.00 secs] 
71.890: [GC71.890: [DefNew: 447K->63K(448K), 0.0009470 secs] 827078K->826800K(1048512K), 0.0009810 secs] [Times: user=0.00 sys=0.00, real=0.00 secs] 
71.900: [GC71.900: [DefNew: 447K->63K(448K), 0.0010030 secs] 827184K->826922K(1048512K), 0.0010600 secs] [Times: user=0.00 sys=0.00, real=0.00 secs] 
71.911: [GC71.911: [DefNew: 447K->64K(448K), 0.0021110 secs] 827306K->827148K(1048512K), 0.0022370 secs] [Times: user=0.00 sys=0.00, real=0.00 secs] 
71.923: [GC71.923: [DefNew: 448K->64K(448K), 0.0012110 secs] 827532K->827261K(1048512K), 0.0012570 secs] [Times: user=0.00 sys=0.00, real=0.00 secs] 
71.935: [GC71.935: [DefNew: 448K->63K(448K), 0.0007890 secs] 827645K->827338K(1048512K), 0.0008240 secs] [Times: user=0.00 sys=0.00, real=0.00 secs] 
71.946: [GC71.946: [DefNew: 447K->64K(448K), 0.0013550 secs] 827722K->827422K(1048512K), 0.0014140 secs] [Times: user=0.00 sys=0.00, real=0.01 secs] 
71.957: [GC71.957: [DefNew: 447K->63K(448K), 0.0016910 secs] 827806K->827585K(1048512K), 0.0018100 secs] [Times: user=0.00 sys=0.00, real=0.00 secs] 
71.967: [GC71.967: [DefNew: 447K->63K(448K), 0.0026710 secs] 827969K->827754K(1048512K), 0.0029070 secs] [Times: user=0.01 sys=0.00, real=0.00 secs] 
71.980: [GC71.980: [DefNew: 447K->63K(448K), 0.0032820 secs] 828138K->827932K(1048512K), 0.0034260 secs] [Times: user=0.00 sys=0.00, real=0.00 secs] 
71.994: [GC71.994: [DefNew: 447K->64K(448K), 0.0060300 secs] 828316K->828163K(1048512K), 0.0063380 secs] [Times: user=0.01 sys=0.00, real=0.01 secs] 
72.010: [GC72.010: [DefNew: 448K->63K(448K), 0.0068840 secs] 828547K->828422K(1048512K), 0.0071400 secs] [Times: user=0.00 sys=0.01, real=0.01 secs] 
72.026: [GC72.026: [DefNew: 447K->63K(448K), 0.0050260 secs] 828806K->828660K(1048512K), 0.0052250 secs] [Times: user=0.01 sys=0.00, real=0.01 secs] 
72.042: [GC72.042: [DefNew: 447K->64K(448K), 0.0031690 secs] 829044K->828878K(1048512K), 0.0033720 secs] [Times: user=0.00 sys=0.00, real=0.00 secs] 
72.056: [GC72.056: [DefNew: 448K->63K(448K), 0.0028760 secs] 829262K->829153K(1048512K), 0.0029750 secs] [Times: user=0.01 sys=0.00, real=0.01 secs] 
72.071: [GC72.071: [DefNew: 447K->63K(448K), 0.0023360 secs] 829537K->829429K(1048512K), 0.0024130 secs] [Times: user=0.00 sys=0.00, real=0.00 secs] 
72.082: [GC72.083: [DefNew: 447K->64K(448K), 0.0045940 secs] 829813K->829663K(1048512K), 0.0048840 secs] [Times: user=0.00 sys=0.00, real=0.01 secs] 
72.098: [GC72.098: [DefNew: 447K->63K(448K), 0.0044930 secs] 830047K->829866K(1048512K), 0.0047580 secs] [Times: user=0.00 sys=0.00, real=0.00 secs] 
72.113: [GC72.114: [DefNew: 447K->63K(448K), 0.0065590 secs] 830249K->830101K(1048512K), 0.0067350 secs] [Times: user=0.01 sys=0.00, real=0.01 secs] 
72.131: [GC72.131: [DefNew: 447K->63K(448K), 0.0033350 secs] 830485K->830348K(1048512K), 0.0034660 secs] [Times: user=0.00 sys=0.00, real=0.00 secs] 
72.143: [GC72.143: [DefNew: 447K->63K(448K), 0.0053800 secs] 830732K->830535K(1048512K), 0.0056150 secs] [Times: user=0.00 sys=0.01, real=0.01 secs] 
72.159: [GC72.159: [DefNew: 447K->63K(448K), 0.0034020 secs] 830919K->830778K(1048512K), 0.0035870 secs] [Times: user=0.00 sys=0.00, real=0.00 secs] 
72.172: [GC72.173: [DefNew: 447K->63K(448K), 0.0058590 secs] 831162K->830999K(1048512K), 0.0060130 secs] [Times: user=0.00 sys=0.00, real=0.01 secs] 
72.189: [GC72.189: [DefNew: 447K->63K(448K), 0.0040600 secs] 831383K->831208K(1048512K), 0.0041780 secs] [Times: user=0.01 sys=0.00, real=0.00 secs] 
72.202: [GC72.202: [DefNew: 447K->63K(448K), 0.0040340 secs] 831592K->831429K(1048512K), 0.0042040 secs] [Times: user=0.00 sys=0.00, real=0.00 secs] 
72.217: [GC72.217: [DefNew: 447K->63K(448K), 0.0045350 secs] 831813K->831679K(1048512K), 0.0046990 secs] [Times: user=0.01 sys=0.00, real=0.00 secs] 
72.231: [GC72.231: [DefNew: 447K->63K(448K), 0.0040790 secs] 832063K->831886K(1048512K), 0.0042610 secs] [Times: user=0.00 sys=0.00, real=0.00 secs] 
72.245: [GC72.245: [DefNew: 447K->63K(448K), 0.0037960 secs] 832270K->832127K(1048512K), 0.0039540 secs] [Times: user=0.01 sys=0.00, real=0.01 secs] 
72.258: [GC72.258: [DefNew: 447K->63K(448K), 0.0020420 secs] 832511K->832415K(1048512K), 0.0021830 secs] [Times: user=0.00 sys=0.00, real=0.00 secs] 
72.270: [GC72.270: [DefNew: 447K->63K(448K), 0.0040870 secs] 832799K->832644K(1048512K), 0.0043080 secs] [Times: user=0.00 sys=0.00, real=0.00 secs] 
72.284: [GC72.285: [DefNew: 447K->63K(448K), 0.0042160 secs] 833028K->832896K(1048512K), 0.0044180 secs] [Times: user=0.00 sys=0.00, real=0.01 secs] 
72.298: [GC72.298: [DefNew: 447K->63K(448K), 0.0041840 secs] 833280K->833090K(1048512K), 0.0042960 secs] [Times: user=0.00 sys=0.00, real=0.00 secs] 
72.313: [GC72.313: [DefNew: 447K->63K(448K), 0.0093510 secs] 833474K->833357K(1048512K), 0.0096140 secs] [Times: user=0.00 sys=0.00, real=0.01 secs] 
72.333: [GC72.333: [DefNew: 447K->63K(448K), 0.0077490 secs] 833741K->833604K(1048512K), 0.0078930 secs] [Times: user=0.01 sys=0.00, real=0.01 secs] 
72.352: [GC72.352: [DefNew: 447K->64K(448K), 0.0036430 secs] 833988K->833876K(1048512K), 0.0037480 secs] [Times: user=0.00 sys=0.00, real=0.00 secs] 
72.365: [GC72.365: [DefNew: 448K->63K(448K), 0.0042720 secs] 834260K->834120K(1048512K), 0.0043990 secs] [Times: user=0.01 sys=0.00, real=0.01 secs] 
72.384: [GC72.384: [DefNew: 447K->63K(448K), 0.0050780 secs] 834504K->834336K(1048512K), 0.0051820 secs] [Times: user=0.00 sys=0.00, real=0.01 secs] 
72.398: [GC72.398: [DefNew: 447K->63K(448K), 0.0025020 secs] 834720K->834472K(1048512K), 0.0025940 secs] [Times: user=0.00 sys=0.00, real=0.00 secs] 
72.410: [GC72.410: [DefNew: 447K->64K(448K), 0.0008620 secs] 834856K->834570K(1048512K), 0.0009080 secs] [Times: user=0.00 sys=0.00, real=0.00 secs] 
72.420: [GC72.420: [DefNew: 448K->63K(448K), 0.0008440 secs] 834954K->834665K(1048512K), 0.0009090 secs] [Times: user=0.00 sys=0.00, real=0.00 secs] 
72.430: [GC72.430: [DefNew: 447K->63K(448K), 0.0008360 secs] 835049K->834767K(1048512K), 0.0009100 secs] [Times: user=0.01 sys=0.00, real=0.00 secs] 
72.438: [GC72.438: [DefNew: 447K->64K(448K), 0.0008400 secs] 835151K->834851K(1048512K), 0.0008900 secs] [Times: user=0.00 sys=0.00, real=0.00 secs] 
72.448: [GC72.448: [DefNew: 448K->63K(448K), 0.0008400 secs] 835235K->834949K(1048512K), 0.0008850 secs] [Times: user=0.00 sys=0.00, real=0.00 secs] 
72.458: [GC72.458: [DefNew: 447K->63K(448K), 0.0008390 secs] 835333K->835030K(1048512K), 0.0008860 secs] [Times: user=0.00 sys=0.00, real=0.00 secs] 
72.468: [GC72.468: [DefNew: 447K->63K(448K), 0.0007660 secs] 835414K->835118K(1048512K), 0.0008110 secs] [Times: user=0.00 sys=0.00, real=0.00 secs] 
72.478: [GC72.478: [DefNew: 447K->64K(448K), 0.0007060 secs] 835502K->835200K(1048512K), 0.0007490 secs] [Times: user=0.00 sys=0.00, real=0.00 secs] 
72.487: [GC72.487: [DefNew: 447K->63K(448K), 0.0007270 secs] 835584K->835286K(1048512K), 0.0007590 secs] [Times: user=0.00 sys=0.00, real=0.00 secs] 
72.497: [GC72.497: [DefNew: 447K->63K(448K), 0.0009860 secs] 835670K->835369K(1048512K), 0.0010380 secs] [Times: user=0.00 sys=0.00, real=0.00 secs] 
72.507: [GC72.507: [DefNew: 447K->64K(448K), 0.0008140 secs] 835752K->835452K(1048512K), 0.0008750 secs] [Times: user=0.00 sys=0.00, real=0.00 secs] 
72.517: [GC72.517: [DefNew: 448K->63K(448K), 0.0007510 secs] 835836K->835534K(1048512K), 0.0007980 secs] [Times: user=0.01 sys=0.00, real=0.00 secs] 
72.525: [GC72.525: [DefNew: 447K->64K(448K), 0.0010380 secs] 835918K->835628K(1048512K), 0.0011050 secs] [Times: user=0.00 sys=0.00, real=0.00 secs] 
72.536: [GC72.536: [DefNew: 447K->63K(448K), 0.0024770 secs] 836012K->835840K(1048512K), 0.0025710 secs] [Times: user=0.00 sys=0.00, real=0.01 secs] 
72.548: [GC72.548: [DefNew: 447K->63K(448K), 0.0026310 secs] 836224K->835970K(1048512K), 0.0027300 secs] [Times: user=0.00 sys=0.00, real=0.00 secs] 
72.559: [GC72.559: [DefNew: 447K->63K(448K), 0.0010210 secs] 836354K->836103K(1048512K), 0.0010650 secs] [Times: user=0.00 sys=0.00, real=0.00 secs] 
72.569: [GC72.569: [DefNew: 447K->63K(448K), 0.0009910 secs] 836487K->836195K(1048512K), 0.0010400 secs] [Times: user=0.01 sys=0.00, real=0.00 secs] 
72.578: [GC72.579: [DefNew: 447K->64K(448K), 0.0007520 secs] 836579K->836277K(1048512K), 0.0008150 secs] [Times: user=0.00 sys=0.00, real=0.00 secs] 
72.587: [GC72.587: [DefNew: 448K->63K(448K), 0.0008940 secs] 836661K->836401K(1048512K), 0.0009500 secs] [Times: user=0.00 sys=0.00, real=0.00 secs] 
72.597: [GC72.597: [DefNew: 447K->64K(448K), 0.0008250 secs] 836785K->836476K(1048512K), 0.0008710 secs] [Times: user=0.00 sys=0.00, real=0.00 secs] 
72.607: [GC72.607: [DefNew: 448K->63K(448K), 0.0007130 secs] 836860K->836559K(1048512K), 0.0007500 secs] [Times: user=0.00 sys=0.00, real=0.00 secs] 
72.616: [GC72.616: [DefNew: 447K->64K(448K), 0.0010110 secs] 836943K->836643K(1048512K), 0.0010640 secs] [Times: user=0.00 sys=0.00, real=0.00 secs] 
72.627: [GC72.627: [DefNew: 448K->63K(448K), 0.0008440 secs] 837027K->836748K(1048512K), 0.0008910 secs] [Times: user=0.00 sys=0.00, real=0.00 secs] 
72.636: [GC72.636: [DefNew: 447K->64K(448K), 0.0008200 secs] 837132K->836839K(1048512K), 0.0008740 secs] [Times: user=0.00 sys=0.00, real=0.01 secs] 
72.646: [GC72.646: [DefNew: 448K->64K(448K), 0.0007160 secs] 837223K->836933K(1048512K), 0.0007570 secs] [Times: user=0.00 sys=0.00, real=0.01 secs] 
72.656: [GC72.656: [DefNew: 448K->63K(448K), 0.0009060 secs] 837317K->837022K(1048512K), 0.0009630 secs] [Times: user=0.01 sys=0.00, real=0.01 secs] 
72.664: [GC72.664: [DefNew: 447K->63K(448K), 0.0010820 secs] 837406K->837120K(1048512K), 0.0011330 secs] [Times: user=0.00 sys=0.00, real=0.00 secs] 
72.674: [GC72.674: [DefNew: 447K->64K(448K), 0.0008520 secs] 837504K->837207K(1048512K), 0.0008990 secs] [Times: user=0.00 sys=0.00, real=0.00 secs] 
72.684: [GC72.684: [DefNew: 447K->63K(448K), 0.0007420 secs] 837591K->837301K(1048512K), 0.0007820 secs] [Times: user=0.00 sys=0.00, real=0.00 secs] 
72.694: [GC72.694: [DefNew: 447K->63K(448K), 0.0007520 secs] 837685K->837386K(1048512K), 0.0008050 secs] [Times: user=0.00 sys=0.00, real=0.00 secs] 
72.703: [GC72.703: [DefNew: 447K->63K(448K), 0.0007790 secs] 837770K->837474K(1048512K), 0.0009470 secs] [Times: user=0.00 sys=0.00, real=0.00 secs] 
72.713: [GC72.713: [DefNew: 447K->63K(448K), 0.0009160 secs] 837858K->837576K(1048512K), 0.0009720 secs] [Times: user=0.00 sys=0.00, real=0.00 secs] 
72.723: [GC72.723: [DefNew: 447K->64K(448K), 0.0008230 secs] 837960K->837660K(1048512K), 0.0009270 secs] [Times: user=0.00 sys=0.00, real=0.00 secs] 
72.733: [GC72.733: [DefNew: 448K->63K(448K), 0.0022220 secs] 838044K->837766K(1048512K), 0.0023500 secs] [Times: user=0.01 sys=0.00, real=0.00 secs] 
72.746: [GC72.746: [DefNew: 447K->63K(448K), 0.0016220 secs] 838150K->837997K(1048512K), 0.0016730 secs] [Times: user=0.00 sys=0.00, real=0.01 secs] 
72.755: [GC72.755: [DefNew: 447K->64K(448K), 0.0011750 secs] 838380K->838165K(1048512K), 0.0012210 secs] [Times: user=0.00 sys=0.00, real=0.01 secs] 
72.765: [GC72.765: [DefNew: 448K->63K(448K), 0.0009970 secs] 838549K->838256K(1048512K), 0.0010480 secs] [Times: user=0.00 sys=0.00, real=0.01 secs] 
72.775: [GC72.775: [DefNew: 447K->63K(448K), 0.0009720 secs] 838640K->838345K(1048512K), 0.0010220 secs] [Times: user=0.00 sys=0.00, real=0.01 secs] 
72.785: [GC72.785: [DefNew: 447K->63K(448K), 0.0006980 secs] 838729K->838426K(1048512K), 0.0007330 secs] [Times: user=0.00 sys=0.00, real=0.00 secs] 
72.796: [GC72.796: [DefNew: 447K->63K(448K), 0.0007580 secs] 838810K->838523K(1048512K), 0.0007940 secs] [Times: user=0.00 sys=0.00, real=0.01 secs] 
72.807: [GC72.807: [DefNew: 447K->64K(448K), 0.0008430 secs] 838907K->838598K(1048512K), 0.0008920 secs] [Times: user=0.01 sys=0.00, real=0.00 secs] 
72.818: [GC72.818: [DefNew: 448K->63K(448K), 0.0007740 secs] 838982K->838695K(1048512K), 0.0008080 secs] [Times: user=0.00 sys=0.00, real=0.00 secs] 
72.827: [GC72.827: [DefNew: 447K->63K(448K), 0.0007790 secs] 839079K->838788K(1048512K), 0.0008160 secs] [Times: user=0.00 sys=0.00, real=0.00 secs] 
72.838: [GC72.838: [DefNew: 447K->63K(448K), 0.0007690 secs] 839172K->838869K(1048512K), 0.0008050 secs] [Times: user=0.00 sys=0.00, real=0.00 secs] 
72.849: [GC72.849: [DefNew: 447K->63K(448K), 0.0007760 secs] 839253K->838965K(1048512K), 0.0008100 secs] [Times: user=0.00 sys=0.00, real=0.00 secs] 
72.860: [GC72.860: [DefNew: 447K->64K(448K), 0.0007150 secs] 839349K->839047K(1048512K), 0.0007520 secs] [Times: user=0.00 sys=0.00, real=0.00 secs] 
72.871: [GC72.871: [DefNew: 448K->63K(448K), 0.0007650 secs] 839431K->839124K(1048512K), 0.0007970 secs] [Times: user=0.00 sys=0.00, real=0.00 secs] 
72.882: [GC72.882: [DefNew: 447K->63K(448K), 0.0007750 secs] 839508K->839212K(1048512K), 0.0008150 secs] [Times: user=0.00 sys=0.00, real=0.00 secs] 
72.893: [GC72.893: [DefNew: 447K->64K(448K), 0.0006890 secs] 839596K->839290K(1048512K), 0.0007320 secs] [Times: user=0.00 sys=0.00, real=0.00 secs] 
72.904: [GC72.904: [DefNew: 448K->63K(448K), 0.0007680 secs] 839674K->839382K(1048512K), 0.0008120 secs] [Times: user=0.01 sys=0.00, real=0.00 secs] 
72.915: [GC72.915: [DefNew: 447K->64K(448K), 0.0007760 secs] 839766K->839469K(1048512K), 0.0008230 secs] [Times: user=0.00 sys=0.00, real=0.00 secs] 
72.925: [GC72.925: [DefNew: 448K->64K(448K), 0.0007560 secs] 839853K->839551K(1048512K), 0.0007950 secs] [Times: user=0.00 sys=0.00, real=0.00 secs] 
72.935: [GC72.935: [DefNew: 447K->64K(448K), 0.0007630 secs] 839935K->839636K(1048512K), 0.0007970 secs] [Times: user=0.00 sys=0.00, real=0.00 secs] 
72.946: [GC72.946: [DefNew: 448K->63K(448K), 0.0027580 secs] 840020K->839836K(1048512K), 0.0028760 secs] [Times: user=0.00 sys=0.00, real=0.01 secs] 
72.958: [GC72.958: [DefNew: 447K->63K(448K), 0.0011490 secs] 840220K->839970K(1048512K), 0.0012160 secs] [Times: user=0.00 sys=0.00, real=0.00 secs] 
72.970: [GC72.970: [DefNew: 447K->63K(448K), 0.0016620 secs] 840354K->840090K(1048512K), 0.0017200 secs] [Times: user=0.01 sys=0.00, real=0.00 secs] 
72.982: [GC72.982: [DefNew: 447K->64K(448K), 0.0018820 secs] 840474K->840219K(1048512K), 0.0019520 secs] [Times: user=0.00 sys=0.00, real=0.00 secs] 
72.992: [GC72.992: [DefNew: 448K->63K(448K), 0.0015620 secs] 840603K->840362K(1048512K), 0.0016260 secs] [Times: user=0.00 sys=0.00, real=0.00 secs] 
73.004: [GC73.004: [DefNew: 447K->64K(448K), 0.0015040 secs] 840745K->840498K(1048512K), 0.0015600 secs] [Times: user=0.00 sys=0.00, real=0.00 secs] 
73.016: [GC73.016: [DefNew: 447K->64K(448K), 0.0021750 secs] 840882K->840650K(1048512K), 0.0022410 secs] [Times: user=0.00 sys=0.00, real=0.01 secs] 
73.027: [GC73.027: [DefNew: 448K->64K(448K), 0.0010040 secs] 841034K->840747K(1048512K), 0.0010510 secs] [Times: user=0.01 sys=0.00, real=0.00 secs] 
73.037: [GC73.037: [DefNew: 448K->63K(448K), 0.0007600 secs] 841131K->840837K(1048512K), 0.0007950 secs] [Times: user=0.00 sys=0.00, real=0.00 secs] 
73.047: [GC73.047: [DefNew: 447K->63K(448K), 0.0008860 secs] 841221K->840917K(1048512K), 0.0009350 secs] [Times: user=0.00 sys=0.00, real=0.00 secs] 
73.056: [GC73.056: [DefNew: 447K->63K(448K), 0.0007330 secs] 841301K->841001K(1048512K), 0.0007940 secs] [Times: user=0.00 sys=0.00, real=0.00 secs] 
73.066: [GC73.066: [DefNew: 447K->63K(448K), 0.0007700 secs] 841385K->841080K(1048512K), 0.0008200 secs] [Times: user=0.00 sys=0.00, real=0.01 secs] 
73.075: [GC73.075: [DefNew: 447K->64K(448K), 0.0007360 secs] 841464K->841181K(1048512K), 0.0007880 secs] [Times: user=0.00 sys=0.00, real=0.00 secs] 
73.084: [GC73.084: [DefNew: 448K->64K(448K), 0.0007020 secs] 841565K->841257K(1048512K), 0.0007410 secs] [Times: user=0.00 sys=0.00, real=0.00 secs] 
73.094: [GC73.094: [DefNew: 447K->63K(448K), 0.0009710 secs] 841641K->841349K(1048512K), 0.0010230 secs] [Times: user=0.00 sys=0.00, real=0.00 secs] 
73.104: [GC73.104: [DefNew: 447K->63K(448K), 0.0007190 secs] 841733K->841422K(1048512K), 0.0007670 secs] [Times: user=0.00 sys=0.00, real=0.00 secs] 
73.114: [GC73.114: [DefNew: 447K->63K(448K), 0.0006800 secs] 841806K->841494K(1048512K), 0.0007260 secs] [Times: user=0.01 sys=0.00, real=0.00 secs] 
73.123: [GC73.123: [DefNew: 447K->64K(448K), 0.0007420 secs] 841878K->841579K(1048512K), 0.0007980 secs] [Times: user=0.00 sys=0.00, real=0.00 secs] 
73.133: [GC73.133: [DefNew: 448K->63K(448K), 0.0008950 secs] 841963K->841677K(1048512K), 0.0009370 secs] [Times: user=0.00 sys=0.00, real=0.00 secs] 
73.142: [GC73.143: [DefNew: 447K->63K(448K), 0.0009790 secs] 842061K->841766K(1048512K), 0.0010460 secs] [Times: user=0.00 sys=0.00, real=0.00 secs] 
73.153: [GC73.154: [DefNew: 447K->63K(448K), 0.0027980 secs] 842150K->841938K(1048512K), 0.0029220 secs] [Times: user=0.00 sys=0.00, real=0.01 secs] 
73.164: [GC73.164: [DefNew: 447K->64K(448K), 0.0027080 secs] 842322K->842138K(1048512K), 0.0028320 secs] [Times: user=0.01 sys=0.00, real=0.01 secs] 
73.176: [GC73.176: [DefNew: 447K->63K(448K), 0.0010500 secs] 842522K->842249K(1048512K), 0.0011020 secs] [Times: user=0.00 sys=0.00, real=0.01 secs] 
73.187: [GC73.187: [DefNew: 447K->63K(448K), 0.0007500 secs] 842633K->842326K(1048512K), 0.0007850 secs] [Times: user=0.00 sys=0.01, real=0.00 secs] 
73.197: [GC73.197: [DefNew: 447K->64K(448K), 0.0008170 secs] 842710K->842418K(1048512K), 0.0008620 secs] [Times: user=0.00 sys=0.00, real=0.00 secs] 
73.207: [GC73.207: [DefNew: 448K->64K(448K), 0.0007240 secs] 842802K->842505K(1048512K), 0.0007600 secs] [Times: user=0.00 sys=0.00, real=0.00 secs] 
73.218: [GC73.218: [DefNew: 448K->64K(448K), 0.0008080 secs] 842889K->842593K(1048512K), 0.0008440 secs] [Times: user=0.00 sys=0.00, real=0.00 secs] 
73.229: [GC73.229: [DefNew: 447K->64K(448K), 0.0008130 secs] 842977K->842675K(1048512K), 0.0008890 secs] [Times: user=0.00 sys=0.00, real=0.00 secs] 
73.239: [GC73.239: [DefNew: 448K->63K(448K), 0.0007540 secs] 843059K->842756K(1048512K), 0.0008000 secs] [Times: user=0.00 sys=0.00, real=0.00 secs] 
73.249: [GC73.249: [DefNew: 447K->64K(448K), 0.0008080 secs] 843140K->842851K(1048512K), 0.0008540 secs] [Times: user=0.00 sys=0.00, real=0.00 secs] 
73.258: [GC73.258: [DefNew: 448K->63K(448K), 0.0007670 secs] 843235K->842934K(1048512K), 0.0008350 secs] [Times: user=0.00 sys=0.00, real=0.00 secs] 
73.268: [GC73.268: [DefNew: 447K->64K(448K), 0.0007980 secs] 843318K->843026K(1048512K), 0.0008540 secs] [Times: user=0.00 sys=0.00, real=0.00 secs] 
73.277: [GC73.277: [DefNew: 448K->63K(448K), 0.0008120 secs] 843410K->843099K(1048512K), 0.0008640 secs] [Times: user=0.00 sys=0.00, real=0.00 secs] 
73.286: [GC73.286: [DefNew: 447K->64K(448K), 0.0009030 secs] 843483K->843194K(1048512K), 0.0009550 secs] [Times: user=0.00 sys=0.00, real=0.01 secs] 
73.295: [GC73.295: [DefNew: 448K->64K(448K), 0.0008570 secs] 843578K->843278K(1048512K), 0.0009070 secs] [Times: user=0.00 sys=0.00, real=0.01 secs] 
73.305: [GC73.305: [DefNew: 448K->63K(448K), 0.0007930 secs] 843662K->843363K(1048512K), 0.0008370 secs] [Times: user=0.00 sys=0.00, real=0.00 secs] 
73.315: [GC73.315: [DefNew: 447K->63K(448K), 0.0007120 secs] 843747K->843444K(1048512K), 0.0007580 secs] [Times: user=0.00 sys=0.00, real=0.00 secs] 
73.325: [GC73.325: [DefNew: 447K->63K(448K), 0.0008380 secs] 843827K->843526K(1048512K), 0.0008880 secs] [Times: user=0.00 sys=0.00, real=0.00 secs] 
73.334: [GC73.334: [DefNew: 447K->63K(448K), 0.0007970 secs] 843910K->843599K(1048512K), 0.0008520 secs] [Times: user=0.00 sys=0.00, real=0.00 secs] 
73.343: [GC73.343: [DefNew: 447K->63K(448K), 0.0007440 secs] 843983K->843676K(1048512K), 0.0007900 secs] [Times: user=0.01 sys=0.00, real=0.00 secs] 
73.353: [GC73.353: [DefNew: 447K->63K(448K), 0.0011600 secs] 844060K->843770K(1048512K), 0.0012250 secs] [Times: user=0.00 sys=0.00, real=0.00 secs] 
73.362: [GC73.362: [DefNew: 447K->64K(448K), 0.0008520 secs] 844154K->843858K(1048512K), 0.0009260 secs] [Times: user=0.00 sys=0.00, real=0.00 secs] 
73.372: [GC73.372: [DefNew: 448K->63K(448K), 0.0006780 secs] 844242K->843943K(1048512K), 0.0007120 secs] [Times: user=0.00 sys=0.00, real=0.00 secs] 
73.381: [GC73.381: [DefNew: 447K->63K(448K), 0.0010490 secs] 844327K->844030K(1048512K), 0.0011030 secs] [Times: user=0.00 sys=0.00, real=0.00 secs] 
73.391: [GC73.391: [DefNew: 447K->63K(448K), 0.0007490 secs] 844414K->844109K(1048512K), 0.0007830 secs] [Times: user=0.00 sys=0.00, real=0.00 secs] 
73.401: [GC73.401: [DefNew: 447K->64K(448K), 0.0008360 secs] 844493K->844206K(1048512K), 0.0008920 secs] [Times: user=0.00 sys=0.00, real=0.00 secs] 
73.411: [GC73.411: [DefNew: 448K->63K(448K), 0.0007870 secs] 844590K->844285K(1048512K), 0.0008260 secs] [Times: user=0.00 sys=0.00, real=0.00 secs] 
73.421: [GC73.421: [DefNew: 447K->64K(448K), 0.0011550 secs] 844669K->844373K(1048512K), 0.0012090 secs] [Times: user=0.01 sys=0.00, real=0.00 secs] 
73.431: [GC73.431: [DefNew: 447K->63K(448K), 0.0007340 secs] 844757K->844455K(1048512K), 0.0007800 secs] [Times: user=0.00 sys=0.00, real=0.00 secs] 
73.441: [GC73.441: [DefNew: 447K->64K(448K), 0.0007190 secs] 844839K->844539K(1048512K), 0.0007680 secs] [Times: user=0.00 sys=0.00, real=0.00 secs] 
73.458: [GC73.458: [DefNew: 448K->63K(448K), 0.0058300 secs] 844923K->844675K(1048512K), 0.0059680 secs] [Times: user=0.00 sys=0.00, real=0.00 secs] 
73.473: [GC73.473: [DefNew: 447K->63K(448K), 0.0016450 secs] 845059K->844847K(1048512K), 0.0017080 secs] [Times: user=0.00 sys=0.00, real=0.00 secs] 
73.483: [GC73.483: [DefNew: 447K->63K(448K), 0.0017450 secs] 845231K->844969K(1048512K), 0.0018120 secs] [Times: user=0.00 sys=0.00, real=0.00 secs] 
73.494: [GC73.494: [DefNew: 447K->64K(448K), 0.0013210 secs] 845353K->845078K(1048512K), 0.0013880 secs] [Times: user=0.01 sys=0.00, real=0.00 secs] 
73.504: [GC73.504: [DefNew: 447K->63K(448K), 0.0010160 secs] 845461K->845199K(1048512K), 0.0010690 secs] [Times: user=0.00 sys=0.00, real=0.00 secs] 
73.514: [GC73.514: [DefNew: 447K->64K(448K), 0.0011360 secs] 845583K->845311K(1048512K), 0.0011960 secs] [Times: user=0.00 sys=0.00, real=0.00 secs] 
73.524: [GC73.524: [DefNew: 448K->64K(448K), 0.0011360 secs] 845695K->845429K(1048512K), 0.0012110 secs] [Times: user=0.00 sys=0.00, real=0.00 secs] 
73.534: [GC73.534: [DefNew: 448K->64K(448K), 0.0009510 secs] 845813K->845524K(1048512K), 0.0010020 secs] [Times: user=0.00 sys=0.00, real=0.00 secs] 
73.545: [GC73.545: [DefNew: 448K->63K(448K), 0.0007550 secs] 845908K->845607K(1048512K), 0.0007910 secs] [Times: user=0.00 sys=0.00, real=0.00 secs] 
73.556: [GC73.556: [DefNew: 447K->63K(448K), 0.0006700 secs] 845991K->845680K(1048512K), 0.0007050 secs] [Times: user=0.00 sys=0.00, real=0.01 secs] 
73.565: [GC73.565: [DefNew: 447K->63K(448K), 0.0007950 secs] 846064K->845773K(1048512K), 0.0008320 secs] [Times: user=0.00 sys=0.00, real=0.00 secs] 
73.576: [GC73.576: [DefNew: 447K->63K(448K), 0.0007020 secs] 846157K->845849K(1048512K), 0.0007510 secs] [Times: user=0.00 sys=0.00, real=0.01 secs] 
73.586: [GC73.586: [DefNew: 447K->64K(448K), 0.0007750 secs] 846233K->845937K(1048512K), 0.0008200 secs] [Times: user=0.00 sys=0.00, real=0.01 secs] 
73.597: [GC73.597: [DefNew: 448K->63K(448K), 0.0012290 secs] 846321K->846043K(1048512K), 0.0012860 secs] [Times: user=0.00 sys=0.00, real=0.00 secs] 
73.609: [GC73.609: [DefNew: 447K->63K(448K), 0.0014690 secs] 846427K->846172K(1048512K), 0.0015200 secs] [Times: user=0.00 sys=0.00, real=0.00 secs] 
73.621: [GC73.621: [DefNew: 447K->64K(448K), 0.0014680 secs] 846556K->846301K(1048512K), 0.0015220 secs] [Times: user=0.00 sys=0.00, real=0.00 secs] 
73.633: [GC73.633: [DefNew: 448K->63K(448K), 0.0014240 secs] 846685K->846430K(1048512K), 0.0014770 secs] [Times: user=0.00 sys=0.00, real=0.00 secs] 
73.645: [GC73.645: [DefNew: 447K->63K(448K), 0.0015150 secs] 846814K->846558K(1048512K), 0.0015840 secs] [Times: user=0.01 sys=0.00, real=0.01 secs] 
73.655: [GC73.655: [DefNew: 447K->64K(448K), 0.0027440 secs] 846942K->846716K(1048512K), 0.0028970 secs] [Times: user=0.00 sys=0.00, real=0.01 secs] 
73.668: [GC73.669: [DefNew: 447K->63K(448K), 0.0020810 secs] 847100K->846913K(1048512K), 0.0021650 secs] [Times: user=0.00 sys=0.00, real=0.00 secs] 
73.681: [GC73.681: [DefNew: 447K->63K(448K), 0.0009530 secs] 847297K->847005K(1048512K), 0.0009910 secs] [Times: user=0.00 sys=0.00, real=0.00 secs] 
73.692: [GC73.692: [DefNew: 447K->63K(448K), 0.0007770 secs] 847389K->847080K(1048512K), 0.0008210 secs] [Times: user=0.00 sys=0.00, real=0.00 secs] 
73.702: [GC73.702: [DefNew: 447K->64K(448K), 0.0008300 secs] 847464K->847169K(1048512K), 0.0008820 secs] [Times: user=0.00 sys=0.00, real=0.00 secs] 
73.713: [GC73.713: [DefNew: 448K->63K(448K), 0.0010870 secs] 847553K->847262K(1048512K), 0.0011550 secs] [Times: user=0.00 sys=0.00, real=0.00 secs] 
73.728: [GC73.728: [DefNew: 447K->64K(448K), 0.0052250 secs] 847646K->847443K(1048512K), 0.0053810 secs] [Times: user=0.00 sys=0.00, real=0.00 secs] 
73.742: [GC73.742: [DefNew: 448K->63K(448K), 0.0014020 secs] 847827K->847614K(1048512K), 0.0014550 secs] [Times: user=0.00 sys=0.00, real=0.00 secs] 
73.751: [GC73.751: [DefNew: 447K->64K(448K), 0.0010690 secs] 847998K->847709K(1048512K), 0.0011210 secs] [Times: user=0.00 sys=0.00, real=0.00 secs] 
73.764: [GC73.764: [DefNew: 448K->64K(448K), 0.0014800 secs] 848093K->847821K(1048512K), 0.0015610 secs] [Times: user=0.01 sys=0.00, real=0.00 secs] 
73.775: [GC73.775: [DefNew: 448K->64K(448K), 0.0012190 secs] 848205K->847947K(1048512K), 0.0012810 secs] [Times: user=0.00 sys=0.00, real=0.00 secs] 
73.785: [GC73.785: [DefNew: 448K->63K(448K), 0.0015440 secs] 848331K->848128K(1048512K), 0.0016360 secs] [Times: user=0.00 sys=0.00, real=0.01 secs] 
73.796: [GC73.796: [DefNew: 447K->63K(448K), 0.0013180 secs] 848511K->848225K(1048512K), 0.0013790 secs] [Times: user=0.00 sys=0.00, real=0.00 secs] 
73.807: [GC73.807: [DefNew: 447K->63K(448K), 0.0009690 secs] 848609K->848336K(1048512K), 0.0010150 secs] [Times: user=0.00 sys=0.00, real=0.00 secs] 
73.817: [GC73.817: [DefNew: 447K->63K(448K), 0.0008610 secs] 848720K->848437K(1048512K), 0.0008990 secs] [Times: user=0.00 sys=0.00, real=0.00 secs] 
73.828: [GC73.828: [DefNew: 447K->63K(448K), 0.0013200 secs] 848821K->848522K(1048512K), 0.0013780 secs] [Times: user=0.01 sys=0.00, real=0.00 secs] 
73.838: [GC73.838: [DefNew: 447K->64K(448K), 0.0015190 secs] 848906K->848663K(1048512K), 0.0015770 secs] [Times: user=0.00 sys=0.00, real=0.00 secs] 
73.849: [GC73.849: [DefNew: 448K->64K(448K), 0.0015360 secs] 849047K->848784K(1048512K), 0.0016030 secs] [Times: user=0.00 sys=0.00, real=0.00 secs] 
73.861: [GC73.861: [DefNew: 448K->63K(448K), 0.0018800 secs] 849168K->848961K(1048512K), 0.0019530 secs] [Times: user=0.00 sys=0.01, real=0.00 secs] 
73.873: [GC73.873: [DefNew: 447K->64K(448K), 0.0018070 secs] 849345K->849167K(1048512K), 0.0018680 secs] [Times: user=0.00 sys=0.00, real=0.00 secs] 
73.885: [GC73.885: [DefNew: 448K->63K(448K), 0.0023320 secs] 849551K->849278K(1048512K), 0.0024150 secs] [Times: user=0.00 sys=0.00, real=0.01 secs] 
73.897: [GC73.897: [DefNew: 447K->64K(448K), 0.0007530 secs] 849662K->849364K(1048512K), 0.0007900 secs] [Times: user=0.00 sys=0.00, real=0.00 secs] 
73.908: [GC73.908: [DefNew: 448K->63K(448K), 0.0007870 secs] 849748K->849455K(1048512K), 0.0008220 secs] [Times: user=0.00 sys=0.00, real=0.00 secs] 
73.919: [GC73.919: [DefNew: 447K->63K(448K), 0.0008070 secs] 849839K->849537K(1048512K), 0.0008450 secs] [Times: user=0.00 sys=0.00, real=0.00 secs] 
73.928: [GC73.928: [DefNew: 447K->64K(448K), 0.0007280 secs] 849921K->849626K(1048512K), 0.0007660 secs] [Times: user=0.00 sys=0.00, real=0.00 secs] 
73.939: [GC73.939: [DefNew: 448K->63K(448K), 0.0013580 secs] 850010K->849742K(1048512K), 0.0014100 secs] [Times: user=0.00 sys=0.00, real=0.00 secs] 
73.951: [GC73.951: [DefNew: 447K->63K(448K), 0.0015540 secs] 850125K->849878K(1048512K), 0.0016120 secs] [Times: user=0.01 sys=0.00, real=0.00 secs] 
73.962: [GC73.962: [DefNew: 447K->64K(448K), 0.0017510 secs] 850262K->850042K(1048512K), 0.0018220 secs] [Times: user=0.00 sys=0.00, real=0.00 secs] 
73.975: [GC73.975: [DefNew: 448K->63K(448K), 0.0015640 secs] 850426K->850158K(1048512K), 0.0016180 secs] [Times: user=0.00 sys=0.00, real=0.00 secs] 
73.985: [GC73.985: [DefNew: 447K->63K(448K), 0.0019980 secs] 850542K->850316K(1048512K), 0.0021290 secs] [Times: user=0.00 sys=0.00, real=0.01 secs] 
73.996: [GC73.996: [DefNew: 447K->63K(448K), 0.0009030 secs] 850700K->850396K(1048512K), 0.0009490 secs] [Times: user=0.00 sys=0.00, real=0.00 secs] 
74.006: [GC74.006: [DefNew: 447K->63K(448K), 0.0008860 secs] 850780K->850503K(1048512K), 0.0009530 secs] [Times: user=0.01 sys=0.00, real=0.00 secs] 
74.016: [GC74.016: [DefNew: 447K->63K(448K), 0.0007590 secs] 850887K->850582K(1048512K), 0.0008040 secs] [Times: user=0.00 sys=0.00, real=0.01 secs] 
74.026: [GC74.026: [DefNew: 447K->64K(448K), 0.0008990 secs] 850966K->850684K(1048512K), 0.0009450 secs] [Times: user=0.00 sys=0.00, real=0.01 secs] 
74.036: [GC74.036: [DefNew: 448K->63K(448K), 0.0007860 secs] 851068K->850757K(1048512K), 0.0008630 secs] [Times: user=0.00 sys=0.00, real=0.01 secs] 
74.045: [GC74.045: [DefNew: 447K->63K(448K), 0.0008260 secs] 851141K->850862K(1048512K), 0.0008730 secs] [Times: user=0.00 sys=0.00, real=0.00 secs] 
74.055: [GC74.055: [DefNew: 447K->63K(448K), 0.0009500 secs] 851246K->850956K(1048512K), 0.0010120 secs] [Times: user=0.00 sys=0.00, real=0.00 secs] 
74.065: [GC74.065: [DefNew: 447K->63K(448K), 0.0036360 secs] 851340K->851047K(1048512K), 0.0039100 secs] [Times: user=0.00 sys=0.00, real=0.01 secs] 
74.078: [GC74.078: [DefNew: 447K->63K(448K), 0.0010490 secs] 851431K->851254K(1048512K), 0.0010990 secs] [Times: user=0.00 sys=0.00, real=0.00 secs] 
74.089: [GC74.089: [DefNew: 447K->63K(448K), 0.0015760 secs] 851638K->851408K(1048512K), 0.0016240 secs] [Times: user=0.00 sys=0.00, real=0.00 secs] 
74.099: [GC74.099: [DefNew: 447K->63K(448K), 0.0009060 secs] 851792K->851497K(1048512K), 0.0009520 secs] [Times: user=0.00 sys=0.00, real=0.00 secs] 
74.109: [GC74.109: [DefNew: 447K->63K(448K), 0.0008120 secs] 851881K->851593K(1048512K), 0.0008680 secs] [Times: user=0.00 sys=0.00, real=0.00 secs] 
74.119: [GC74.119: [DefNew: 447K->63K(448K), 0.0007350 secs] 851977K->851679K(1048512K), 0.0007750 secs] [Times: user=0.00 sys=0.00, real=0.00 secs] 
74.128: [GC74.128: [DefNew: 447K->64K(448K), 0.0007020 secs] 852063K->851760K(1048512K), 0.0007390 secs] [Times: user=0.00 sys=0.01, real=0.00 secs] 
74.138: [GC74.138: [DefNew: 448K->63K(448K), 0.0007660 secs] 852144K->851851K(1048512K), 0.0008010 secs] [Times: user=0.00 sys=0.00, real=0.00 secs] 
74.148: [GC74.148: [DefNew: 447K->64K(448K), 0.0008080 secs] 852235K->851931K(1048512K), 0.0008810 secs] [Times: user=0.00 sys=0.00, real=0.00 secs] 
74.157: [GC74.157: [DefNew: 448K->64K(448K), 0.0007720 secs] 852315K->852033K(1048512K), 0.0008240 secs] [Times: user=0.01 sys=0.00, real=0.00 secs] 
74.167: [GC74.167: [DefNew: 448K->63K(448K), 0.0008880 secs] 852417K->852128K(1048512K), 0.0009300 secs] [Times: user=0.00 sys=0.00, real=0.00 secs] 
74.178: [GC74.178: [DefNew: 447K->64K(448K), 0.0014020 secs] 852511K->852230K(1048512K), 0.0014730 secs] [Times: user=0.00 sys=0.00, real=0.00 secs] 
74.189: [GC74.189: [DefNew: 448K->63K(448K), 0.0008630 secs] 852614K->852323K(1048512K), 0.0009010 secs] [Times: user=0.00 sys=0.00, real=0.00 secs] 
74.199: [GC74.199: [DefNew: 447K->64K(448K), 0.0008140 secs] 852707K->852404K(1048512K), 0.0008670 secs] [Times: user=0.00 sys=0.00, real=0.00 secs] 
74.208: [GC74.208: [DefNew: 448K->63K(448K), 0.0007890 secs] 852788K->852497K(1048512K), 0.0008270 secs] [Times: user=0.00 sys=0.00, real=0.00 secs] 
74.219: [GC74.219: [DefNew: 447K->63K(448K), 0.0007530 secs] 852881K->852567K(1048512K), 0.0007880 secs] [Times: user=0.00 sys=0.00, real=0.00 secs] 
74.229: [GC74.229: [DefNew: 447K->63K(448K), 0.0006500 secs] 852951K->852641K(1048512K), 0.0006850 secs] [Times: user=0.00 sys=0.00, real=0.00 secs] 
74.239: [GC74.239: [DefNew: 447K->64K(448K), 0.0014000 secs] 853025K->852760K(1048512K), 0.0014550 secs] [Times: user=0.01 sys=0.00, real=0.00 secs] 
74.250: [GC74.250: [DefNew: 448K->63K(448K), 0.0016040 secs] 853144K->852897K(1048512K), 0.0016570 secs] [Times: user=0.00 sys=0.00, real=0.00 secs] 
74.262: [GC74.262: [DefNew: 447K->63K(448K), 0.0009090 secs] 853281K->853020K(1048512K), 0.0009600 secs] [Times: user=0.00 sys=0.00, real=0.00 secs] 
74.272: [GC74.272: [DefNew: 447K->63K(448K), 0.0029990 secs] 853404K->853149K(1048512K), 0.0031360 secs] [Times: user=0.00 sys=0.00, real=0.00 secs] 
74.285: [GC74.285: [DefNew: 447K->63K(448K), 0.0023720 secs] 853533K->853338K(1048512K), 0.0024880 secs] [Times: user=0.01 sys=0.00, real=0.01 secs] 
74.297: [GC74.298: [DefNew: 447K->63K(448K), 0.0010190 secs] 853722K->853431K(1048512K), 0.0010760 secs] [Times: user=0.00 sys=0.00, real=0.00 secs] 
74.307: [GC74.308: [DefNew: 447K->64K(448K), 0.0006970 secs] 853814K->853507K(1048512K), 0.0007330 secs] [Times: user=0.00 sys=0.00, real=0.00 secs] 
74.318: [GC74.318: [DefNew: 448K->63K(448K), 0.0008710 secs] 853891K->853606K(1048512K), 0.0009210 secs] [Times: user=0.00 sys=0.00, real=0.00 secs] 
74.328: [GC74.328: [DefNew: 447K->63K(448K), 0.0008020 secs] 853990K->853687K(1048512K), 0.0008450 secs] [Times: user=0.00 sys=0.00, real=0.00 secs] 
74.336: [GC74.336: [DefNew: 447K->64K(448K), 0.0009880 secs] 854071K->853779K(1048512K), 0.0010380 secs] [Times: user=0.00 sys=0.00, real=0.01 secs] 
74.346: [GC74.346: [DefNew: 448K->63K(448K), 0.0007570 secs] 854163K->853856K(1048512K), 0.0007920 secs] [Times: user=0.00 sys=0.00, real=0.01 secs] 
74.356: [GC74.356: [DefNew: 447K->63K(448K), 0.0010200 secs] 854240K->853948K(1048512K), 0.0010800 secs] [Times: user=0.00 sys=0.00, real=0.01 secs] 
74.369: [GC74.369: [DefNew: 447K->64K(448K), 0.0023500 secs] 854332K->854144K(1048512K), 0.0025190 secs] [Times: user=0.00 sys=0.00, real=0.00 secs] 
74.381: [GC74.381: [DefNew: 448K->63K(448K), 0.0016630 secs] 854528K->854243K(1048512K), 0.0017470 secs] [Times: user=0.00 sys=0.00, real=0.00 secs] 
74.393: [GC74.393: [DefNew: 447K->64K(448K), 0.0008470 secs] 854627K->854340K(1048512K), 0.0008900 secs] [Times: user=0.00 sys=0.00, real=0.00 secs] 
74.404: [GC74.404: [DefNew: 448K->63K(448K), 0.0007120 secs] 854724K->854415K(1048512K), 0.0007690 secs] [Times: user=0.00 sys=0.00, real=0.00 secs] 
74.414: [GC74.414: [DefNew: 447K->64K(448K), 0.0013390 secs] 854799K->854506K(1048512K), 0.0013990 secs] [Times: user=0.00 sys=0.00, real=0.00 secs] 
74.425: [GC74.425: [DefNew: 448K->63K(448K), 0.0014620 secs] 854890K->854638K(1048512K), 0.0015150 secs] [Times: user=0.01 sys=0.00, real=0.00 secs] 
74.437: [GC74.437: [DefNew: 447K->63K(448K), 0.0016690 secs] 855022K->854768K(1048512K), 0.0017300 secs] [Times: user=0.00 sys=0.01, real=0.00 secs] 
74.449: [GC74.449: [DefNew: 447K->63K(448K), 0.0016160 secs] 855152K->854905K(1048512K), 0.0016680 secs] [Times: user=0.00 sys=0.00, real=0.00 secs] 
74.461: [GC74.461: [DefNew: 447K->63K(448K), 0.0015880 secs] 855289K->855039K(1048512K), 0.0016540 secs] [Times: user=0.00 sys=0.00, real=0.00 secs] 
74.473: [GC74.473: [DefNew: 447K->63K(448K), 0.0015450 secs] 855423K->855174K(1048512K), 0.0016090 secs] [Times: user=0.00 sys=0.00, real=0.00 secs] 
74.484: [GC74.484: [DefNew: 447K->64K(448K), 0.0030210 secs] 855558K->855372K(1048512K), 0.0031710 secs] [Times: user=0.01 sys=0.00, real=0.01 secs] 
74.497: [GC74.497: [DefNew: 448K->63K(448K), 0.0014860 secs] 855756K->855504K(1048512K), 0.0015440 secs] [Times: user=0.00 sys=0.00, real=0.00 secs] 
74.507: [GC74.507: [DefNew: 447K->64K(448K), 0.0008950 secs] 855888K->855611K(1048512K), 0.0009310 secs] [Times: user=0.00 sys=0.00, real=0.00 secs] 
74.518: [GC74.518: [DefNew: 448K->63K(448K), 0.0008700 secs] 855995K->855698K(1048512K), 0.0009070 secs] [Times: user=0.00 sys=0.00, real=0.00 secs] 
74.527: [GC74.528: [DefNew: 447K->64K(448K), 0.0010360 secs] 856082K->855780K(1048512K), 0.0010880 secs] [Times: user=0.00 sys=0.00, real=0.00 secs] 
74.538: [GC74.538: [DefNew: 448K->63K(448K), 0.0008320 secs] 856164K->855886K(1048512K), 0.0008800 secs] [Times: user=0.00 sys=0.00, real=0.00 secs] 
74.548: [GC74.548: [DefNew: 447K->63K(448K), 0.0010620 secs] 856270K->856032K(1048512K), 0.0011200 secs] [Times: user=0.01 sys=0.00, real=0.00 secs] 
74.559: [GC74.559: [DefNew: 447K->64K(448K), 0.0016560 secs] 856416K->856225K(1048512K), 0.0017900 secs] [Times: user=0.00 sys=0.00, real=0.00 secs] 
74.570: [GC74.570: [DefNew: 448K->63K(448K), 0.0014850 secs] 856609K->856384K(1048512K), 0.0015510 secs] [Times: user=0.00 sys=0.00, real=0.00 secs] 
74.580: [GC74.580: [DefNew: 447K->63K(448K), 0.0012680 secs] 856768K->856494K(1048512K), 0.0013270 secs] [Times: user=0.00 sys=0.00, real=0.00 secs] 
74.590: [GC74.590: [DefNew: 447K->64K(448K), 0.0038210 secs] 856878K->856670K(1048512K), 0.0040330 secs] [Times: user=0.01 sys=0.00, real=0.00 secs] 
74.609: [GC74.609: [DefNew: 448K->63K(448K), 0.0034110 secs] 857054K->856894K(1048512K), 0.0035280 secs] [Times: user=0.00 sys=0.00, real=0.00 secs] 
74.623: [GC74.623: [DefNew: 447K->63K(448K), 0.0033500 secs] 857278K->857082K(1048512K), 0.0034980 secs] [Times: user=0.00 sys=0.00, real=0.01 secs] 
74.635: [GC74.636: [DefNew: 447K->63K(448K), 0.0016600 secs] 857466K->857221K(1048512K), 0.0017650 secs] [Times: user=0.01 sys=0.00, real=0.01 secs] 
74.648: [GC74.648: [DefNew: 447K->63K(448K), 0.0028510 secs] 857605K->857419K(1048512K), 0.0030430 secs] [Times: user=0.00 sys=0.00, real=0.00 secs] 
74.659: [GC74.660: [DefNew: 447K->64K(448K), 0.0016430 secs] 857803K->857616K(1048512K), 0.0017330 secs] [Times: user=0.00 sys=0.00, real=0.00 secs] 
74.670: [GC74.670: [DefNew: 448K->64K(448K), 0.0017980 secs] 858000K->857746K(1048512K), 0.0018470 secs] [Times: user=0.00 sys=0.00, real=0.00 secs] 
74.682: [GC74.682: [DefNew: 447K->63K(448K), 0.0020710 secs] 858129K->857841K(1048512K), 0.0021830 secs] [Times: user=0.01 sys=0.00, real=0.00 secs] 
74.694: [GC74.694: [DefNew: 447K->63K(448K), 0.0011040 secs] 858225K->858037K(1048512K), 0.0011540 secs] [Times: user=0.00 sys=0.00, real=0.00 secs] 
74.705: [GC74.705: [DefNew: 447K->63K(448K), 0.0011210 secs] 858421K->858174K(1048512K), 0.0011570 secs] [Times: user=0.00 sys=0.00, real=0.00 secs] 
74.717: [GC74.717: [DefNew: 447K->64K(448K), 0.0014140 secs] 858558K->858278K(1048512K), 0.0014740 secs] [Times: user=0.00 sys=0.00, real=0.00 secs] 
74.729: [GC74.729: [DefNew: 448K->64K(448K), 0.0014660 secs] 858662K->858429K(1048512K), 0.0015180 secs] [Times: user=0.00 sys=0.00, real=0.00 secs] 
74.739: [GC74.739: [DefNew: 448K->63K(448K), 0.0015770 secs] 858813K->858548K(1048512K), 0.0016290 secs] [Times: user=0.01 sys=0.00, real=0.00 secs] 
74.751: [GC74.751: [DefNew: 447K->63K(448K), 0.0015340 secs] 858932K->858692K(1048512K), 0.0015880 secs] [Times: user=0.00 sys=0.00, real=0.00 secs] 
74.763: [GC74.763: [DefNew: 447K->63K(448K), 0.0016550 secs] 859076K->858830K(1048512K), 0.0017080 secs] [Times: user=0.00 sys=0.00, real=0.00 secs] 
74.775: [GC74.775: [DefNew: 447K->63K(448K), 0.0016070 secs] 859214K->858960K(1048512K), 0.0016600 secs] [Times: user=0.00 sys=0.00, real=0.01 secs] 
74.787: [GC74.787: [DefNew: 447K->63K(448K), 0.0014920 secs] 859344K->859099K(1048512K), 0.0015440 secs] [Times: user=0.00 sys=0.00, real=0.00 secs] 
74.799: [GC74.799: [DefNew: 447K->64K(448K), 0.0016400 secs] 859483K->859247K(1048512K), 0.0016920 secs] [Times: user=0.00 sys=0.00, real=0.00 secs] 
74.812: [GC74.812: [DefNew: 448K->63K(448K), 0.0016030 secs] 859631K->859381K(1048512K), 0.0016630 secs] [Times: user=0.00 sys=0.00, real=0.00 secs] 
74.822: [GC74.822: [DefNew: 447K->63K(448K), 0.0017890 secs] 859765K->859536K(1048512K), 0.0018490 secs] [Times: user=0.00 sys=0.00, real=0.00 secs] 
74.834: [GC74.834: [DefNew: 447K->63K(448K), 0.0015980 secs] 859920K->859657K(1048512K), 0.0016510 secs] [Times: user=0.00 sys=0.00, real=0.00 secs] 
74.846: [GC74.846: [DefNew: 447K->64K(448K), 0.0014610 secs] 860041K->859758K(1048512K), 0.0015200 secs] [Times: user=0.01 sys=0.00, real=0.01 secs] 
74.857: [GC74.857: [DefNew: 448K->64K(448K), 0.0014980 secs] 860142K->859882K(1048512K), 0.0015500 secs] [Times: user=0.00 sys=0.00, real=0.00 secs] 
74.869: [GC74.869: [DefNew: 448K->63K(448K), 0.0015550 secs] 860266K->860018K(1048512K), 0.0016100 secs] [Times: user=0.00 sys=0.00, real=0.00 secs] 
74.881: [GC74.882: [DefNew: 447K->63K(448K), 0.0014350 secs] 860402K->860145K(1048512K), 0.0015050 secs] [Times: user=0.00 sys=0.00, real=0.00 secs] 
74.893: [GC74.893: [DefNew: 447K->64K(448K), 0.0027990 secs] 860529K->860283K(1048512K), 0.0029030 secs] [Times: user=0.00 sys=0.00, real=0.00 secs] 
74.905: [GC74.905: [DefNew: 448K->63K(448K), 0.0019730 secs] 860667K->860492K(1048512K), 0.0020450 secs] [Times: user=0.00 sys=0.00, real=0.01 secs] 
74.917: [GC74.917: [DefNew: 447K->63K(448K), 0.0010670 secs] 860876K->860605K(1048512K), 0.0011050 secs] [Times: user=0.00 sys=0.00, real=0.00 secs] 
74.928: [GC74.928: [DefNew: 447K->63K(448K), 0.0013640 secs] 860989K->860709K(1048512K), 0.0014210 secs] [Times: user=0.00 sys=0.00, real=0.00 secs] 
74.940: [GC74.940: [DefNew: 447K->63K(448K), 0.0017650 secs] 861093K->860863K(1048512K), 0.0018250 secs] [Times: user=0.00 sys=0.00, real=0.00 secs] 
74.952: [GC74.952: [DefNew: 447K->64K(448K), 0.0017730 secs] 861247K->861010K(1048512K), 0.0018290 secs] [Times: user=0.00 sys=0.01, real=0.00 secs] 
74.964: [GC74.964: [DefNew: 448K->64K(448K), 0.0017000 secs] 861394K->861160K(1048512K), 0.0017650 secs] [Times: user=0.00 sys=0.00, real=0.00 secs] 
74.976: [GC74.976: [DefNew: 447K->63K(448K), 0.0016440 secs] 861543K->861282K(1048512K), 0.0016980 secs] [Times: user=0.00 sys=0.00, real=0.00 secs] 
74.987: [GC74.987: [DefNew: 447K->64K(448K), 0.0015410 secs] 861666K->861433K(1048512K), 0.0016140 secs] [Times: user=0.00 sys=0.00, real=0.00 secs] 
74.999: [GC74.999: [DefNew: 448K->63K(448K), 0.0015110 secs] 861817K->861570K(1048512K), 0.0015650 secs] [Times: user=0.00 sys=0.00, real=0.00 secs] 
75.012: [GC75.012: [DefNew: 447K->63K(448K), 0.0015710 secs] 861954K->861718K(1048512K), 0.0016260 secs] [Times: user=0.01 sys=0.00, real=0.00 secs] 
75.023: [GC75.023: [DefNew: 447K->64K(448K), 0.0015450 secs] 862102K->861847K(1048512K), 0.0016110 secs] [Times: user=0.00 sys=0.00, real=0.00 secs] 
75.035: [GC75.035: [DefNew: 448K->64K(448K), 0.0016720 secs] 862231K->861996K(1048512K), 0.0017350 secs] [Times: user=0.00 sys=0.00, real=0.01 secs] 
75.047: [GC75.047: [DefNew: 448K->63K(448K), 0.0016700 secs] 862380K->862134K(1048512K), 0.0017220 secs] [Times: user=0.00 sys=0.00, real=0.00 secs] 
75.059: [GC75.059: [DefNew: 447K->63K(448K), 0.0014340 secs] 862518K->862255K(1048512K), 0.0014900 secs] [Times: user=0.00 sys=0.00, real=0.00 secs] 
75.069: [GC75.069: [DefNew: 447K->64K(448K), 0.0016700 secs] 862639K->862395K(1048512K), 0.0017320 secs] [Times: user=0.01 sys=0.00, real=0.00 secs] 
75.081: [GC75.081: [DefNew: 447K->63K(448K), 0.0015590 secs] 862779K->862548K(1048512K), 0.0016130 secs] [Times: user=0.00 sys=0.00, real=0.00 secs] 
75.092: [GC75.092: [DefNew: 447K->63K(448K), 0.0011410 secs] 862932K->862669K(1048512K), 0.0011940 secs] [Times: user=0.00 sys=0.00, real=0.00 secs] 
75.103: [GC75.103: [DefNew: 447K->63K(448K), 0.0033610 secs] 863053K->862859K(1048512K), 0.0035180 secs] [Times: user=0.00 sys=0.00, real=0.01 secs] 
75.116: [GC75.116: [DefNew: 447K->63K(448K), 0.0024750 secs] 863243K->862961K(1048512K), 0.0025850 secs] [Times: user=0.01 sys=0.00, real=0.01 secs] 
75.127: [GC75.127: [DefNew: 447K->63K(448K), 0.0009500 secs] 863345K->863087K(1048512K), 0.0010020 secs] [Times: user=0.00 sys=0.00, real=0.00 secs] 
75.137: [GC75.137: [DefNew: 447K->63K(448K), 0.0008960 secs] 863471K->863169K(1048512K), 0.0009860 secs] [Times: user=0.00 sys=0.00, real=0.00 secs] 
75.147: [GC75.147: [DefNew: 447K->63K(448K), 0.0007820 secs] 863553K->863270K(1048512K), 0.0008260 secs] [Times: user=0.00 sys=0.00, real=0.00 secs] 
75.155: [GC75.155: [DefNew: 447K->64K(448K), 0.0008350 secs] 863654K->863367K(1048512K), 0.0008830 secs] [Times: user=0.00 sys=0.00, real=0.00 secs] 
75.165: [GC75.165: [DefNew: 447K->64K(448K), 0.0009900 secs] 863751K->863459K(1048512K), 0.0010430 secs] [Times: user=0.00 sys=0.00, real=0.00 secs] 
75.174: [GC75.174: [DefNew: 448K->63K(448K), 0.0007710 secs] 863843K->863555K(1048512K), 0.0008150 secs] [Times: user=0.00 sys=0.00, real=0.00 secs] 
75.184: [GC75.184: [DefNew: 447K->64K(448K), 0.0008270 secs] 863939K->863645K(1048512K), 0.0008850 secs] [Times: user=0.00 sys=0.00, real=0.00 secs] 
75.194: [GC75.194: [DefNew: 448K->64K(448K), 0.0011430 secs] 864029K->863733K(1048512K), 0.0011970 secs] [Times: user=0.01 sys=0.00, real=0.00 secs] 
75.206: [GC75.206: [DefNew: 447K->64K(448K), 0.0032290 secs] 864117K->863868K(1048512K), 0.0036880 secs] [Times: user=0.00 sys=0.00, real=0.01 secs] 
75.219: [GC75.219: [DefNew: 448K->63K(448K), 0.0016730 secs] 864252K->864046K(1048512K), 0.0017580 secs] [Times: user=0.00 sys=0.00, real=0.00 secs] 
75.228: [GC75.228: [DefNew: 447K->63K(448K), 0.0016580 secs] 864430K->864204K(1048512K), 0.0017660 secs] [Times: user=0.00 sys=0.00, real=0.00 secs] 
75.239: [GC75.239: [DefNew: 447K->64K(448K), 0.0011320 secs] 864588K->864366K(1048512K), 0.0011900 secs] [Times: user=0.01 sys=0.00, real=0.00 secs] 
75.249: [GC75.249: [DefNew: 447K->63K(448K), 0.0009560 secs] 864750K->864458K(1048512K), 0.0010020 secs] [Times: user=0.00 sys=0.00, real=0.00 secs] 
75.260: [GC75.260: [DefNew: 447K->63K(448K), 0.0008610 secs] 864842K->864561K(1048512K), 0.0009050 secs] [Times: user=0.00 sys=0.00, real=0.00 secs] 
75.271: [GC75.271: [DefNew: 447K->63K(448K), 0.0008550 secs] 864945K->864641K(1048512K), 0.0008940 secs] [Times: user=0.00 sys=0.00, real=0.00 secs] 
75.282: [GC75.282: [DefNew: 447K->63K(448K), 0.0007560 secs] 865024K->864725K(1048512K), 0.0007970 secs] [Times: user=0.00 sys=0.00, real=0.00 secs] 
75.292: [GC75.292: [DefNew: 447K->63K(448K), 0.0006970 secs] 865109K->864809K(1048512K), 0.0007320 secs] [Times: user=0.00 sys=0.00, real=0.00 secs] 
75.303: [GC75.303: [DefNew: 447K->63K(448K), 0.0012240 secs] 865193K->864907K(1048512K), 0.0012800 secs] [Times: user=0.00 sys=0.00, real=0.00 secs] 
75.313: [GC75.313: [DefNew: 447K->63K(448K), 0.0029620 secs] 865291K->865065K(1048512K), 0.0030840 secs] [Times: user=0.01 sys=0.00, real=0.00 secs] 
75.326: [GC75.326: [DefNew: 447K->64K(448K), 0.0020630 secs] 865449K->865220K(1048512K), 0.0021200 secs] [Times: user=0.00 sys=0.00, real=0.01 secs] 
75.337: [GC75.337: [DefNew: 448K->64K(448K), 0.0015460 secs] 865604K->865337K(1048512K), 0.0016180 secs] [Times: user=0.00 sys=0.00, real=0.00 secs] 
75.349: [GC75.349: [DefNew: 448K->63K(448K), 0.0008250 secs] 865721K->865421K(1048512K), 0.0008590 secs] [Times: user=0.00 sys=0.00, real=0.00 secs] 
75.359: [GC75.359: [DefNew: 447K->63K(448K), 0.0009030 secs] 865805K->865514K(1048512K), 0.0009640 secs] [Times: user=0.00 sys=0.00, real=0.00 secs] 
75.371: [GC75.371: [DefNew: 447K->64K(448K), 0.0011750 secs] 865898K->865601K(1048512K), 0.0012260 secs] [Times: user=0.00 sys=0.00, real=0.00 secs] 
75.382: [GC75.382: [DefNew: 448K->63K(448K), 0.0013310 secs] 865985K->865726K(1048512K), 0.0013880 secs] [Times: user=0.00 sys=0.00, real=0.00 secs] 
75.394: [GC75.394: [DefNew: 447K->64K(448K), 0.0015170 secs] 866110K->865866K(1048512K), 0.0015710 secs] [Times: user=0.00 sys=0.00, real=0.00 secs] 
75.404: [GC75.404: [DefNew: 448K->63K(448K), 0.0014420 secs] 866250K->865995K(1048512K), 0.0014950 secs] [Times: user=0.00 sys=0.00, real=0.00 secs] 
75.416: [GC75.416: [DefNew: 447K->63K(448K), 0.0015000 secs] 866378K->866134K(1048512K), 0.0015530 secs] [Times: user=0.00 sys=0.00, real=0.01 secs] 
75.428: [GC75.428: [DefNew: 447K->63K(448K), 0.0017930 secs] 866518K->866279K(1048512K), 0.0018540 secs] [Times: user=0.00 sys=0.00, real=0.00 secs] 
75.440: [GC75.440: [DefNew: 447K->63K(448K), 0.0015540 secs] 866663K->866421K(1048512K), 0.0016070 secs] [Times: user=0.00 sys=0.00, real=0.00 secs] 
75.452: [GC75.452: [DefNew: 447K->63K(448K), 0.0016330 secs] 866805K->866560K(1048512K), 0.0016960 secs] [Times: user=0.00 sys=0.00, real=0.00 secs] 
75.464: [GC75.464: [DefNew: 447K->63K(448K), 0.0015930 secs] 866944K->866698K(1048512K), 0.0016580 secs] [Times: user=0.00 sys=0.00, real=0.00 secs] 
75.476: [GC75.476: [DefNew: 447K->63K(448K), 0.0016200 secs] 867082K->866822K(1048512K), 0.0017280 secs] [Times: user=0.00 sys=0.00, real=0.01 secs] 
75.486: [GC75.486: [DefNew: 447K->63K(448K), 0.0015540 secs] 867206K->866949K(1048512K), 0.0016170 secs] [Times: user=0.00 sys=0.00, real=0.01 secs] 
75.498: [GC75.498: [DefNew: 447K->63K(448K), 0.0017050 secs] 867333K->867086K(1048512K), 0.0017780 secs] [Times: user=0.00 sys=0.00, real=0.00 secs] 
75.509: [GC75.509: [DefNew: 447K->64K(448K), 0.0010060 secs] 867470K->867184K(1048512K), 0.0010550 secs] [Times: user=0.00 sys=0.00, real=0.00 secs] 
75.520: [GC75.520: [DefNew: 448K->63K(448K), 0.0017600 secs] 867568K->867284K(1048512K), 0.0018180 secs] [Times: user=0.00 sys=0.00, real=0.00 secs] 
75.534: [GC75.534: [DefNew: 447K->64K(448K), 0.0032050 secs] 867668K->867493K(1048512K), 0.0034370 secs] [Times: user=0.00 sys=0.00, real=0.01 secs] 
75.547: [GC75.547: [DefNew: 448K->63K(448K), 0.0018420 secs] 867877K->867706K(1048512K), 0.0019260 secs] [Times: user=0.01 sys=0.01, real=0.00 secs] 
75.557: [GC75.557: [DefNew: 447K->63K(448K), 0.0021950 secs] 868090K->867873K(1048512K), 0.0022850 secs] [Times: user=0.00 sys=0.00, real=0.00 secs] 
75.568: [GC75.568: [DefNew: 447K->63K(448K), 0.0010330 secs] 868257K->867973K(1048512K), 0.0010840 secs] [Times: user=0.00 sys=0.00, real=0.00 secs] 
75.578: [GC75.578: [DefNew: 447K->63K(448K), 0.0009370 secs] 868357K->868060K(1048512K), 0.0009810 secs] [Times: user=0.00 sys=0.00, real=0.00 secs] 
75.589: [GC75.589: [DefNew: 447K->63K(448K), 0.0009620 secs] 868444K->868157K(1048512K), 0.0010130 secs] [Times: user=0.00 sys=0.00, real=0.00 secs] 
75.601: [GC75.601: [DefNew: 447K->64K(448K), 0.0032280 secs] 868541K->868296K(1048512K), 0.0033760 secs] [Times: user=0.01 sys=0.00, real=0.00 secs] 
75.614: [GC75.614: [DefNew: 448K->63K(448K), 0.0015140 secs] 868680K->868451K(1048512K), 0.0016100 secs] [Times: user=0.00 sys=0.00, real=0.00 secs] 
75.627: [GC75.627: [DefNew: 447K->64K(448K), 0.0062570 secs] 868835K->868707K(1048512K), 0.0063890 secs] [Times: user=0.00 sys=0.00, real=0.00 secs] 
75.641: [GC75.641: [DefNew: 447K->64K(448K), 0.0051670 secs] 869091K->868932K(1048512K), 0.0054040 secs] [Times: user=0.01 sys=0.00, real=0.01 secs] 
75.656: [GC75.656: [DefNew: 448K->63K(448K), 0.0026610 secs] 869316K->869124K(1048512K), 0.0028240 secs] [Times: user=0.00 sys=0.00, real=0.00 secs] 
75.669: [GC75.669: [DefNew: 447K->63K(448K), 0.0011460 secs] 869508K->869280K(1048512K), 0.0011920 secs] [Times: user=0.00 sys=0.00, real=0.00 secs] 
75.679: [GC75.679: [DefNew: 447K->63K(448K), 0.0009800 secs] 869664K->869371K(1048512K), 0.0010190 secs] [Times: user=0.00 sys=0.00, real=0.00 secs] 
75.690: [GC75.690: [DefNew: 447K->63K(448K), 0.0009200 secs] 869755K->869443K(1048512K), 0.0009640 secs] [Times: user=0.01 sys=0.00, real=0.00 secs] 
75.701: [GC75.701: [DefNew: 447K->64K(448K), 0.0008450 secs] 869827K->869541K(1048512K), 0.0008820 secs] [Times: user=0.00 sys=0.00, real=0.00 secs] 
75.712: [GC75.712: [DefNew: 448K->63K(448K), 0.0014350 secs] 869925K->869658K(1048512K), 0.0015000 secs] [Times: user=0.00 sys=0.00, real=0.00 secs] 
75.722: [GC75.722: [DefNew: 447K->63K(448K), 0.0009500 secs] 870042K->869776K(1048512K), 0.0009990 secs] [Times: user=0.00 sys=0.00, real=0.00 secs] 
75.732: [GC75.732: [DefNew: 447K->63K(448K), 0.0008010 secs] 870160K->869849K(1048512K), 0.0008360 secs] [Times: user=0.00 sys=0.00, real=0.00 secs] 
75.743: [GC75.743: [DefNew: 447K->64K(448K), 0.0007580 secs] 870233K->869937K(1048512K), 0.0007920 secs] [Times: user=0.00 sys=0.00, real=0.00 secs] 
75.753: [GC75.753: [DefNew: 448K->63K(448K), 0.0008720 secs] 870321K->870033K(1048512K), 0.0009110 secs] [Times: user=0.00 sys=0.00, real=0.00 secs] 
75.764: [GC75.764: [DefNew: 447K->63K(448K), 0.0014580 secs] 870417K->870167K(1048512K), 0.0015120 secs] [Times: user=0.01 sys=0.00, real=0.00 secs] 
75.775: [GC75.775: [DefNew: 447K->64K(448K), 0.0014580 secs] 870551K->870294K(1048512K), 0.0015180 secs] [Times: user=0.00 sys=0.00, real=0.01 secs] 
75.787: [GC75.787: [DefNew: 448K->64K(448K), 0.0016280 secs] 870678K->870453K(1048512K), 0.0016850 secs] [Times: user=0.00 sys=0.00, real=0.00 secs] 
75.798: [GC75.798: [DefNew: 448K->64K(448K), 0.0015810 secs] 870837K->870584K(1048512K), 0.0016340 secs] [Times: user=0.00 sys=0.00, real=0.00 secs] 
75.810: [GC75.810: [DefNew: 448K->63K(448K), 0.0016500 secs] 870968K->870723K(1048512K), 0.0017520 secs] [Times: user=0.00 sys=0.00, real=0.00 secs] 
75.821: [GC75.821: [DefNew: 447K->63K(448K), 0.0016060 secs] 871107K->870851K(1048512K), 0.0016590 secs] [Times: user=0.01 sys=0.00, real=0.00 secs] 
75.833: [GC75.833: [DefNew: 447K->64K(448K), 0.0016760 secs] 871235K->871000K(1048512K), 0.0017550 secs] [Times: user=0.00 sys=0.00, real=0.00 secs] 
75.845: [GC75.845: [DefNew: 448K->64K(448K), 0.0014970 secs] 871384K->871122K(1048512K), 0.0015520 secs] [Times: user=0.00 sys=0.00, real=0.01 secs] 
75.857: [GC75.857: [DefNew: 448K->63K(448K), 0.0015960 secs] 871506K->871256K(1048512K), 0.0016600 secs] [Times: user=0.00 sys=0.00, real=0.00 secs] 
75.869: [GC75.869: [DefNew: 447K->63K(448K), 0.0015270 secs] 871640K->871401K(1048512K), 0.0015800 secs] [Times: user=0.00 sys=0.00, real=0.00 secs] 
75.880: [GC75.880: [DefNew: 447K->64K(448K), 0.0014250 secs] 871785K->871520K(1048512K), 0.0014770 secs] [Times: user=0.01 sys=0.00, real=0.00 secs] 
75.891: [GC75.891: [DefNew: 447K->63K(448K), 0.0016760 secs] 871904K->871669K(1048512K), 0.0017380 secs] [Times: user=0.00 sys=0.00, real=0.00 secs] 
75.903: [GC75.903: [DefNew: 447K->63K(448K), 0.0008760 secs] 872053K->871741K(1048512K), 0.0009330 secs] [Times: user=0.00 sys=0.00, real=0.00 secs] 
75.913: [GC75.913: [DefNew: 447K->63K(448K), 0.0007310 secs] 872125K->871842K(1048512K), 0.0007670 secs] [Times: user=0.00 sys=0.00, real=0.00 secs] 
75.922: [GC75.923: [DefNew: 447K->63K(448K), 0.0032450 secs] 872226K->871940K(1048512K), 0.0034190 secs] [Times: user=0.00 sys=0.00, real=0.00 secs] 
75.935: [GC75.935: [DefNew: 447K->63K(448K), 0.0015770 secs] 872324K->872111K(1048512K), 0.0016510 secs] [Times: user=0.01 sys=0.00, real=0.01 secs] 
75.946: [GC75.946: [DefNew: 447K->64K(448K), 0.0012260 secs] 872495K->872263K(1048512K), 0.0012820 secs] [Times: user=0.00 sys=0.00, real=0.00 secs] 
75.958: [GC75.958: [DefNew: 447K->64K(448K), 0.0008980 secs] 872647K->872343K(1048512K), 0.0009390 secs] [Times: user=0.00 sys=0.00, real=0.00 secs] 
75.967: [GC75.967: [DefNew: 447K->64K(448K), 0.0007440 secs] 872726K->872424K(1048512K), 0.0007790 secs] [Times: user=0.00 sys=0.00, real=0.00 secs] 
75.978: [GC75.978: [DefNew: 448K->63K(448K), 0.0011220 secs] 872808K->872516K(1048512K), 0.0011810 secs] [Times: user=0.00 sys=0.00, real=0.00 secs] 
75.988: [GC75.988: [DefNew: 447K->64K(448K), 0.0007420 secs] 872899K->872604K(1048512K), 0.0007820 secs] [Times: user=0.00 sys=0.00, real=0.00 secs] 
75.998: [GC75.998: [DefNew: 448K->63K(448K), 0.0007610 secs] 872988K->872688K(1048512K), 0.0007940 secs] [Times: user=0.00 sys=0.00, real=0.00 secs] 
76.008: [GC76.008: [DefNew: 447K->63K(448K), 0.0008880 secs] 873072K->872785K(1048512K), 0.0009450 secs] [Times: user=0.01 sys=0.00, real=0.00 secs] 
76.019: [GC76.019: [DefNew: 447K->64K(448K), 0.0012650 secs] 873169K->872886K(1048512K), 0.0013210 secs] [Times: user=0.00 sys=0.00, real=0.00 secs] 
76.030: [GC76.030: [DefNew: 448K->63K(448K), 0.0008280 secs] 873270K->872980K(1048512K), 0.0008620 secs] [Times: user=0.00 sys=0.00, real=0.00 secs] 
76.040: [GC76.040: [DefNew: 447K->63K(448K), 0.0009320 secs] 873363K->873064K(1048512K), 0.0009770 secs] [Times: user=0.00 sys=0.00, real=0.00 secs] 
76.052: [GC76.052: [DefNew: 447K->63K(448K), 0.0006950 secs] 873448K->873140K(1048512K), 0.0007300 secs] [Times: user=0.00 sys=0.00, real=0.00 secs] 
76.062: [GC76.062: [DefNew: 447K->63K(448K), 0.0007170 secs] 873524K->873226K(1048512K), 0.0007560 secs] [Times: user=0.00 sys=0.00, real=0.00 secs] 
76.073: [GC76.073: [DefNew: 447K->63K(448K), 0.0007530 secs] 873610K->873293K(1048512K), 0.0008090 secs] [Times: user=0.00 sys=0.00, real=0.00 secs] 
76.083: [GC76.083: [DefNew: 447K->63K(448K), 0.0007820 secs] 873677K->873383K(1048512K), 0.0008260 secs] [Times: user=0.00 sys=0.00, real=0.00 secs] 
76.093: [GC76.093: [DefNew: 447K->64K(448K), 0.0012750 secs] 873767K->873495K(1048512K), 0.0013350 secs] [Times: user=0.01 sys=0.00, real=0.00 secs] 
76.105: [GC76.105: [DefNew: 448K->63K(448K), 0.0013890 secs] 873879K->873617K(1048512K), 0.0014420 secs] [Times: user=0.00 sys=0.01, real=0.01 secs] 
76.117: [GC76.117: [DefNew: 447K->64K(448K), 0.0016030 secs] 874001K->873762K(1048512K), 0.0016650 secs] [Times: user=0.00 sys=0.00, real=0.00 secs] 
76.129: [GC76.129: [DefNew: 448K->63K(448K), 0.0015260 secs] 874146K->873895K(1048512K), 0.0015900 secs] [Times: user=0.00 sys=0.00, real=0.00 secs] 
76.141: [GC76.141: [DefNew: 447K->64K(448K), 0.0015930 secs] 874279K->874030K(1048512K), 0.0016570 secs] [Times: user=0.00 sys=0.00, real=0.00 secs] 
76.152: [GC76.152: [DefNew: 447K->63K(448K), 0.0016560 secs] 874413K->874180K(1048512K), 0.0017130 secs] [Times: user=0.01 sys=0.00, real=0.00 secs] 
76.164: [GC76.164: [DefNew: 447K->64K(448K), 0.0017670 secs] 874564K->874320K(1048512K), 0.0018300 secs] [Times: user=0.00 sys=0.00, real=0.00 secs] 
76.176: [GC76.176: [DefNew: 448K->63K(448K), 0.0015850 secs] 874704K->874455K(1048512K), 0.0016360 secs] [Times: user=0.00 sys=0.00, real=0.01 secs] 
76.188: [GC76.188: [DefNew: 447K->64K(448K), 0.0016840 secs] 874839K->874586K(1048512K), 0.0017480 secs] [Times: user=0.00 sys=0.00, real=0.00 secs] 
76.200: [GC76.200: [DefNew: 448K->63K(448K), 0.0016160 secs] 874970K->874726K(1048512K), 0.0016680 secs] [Times: user=0.00 sys=0.00, real=0.00 secs] 
76.212: [GC76.212: [DefNew: 447K->64K(448K), 0.0023250 secs] 875110K->874865K(1048512K), 0.0024020 secs] [Times: user=0.01 sys=0.00, real=0.00 secs] 
76.230: [GC76.230: [DefNew: 448K->63K(448K), 0.0022010 secs] 875249K->875033K(1048512K), 0.0022810 secs] [Times: user=0.00 sys=0.00, real=0.00 secs] 
76.244: [GC76.245: [DefNew: 447K->64K(448K), 0.0025460 secs] 875417K->875176K(1048512K), 0.0026820 secs] [Times: user=0.00 sys=0.00, real=0.01 secs] 
76.263: [GC76.263: [DefNew: 448K->63K(448K), 0.0228510 secs] 875560K->875365K(1048512K), 0.0229190 secs] [Times: user=0.00 sys=0.00, real=0.02 secs] 
76.304: [GC76.304: [DefNew: 447K->63K(448K), 0.0026370 secs] 875749K->875573K(1048512K), 0.0027060 secs] [Times: user=0.01 sys=0.00, real=0.01 secs] 
76.317: [GC76.317: [DefNew: 447K->63K(448K), 0.0053590 secs] 875957K->875790K(1048512K), 0.0055720 secs] [Times: user=0.00 sys=0.00, real=0.00 secs] 
76.333: [GC76.333: [DefNew: 447K->63K(448K), 0.0045740 secs] 876174K->876079K(1048512K), 0.0047100 secs] [Times: user=0.01 sys=0.00, real=0.01 secs] 
76.349: [GC76.349: [DefNew: 447K->64K(448K), 0.0028600 secs] 876463K->876287K(1048512K), 0.0029830 secs] [Times: user=0.00 sys=0.00, real=0.00 secs] 
76.365: [GC76.365: [DefNew: 448K->64K(448K), 0.0027670 secs] 876671K->876538K(1048512K), 0.0028830 secs] [Times: user=0.00 sys=0.00, real=0.01 secs] 
76.379: [GC76.379: [DefNew: 448K->64K(448K), 0.0023130 secs] 876922K->876656K(1048512K), 0.0024350 secs] [Times: user=0.01 sys=0.00, real=0.00 secs] 
76.391: [GC76.391: [DefNew: 447K->63K(448K), 0.0033740 secs] 877039K->876929K(1048512K), 0.0035300 secs] [Times: user=0.00 sys=0.01, real=0.00 secs] 
76.403: [GC76.403: [DefNew: 447K->63K(448K), 0.0028460 secs] 877313K->877087K(1048512K), 0.0029560 secs] [Times: user=0.00 sys=0.00, real=0.00 secs] 
76.415: [GC76.415: [DefNew: 447K->63K(448K), 0.0012390 secs] 877471K->877202K(1048512K), 0.0013080 secs] [Times: user=0.00 sys=0.00, real=0.01 secs] 
76.426: [GC76.426: [DefNew: 447K->64K(448K), 0.0028300 secs] 877586K->877423K(1048512K), 0.0029290 secs] [Times: user=0.00 sys=0.00, real=0.01 secs] 
76.439: [GC76.439: [DefNew: 448K->63K(448K), 0.0025420 secs] 877807K->877702K(1048512K), 0.0026760 secs] [Times: user=0.00 sys=0.00, real=0.00 secs] 
76.452: [GC76.452: [DefNew: 447K->63K(448K), 0.0020090 secs] 878086K->877842K(1048512K), 0.0021010 secs] [Times: user=0.01 sys=0.00, real=0.00 secs] 
76.462: [GC76.462: [DefNew: 447K->64K(448K), 0.0008620 secs] 878226K->877951K(1048512K), 0.0009000 secs] [Times: user=0.00 sys=0.00, real=0.00 secs] 
76.472: [GC76.472: [DefNew: 447K->63K(448K), 0.0009060 secs] 878335K->878044K(1048512K), 0.0009600 secs] [Times: user=0.00 sys=0.00, real=0.00 secs] 
76.483: [GC76.483: [DefNew: 447K->63K(448K), 0.0009840 secs] 878427K->878128K(1048512K), 0.0010360 secs] [Times: user=0.00 sys=0.00, real=0.00 secs] 
76.493: [GC76.493: [DefNew: 447K->63K(448K), 0.0007520 secs] 878512K->878229K(1048512K), 0.0007910 secs] [Times: user=0.00 sys=0.00, real=0.00 secs] 
76.504: [GC76.504: [DefNew: 447K->63K(448K), 0.0007810 secs] 878613K->878316K(1048512K), 0.0008170 secs] [Times: user=0.00 sys=0.00, real=0.00 secs] 
76.514: [GC76.514: [DefNew: 447K->63K(448K), 0.0008930 secs] 878700K->878406K(1048512K), 0.0009410 secs] [Times: user=0.00 sys=0.00, real=0.00 secs] 
76.524: [GC76.524: [DefNew: 447K->63K(448K), 0.0008640 secs] 878790K->878510K(1048512K), 0.0009120 secs] [Times: user=0.00 sys=0.00, real=0.00 secs] 
76.535: [GC76.535: [DefNew: 447K->63K(448K), 0.0007700 secs] 878894K->878603K(1048512K), 0.0008080 secs] [Times: user=0.01 sys=0.00, real=0.00 secs] 
76.546: [GC76.546: [DefNew: 447K->63K(448K), 0.0007860 secs] 878987K->878688K(1048512K), 0.0008300 secs] [Times: user=0.00 sys=0.00, real=0.01 secs] 
76.554: [GC76.554: [DefNew: 447K->63K(448K), 0.0009690 secs] 879072K->878765K(1048512K), 0.0010230 secs] [Times: user=0.00 sys=0.00, real=0.00 secs] 
76.564: [GC76.564: [DefNew: 447K->63K(448K), 0.0006810 secs] 879149K->878854K(1048512K), 0.0007200 secs] [Times: user=0.00 sys=0.00, real=0.00 secs] 
76.574: [GC76.574: [DefNew: 447K->63K(448K), 0.0010050 secs] 879238K->878937K(1048512K), 0.0010710 secs] [Times: user=0.00 sys=0.00, real=0.00 secs] 
76.584: [GC76.584: [DefNew: 447K->63K(448K), 0.0011350 secs] 879321K->879058K(1048512K), 0.0012010 secs] [Times: user=0.00 sys=0.00, real=0.00 secs] 
76.595: [GC76.595: [DefNew: 447K->63K(448K), 0.0011560 secs] 879442K->879163K(1048512K), 0.0012350 secs] [Times: user=0.00 sys=0.00, real=0.01 secs] 
76.613: [GC76.614: [DefNew: 447K->64K(448K), 0.0011700 secs] 879547K->879294K(1048512K), 0.0013250 secs] [Times: user=0.01 sys=0.00, real=0.00 secs] 
76.625: [GC76.625: [DefNew: 447K->64K(448K), 0.0032430 secs] 879678K->879446K(1048512K), 0.0034240 secs] [Times: user=0.00 sys=0.00, real=0.01 secs] 
76.639: [GC76.639: [DefNew: 448K->64K(448K), 0.0037710 secs] 879830K->879684K(1048512K), 0.0039450 secs] [Times: user=0.00 sys=0.00, real=0.00 secs] 
76.652: [GC76.652: [DefNew: 448K->63K(448K), 0.0014970 secs] 880068K->879839K(1048512K), 0.0015500 secs] [Times: user=0.01 sys=0.00, real=0.00 secs] 
76.663: [GC76.663: [DefNew: 447K->63K(448K), 0.0008610 secs] 880223K->879954K(1048512K), 0.0009030 secs] [Times: user=0.00 sys=0.00, real=0.00 secs] 
76.673: [GC76.673: [DefNew: 447K->64K(448K), 0.0012250 secs] 880338K->880060K(1048512K), 0.0012930 secs] [Times: user=0.00 sys=0.00, real=0.00 secs] 
76.683: [GC76.683: [DefNew: 448K->63K(448K), 0.0008590 secs] 880444K->880163K(1048512K), 0.0009000 secs] [Times: user=0.00 sys=0.00, real=0.00 secs] 
76.693: [GC76.693: [DefNew: 447K->63K(448K), 0.0007860 secs] 880547K->880259K(1048512K), 0.0008230 secs] [Times: user=0.00 sys=0.00, real=0.00 secs] 
76.703: [GC76.703: [DefNew: 447K->63K(448K), 0.0007520 secs] 880643K->880360K(1048512K), 0.0007910 secs] [Times: user=0.00 sys=0.00, real=0.00 secs] 
76.713: [GC76.713: [DefNew: 447K->63K(448K), 0.0008070 secs] 880744K->880465K(1048512K), 0.0008530 secs] [Times: user=0.00 sys=0.00, real=0.00 secs] 
76.722: [GC76.722: [DefNew: 447K->63K(448K), 0.0007590 secs] 880849K->880538K(1048512K), 0.0008090 secs] [Times: user=0.00 sys=0.00, real=0.00 secs] 
76.731: [GC76.731: [DefNew: 447K->64K(448K), 0.0007130 secs] 880922K->880636K(1048512K), 0.0007490 secs] [Times: user=0.00 sys=0.00, real=0.00 secs] 
76.741: [GC76.741: [DefNew: 448K->63K(448K), 0.0010620 secs] 881020K->880724K(1048512K), 0.0011190 secs] [Times: user=0.00 sys=0.00, real=0.00 secs] 
76.751: [GC76.751: [DefNew: 447K->64K(448K), 0.0011210 secs] 881108K->880853K(1048512K), 0.0011780 secs] [Times: user=0.00 sys=0.00, real=0.00 secs] 
76.761: [GC76.761: [DefNew: 447K->64K(448K), 0.0012900 secs] 881237K->880952K(1048512K), 0.0013470 secs] [Times: user=0.00 sys=0.00, real=0.00 secs] 
76.772: [GC76.772: [DefNew: 447K->63K(448K), 0.0011300 secs] 881336K->881079K(1048512K), 0.0011860 secs] [Times: user=0.00 sys=0.00, real=0.00 secs] 
76.782: [GC76.782: [DefNew: 447K->63K(448K), 0.0011720 secs] 881463K->881185K(1048512K), 0.0012350 secs] [Times: user=0.00 sys=0.00, real=0.00 secs] 
76.793: [GC76.793: [DefNew: 447K->63K(448K), 0.0013220 secs] 881569K->881313K(1048512K), 0.0013830 secs] [Times: user=0.00 sys=0.00, real=0.00 secs] 
76.802: [GC76.802: [DefNew: 447K->63K(448K), 0.0010880 secs] 881697K->881421K(1048512K), 0.0011430 secs] [Times: user=0.01 sys=0.00, real=0.00 secs] 
76.812: [GC76.813: [DefNew: 447K->63K(448K), 0.0011430 secs] 881805K->881536K(1048512K), 0.0011960 secs] [Times: user=0.00 sys=0.00, real=0.00 secs] 
76.823: [GC76.823: [DefNew: 447K->63K(448K), 0.0010920 secs] 881920K->881636K(1048512K), 0.0011420 secs] [Times: user=0.00 sys=0.00, real=0.00 secs] 
76.833: [GC76.833: [DefNew: 447K->63K(448K), 0.0014210 secs] 882020K->881781K(1048512K), 0.0014880 secs] [Times: user=0.00 sys=0.00, real=0.00 secs] 
76.844: [GC76.844: [DefNew: 447K->63K(448K), 0.0012240 secs] 882165K->881890K(1048512K), 0.0012800 secs] [Times: user=0.00 sys=0.00, real=0.00 secs] 
76.854: [GC76.854: [DefNew: 447K->64K(448K), 0.0010980 secs] 882274K->882008K(1048512K), 0.0011510 secs] [Times: user=0.00 sys=0.00, real=0.00 secs] 
76.864: [GC76.865: [DefNew: 448K->63K(448K), 0.0013820 secs] 882392K->882118K(1048512K), 0.0014440 secs] [Times: user=0.00 sys=0.00, real=0.00 secs] 
76.874: [GC76.874: [DefNew: 447K->64K(448K), 0.0011700 secs] 882502K->882232K(1048512K), 0.0012400 secs] [Times: user=0.01 sys=0.00, real=0.00 secs] 
76.884: [GC76.884: [DefNew: 448K->63K(448K), 0.0010600 secs] 882616K->882330K(1048512K), 0.0011260 secs] [Times: user=0.00 sys=0.00, real=0.00 secs] 
76.894: [GC76.894: [DefNew: 447K->63K(448K), 0.0010990 secs] 882714K->882453K(1048512K), 0.0011500 secs] [Times: user=0.00 sys=0.00, real=0.00 secs] 
76.904: [GC76.904: [DefNew: 447K->64K(448K), 0.0011310 secs] 882837K->882557K(1048512K), 0.0011820 secs] [Times: user=0.00 sys=0.00, real=0.00 secs] 
76.914: [GC76.914: [DefNew: 448K->63K(448K), 0.0011460 secs] 882941K->882685K(1048512K), 0.0012010 secs] [Times: user=0.00 sys=0.00, real=0.00 secs] 
76.925: [GC76.925: [DefNew: 447K->63K(448K), 0.0008710 secs] 883069K->882773K(1048512K), 0.0009140 secs] [Times: user=0.00 sys=0.00, real=0.00 secs] 
76.934: [GC76.934: [DefNew: 447K->63K(448K), 0.0008030 secs] 883157K->882859K(1048512K), 0.0008590 secs] [Times: user=0.00 sys=0.00, real=0.00 secs] 
76.944: [GC76.944: [DefNew: 447K->63K(448K), 0.0006330 secs] 883243K->882929K(1048512K), 0.0006920 secs] [Times: user=0.00 sys=0.00, real=0.00 secs] 
76.952: [GC76.952: [DefNew: 447K->64K(448K), 0.0008270 secs] 883313K->883016K(1048512K), 0.0010260 secs] [Times: user=0.00 sys=0.00, real=0.00 secs] 
76.962: [GC76.962: [DefNew: 448K->64K(448K), 0.0009120 secs] 883400K->883133K(1048512K), 0.0009570 secs] [Times: user=0.00 sys=0.00, real=0.00 secs] 
76.973: [GC76.973: [DefNew: 448K->63K(448K), 0.0018650 secs] 883517K->883311K(1048512K), 0.0019840 secs] [Times: user=0.00 sys=0.00, real=0.00 secs] 
76.985: [GC76.985: [DefNew: 447K->64K(448K), 0.0013430 secs] 883695K->883502K(1048512K), 0.0013930 secs] [Times: user=0.00 sys=0.00, real=0.00 secs] 
76.994: [GC76.994: [DefNew: 448K->63K(448K), 0.0009170 secs] 883886K->883588K(1048512K), 0.0009550 secs] [Times: user=0.00 sys=0.00, real=0.00 secs] 
77.004: [GC77.004: [DefNew: 447K->64K(448K), 0.0028430 secs] 883972K->883832K(1048512K), 0.0031070 secs] [Times: user=0.01 sys=0.00, real=0.01 secs] 
77.017: [GC77.017: [DefNew: 448K->64K(448K), 0.0039970 secs] 884216K->884093K(1048512K), 0.0041630 secs] [Times: user=0.00 sys=0.00, real=0.00 secs] 
77.032: [GC77.032: [DefNew: 448K->64K(448K), 0.0028490 secs] 884477K->884310K(1048512K), 0.0029660 secs] [Times: user=0.01 sys=0.00, real=0.00 secs] 
77.044: [GC77.044: [DefNew: 447K->63K(448K), 0.0036620 secs] 884693K->884530K(1048512K), 0.0038310 secs] [Times: user=0.00 sys=0.01, real=0.01 secs] 
77.056: [GC77.056: [DefNew: 447K->63K(448K), 0.0019270 secs] 884914K->884770K(1048512K), 0.0019980 secs] [Times: user=0.00 sys=0.00, real=0.00 secs] 
77.068: [GC77.068: [DefNew: 447K->63K(448K), 0.0032240 secs] 885154K->884910K(1048512K), 0.0033740 secs] [Times: user=0.01 sys=0.00, real=0.00 secs] 
77.081: [GC77.081: [DefNew: 447K->63K(448K), 0.0010870 secs] 885294K->885044K(1048512K), 0.0011400 secs] [Times: user=0.00 sys=0.00, real=0.00 secs] 
77.092: [GC77.092: [DefNew: 447K->63K(448K), 0.0009160 secs] 885428K->885137K(1048512K), 0.0009650 secs] [Times: user=0.00 sys=0.00, real=0.00 secs] 
77.104: [GC77.104: [DefNew: 447K->63K(448K), 0.0025670 secs] 885521K->885305K(1048512K), 0.0026270 secs] [Times: user=0.00 sys=0.00, real=0.01 secs] 
77.116: [GC77.116: [DefNew: 447K->63K(448K), 0.0008890 secs] 885689K->885408K(1048512K), 0.0009270 secs] [Times: user=0.00 sys=0.00, real=0.00 secs] 
77.127: [GC77.127: [DefNew: 447K->64K(448K), 0.0007300 secs] 885792K->885485K(1048512K), 0.0007660 secs] [Times: user=0.00 sys=0.00, real=0.00 secs] 
77.137: [GC77.137: [DefNew: 448K->63K(448K), 0.0008740 secs] 885869K->885564K(1048512K), 0.0009260 secs] [Times: user=0.01 sys=0.00, real=0.00 secs] 
77.147: [GC77.147: [DefNew: 447K->63K(448K), 0.0008110 secs] 885948K->885646K(1048512K), 0.0008490 secs] [Times: user=0.00 sys=0.00, real=0.00 secs] 
77.158: [GC77.158: [DefNew: 447K->63K(448K), 0.0011340 secs] 886030K->885739K(1048512K), 0.0011900 secs] [Times: user=0.00 sys=0.00, real=0.00 secs] 
77.168: [GC77.169: [DefNew: 447K->63K(448K), 0.0016060 secs] 886123K->885876K(1048512K), 0.0016870 secs] [Times: user=0.00 sys=0.00, real=0.00 secs] 
77.180: [GC77.180: [DefNew: 447K->63K(448K), 0.0009620 secs] 886260K->885973K(1048512K), 0.0009990 secs] [Times: user=0.00 sys=0.00, real=0.00 secs] 
77.191: [GC77.191: [DefNew: 447K->63K(448K), 0.0008110 secs] 886357K->886058K(1048512K), 0.0008480 secs] [Times: user=0.00 sys=0.00, real=0.00 secs] 
77.201: [GC77.201: [DefNew: 447K->64K(448K), 0.0007530 secs] 886442K->886159K(1048512K), 0.0007910 secs] [Times: user=0.00 sys=0.00, real=0.00 secs] 
77.212: [GC77.212: [DefNew: 448K->64K(448K), 0.0008800 secs] 886543K->886238K(1048512K), 0.0009230 secs] [Times: user=0.00 sys=0.00, real=0.00 secs] 
77.223: [GC77.223: [DefNew: 447K->63K(448K), 0.0008040 secs] 886622K->886331K(1048512K), 0.0008530 secs] [Times: user=0.00 sys=0.00, real=0.00 secs] 
77.233: [GC77.233: [DefNew: 447K->64K(448K), 0.0008250 secs] 886715K->886410K(1048512K), 0.0008780 secs] [Times: user=0.00 sys=0.00, real=0.00 secs] 
77.242: [GC77.242: [DefNew: 448K->63K(448K), 0.0009450 secs] 886794K->886535K(1048512K), 0.0009950 secs] [Times: user=0.00 sys=0.00, real=0.00 secs] 
77.252: [GC77.252: [DefNew: 447K->63K(448K), 0.0008310 secs] 886919K->886621K(1048512K), 0.0008700 secs] [Times: user=0.00 sys=0.00, real=0.00 secs] 
77.261: [GC77.261: [DefNew: 447K->64K(448K), 0.0011430 secs] 887005K->886727K(1048512K), 0.0012540 secs] [Times: user=0.00 sys=0.00, real=0.00 secs] 
77.273: [GC77.273: [DefNew: 447K->63K(448K), 0.0027750 secs] 887110K->886939K(1048512K), 0.0028660 secs] [Times: user=0.01 sys=0.00, real=0.00 secs] 
77.299: [GC77.300: [DefNew: 447K->63K(448K), 0.0053330 secs] 887322K->887078K(1048512K), 0.0054460 secs] [Times: user=0.00 sys=0.00, real=0.00 secs] 
77.324: [GC77.324: [DefNew: 447K->63K(448K), 0.0034270 secs] 887462K->887294K(1048512K), 0.0035660 secs] [Times: user=0.00 sys=0.00, real=0.01 secs] 
77.348: [GC77.348: [DefNew: 447K->63K(448K), 0.0015160 secs] 887677K->887436K(1048512K), 0.0015810 secs] [Times: user=0.00 sys=0.00, real=0.00 secs] 
77.361: [GC77.361: [DefNew: 447K->64K(448K), 0.0013370 secs] 887820K->887607K(1048512K), 0.0013950 secs] [Times: user=0.01 sys=0.00, real=0.00 secs] 
77.380: [GC77.380: [DefNew: 448K->63K(448K), 0.0054270 secs] 887991K->887857K(1048512K), 0.0055380 secs] [Times: user=0.00 sys=0.00, real=0.00 secs] 
77.395: [GC77.395: [DefNew: 447K->63K(448K), 0.0012720 secs] 888241K->888022K(1048512K), 0.0013260 secs] [Times: user=0.00 sys=0.00, real=0.01 secs] 
77.406: [GC77.406: [DefNew: 447K->63K(448K), 0.0009830 secs] 888406K->888105K(1048512K), 0.0010410 secs] [Times: user=0.00 sys=0.00, real=0.01 secs] 
77.421: [GC77.421: [DefNew: 447K->64K(448K), 0.0010520 secs] 888489K->888221K(1048512K), 0.0011100 secs] [Times: user=0.00 sys=0.00, real=0.00 secs] 
77.433: [GC77.433: [DefNew: 448K->64K(448K), 0.0017330 secs] 888605K->888389K(1048512K), 0.0018840 secs] [Times: user=0.00 sys=0.00, real=0.00 secs] 
77.443: [GC77.443: [DefNew: 448K->63K(448K), 0.0013850 secs] 888773K->888567K(1048512K), 0.0014440 secs] [Times: user=0.00 sys=0.00, real=0.00 secs] 
77.453: [GC77.453: [DefNew: 447K->63K(448K), 0.0012490 secs] 888951K->888679K(1048512K), 0.0013010 secs] [Times: user=0.00 sys=0.00, real=0.00 secs] 
77.464: [GC77.464: [DefNew: 447K->64K(448K), 0.0011390 secs] 889063K->888777K(1048512K), 0.0011970 secs] [Times: user=0.00 sys=0.00, real=0.00 secs] 
77.474: [GC77.474: [DefNew: 447K->63K(448K), 0.0013270 secs] 889161K->888903K(1048512K), 0.0013830 secs] [Times: user=0.00 sys=0.00, real=0.00 secs] 
Heap
 def new generation   total 448K, used 190K [0x00000007bae00000, 0x00000007bae80000, 0x00000007bae80000)
  eden space 384K,  34% used [0x00000007bae00000, 0x00000007bae21410, 0x00000007bae60000)
  from space 64K,  99% used [0x00000007bae60000, 0x00000007bae6fff8, 0x00000007bae70000)
  to   space 64K,   0% used [0x00000007bae70000, 0x00000007bae70000, 0x00000007bae80000)
 tenured generation   total 1048064K, used 888839K [0x00000007bae80000, 0x00000007fae00000, 0x00000007fae00000)
   the space 1048064K,  84% used [0x00000007bae80000, 0x00000007f1281dc8, 0x00000007f1281e00, 0x00000007fae00000)
 compacting perm gen  total 21248K, used 2639K [0x00000007fae00000, 0x00000007fc2c0000, 0x0000000800000000)
   the space 21248K,  12% used [0x00000007fae00000, 0x00000007fb093f58, 0x00000007fb094000, 0x00000007fc2c0000)
No shared spaces configured.
